2026-06-14 00:36:24,851 - Epoch 1/50 - Train Loss: 3.4093 (Recon: 0.0000, CLR: 3.4093) - Val Loss: 4.3266 (Recon: 0.0000, CLR: 4.3266)
2026-06-14 00:38:07,652 - Epoch 2/50 - Train Loss: 3.4057 (Recon: 0.0000, CLR: 3.4057) - Val Loss: 4.2402 (Recon: 0.0000, CLR: 4.2402)
2026-06-14 00:39:50,467 - Epoch 3/50 - Train Loss: 3.4060 (Recon: 0.0000, CLR: 3.4060) - Val Loss: 4.1356 (Recon: 0.0000, CLR: 4.1356)
2026-06-14 00:41:33,738 - Epoch 4/50 - Train Loss: 3.4052 (Recon: 0.0000, CLR: 3.4052) - Val Loss: 4.3174 (Recon: 0.0000, CLR: 4.3173)
2026-06-14 00:43:17,278 - Epoch 5/50 - Train Loss: 3.4040 (Recon: 0.0000, CLR: 3.4040) - Val Loss: 4.1953 (Recon: 0.0000, CLR: 4.1952)
2026-06-14 00:43:17,278 - Evaluating on bbbp...
2026-06-14 00:43:17,671 - bbbp ROC-AUC: 0.8053
2026-06-14 00:43:17,671 - Evaluating on bace...
2026-06-14 00:43:17,987 - bace ROC-AUC: 0.7814
2026-06-14 00:43:17,987 - Evaluating on clintox...
2026-06-14 00:43:18,313 - clintox ROC-AUC: 0.6152
2026-06-14 00:43:18,314 - Evaluating on freesolv...
2026-06-14 00:43:18,475 - freesolv RMSE: 2.9937
2026-06-14 00:43:18,475 - Evaluating on esol...
2026-06-14 00:43:18,684 - esol RMSE: 1.5376
2026-06-14 00:43:18,685 - Evaluating on lipo...
2026-06-14 00:43:19,353 - lipo RMSE: 1.1652
2026-06-14 00:43:19,353 - Unified Linear Probe Score: -0.5824
2026-06-14 00:43:19,354 - New Best Probe Score: -0.5824
2026-06-14 00:45:02,498 - Epoch 6/50 - Train Loss: 3.4073 (Recon: 0.0000, CLR: 3.4073) - Val Loss: 4.1996 (Recon: 0.0000, CLR: 4.1996)
2026-06-14 00:46:53,300 - Epoch 7/50 - Train Loss: 3.4045 (Recon: 0.0000, CLR: 3.4045) - Val Loss: 4.2727 (Recon: 0.0000, CLR: 4.2726)
2026-06-14 00:48:36,824 - Epoch 8/50 - Train Loss: 3.4055 (Recon: 0.0000, CLR: 3.4055) - Val Loss: 4.3328 (Recon: 0.0001, CLR: 4.3327)
2026-06-14 00:50:20,020 - Epoch 9/50 - Train Loss: 3.4036 (Recon: 0.0000, CLR: 3.4035) - Val Loss: 4.4517 (Recon: 0.0000, CLR: 4.4517)
2026-06-14 00:52:03,504 - Epoch 10/50 - Train Loss: 3.4018 (Recon: 0.0000, CLR: 3.4018) - Val Loss: 4.3558 (Recon: 0.0000, CLR: 4.3558)
2026-06-14 00:52:03,504 - Evaluating on bbbp...
2026-06-14 00:52:03,888 - bbbp ROC-AUC: 0.7939
2026-06-14 00:52:03,888 - Evaluating on bace...
2026-06-14 00:52:04,171 - bace ROC-AUC: 0.7905
2026-06-14 00:52:04,171 - Evaluating on clintox...
2026-06-14 00:52:04,444 - clintox ROC-AUC: 0.6091
2026-06-14 00:52:04,444 - Evaluating on freesolv...
2026-06-14 00:52:04,576 - freesolv RMSE: 3.1935
2026-06-14 00:52:04,577 - Evaluating on esol...
2026-06-14 00:52:04,749 - esol RMSE: 1.4825
2026-06-14 00:52:04,749 - Evaluating on lipo...
2026-06-14 00:52:05,391 - lipo RMSE: 1.1861
2026-06-14 00:52:05,391 - Unified Linear Probe Score: -0.6114
2026-06-14 00:53:48,582 - Epoch 11/50 - Train Loss: 3.4056 (Recon: 0.0000, CLR: 3.4056) - Val Loss: 4.3917 (Recon: 0.0000, CLR: 4.3917)
2026-06-14 00:55:31,965 - Epoch 12/50 - Train Loss: 3.4008 (Recon: 0.0000, CLR: 3.4008) - Val Loss: 4.2809 (Recon: 0.0000, CLR: 4.2809)
2026-06-14 00:57:15,096 - Epoch 13/50 - Train Loss: 3.4011 (Recon: 0.0000, CLR: 3.4011) - Val Loss: 4.3304 (Recon: 0.0000, CLR: 4.3304)
2026-06-14 00:58:57,819 - Epoch 14/50 - Train Loss: 3.4007 (Recon: 0.0000, CLR: 3.4007) - Val Loss: 4.3136 (Recon: 0.0000, CLR: 4.3136)
2026-06-14 01:00:41,422 - Epoch 15/50 - Train Loss: 3.3960 (Recon: 0.0000, CLR: 3.3960) - Val Loss: 4.1295 (Recon: 0.0000, CLR: 4.1295)
2026-06-14 01:00:41,422 - Evaluating on bbbp...
2026-06-14 01:00:41,798 - bbbp ROC-AUC: 0.7799
2026-06-14 01:00:41,798 - Evaluating on bace...
2026-06-14 01:00:42,094 - bace ROC-AUC: 0.7811
2026-06-14 01:00:42,094 - Evaluating on clintox...
2026-06-14 01:00:42,362 - clintox ROC-AUC: 0.6718
2026-06-14 01:00:42,362 - Evaluating on freesolv...
2026-06-14 01:00:42,489 - freesolv RMSE: 2.8975
2026-06-14 01:00:42,490 - Evaluating on esol...
2026-06-14 01:00:42,666 - esol RMSE: 1.4763
2026-06-14 01:00:42,666 - Evaluating on lipo...
2026-06-14 01:00:43,323 - lipo RMSE: 1.1694
2026-06-14 01:00:43,324 - Unified Linear Probe Score: -0.5517
2026-06-14 01:00:43,324 - New Best Probe Score: -0.5517
2026-06-14 01:02:26,193 - Epoch 16/50 - Train Loss: 3.4010 (Recon: 0.0000, CLR: 3.4010) - Val Loss: 4.1167 (Recon: 0.0000, CLR: 4.1167)
2026-06-14 01:04:09,400 - Epoch 17/50 - Train Loss: 3.3999 (Recon: 0.0000, CLR: 3.3999) - Val Loss: 4.0792 (Recon: 0.0000, CLR: 4.0792)
2026-06-14 01:05:52,681 - Epoch 18/50 - Train Loss: 3.3988 (Recon: 0.0000, CLR: 3.3988) - Val Loss: 4.1216 (Recon: 0.0000, CLR: 4.1216)
2026-06-14 01:07:37,531 - Epoch 19/50 - Train Loss: 3.3979 (Recon: 0.0000, CLR: 3.3978) - Val Loss: 4.0856 (Recon: 0.0000, CLR: 4.0856)
2026-06-14 01:09:20,253 - Epoch 20/50 - Train Loss: 3.3998 (Recon: 0.0000, CLR: 3.3997) - Val Loss: 4.1301 (Recon: 0.0000, CLR: 4.1301)
2026-06-14 01:09:20,253 - Evaluating on bbbp...
2026-06-14 01:09:20,633 - bbbp ROC-AUC: 0.7770
2026-06-14 01:09:20,634 - Evaluating on bace...
2026-06-14 01:09:20,934 - bace ROC-AUC: 0.7998
2026-06-14 01:09:20,934 - Evaluating on clintox...
2026-06-14 01:09:21,204 - clintox ROC-AUC: 0.6651
2026-06-14 01:09:21,204 - Evaluating on freesolv...
2026-06-14 01:09:21,333 - freesolv RMSE: 3.2034
2026-06-14 01:09:21,333 - Evaluating on esol...
2026-06-14 01:09:21,519 - esol RMSE: 1.6150
2026-06-14 01:09:21,519 - Evaluating on lipo...
2026-06-14 01:09:22,168 - lipo RMSE: 1.1708
2026-06-14 01:09:22,169 - Unified Linear Probe Score: -0.6245
2026-06-14 01:11:05,228 - Epoch 21/50 - Train Loss: 3.3961 (Recon: 0.0000, CLR: 3.3961) - Val Loss: 4.1135 (Recon: 0.0000, CLR: 4.1135)
2026-06-14 01:12:48,095 - Epoch 22/50 - Train Loss: 3.3962 (Recon: 0.0000, CLR: 3.3962) - Val Loss: 4.0152 (Recon: 0.0000, CLR: 4.0152)
2026-06-14 01:14:30,819 - Epoch 23/50 - Train Loss: 3.3970 (Recon: 0.0000, CLR: 3.3970) - Val Loss: 4.1391 (Recon: 0.0000, CLR: 4.1391)
2026-06-14 01:16:14,218 - Epoch 24/50 - Train Loss: 3.3944 (Recon: 0.0000, CLR: 3.3944) - Val Loss: 4.1725 (Recon: 0.0000, CLR: 4.1725)
2026-06-14 01:17:56,772 - Epoch 25/50 - Train Loss: 3.3951 (Recon: 0.0000, CLR: 3.3951) - Val Loss: 4.0368 (Recon: 0.0000, CLR: 4.0368)
2026-06-14 01:17:56,772 - Evaluating on bbbp...
2026-06-14 01:17:57,163 - bbbp ROC-AUC: 0.7865
2026-06-14 01:17:57,164 - Evaluating on bace...
2026-06-14 01:17:57,457 - bace ROC-AUC: 0.7641
2026-06-14 01:17:57,458 - Evaluating on clintox...
2026-06-14 01:17:57,746 - clintox ROC-AUC: 0.6030
2026-06-14 01:17:57,746 - Evaluating on freesolv...
2026-06-14 01:17:57,875 - freesolv RMSE: 3.4910
2026-06-14 01:17:57,875 - Evaluating on esol...
2026-06-14 01:17:58,078 - esol RMSE: 1.5162
2026-06-14 01:17:58,078 - Evaluating on lipo...
2026-06-14 01:17:58,807 - lipo RMSE: 1.1407
2026-06-14 01:17:58,807 - Unified Linear Probe Score: -0.6657
2026-06-14 01:19:41,904 - Epoch 26/50 - Train Loss: 3.3943 (Recon: 0.0000, CLR: 3.3943) - Val Loss: 4.1455 (Recon: 0.0000, CLR: 4.1454)
2026-06-14 01:21:24,916 - Epoch 27/50 - Train Loss: 3.3931 (Recon: 0.0000, CLR: 3.3931) - Val Loss: 4.0787 (Recon: 0.0000, CLR: 4.0787)
2026-06-14 01:23:07,723 - Epoch 28/50 - Train Loss: 3.3941 (Recon: 0.0000, CLR: 3.3940) - Val Loss: 4.0751 (Recon: 0.0000, CLR: 4.0751)
2026-06-14 01:24:57,763 - Epoch 29/50 - Train Loss: 3.3922 (Recon: 0.0000, CLR: 3.3922) - Val Loss: 4.0872 (Recon: 0.0000, CLR: 4.0872)
2026-06-14 01:26:40,931 - Epoch 30/50 - Train Loss: 3.3909 (Recon: 0.0000, CLR: 3.3909) - Val Loss: 4.1059 (Recon: 0.0000, CLR: 4.1059)
2026-06-14 01:26:40,931 - Evaluating on bbbp...
2026-06-14 01:26:41,314 - bbbp ROC-AUC: 0.8007
2026-06-14 01:26:41,314 - Evaluating on bace...
2026-06-14 01:26:41,609 - bace ROC-AUC: 0.7872
2026-06-14 01:26:41,609 - Evaluating on clintox...
2026-06-14 01:26:41,889 - clintox ROC-AUC: 0.5546
2026-06-14 01:26:41,889 - Evaluating on freesolv...
2026-06-14 01:26:42,017 - freesolv RMSE: 3.7980
2026-06-14 01:26:42,018 - Evaluating on esol...
2026-06-14 01:26:42,189 - esol RMSE: 1.2698
2026-06-14 01:26:42,189 - Evaluating on lipo...
2026-06-14 01:26:42,832 - lipo RMSE: 1.1226
2026-06-14 01:26:42,833 - Unified Linear Probe Score: -0.6746
2026-06-14 01:28:25,440 - Epoch 31/50 - Train Loss: 3.3894 (Recon: 0.0000, CLR: 3.3894) - Val Loss: 4.0769 (Recon: 0.0000, CLR: 4.0769)
2026-06-14 01:30:08,556 - Epoch 32/50 - Train Loss: 3.3940 (Recon: 0.0000, CLR: 3.3940) - Val Loss: 4.1216 (Recon: 0.0000, CLR: 4.1216)
2026-06-14 01:31:51,475 - Epoch 33/50 - Train Loss: 3.3905 (Recon: 0.0000, CLR: 3.3905) - Val Loss: 4.1000 (Recon: 0.0000, CLR: 4.1000)
2026-06-14 01:33:33,933 - Epoch 34/50 - Train Loss: 3.3913 (Recon: 0.0000, CLR: 3.3913) - Val Loss: 4.0456 (Recon: 0.0000, CLR: 4.0456)
2026-06-14 01:35:16,998 - Epoch 35/50 - Train Loss: 3.3902 (Recon: 0.0000, CLR: 3.3902) - Val Loss: 4.6769 (Recon: 0.0000, CLR: 4.6769)
2026-06-14 01:35:16,999 - Evaluating on bbbp...
2026-06-14 01:35:17,374 - bbbp ROC-AUC: 0.8114
2026-06-14 01:35:17,374 - Evaluating on bace...
2026-06-14 01:35:17,676 - bace ROC-AUC: 0.7969
2026-06-14 01:35:17,676 - Evaluating on clintox...
2026-06-14 01:35:17,946 - clintox ROC-AUC: 0.5719
2026-06-14 01:35:17,947 - Evaluating on freesolv...
2026-06-14 01:35:18,072 - freesolv RMSE: 3.8273
2026-06-14 01:35:18,072 - Evaluating on esol...
2026-06-14 01:35:18,258 - esol RMSE: 1.5871
2026-06-14 01:35:18,258 - Evaluating on lipo...
2026-06-14 01:35:18,916 - lipo RMSE: 1.1294
2026-06-14 01:35:18,916 - Unified Linear Probe Score: -0.7273
2026-06-14 01:37:02,267 - Epoch 36/50 - Train Loss: 3.3891 (Recon: 0.0000, CLR: 3.3891) - Val Loss: 4.5427 (Recon: 0.0000, CLR: 4.5427)
2026-06-14 01:38:45,489 - Epoch 37/50 - Train Loss: 3.3886 (Recon: 0.0000, CLR: 3.3886) - Val Loss: 4.6447 (Recon: 0.0000, CLR: 4.6446)
2026-06-14 01:40:28,877 - Epoch 38/50 - Train Loss: 3.3856 (Recon: 0.0000, CLR: 3.3856) - Val Loss: 4.5953 (Recon: 0.0000, CLR: 4.5953)
2026-06-14 01:42:12,437 - Epoch 39/50 - Train Loss: 3.3873 (Recon: 0.0000, CLR: 3.3873) - Val Loss: 4.4640 (Recon: 0.0000, CLR: 4.4640)
2026-06-14 01:43:55,601 - Epoch 40/50 - Train Loss: 3.3882 (Recon: 0.0000, CLR: 3.3882) - Val Loss: 4.4473 (Recon: 0.0000, CLR: 4.4473)
2026-06-14 01:43:55,602 - Evaluating on bbbp...
2026-06-14 01:43:55,979 - bbbp ROC-AUC: 0.8209
2026-06-14 01:43:55,979 - Evaluating on bace...
2026-06-14 01:43:56,301 - bace ROC-AUC: 0.8195
2026-06-14 01:43:56,302 - Evaluating on clintox...
2026-06-14 01:43:56,629 - clintox ROC-AUC: 0.5633
2026-06-14 01:43:56,629 - Evaluating on freesolv...
2026-06-14 01:43:56,787 - freesolv RMSE: 3.2171
2026-06-14 01:43:56,787 - Evaluating on esol...
2026-06-14 01:43:56,962 - esol RMSE: 1.5922
2026-06-14 01:43:56,962 - Evaluating on lipo...
2026-06-14 01:43:57,615 - lipo RMSE: 1.1151
2026-06-14 01:43:57,615 - Unified Linear Probe Score: -0.6201
