2026-06-13 01:16:33,417 - Epoch 1/200 - Train Loss: 4.6303 (Recon: 0.0601, CLR: 4.5702) - Val Loss: 7.4328 (Recon: 1.3284, CLR: 6.1043)
2026-06-13 01:18:20,730 - Epoch 2/200 - Train Loss: 4.1557 (Recon: 0.0117, CLR: 4.1440) - Val Loss: 8.0762 (Recon: 1.5119, CLR: 6.5643)
2026-06-13 01:20:08,276 - Epoch 3/200 - Train Loss: 4.0052 (Recon: 0.0041, CLR: 4.0011) - Val Loss: 7.5591 (Recon: 0.6298, CLR: 6.9294)
2026-06-13 01:21:55,731 - Epoch 4/200 - Train Loss: 3.9587 (Recon: 0.0113, CLR: 3.9474) - Val Loss: 7.4241 (Recon: 0.5803, CLR: 6.8438)
2026-06-13 01:23:43,898 - Epoch 5/200 - Train Loss: 3.8930 (Recon: 0.0017, CLR: 3.8913) - Val Loss: 7.0730 (Recon: 0.2595, CLR: 6.8135)
2026-06-13 01:23:43,899 - Evaluating on bbbp...
2026-06-13 01:23:44,317 - bbbp ROC-AUC: 0.7688
2026-06-13 01:23:44,317 - Evaluating on bace...
2026-06-13 01:23:44,661 - bace ROC-AUC: 0.6962
2026-06-13 01:23:44,662 - Evaluating on clintox...
2026-06-13 01:23:44,996 - clintox ROC-AUC: 0.6107
2026-06-13 01:23:44,996 - Evaluating on freesolv...
2026-06-13 01:23:45,157 - freesolv RMSE: 2.9214
2026-06-13 01:23:45,157 - Evaluating on esol...
2026-06-13 01:23:45,351 - esol RMSE: 1.5777
2026-06-13 01:23:45,351 - Evaluating on lipo...
2026-06-13 01:23:46,035 - lipo RMSE: 1.0009
2026-06-13 01:23:46,035 - Unified Linear Probe Score: -0.5707
2026-06-13 01:23:46,035 - New Best Probe Score: -0.5707
2026-06-13 01:25:33,828 - Epoch 6/200 - Train Loss: 3.8652 (Recon: 0.0011, CLR: 3.8641) - Val Loss: 6.9848 (Recon: 0.1889, CLR: 6.7959)
2026-06-13 01:27:29,730 - Epoch 7/200 - Train Loss: 3.8410 (Recon: 0.0018, CLR: 3.8393) - Val Loss: 6.8345 (Recon: 0.0456, CLR: 6.7889)
2026-06-13 01:29:17,384 - Epoch 8/200 - Train Loss: 3.8195 (Recon: 0.0006, CLR: 3.8189) - Val Loss: 6.7889 (Recon: 0.0377, CLR: 6.7512)
2026-06-13 01:31:05,650 - Epoch 9/200 - Train Loss: 3.8013 (Recon: 0.0004, CLR: 3.8009) - Val Loss: 6.6117 (Recon: 0.0764, CLR: 6.5353)
2026-06-13 01:32:53,328 - Epoch 10/200 - Train Loss: 3.7841 (Recon: 0.0003, CLR: 3.7838) - Val Loss: 6.8197 (Recon: 0.0102, CLR: 6.8095)
2026-06-13 01:32:53,328 - Evaluating on bbbp...
2026-06-13 01:32:53,749 - bbbp ROC-AUC: 0.7590
2026-06-13 01:32:53,749 - Evaluating on bace...
2026-06-13 01:32:54,094 - bace ROC-AUC: 0.7505
2026-06-13 01:32:54,094 - Evaluating on clintox...
2026-06-13 01:32:54,416 - clintox ROC-AUC: 0.6428
2026-06-13 01:32:54,416 - Evaluating on freesolv...
2026-06-13 01:32:54,551 - freesolv RMSE: 2.7150
2026-06-13 01:32:54,552 - Evaluating on esol...
2026-06-13 01:32:54,739 - esol RMSE: 1.5228
2026-06-13 01:32:54,739 - Evaluating on lipo...
2026-06-13 01:32:55,453 - lipo RMSE: 1.0412
2026-06-13 01:32:55,453 - Unified Linear Probe Score: -0.5211
2026-06-13 01:32:55,453 - New Best Probe Score: -0.5211
2026-06-13 01:34:42,951 - Epoch 11/200 - Train Loss: 3.7756 (Recon: 0.0002, CLR: 3.7754) - Val Loss: 6.7744 (Recon: 0.1689, CLR: 6.6056)
2026-06-13 01:36:30,698 - Epoch 12/200 - Train Loss: 3.7581 (Recon: 0.0002, CLR: 3.7579) - Val Loss: 6.8848 (Recon: 0.0860, CLR: 6.7988)
2026-06-13 01:38:18,934 - Epoch 13/200 - Train Loss: 3.7474 (Recon: 0.0002, CLR: 3.7472) - Val Loss: 6.7902 (Recon: 0.1617, CLR: 6.6285)
2026-06-13 01:40:07,084 - Epoch 14/200 - Train Loss: 3.7379 (Recon: 0.0001, CLR: 3.7378) - Val Loss: 6.5531 (Recon: 0.1990, CLR: 6.3541)
2026-06-13 01:41:54,673 - Epoch 15/200 - Train Loss: 3.7231 (Recon: 0.0001, CLR: 3.7229) - Val Loss: 6.4671 (Recon: 0.0515, CLR: 6.4157)
2026-06-13 01:41:54,673 - Evaluating on bbbp...
2026-06-13 01:41:55,132 - bbbp ROC-AUC: 0.8108
2026-06-13 01:41:55,132 - Evaluating on bace...
2026-06-13 01:41:55,527 - bace ROC-AUC: 0.8036
2026-06-13 01:41:55,527 - Evaluating on clintox...
2026-06-13 01:41:55,873 - clintox ROC-AUC: 0.5137
2026-06-13 01:41:55,873 - Evaluating on freesolv...
2026-06-13 01:41:56,042 - freesolv RMSE: 5.5109
2026-06-13 01:41:56,042 - Evaluating on esol...
2026-06-13 01:41:56,270 - esol RMSE: 1.7184
2026-06-13 01:41:56,270 - Evaluating on lipo...
2026-06-13 01:41:57,087 - lipo RMSE: 1.2060
2026-06-13 01:41:57,087 - Unified Linear Probe Score: -1.0512
2026-06-13 01:43:44,754 - Epoch 16/200 - Train Loss: 3.7202 (Recon: 0.0001, CLR: 3.7201) - Val Loss: 6.4301 (Recon: 0.0241, CLR: 6.4060)
2026-06-13 01:45:32,620 - Epoch 17/200 - Train Loss: 3.7112 (Recon: 0.0000, CLR: 3.7112) - Val Loss: 6.2793 (Recon: 0.0431, CLR: 6.2363)
2026-06-13 01:47:20,193 - Epoch 18/200 - Train Loss: 3.7017 (Recon: 0.0001, CLR: 3.7017) - Val Loss: 6.1708 (Recon: 0.0067, CLR: 6.1641)
2026-06-13 01:49:07,786 - Epoch 19/200 - Train Loss: 3.6951 (Recon: 0.0000, CLR: 3.6951) - Val Loss: 6.1211 (Recon: 0.0577, CLR: 6.0634)
2026-06-13 01:50:55,530 - Epoch 20/200 - Train Loss: 3.6917 (Recon: 0.0000, CLR: 3.6916) - Val Loss: 6.1345 (Recon: 0.0119, CLR: 6.1226)
2026-06-13 01:50:55,530 - Evaluating on bbbp...
2026-06-13 01:50:55,943 - bbbp ROC-AUC: 0.8215
2026-06-13 01:50:55,943 - Evaluating on bace...
2026-06-13 01:50:56,277 - bace ROC-AUC: 0.7279
2026-06-13 01:50:56,277 - Evaluating on clintox...
2026-06-13 01:50:56,574 - clintox ROC-AUC: 0.4987
2026-06-13 01:50:56,574 - Evaluating on freesolv...
2026-06-13 01:50:56,724 - freesolv RMSE: 3.8378
2026-06-13 01:50:56,724 - Evaluating on esol...
2026-06-13 01:50:56,957 - esol RMSE: 1.5693
2026-06-13 01:50:56,957 - Evaluating on lipo...
2026-06-13 01:50:57,676 - lipo RMSE: 1.1048
2026-06-13 01:50:57,677 - Unified Linear Probe Score: -0.7440
2026-06-13 01:52:45,167 - Epoch 21/200 - Train Loss: 3.6825 (Recon: 0.0000, CLR: 3.6825) - Val Loss: 5.9567 (Recon: 0.0060, CLR: 5.9506)
2026-06-13 01:54:32,906 - Epoch 22/200 - Train Loss: 3.6759 (Recon: 0.0000, CLR: 3.6758) - Val Loss: 5.8100 (Recon: 0.0069, CLR: 5.8032)
2026-06-13 01:56:21,614 - Epoch 23/200 - Train Loss: 3.6732 (Recon: 0.0000, CLR: 3.6732) - Val Loss: 5.6912 (Recon: 0.0012, CLR: 5.6900)
2026-06-13 01:58:09,458 - Epoch 24/200 - Train Loss: 3.6642 (Recon: 0.0000, CLR: 3.6642) - Val Loss: 5.6006 (Recon: 0.0015, CLR: 5.5990)
2026-06-13 01:59:57,074 - Epoch 25/200 - Train Loss: 3.6607 (Recon: 0.0000, CLR: 3.6607) - Val Loss: 5.5332 (Recon: 0.0032, CLR: 5.5299)
2026-06-13 01:59:57,075 - Evaluating on bbbp...
2026-06-13 01:59:57,509 - bbbp ROC-AUC: 0.7930
2026-06-13 01:59:57,509 - Evaluating on bace...
2026-06-13 01:59:57,870 - bace ROC-AUC: 0.7679
2026-06-13 01:59:57,870 - Evaluating on clintox...
2026-06-13 01:59:58,166 - clintox ROC-AUC: 0.5681
2026-06-13 01:59:58,166 - Evaluating on freesolv...
2026-06-13 01:59:58,324 - freesolv RMSE: 5.4756
2026-06-13 01:59:58,325 - Evaluating on esol...
2026-06-13 01:59:58,562 - esol RMSE: 1.8232
2026-06-13 01:59:58,562 - Evaluating on lipo...
2026-06-13 01:59:59,296 - lipo RMSE: 1.0791
2026-06-13 01:59:59,297 - Unified Linear Probe Score: -1.0415
2026-06-13 02:01:46,825 - Epoch 26/200 - Train Loss: 3.6544 (Recon: 0.0000, CLR: 3.6543) - Val Loss: 5.7976 (Recon: 0.0002, CLR: 5.7974)
2026-06-13 02:03:41,857 - Epoch 27/200 - Train Loss: 3.6494 (Recon: 0.0000, CLR: 3.6494) - Val Loss: 5.5018 (Recon: 0.0001, CLR: 5.5017)
2026-06-13 02:05:29,384 - Epoch 28/200 - Train Loss: 3.6480 (Recon: 0.0000, CLR: 3.6480) - Val Loss: 5.2372 (Recon: 0.0002, CLR: 5.2369)
2026-06-13 02:07:16,929 - Epoch 29/200 - Train Loss: 3.6403 (Recon: 0.0000, CLR: 3.6403) - Val Loss: 5.2406 (Recon: 0.0002, CLR: 5.2404)
2026-06-13 02:09:04,563 - Epoch 30/200 - Train Loss: 3.6352 (Recon: 0.0000, CLR: 3.6352) - Val Loss: 5.0947 (Recon: 0.0011, CLR: 5.0936)
2026-06-13 02:09:04,564 - Evaluating on bbbp...
2026-06-13 02:09:04,994 - bbbp ROC-AUC: 0.8016
2026-06-13 02:09:04,995 - Evaluating on bace...
2026-06-13 02:09:05,373 - bace ROC-AUC: 0.7956
2026-06-13 02:09:05,374 - Evaluating on clintox...
2026-06-13 02:09:05,668 - clintox ROC-AUC: 0.6009
2026-06-13 02:09:05,669 - Evaluating on freesolv...
2026-06-13 02:09:05,815 - freesolv RMSE: 3.8148
2026-06-13 02:09:05,815 - Evaluating on esol...
2026-06-13 02:09:06,026 - esol RMSE: 2.2606
2026-06-13 02:09:06,027 - Evaluating on lipo...
2026-06-13 02:09:06,687 - lipo RMSE: 1.0821
2026-06-13 02:09:06,687 - Unified Linear Probe Score: -0.8266
2026-06-13 02:10:54,150 - Epoch 31/200 - Train Loss: 3.6293 (Recon: 0.0000, CLR: 3.6293) - Val Loss: 4.9801 (Recon: 0.0000, CLR: 4.9801)
2026-06-13 02:12:42,114 - Epoch 32/200 - Train Loss: 3.6309 (Recon: 0.0000, CLR: 3.6309) - Val Loss: 4.9043 (Recon: 0.0001, CLR: 4.9041)
2026-06-13 02:14:29,627 - Epoch 33/200 - Train Loss: 3.6240 (Recon: 0.0000, CLR: 3.6240) - Val Loss: 4.9916 (Recon: 0.0002, CLR: 4.9914)
2026-06-13 02:16:17,313 - Epoch 34/200 - Train Loss: 3.6222 (Recon: 0.0000, CLR: 3.6222) - Val Loss: 4.9959 (Recon: 0.0000, CLR: 4.9958)
2026-06-13 02:18:08,005 - Epoch 35/200 - Train Loss: 3.6175 (Recon: 0.0000, CLR: 3.6175) - Val Loss: 4.8796 (Recon: 0.0000, CLR: 4.8795)
2026-06-13 02:18:08,006 - Evaluating on bbbp...
2026-06-13 02:18:08,412 - bbbp ROC-AUC: 0.7945
2026-06-13 02:18:08,413 - Evaluating on bace...
2026-06-13 02:18:08,733 - bace ROC-AUC: 0.7838
2026-06-13 02:18:08,733 - Evaluating on clintox...
2026-06-13 02:18:09,033 - clintox ROC-AUC: 0.6072
2026-06-13 02:18:09,034 - Evaluating on freesolv...
2026-06-13 02:18:09,175 - freesolv RMSE: 5.5176
2026-06-13 02:18:09,176 - Evaluating on esol...
2026-06-13 02:18:09,388 - esol RMSE: 1.9028
2026-06-13 02:18:09,388 - Evaluating on lipo...
2026-06-13 02:18:10,084 - lipo RMSE: 1.1177
2026-06-13 02:18:10,084 - Unified Linear Probe Score: -1.0588
2026-06-13 02:19:58,030 - Epoch 36/200 - Train Loss: 3.6137 (Recon: 0.0000, CLR: 3.6137) - Val Loss: 4.9520 (Recon: 0.0000, CLR: 4.9520)
2026-06-13 02:21:46,113 - Epoch 37/200 - Train Loss: 3.6097 (Recon: 0.0000, CLR: 3.6097) - Val Loss: 4.9195 (Recon: 0.0003, CLR: 4.9192)
2026-06-13 02:23:33,943 - Epoch 38/200 - Train Loss: 3.6023 (Recon: 0.0000, CLR: 3.6023) - Val Loss: 4.8260 (Recon: 0.0000, CLR: 4.8260)
2026-06-13 02:25:21,697 - Epoch 39/200 - Train Loss: 3.6023 (Recon: 0.0000, CLR: 3.6022) - Val Loss: 4.9553 (Recon: 0.0001, CLR: 4.9552)
2026-06-13 02:27:09,039 - Epoch 40/200 - Train Loss: 3.6000 (Recon: 0.0000, CLR: 3.6000) - Val Loss: 5.0377 (Recon: 0.0001, CLR: 5.0376)
2026-06-13 02:27:09,040 - Evaluating on bbbp...
2026-06-13 02:27:09,450 - bbbp ROC-AUC: 0.7940
2026-06-13 02:27:09,450 - Evaluating on bace...
2026-06-13 02:27:09,813 - bace ROC-AUC: 0.7949
2026-06-13 02:27:09,813 - Evaluating on clintox...
2026-06-13 02:27:10,107 - clintox ROC-AUC: 0.5104
2026-06-13 02:27:10,107 - Evaluating on freesolv...
2026-06-13 02:27:10,251 - freesolv RMSE: 5.1397
2026-06-13 02:27:10,251 - Evaluating on esol...
2026-06-13 02:27:10,456 - esol RMSE: 1.7057
2026-06-13 02:27:10,457 - Evaluating on lipo...
2026-06-13 02:27:11,126 - lipo RMSE: 1.0473
2026-06-13 02:27:11,126 - Unified Linear Probe Score: -0.9656
2026-06-13 02:28:59,315 - Epoch 41/200 - Train Loss: 3.5956 (Recon: 0.0000, CLR: 3.5956) - Val Loss: 4.9388 (Recon: 0.0002, CLR: 4.9387)
2026-06-13 02:30:47,290 - Epoch 42/200 - Train Loss: 3.5921 (Recon: 0.0000, CLR: 3.5921) - Val Loss: 4.7948 (Recon: 0.0001, CLR: 4.7947)
2026-06-13 02:32:35,106 - Epoch 43/200 - Train Loss: 3.5905 (Recon: 0.0000, CLR: 3.5905) - Val Loss: 4.9954 (Recon: 0.0002, CLR: 4.9952)
2026-06-13 02:34:22,804 - Epoch 44/200 - Train Loss: 3.5880 (Recon: 0.0000, CLR: 3.5880) - Val Loss: 5.1932 (Recon: 0.0000, CLR: 5.1932)
2026-06-13 02:36:11,271 - Epoch 45/200 - Train Loss: 3.5860 (Recon: 0.0000, CLR: 3.5860) - Val Loss: 5.1217 (Recon: 0.0000, CLR: 5.1217)
2026-06-13 02:36:11,271 - Evaluating on bbbp...
2026-06-13 02:36:11,748 - bbbp ROC-AUC: 0.7813
2026-06-13 02:36:11,748 - Evaluating on bace...
2026-06-13 02:36:12,080 - bace ROC-AUC: 0.7251
2026-06-13 02:36:12,080 - Evaluating on clintox...
2026-06-13 02:36:12,382 - clintox ROC-AUC: 0.4985
2026-06-13 02:36:12,383 - Evaluating on freesolv...
2026-06-13 02:36:12,538 - freesolv RMSE: 6.1621
2026-06-13 02:36:12,538 - Evaluating on esol...
2026-06-13 02:36:12,730 - esol RMSE: 1.6042
2026-06-13 02:36:12,731 - Evaluating on lipo...
2026-06-13 02:36:13,413 - lipo RMSE: 0.9806
2026-06-13 02:36:13,413 - Unified Linear Probe Score: -1.1236
2026-06-13 02:38:01,119 - Epoch 46/200 - Train Loss: 3.5809 (Recon: 0.0000, CLR: 3.5809) - Val Loss: 4.9691 (Recon: 0.0000, CLR: 4.9691)
2026-06-13 02:39:48,872 - Epoch 47/200 - Train Loss: 3.5769 (Recon: 0.0000, CLR: 3.5769) - Val Loss: 4.9350 (Recon: 0.0000, CLR: 4.9350)
2026-06-13 02:41:44,383 - Epoch 48/200 - Train Loss: 3.5763 (Recon: 0.0000, CLR: 3.5763) - Val Loss: 4.9591 (Recon: 0.0000, CLR: 4.9591)
2026-06-13 02:43:32,092 - Epoch 49/200 - Train Loss: 3.5756 (Recon: 0.0000, CLR: 3.5756) - Val Loss: 5.0113 (Recon: 0.0000, CLR: 5.0113)
2026-06-13 02:45:19,503 - Epoch 50/200 - Train Loss: 3.5729 (Recon: 0.0000, CLR: 3.5729) - Val Loss: 4.7266 (Recon: 0.0000, CLR: 4.7266)
2026-06-13 02:45:19,504 - Evaluating on bbbp...
2026-06-13 02:45:19,934 - bbbp ROC-AUC: 0.7616
2026-06-13 02:45:19,934 - Evaluating on bace...
2026-06-13 02:45:20,254 - bace ROC-AUC: 0.7749
2026-06-13 02:45:20,254 - Evaluating on clintox...
2026-06-13 02:45:20,559 - clintox ROC-AUC: 0.5612
2026-06-13 02:45:20,559 - Evaluating on freesolv...
2026-06-13 02:45:20,724 - freesolv RMSE: 4.1208
2026-06-13 02:45:20,724 - Evaluating on esol...
2026-06-13 02:45:20,921 - esol RMSE: 1.5192
2026-06-13 02:45:20,921 - Evaluating on lipo...
2026-06-13 02:45:21,597 - lipo RMSE: 0.9690
2026-06-13 02:45:21,598 - Unified Linear Probe Score: -0.7519
2026-06-13 02:47:09,282 - Epoch 51/200 - Train Loss: 3.5682 (Recon: 0.0000, CLR: 3.5682) - Val Loss: 5.0752 (Recon: 0.0000, CLR: 5.0752)
2026-06-13 02:48:57,005 - Epoch 52/200 - Train Loss: 3.5632 (Recon: 0.0000, CLR: 3.5632) - Val Loss: 5.0212 (Recon: 0.0000, CLR: 5.0212)
2026-06-13 02:50:44,696 - Epoch 53/200 - Train Loss: 3.5650 (Recon: 0.0000, CLR: 3.5650) - Val Loss: 4.9985 (Recon: 0.0000, CLR: 4.9985)
2026-06-13 02:52:32,399 - Epoch 54/200 - Train Loss: 3.5590 (Recon: 0.0000, CLR: 3.5590) - Val Loss: 4.8743 (Recon: 0.0000, CLR: 4.8742)
2026-06-13 02:54:19,986 - Epoch 55/200 - Train Loss: 3.5576 (Recon: 0.0000, CLR: 3.5576) - Val Loss: 4.9729 (Recon: 0.0000, CLR: 4.9729)
2026-06-13 02:54:19,986 - Evaluating on bbbp...
2026-06-13 02:54:20,394 - bbbp ROC-AUC: 0.7833
2026-06-13 02:54:20,394 - Evaluating on bace...
2026-06-13 02:54:20,721 - bace ROC-AUC: 0.7658
2026-06-13 02:54:20,721 - Evaluating on clintox...
2026-06-13 02:54:21,029 - clintox ROC-AUC: 0.5276
2026-06-13 02:54:21,029 - Evaluating on freesolv...
2026-06-13 02:54:21,163 - freesolv RMSE: 4.6497
2026-06-13 02:54:21,164 - Evaluating on esol...
2026-06-13 02:54:21,370 - esol RMSE: 1.4982
2026-06-13 02:54:21,370 - Evaluating on lipo...
2026-06-13 02:54:22,064 - lipo RMSE: 1.0789
2026-06-13 02:54:22,064 - Unified Linear Probe Score: -0.8584
2026-06-13 02:56:09,758 - Epoch 56/200 - Train Loss: 3.5562 (Recon: 0.0000, CLR: 3.5562) - Val Loss: 4.9223 (Recon: 0.0000, CLR: 4.9223)
2026-06-13 02:57:57,378 - Epoch 57/200 - Train Loss: 3.5553 (Recon: 0.0000, CLR: 3.5553) - Val Loss: 4.9213 (Recon: 0.0000, CLR: 4.9213)
2026-06-13 02:59:45,260 - Epoch 58/200 - Train Loss: 3.5525 (Recon: 0.0000, CLR: 3.5525) - Val Loss: 4.8629 (Recon: 0.0000, CLR: 4.8629)
2026-06-13 03:01:33,272 - Epoch 59/200 - Train Loss: 3.5503 (Recon: 0.0000, CLR: 3.5502) - Val Loss: 4.9200 (Recon: 0.0000, CLR: 4.9199)
2026-06-13 03:03:20,977 - Epoch 60/200 - Train Loss: 3.5474 (Recon: 0.0000, CLR: 3.5474) - Val Loss: 4.8926 (Recon: 0.0000, CLR: 4.8925)
2026-06-13 03:03:20,977 - Evaluating on bbbp...
2026-06-13 03:03:21,368 - bbbp ROC-AUC: 0.7981
2026-06-13 03:03:21,368 - Evaluating on bace...
2026-06-13 03:03:21,704 - bace ROC-AUC: 0.8036
2026-06-13 03:03:21,704 - Evaluating on clintox...
2026-06-13 03:03:21,999 - clintox ROC-AUC: 0.5783
2026-06-13 03:03:21,999 - Evaluating on freesolv...
2026-06-13 03:03:22,151 - freesolv RMSE: 5.8678
2026-06-13 03:03:22,151 - Evaluating on esol...
2026-06-13 03:03:22,337 - esol RMSE: 1.8790
2026-06-13 03:03:22,338 - Evaluating on lipo...
2026-06-13 03:03:23,001 - lipo RMSE: 1.0112
2026-06-13 03:03:23,002 - Unified Linear Probe Score: -1.0963
2026-06-13 03:05:10,868 - Epoch 61/200 - Train Loss: 3.5452 (Recon: 0.0000, CLR: 3.5452) - Val Loss: 4.8277 (Recon: 0.0000, CLR: 4.8276)
2026-06-13 03:06:59,322 - Epoch 62/200 - Train Loss: 3.5430 (Recon: 0.0000, CLR: 3.5430) - Val Loss: 4.9029 (Recon: 0.0000, CLR: 4.9029)
2026-06-13 03:08:47,108 - Epoch 63/200 - Train Loss: 3.5424 (Recon: 0.0000, CLR: 3.5424) - Val Loss: 4.9888 (Recon: 0.0000, CLR: 4.9888)
2026-06-13 03:10:34,870 - Epoch 64/200 - Train Loss: 3.5388 (Recon: 0.0000, CLR: 3.5387) - Val Loss: 4.8208 (Recon: 0.0000, CLR: 4.8208)
2026-06-13 03:12:22,711 - Epoch 65/200 - Train Loss: 3.5386 (Recon: 0.0000, CLR: 3.5386) - Val Loss: 4.8681 (Recon: 0.0000, CLR: 4.8681)
2026-06-13 03:12:22,712 - Evaluating on bbbp...
2026-06-13 03:12:23,124 - bbbp ROC-AUC: 0.7839
2026-06-13 03:12:23,124 - Evaluating on bace...
2026-06-13 03:12:23,449 - bace ROC-AUC: 0.7960
2026-06-13 03:12:23,449 - Evaluating on clintox...
2026-06-13 03:12:23,776 - clintox ROC-AUC: 0.5593
2026-06-13 03:12:23,776 - Evaluating on freesolv...
2026-06-13 03:12:23,935 - freesolv RMSE: 5.0301
2026-06-13 03:12:23,935 - Evaluating on esol...
2026-06-13 03:12:24,125 - esol RMSE: 1.8147
2026-06-13 03:12:24,125 - Evaluating on lipo...
2026-06-13 03:12:24,851 - lipo RMSE: 0.9825
2026-06-13 03:12:24,852 - Unified Linear Probe Score: -0.9480
2026-06-13 03:14:12,823 - Epoch 66/200 - Train Loss: 3.5371 (Recon: 0.0000, CLR: 3.5371) - Val Loss: 4.9961 (Recon: 0.0000, CLR: 4.9961)
2026-06-13 03:16:00,851 - Epoch 67/200 - Train Loss: 3.5341 (Recon: 0.0000, CLR: 3.5341) - Val Loss: 4.8929 (Recon: 0.0000, CLR: 4.8929)
2026-06-13 03:17:48,515 - Epoch 68/200 - Train Loss: 3.5333 (Recon: 0.0000, CLR: 3.5332) - Val Loss: 4.8490 (Recon: 0.0000, CLR: 4.8490)
2026-06-13 03:19:43,734 - Epoch 69/200 - Train Loss: 3.5317 (Recon: 0.0000, CLR: 3.5317) - Val Loss: 5.0703 (Recon: 0.0000, CLR: 5.0703)
2026-06-13 03:21:32,227 - Epoch 70/200 - Train Loss: 3.5287 (Recon: 0.0000, CLR: 3.5287) - Val Loss: 5.0420 (Recon: 0.0000, CLR: 5.0420)
2026-06-13 03:21:32,227 - Evaluating on bbbp...
2026-06-13 03:21:32,636 - bbbp ROC-AUC: 0.8082
2026-06-13 03:21:32,637 - Evaluating on bace...
2026-06-13 03:21:32,950 - bace ROC-AUC: 0.7969
2026-06-13 03:21:32,951 - Evaluating on clintox...
2026-06-13 03:21:33,218 - clintox ROC-AUC: 0.6487
2026-06-13 03:21:33,218 - Evaluating on freesolv...
2026-06-13 03:21:33,363 - freesolv RMSE: 4.9204
2026-06-13 03:21:33,363 - Evaluating on esol...
2026-06-13 03:21:33,560 - esol RMSE: 1.7454
2026-06-13 03:21:33,560 - Evaluating on lipo...
2026-06-13 03:21:34,249 - lipo RMSE: 1.0170
2026-06-13 03:21:34,249 - Unified Linear Probe Score: -0.9049
2026-06-13 03:23:22,052 - Epoch 71/200 - Train Loss: 3.5260 (Recon: 0.0000, CLR: 3.5260) - Val Loss: 5.0625 (Recon: 0.0000, CLR: 5.0625)
2026-06-13 03:25:09,806 - Epoch 72/200 - Train Loss: 3.5236 (Recon: 0.0000, CLR: 3.5236) - Val Loss: 5.0577 (Recon: 0.0000, CLR: 5.0577)
2026-06-13 03:26:57,760 - Epoch 73/200 - Train Loss: 3.5246 (Recon: 0.0000, CLR: 3.5246) - Val Loss: 4.8823 (Recon: 0.0000, CLR: 4.8823)
2026-06-13 03:28:45,304 - Epoch 74/200 - Train Loss: 3.5213 (Recon: 0.0000, CLR: 3.5213) - Val Loss: 4.9551 (Recon: 0.0000, CLR: 4.9551)
2026-06-13 03:30:32,877 - Epoch 75/200 - Train Loss: 3.5209 (Recon: 0.0000, CLR: 3.5209) - Val Loss: 4.9061 (Recon: 0.0000, CLR: 4.9061)
2026-06-13 03:30:32,877 - Evaluating on bbbp...
2026-06-13 03:30:33,288 - bbbp ROC-AUC: 0.8185
2026-06-13 03:30:33,288 - Evaluating on bace...
2026-06-13 03:30:33,611 - bace ROC-AUC: 0.8086
2026-06-13 03:30:33,611 - Evaluating on clintox...
2026-06-13 03:30:33,895 - clintox ROC-AUC: 0.5702
2026-06-13 03:30:33,895 - Evaluating on freesolv...
2026-06-13 03:30:34,031 - freesolv RMSE: 4.1423
2026-06-13 03:30:34,031 - Evaluating on esol...
2026-06-13 03:30:34,245 - esol RMSE: 1.9389
2026-06-13 03:30:34,245 - Evaluating on lipo...
2026-06-13 03:30:34,912 - lipo RMSE: 1.0143
2026-06-13 03:30:34,912 - Unified Linear Probe Score: -0.8164
2026-06-13 03:32:22,858 - Epoch 76/200 - Train Loss: 3.5204 (Recon: 0.0000, CLR: 3.5204) - Val Loss: 4.9609 (Recon: 0.0000, CLR: 4.9609)
2026-06-13 03:34:10,495 - Epoch 77/200 - Train Loss: 3.5182 (Recon: 0.0000, CLR: 3.5182) - Val Loss: 4.8303 (Recon: 0.0000, CLR: 4.8302)
2026-06-13 03:35:58,841 - Epoch 78/200 - Train Loss: 3.5151 (Recon: 0.0000, CLR: 3.5151) - Val Loss: 4.8518 (Recon: 0.0000, CLR: 4.8518)
2026-06-13 03:37:46,457 - Epoch 79/200 - Train Loss: 3.5142 (Recon: 0.0000, CLR: 3.5142) - Val Loss: 4.8596 (Recon: 0.0000, CLR: 4.8596)
2026-06-13 03:39:34,303 - Epoch 80/200 - Train Loss: 3.5139 (Recon: 0.0000, CLR: 3.5139) - Val Loss: 4.9863 (Recon: 0.0000, CLR: 4.9863)
2026-06-13 03:39:34,303 - Evaluating on bbbp...
2026-06-13 03:39:34,709 - bbbp ROC-AUC: 0.8179
2026-06-13 03:39:34,709 - Evaluating on bace...
2026-06-13 03:39:35,024 - bace ROC-AUC: 0.7934
2026-06-13 03:39:35,025 - Evaluating on clintox...
2026-06-13 03:39:35,325 - clintox ROC-AUC: 0.6101
2026-06-13 03:39:35,326 - Evaluating on freesolv...
2026-06-13 03:39:35,461 - freesolv RMSE: 4.3688
2026-06-13 03:39:35,462 - Evaluating on esol...
2026-06-13 03:39:35,652 - esol RMSE: 1.5961
2026-06-13 03:39:35,652 - Evaluating on lipo...
2026-06-13 03:39:36,319 - lipo RMSE: 1.0400
2026-06-13 03:39:36,320 - Unified Linear Probe Score: -0.7973
2026-06-13 03:41:24,238 - Epoch 81/200 - Train Loss: 3.5137 (Recon: 0.0000, CLR: 3.5137) - Val Loss: 4.9156 (Recon: 0.0000, CLR: 4.9155)
2026-06-13 03:43:12,102 - Epoch 82/200 - Train Loss: 3.5125 (Recon: 0.0000, CLR: 3.5125) - Val Loss: 4.8720 (Recon: 0.0000, CLR: 4.8720)
2026-06-13 03:45:00,249 - Epoch 83/200 - Train Loss: 3.5101 (Recon: 0.0000, CLR: 3.5101) - Val Loss: 4.7875 (Recon: 0.0000, CLR: 4.7875)
2026-06-13 03:46:47,807 - Epoch 84/200 - Train Loss: 3.5086 (Recon: 0.0000, CLR: 3.5085) - Val Loss: 5.0947 (Recon: 0.0000, CLR: 5.0947)
2026-06-13 03:48:35,682 - Epoch 85/200 - Train Loss: 3.5070 (Recon: 0.0000, CLR: 3.5070) - Val Loss: 4.9963 (Recon: 0.0000, CLR: 4.9963)
2026-06-13 03:48:35,682 - Evaluating on bbbp...
2026-06-13 03:48:36,087 - bbbp ROC-AUC: 0.8305
2026-06-13 03:48:36,087 - Evaluating on bace...
2026-06-13 03:48:36,424 - bace ROC-AUC: 0.8066
2026-06-13 03:48:36,425 - Evaluating on clintox...
2026-06-13 03:48:36,718 - clintox ROC-AUC: 0.5749
2026-06-13 03:48:36,718 - Evaluating on freesolv...
2026-06-13 03:48:36,854 - freesolv RMSE: 3.6485
2026-06-13 03:48:36,854 - Evaluating on esol...
2026-06-13 03:48:37,054 - esol RMSE: 2.2799
2026-06-13 03:48:37,054 - Evaluating on lipo...
2026-06-13 03:48:37,718 - lipo RMSE: 1.0873
2026-06-13 03:48:37,719 - Unified Linear Probe Score: -0.8006
2026-06-13 03:50:25,966 - Epoch 86/200 - Train Loss: 3.5048 (Recon: 0.0000, CLR: 3.5048) - Val Loss: 4.9282 (Recon: 0.0000, CLR: 4.9282)
2026-06-13 03:52:13,850 - Epoch 87/200 - Train Loss: 3.5055 (Recon: 0.0000, CLR: 3.5055) - Val Loss: 4.9281 (Recon: 0.0000, CLR: 4.9281)
2026-06-13 03:54:01,262 - Epoch 88/200 - Train Loss: 3.5039 (Recon: 0.0000, CLR: 3.5039) - Val Loss: 4.9843 (Recon: 0.0000, CLR: 4.9843)
2026-06-13 03:55:56,420 - Epoch 89/200 - Train Loss: 3.5005 (Recon: 0.0000, CLR: 3.5005) - Val Loss: 4.9786 (Recon: 0.0000, CLR: 4.9786)
2026-06-13 03:57:43,911 - Epoch 90/200 - Train Loss: 3.5005 (Recon: 0.0000, CLR: 3.5005) - Val Loss: 4.8876 (Recon: 0.0000, CLR: 4.8876)
2026-06-13 03:57:43,913 - Evaluating on bbbp...
2026-06-13 03:57:44,318 - bbbp ROC-AUC: 0.8208
2026-06-13 03:57:44,319 - Evaluating on bace...
2026-06-13 03:57:44,657 - bace ROC-AUC: 0.8027
2026-06-13 03:57:44,658 - Evaluating on clintox...
2026-06-13 03:57:44,960 - clintox ROC-AUC: 0.5343
2026-06-13 03:57:44,960 - Evaluating on freesolv...
2026-06-13 03:57:45,105 - freesolv RMSE: 3.2226
2026-06-13 03:57:45,105 - Evaluating on esol...
2026-06-13 03:57:45,334 - esol RMSE: 1.9026
2026-06-13 03:57:45,334 - Evaluating on lipo...
2026-06-13 03:57:46,012 - lipo RMSE: 1.1144
2026-06-13 03:57:46,012 - Unified Linear Probe Score: -0.6803
2026-06-13 03:59:33,843 - Epoch 91/200 - Train Loss: 3.4983 (Recon: 0.0000, CLR: 3.4983) - Val Loss: 4.9077 (Recon: 0.0000, CLR: 4.9077)
2026-06-13 04:01:22,036 - Epoch 92/200 - Train Loss: 3.4986 (Recon: 0.0000, CLR: 3.4986) - Val Loss: 4.8938 (Recon: 0.0000, CLR: 4.8938)
2026-06-13 04:03:10,070 - Epoch 93/200 - Train Loss: 3.4976 (Recon: 0.0000, CLR: 3.4976) - Val Loss: 4.8331 (Recon: 0.0000, CLR: 4.8331)
2026-06-13 04:04:58,126 - Epoch 94/200 - Train Loss: 3.4954 (Recon: 0.0000, CLR: 3.4953) - Val Loss: 4.7614 (Recon: 0.0000, CLR: 4.7614)
2026-06-13 04:06:45,986 - Epoch 95/200 - Train Loss: 3.4936 (Recon: 0.0000, CLR: 3.4936) - Val Loss: 4.7885 (Recon: 0.0000, CLR: 4.7885)
2026-06-13 04:06:45,986 - Evaluating on bbbp...
2026-06-13 04:06:46,382 - bbbp ROC-AUC: 0.8306
2026-06-13 04:06:46,382 - Evaluating on bace...
2026-06-13 04:06:46,704 - bace ROC-AUC: 0.7894
2026-06-13 04:06:46,704 - Evaluating on clintox...
2026-06-13 04:06:47,001 - clintox ROC-AUC: 0.5325
2026-06-13 04:06:47,001 - Evaluating on freesolv...
2026-06-13 04:06:47,154 - freesolv RMSE: 3.7718
2026-06-13 04:06:47,155 - Evaluating on esol...
2026-06-13 04:06:47,345 - esol RMSE: 2.1707
2026-06-13 04:06:47,346 - Evaluating on lipo...
2026-06-13 04:06:48,001 - lipo RMSE: 1.0884
2026-06-13 04:06:48,001 - Unified Linear Probe Score: -0.8131
2026-06-13 04:08:35,586 - Epoch 96/200 - Train Loss: 3.4958 (Recon: 0.0000, CLR: 3.4958) - Val Loss: 4.8257 (Recon: 0.0000, CLR: 4.8256)
2026-06-13 04:10:23,420 - Epoch 97/200 - Train Loss: 3.4924 (Recon: 0.0000, CLR: 3.4924) - Val Loss: 4.7657 (Recon: 0.0000, CLR: 4.7657)
2026-06-13 04:12:11,401 - Epoch 98/200 - Train Loss: 3.4910 (Recon: 0.0000, CLR: 3.4910) - Val Loss: 4.7910 (Recon: 0.0000, CLR: 4.7910)
2026-06-13 04:13:59,538 - Epoch 99/200 - Train Loss: 3.4919 (Recon: 0.0000, CLR: 3.4918) - Val Loss: 4.6996 (Recon: 0.0000, CLR: 4.6996)
2026-06-13 04:15:47,519 - Epoch 100/200 - Train Loss: 3.4902 (Recon: 0.0000, CLR: 3.4902) - Val Loss: 5.0248 (Recon: 0.0000, CLR: 5.0247)
2026-06-13 04:15:47,520 - Evaluating on bbbp...
2026-06-13 04:15:47,940 - bbbp ROC-AUC: 0.8229
2026-06-13 04:15:47,940 - Evaluating on bace...
2026-06-13 04:15:48,276 - bace ROC-AUC: 0.7701
2026-06-13 04:15:48,277 - Evaluating on clintox...
2026-06-13 04:15:48,590 - clintox ROC-AUC: 0.5536
2026-06-13 04:15:48,590 - Evaluating on freesolv...
2026-06-13 04:15:48,734 - freesolv RMSE: 4.9540
2026-06-13 04:15:48,734 - Evaluating on esol...
2026-06-13 04:15:48,930 - esol RMSE: 2.1017
2026-06-13 04:15:48,931 - Evaluating on lipo...
2026-06-13 04:15:49,632 - lipo RMSE: 1.0808
2026-06-13 04:15:49,632 - Unified Linear Probe Score: -0.9983
2026-06-13 04:17:37,545 - Epoch 101/200 - Train Loss: 3.4892 (Recon: 0.0000, CLR: 3.4892) - Val Loss: 5.0608 (Recon: 0.0000, CLR: 5.0608)
2026-06-13 04:19:25,153 - Epoch 102/200 - Train Loss: 3.4898 (Recon: 0.0000, CLR: 3.4898) - Val Loss: 5.0046 (Recon: 0.0000, CLR: 5.0046)
2026-06-13 04:21:13,339 - Epoch 103/200 - Train Loss: 3.4884 (Recon: 0.0000, CLR: 3.4884) - Val Loss: 4.9732 (Recon: 0.0000, CLR: 4.9732)
2026-06-13 04:23:01,265 - Epoch 104/200 - Train Loss: 3.4859 (Recon: 0.0000, CLR: 3.4859) - Val Loss: 5.0280 (Recon: 0.0000, CLR: 5.0280)
2026-06-13 04:24:49,576 - Epoch 105/200 - Train Loss: 3.4843 (Recon: 0.0000, CLR: 3.4843) - Val Loss: 4.9929 (Recon: 0.0000, CLR: 4.9929)
2026-06-13 04:24:49,576 - Evaluating on bbbp...
2026-06-13 04:24:49,999 - bbbp ROC-AUC: 0.8378
2026-06-13 04:24:50,000 - Evaluating on bace...
2026-06-13 04:24:50,341 - bace ROC-AUC: 0.7776
2026-06-13 04:24:50,342 - Evaluating on clintox...
2026-06-13 04:24:50,646 - clintox ROC-AUC: 0.4726
2026-06-13 04:24:50,646 - Evaluating on freesolv...
2026-06-13 04:24:50,795 - freesolv RMSE: 3.7598
2026-06-13 04:24:50,795 - Evaluating on esol...
2026-06-13 04:24:51,013 - esol RMSE: 1.9756
2026-06-13 04:24:51,013 - Evaluating on lipo...
2026-06-13 04:24:51,677 - lipo RMSE: 1.1192
2026-06-13 04:24:51,677 - Unified Linear Probe Score: -0.7944
2026-06-13 04:26:39,493 - Epoch 106/200 - Train Loss: 3.4849 (Recon: 0.0000, CLR: 3.4849) - Val Loss: 5.0001 (Recon: 0.0000, CLR: 5.0000)
2026-06-13 04:28:27,790 - Epoch 107/200 - Train Loss: 3.4792 (Recon: 0.0000, CLR: 3.4792) - Val Loss: 4.9261 (Recon: 0.0000, CLR: 4.9261)
2026-06-13 04:30:16,053 - Epoch 108/200 - Train Loss: 3.4820 (Recon: 0.0000, CLR: 3.4820) - Val Loss: 4.9505 (Recon: 0.0000, CLR: 4.9505)
2026-06-13 04:32:04,097 - Epoch 109/200 - Train Loss: 3.4807 (Recon: 0.0000, CLR: 3.4807) - Val Loss: 4.8765 (Recon: 0.0000, CLR: 4.8765)
2026-06-13 04:33:59,310 - Epoch 110/200 - Train Loss: 3.4810 (Recon: 0.0000, CLR: 3.4810) - Val Loss: 4.8945 (Recon: 0.0000, CLR: 4.8944)
2026-06-13 04:33:59,311 - Evaluating on bbbp...
2026-06-13 04:33:59,714 - bbbp ROC-AUC: 0.8188
2026-06-13 04:33:59,714 - Evaluating on bace...
2026-06-13 04:34:00,059 - bace ROC-AUC: 0.7767
2026-06-13 04:34:00,059 - Evaluating on clintox...
2026-06-13 04:34:00,407 - clintox ROC-AUC: 0.5517
2026-06-13 04:34:00,407 - Evaluating on freesolv...
2026-06-13 04:34:00,552 - freesolv RMSE: 2.7731
2026-06-13 04:34:00,552 - Evaluating on esol...
2026-06-13 04:34:00,761 - esol RMSE: 1.7128
2026-06-13 04:34:00,761 - Evaluating on lipo...
2026-06-13 04:34:01,438 - lipo RMSE: 1.1873
2026-06-13 04:34:01,438 - Unified Linear Probe Score: -0.5877
2026-06-13 04:35:49,909 - Epoch 111/200 - Train Loss: 3.4811 (Recon: 0.0000, CLR: 3.4811) - Val Loss: 4.9749 (Recon: 0.0000, CLR: 4.9749)
2026-06-13 04:37:39,752 - Epoch 112/200 - Train Loss: 3.4809 (Recon: 0.0000, CLR: 3.4809) - Val Loss: 4.9309 (Recon: 0.0000, CLR: 4.9309)
2026-06-13 04:39:28,556 - Epoch 113/200 - Train Loss: 3.4768 (Recon: 0.0000, CLR: 3.4767) - Val Loss: 4.8090 (Recon: 0.0000, CLR: 4.8090)
2026-06-13 04:41:16,740 - Epoch 114/200 - Train Loss: 3.4778 (Recon: 0.0000, CLR: 3.4778) - Val Loss: 4.8721 (Recon: 0.0000, CLR: 4.8721)
2026-06-13 04:43:05,145 - Epoch 115/200 - Train Loss: 3.4791 (Recon: 0.0000, CLR: 3.4791) - Val Loss: 4.7801 (Recon: 0.0000, CLR: 4.7801)
2026-06-13 04:43:05,146 - Evaluating on bbbp...
2026-06-13 04:43:05,551 - bbbp ROC-AUC: 0.8158
2026-06-13 04:43:05,551 - Evaluating on bace...
2026-06-13 04:43:05,866 - bace ROC-AUC: 0.7845
2026-06-13 04:43:05,866 - Evaluating on clintox...
2026-06-13 04:43:06,188 - clintox ROC-AUC: 0.5128
2026-06-13 04:43:06,188 - Evaluating on freesolv...
2026-06-13 04:43:06,336 - freesolv RMSE: 3.1480
2026-06-13 04:43:06,336 - Evaluating on esol...
2026-06-13 04:43:06,528 - esol RMSE: 1.5285
2026-06-13 04:43:06,529 - Evaluating on lipo...
2026-06-13 04:43:07,189 - lipo RMSE: 1.1109
2026-06-13 04:43:07,189 - Unified Linear Probe Score: -0.6124
2026-06-13 04:44:55,071 - Epoch 116/200 - Train Loss: 3.4748 (Recon: 0.0000, CLR: 3.4747) - Val Loss: 4.8553 (Recon: 0.0000, CLR: 4.8553)
2026-06-13 04:46:43,184 - Epoch 117/200 - Train Loss: 3.4703 (Recon: 0.0000, CLR: 3.4702) - Val Loss: 4.7709 (Recon: 0.0000, CLR: 4.7709)
2026-06-13 04:48:31,921 - Epoch 118/200 - Train Loss: 3.4744 (Recon: 0.0000, CLR: 3.4744) - Val Loss: 4.9655 (Recon: 0.0000, CLR: 4.9654)
2026-06-13 04:50:20,547 - Epoch 119/200 - Train Loss: 3.4727 (Recon: 0.0000, CLR: 3.4727) - Val Loss: 4.9898 (Recon: 0.0000, CLR: 4.9898)
2026-06-13 04:52:08,566 - Epoch 120/200 - Train Loss: 3.4741 (Recon: 0.0000, CLR: 3.4740) - Val Loss: 4.8802 (Recon: 0.0000, CLR: 4.8802)
2026-06-13 04:52:08,566 - Evaluating on bbbp...
2026-06-13 04:52:08,963 - bbbp ROC-AUC: 0.8122
2026-06-13 04:52:08,963 - Evaluating on bace...
2026-06-13 04:52:09,293 - bace ROC-AUC: 0.8055
2026-06-13 04:52:09,293 - Evaluating on clintox...
2026-06-13 04:52:09,632 - clintox ROC-AUC: 0.5402
2026-06-13 04:52:09,632 - Evaluating on freesolv...
2026-06-13 04:52:09,783 - freesolv RMSE: 4.7129
2026-06-13 04:52:09,784 - Evaluating on esol...
2026-06-13 04:52:09,973 - esol RMSE: 1.7429
2026-06-13 04:52:09,973 - Evaluating on lipo...
2026-06-13 04:52:10,647 - lipo RMSE: 1.0853
2026-06-13 04:52:10,647 - Unified Linear Probe Score: -0.8972
2026-06-13 04:53:58,729 - Epoch 121/200 - Train Loss: 3.4715 (Recon: 0.0000, CLR: 3.4715) - Val Loss: 4.7594 (Recon: 0.0000, CLR: 4.7594)
2026-06-13 04:55:46,438 - Epoch 122/200 - Train Loss: 3.4690 (Recon: 0.0000, CLR: 3.4690) - Val Loss: 4.7772 (Recon: 0.0000, CLR: 4.7772)
2026-06-13 04:57:34,471 - Epoch 123/200 - Train Loss: 3.4704 (Recon: 0.0000, CLR: 3.4704) - Val Loss: 4.7975 (Recon: 0.0000, CLR: 4.7975)
2026-06-13 04:59:22,645 - Epoch 124/200 - Train Loss: 3.4678 (Recon: 0.0000, CLR: 3.4678) - Val Loss: 4.7564 (Recon: 0.0000, CLR: 4.7564)
2026-06-13 05:01:10,427 - Epoch 125/200 - Train Loss: 3.4683 (Recon: 0.0000, CLR: 3.4683) - Val Loss: 4.7924 (Recon: 0.0000, CLR: 4.7924)
2026-06-13 05:01:10,427 - Evaluating on bbbp...
2026-06-13 05:01:10,828 - bbbp ROC-AUC: 0.8242
2026-06-13 05:01:10,828 - Evaluating on bace...
2026-06-13 05:01:11,147 - bace ROC-AUC: 0.8062
2026-06-13 05:01:11,147 - Evaluating on clintox...
2026-06-13 05:01:11,463 - clintox ROC-AUC: 0.5073
2026-06-13 05:01:11,463 - Evaluating on freesolv...
2026-06-13 05:01:11,623 - freesolv RMSE: 4.1733
2026-06-13 05:01:11,623 - Evaluating on esol...
2026-06-13 05:01:11,835 - esol RMSE: 1.6113
2026-06-13 05:01:11,835 - Evaluating on lipo...
2026-06-13 05:01:12,508 - lipo RMSE: 1.1284
2026-06-13 05:01:12,508 - Unified Linear Probe Score: -0.7959
2026-06-13 05:03:00,319 - Epoch 126/200 - Train Loss: 3.4654 (Recon: 0.0000, CLR: 3.4654) - Val Loss: 4.7408 (Recon: 0.0000, CLR: 4.7408)
2026-06-13 05:04:48,101 - Epoch 127/200 - Train Loss: 3.4658 (Recon: 0.0000, CLR: 3.4658) - Val Loss: 4.7501 (Recon: 0.0000, CLR: 4.7501)
2026-06-13 05:06:36,208 - Epoch 128/200 - Train Loss: 3.4643 (Recon: 0.0000, CLR: 3.4643) - Val Loss: 4.7356 (Recon: 0.0000, CLR: 4.7356)
2026-06-13 05:08:24,265 - Epoch 129/200 - Train Loss: 3.4642 (Recon: 0.0000, CLR: 3.4642) - Val Loss: 4.8007 (Recon: 0.0000, CLR: 4.8007)
2026-06-13 05:10:19,821 - Epoch 130/200 - Train Loss: 3.4634 (Recon: 0.0000, CLR: 3.4634) - Val Loss: 4.7225 (Recon: 0.0000, CLR: 4.7225)
2026-06-13 05:10:19,821 - Evaluating on bbbp...
2026-06-13 05:10:20,223 - bbbp ROC-AUC: 0.7829
2026-06-13 05:10:20,224 - Evaluating on bace...
2026-06-13 05:10:20,530 - bace ROC-AUC: 0.8242
2026-06-13 05:10:20,530 - Evaluating on clintox...
2026-06-13 05:10:20,821 - clintox ROC-AUC: 0.5746
2026-06-13 05:10:20,821 - Evaluating on freesolv...
2026-06-13 05:10:20,966 - freesolv RMSE: 3.6148
2026-06-13 05:10:20,966 - Evaluating on esol...
2026-06-13 05:10:21,163 - esol RMSE: 1.7074
2026-06-13 05:10:21,163 - Evaluating on lipo...
2026-06-13 05:10:21,840 - lipo RMSE: 1.0843
2026-06-13 05:10:21,840 - Unified Linear Probe Score: -0.7041
2026-06-13 05:12:09,560 - Epoch 131/200 - Train Loss: 3.4640 (Recon: 0.0000, CLR: 3.4639) - Val Loss: 4.7148 (Recon: 0.0000, CLR: 4.7148)
2026-06-13 05:13:57,434 - Epoch 132/200 - Train Loss: 3.4604 (Recon: 0.0000, CLR: 3.4603) - Val Loss: 4.6877 (Recon: 0.0000, CLR: 4.6877)
2026-06-13 05:15:45,248 - Epoch 133/200 - Train Loss: 3.4608 (Recon: 0.0000, CLR: 3.4608) - Val Loss: 4.7076 (Recon: 0.0000, CLR: 4.7076)
2026-06-13 05:17:33,253 - Epoch 134/200 - Train Loss: 3.4611 (Recon: 0.0000, CLR: 3.4611) - Val Loss: 4.5817 (Recon: 0.0000, CLR: 4.5817)
2026-06-13 05:19:20,874 - Epoch 135/200 - Train Loss: 3.4572 (Recon: 0.0000, CLR: 3.4572) - Val Loss: 4.6059 (Recon: 0.0000, CLR: 4.6059)
2026-06-13 05:19:20,874 - Evaluating on bbbp...
2026-06-13 05:19:21,290 - bbbp ROC-AUC: 0.8277
2026-06-13 05:19:21,290 - Evaluating on bace...
2026-06-13 05:19:21,613 - bace ROC-AUC: 0.8266
2026-06-13 05:19:21,613 - Evaluating on clintox...
2026-06-13 05:19:21,925 - clintox ROC-AUC: 0.6000
2026-06-13 05:19:21,925 - Evaluating on freesolv...
2026-06-13 05:19:22,072 - freesolv RMSE: 3.7068
2026-06-13 05:19:22,072 - Evaluating on esol...
2026-06-13 05:19:22,276 - esol RMSE: 1.5585
2026-06-13 05:19:22,277 - Evaluating on lipo...
2026-06-13 05:19:22,918 - lipo RMSE: 1.1248
2026-06-13 05:19:22,919 - Unified Linear Probe Score: -0.6893
2026-06-13 05:21:10,726 - Epoch 136/200 - Train Loss: 3.4581 (Recon: 0.0000, CLR: 3.4581) - Val Loss: 4.4754 (Recon: 0.0000, CLR: 4.4754)
2026-06-13 05:22:58,032 - Epoch 137/200 - Train Loss: 3.4570 (Recon: 0.0000, CLR: 3.4570) - Val Loss: 4.5641 (Recon: 0.0000, CLR: 4.5641)
2026-06-13 05:24:45,440 - Epoch 138/200 - Train Loss: 3.4594 (Recon: 0.0000, CLR: 3.4594) - Val Loss: 4.6432 (Recon: 0.0000, CLR: 4.6432)
2026-06-13 05:26:32,901 - Epoch 139/200 - Train Loss: 3.4561 (Recon: 0.0000, CLR: 3.4561) - Val Loss: 4.5950 (Recon: 0.0000, CLR: 4.5950)
2026-06-13 05:28:20,683 - Epoch 140/200 - Train Loss: 3.4582 (Recon: 0.0000, CLR: 3.4582) - Val Loss: 4.5604 (Recon: 0.0000, CLR: 4.5604)
2026-06-13 05:28:20,683 - Evaluating on bbbp...
2026-06-13 05:28:21,076 - bbbp ROC-AUC: 0.8070
2026-06-13 05:28:21,076 - Evaluating on bace...
2026-06-13 05:28:21,394 - bace ROC-AUC: 0.7976
2026-06-13 05:28:21,394 - Evaluating on clintox...
2026-06-13 05:28:21,696 - clintox ROC-AUC: 0.5615
2026-06-13 05:28:21,696 - Evaluating on freesolv...
2026-06-13 05:28:21,853 - freesolv RMSE: 3.7164
2026-06-13 05:28:21,854 - Evaluating on esol...
2026-06-13 05:28:22,042 - esol RMSE: 2.2588
2026-06-13 05:28:22,042 - Evaluating on lipo...
2026-06-13 05:28:22,714 - lipo RMSE: 1.1644
2026-06-13 05:28:22,714 - Unified Linear Probe Score: -0.8289
2026-06-13 05:30:10,490 - Epoch 141/200 - Train Loss: 3.4530 (Recon: 0.0000, CLR: 3.4530) - Val Loss: 4.4809 (Recon: 0.0000, CLR: 4.4809)
2026-06-13 05:31:58,131 - Epoch 142/200 - Train Loss: 3.4544 (Recon: 0.0000, CLR: 3.4544) - Val Loss: 4.6984 (Recon: 0.0000, CLR: 4.6984)
2026-06-13 05:33:45,819 - Epoch 143/200 - Train Loss: 3.4541 (Recon: 0.0000, CLR: 3.4541) - Val Loss: 4.6179 (Recon: 0.0000, CLR: 4.6179)
2026-06-13 05:35:33,603 - Epoch 144/200 - Train Loss: 3.4531 (Recon: 0.0000, CLR: 3.4531) - Val Loss: 4.6417 (Recon: 0.0000, CLR: 4.6417)
2026-06-13 05:37:21,478 - Epoch 145/200 - Train Loss: 3.4502 (Recon: 0.0000, CLR: 3.4502) - Val Loss: 4.5588 (Recon: 0.0000, CLR: 4.5587)
2026-06-13 05:37:21,479 - Evaluating on bbbp...
2026-06-13 05:37:21,891 - bbbp ROC-AUC: 0.8188
2026-06-13 05:37:21,891 - Evaluating on bace...
2026-06-13 05:37:22,204 - bace ROC-AUC: 0.8193
2026-06-13 05:37:22,204 - Evaluating on clintox...
2026-06-13 05:37:22,536 - clintox ROC-AUC: 0.5646
2026-06-13 05:37:22,536 - Evaluating on freesolv...
2026-06-13 05:37:22,684 - freesolv RMSE: 3.4483
2026-06-13 05:37:22,684 - Evaluating on esol...
2026-06-13 05:37:22,902 - esol RMSE: 1.7242
2026-06-13 05:37:22,902 - Evaluating on lipo...
2026-06-13 05:37:23,563 - lipo RMSE: 1.1401
2026-06-13 05:37:23,563 - Unified Linear Probe Score: -0.6850
2026-06-13 05:39:11,226 - Epoch 146/200 - Train Loss: 3.4513 (Recon: 0.0000, CLR: 3.4513) - Val Loss: 4.5611 (Recon: 0.0000, CLR: 4.5611)
2026-06-13 05:40:58,581 - Epoch 147/200 - Train Loss: 3.4464 (Recon: 0.0000, CLR: 3.4464) - Val Loss: 4.5124 (Recon: 0.0000, CLR: 4.5124)
2026-06-13 05:42:46,547 - Epoch 148/200 - Train Loss: 3.4517 (Recon: 0.0000, CLR: 3.4516) - Val Loss: 4.5863 (Recon: 0.0000, CLR: 4.5863)
2026-06-13 05:44:34,235 - Epoch 149/200 - Train Loss: 3.4491 (Recon: 0.0000, CLR: 3.4491) - Val Loss: 4.6000 (Recon: 0.0000, CLR: 4.6000)
2026-06-13 05:46:22,060 - Epoch 150/200 - Train Loss: 3.4483 (Recon: 0.0000, CLR: 3.4483) - Val Loss: 4.5391 (Recon: 0.0000, CLR: 4.5391)
2026-06-13 05:46:22,060 - Evaluating on bbbp...
2026-06-13 05:46:22,474 - bbbp ROC-AUC: 0.8275
2026-06-13 05:46:22,474 - Evaluating on bace...
2026-06-13 05:46:22,783 - bace ROC-AUC: 0.7918
2026-06-13 05:46:22,783 - Evaluating on clintox...
2026-06-13 05:46:30,298 - clintox ROC-AUC: 0.5893
2026-06-13 05:46:30,298 - Evaluating on freesolv...
2026-06-13 05:46:30,471 - freesolv RMSE: 2.8220
2026-06-13 05:46:30,472 - Evaluating on esol...
2026-06-13 05:46:30,671 - esol RMSE: 1.8484
2026-06-13 05:46:30,671 - Evaluating on lipo...
2026-06-13 05:46:31,360 - lipo RMSE: 1.1223
2026-06-13 05:46:31,361 - Unified Linear Probe Score: -0.5973
2026-06-13 05:48:19,014 - Epoch 151/200 - Train Loss: 3.4488 (Recon: 0.0000, CLR: 3.4488) - Val Loss: 4.6567 (Recon: 0.0000, CLR: 4.6567)
2026-06-13 05:50:06,731 - Epoch 152/200 - Train Loss: 3.4467 (Recon: 0.0000, CLR: 3.4467) - Val Loss: 4.6659 (Recon: 0.0000, CLR: 4.6659)
2026-06-13 05:51:54,505 - Epoch 153/200 - Train Loss: 3.4426 (Recon: 0.0000, CLR: 3.4426) - Val Loss: 4.5694 (Recon: 0.0000, CLR: 4.5694)
2026-06-13 05:53:42,050 - Epoch 154/200 - Train Loss: 3.4446 (Recon: 0.0000, CLR: 3.4446) - Val Loss: 4.5704 (Recon: 0.0000, CLR: 4.5704)
2026-06-13 05:55:29,359 - Epoch 155/200 - Train Loss: 3.4430 (Recon: 0.0000, CLR: 3.4430) - Val Loss: 4.4892 (Recon: 0.0000, CLR: 4.4892)
2026-06-13 05:55:29,359 - Evaluating on bbbp...
2026-06-13 05:55:29,751 - bbbp ROC-AUC: 0.8317
2026-06-13 05:55:29,751 - Evaluating on bace...
2026-06-13 05:55:30,068 - bace ROC-AUC: 0.8301
2026-06-13 05:55:30,068 - Evaluating on clintox...
2026-06-13 05:55:30,356 - clintox ROC-AUC: 0.6632
2026-06-13 05:55:30,356 - Evaluating on freesolv...
2026-06-13 05:55:30,497 - freesolv RMSE: 3.3818
2026-06-13 05:55:30,498 - Evaluating on esol...
2026-06-13 05:55:30,716 - esol RMSE: 1.9348
2026-06-13 05:55:30,716 - Evaluating on lipo...
2026-06-13 05:55:31,378 - lipo RMSE: 1.1416
2026-06-13 05:55:31,378 - Unified Linear Probe Score: -0.6889
2026-06-13 05:57:18,800 - Epoch 156/200 - Train Loss: 3.4421 (Recon: 0.0000, CLR: 3.4421) - Val Loss: 4.5475 (Recon: 0.0000, CLR: 4.5475)
2026-06-13 05:59:06,533 - Epoch 157/200 - Train Loss: 3.4409 (Recon: 0.0000, CLR: 3.4409) - Val Loss: 4.4688 (Recon: 0.0000, CLR: 4.4687)
2026-06-13 06:00:54,095 - Epoch 158/200 - Train Loss: 3.4443 (Recon: 0.0000, CLR: 3.4442) - Val Loss: 4.5208 (Recon: 0.0000, CLR: 4.5208)
2026-06-13 06:02:41,792 - Epoch 159/200 - Train Loss: 3.4419 (Recon: 0.0000, CLR: 3.4418) - Val Loss: 4.6570 (Recon: 0.0000, CLR: 4.6569)
2026-06-13 06:04:29,292 - Epoch 160/200 - Train Loss: 3.4408 (Recon: 0.0000, CLR: 3.4408) - Val Loss: 4.5621 (Recon: 0.0000, CLR: 4.5621)
2026-06-13 06:04:29,292 - Evaluating on bbbp...
2026-06-13 06:04:29,708 - bbbp ROC-AUC: 0.8335
2026-06-13 06:04:29,709 - Evaluating on bace...
2026-06-13 06:04:30,040 - bace ROC-AUC: 0.8270
2026-06-13 06:04:30,040 - Evaluating on clintox...
2026-06-13 06:04:30,341 - clintox ROC-AUC: 0.6138
2026-06-13 06:04:30,341 - Evaluating on freesolv...
2026-06-13 06:04:30,492 - freesolv RMSE: 3.2692
2026-06-13 06:04:30,493 - Evaluating on esol...
2026-06-13 06:04:30,692 - esol RMSE: 1.4633
2026-06-13 06:04:30,692 - Evaluating on lipo...
2026-06-13 06:04:31,352 - lipo RMSE: 1.1426
2026-06-13 06:04:31,352 - Unified Linear Probe Score: -0.6001
2026-06-13 06:06:19,349 - Epoch 161/200 - Train Loss: 3.4397 (Recon: 0.0000, CLR: 3.4397) - Val Loss: 4.4904 (Recon: 0.0000, CLR: 4.4904)
2026-06-13 06:08:07,518 - Epoch 162/200 - Train Loss: 3.4377 (Recon: 0.0000, CLR: 3.4377) - Val Loss: 4.5513 (Recon: 0.0000, CLR: 4.5513)
2026-06-13 06:09:55,923 - Epoch 163/200 - Train Loss: 3.4392 (Recon: 0.0000, CLR: 3.4392) - Val Loss: 4.4104 (Recon: 0.0000, CLR: 4.4103)
2026-06-13 06:11:46,672 - Epoch 164/200 - Train Loss: 3.4390 (Recon: 0.0000, CLR: 3.4390) - Val Loss: 4.2726 (Recon: 0.0000, CLR: 4.2726)
2026-06-13 06:13:35,461 - Epoch 165/200 - Train Loss: 3.4371 (Recon: 0.0000, CLR: 3.4371) - Val Loss: 4.4363 (Recon: 0.0000, CLR: 4.4363)
2026-06-13 06:13:35,461 - Evaluating on bbbp...
2026-06-13 06:13:35,846 - bbbp ROC-AUC: 0.8173
2026-06-13 06:13:35,846 - Evaluating on bace...
2026-06-13 06:13:36,147 - bace ROC-AUC: 0.8018
2026-06-13 06:13:36,148 - Evaluating on clintox...
2026-06-13 06:13:36,437 - clintox ROC-AUC: 0.5987
2026-06-13 06:13:36,437 - Evaluating on freesolv...
2026-06-13 06:13:36,577 - freesolv RMSE: 2.7946
2026-06-13 06:13:36,577 - Evaluating on esol...
2026-06-13 06:13:36,761 - esol RMSE: 1.7791
2026-06-13 06:13:36,761 - Evaluating on lipo...
2026-06-13 06:13:37,424 - lipo RMSE: 1.1470
2026-06-13 06:13:37,425 - Unified Linear Probe Score: -0.5838
2026-06-13 06:15:25,312 - Epoch 166/200 - Train Loss: 3.4357 (Recon: 0.0000, CLR: 3.4357) - Val Loss: 4.5409 (Recon: 0.0000, CLR: 4.5409)
2026-06-13 06:17:13,547 - Epoch 167/200 - Train Loss: 3.4345 (Recon: 0.0000, CLR: 3.4345) - Val Loss: 4.3429 (Recon: 0.0000, CLR: 4.3429)
2026-06-13 06:19:01,579 - Epoch 168/200 - Train Loss: 3.4345 (Recon: 0.0000, CLR: 3.4345) - Val Loss: 4.3843 (Recon: 0.0000, CLR: 4.3843)
2026-06-13 06:20:49,383 - Epoch 169/200 - Train Loss: 3.4319 (Recon: 0.0000, CLR: 3.4319) - Val Loss: 4.3079 (Recon: 0.0000, CLR: 4.3079)
2026-06-13 06:22:37,281 - Epoch 170/200 - Train Loss: 3.4313 (Recon: 0.0000, CLR: 3.4313) - Val Loss: 4.3873 (Recon: 0.0000, CLR: 4.3873)
2026-06-13 06:22:37,282 - Evaluating on bbbp...
2026-06-13 06:22:37,683 - bbbp ROC-AUC: 0.8013
2026-06-13 06:22:37,683 - Evaluating on bace...
2026-06-13 06:22:38,006 - bace ROC-AUC: 0.8109
2026-06-13 06:22:38,006 - Evaluating on clintox...
2026-06-13 06:22:38,291 - clintox ROC-AUC: 0.6036
2026-06-13 06:22:38,292 - Evaluating on freesolv...
2026-06-13 06:22:38,432 - freesolv RMSE: 3.5138
2026-06-13 06:22:38,432 - Evaluating on esol...
2026-06-13 06:22:38,624 - esol RMSE: 1.7355
2026-06-13 06:22:38,625 - Evaluating on lipo...
2026-06-13 06:22:46,546 - lipo RMSE: 1.1239
2026-06-13 06:22:46,546 - Unified Linear Probe Score: -0.6929
2026-06-13 06:24:34,502 - Epoch 171/200 - Train Loss: 3.4302 (Recon: 0.0000, CLR: 3.4302) - Val Loss: 5.0749 (Recon: 0.0000, CLR: 5.0749)
2026-06-13 06:26:22,985 - Epoch 172/200 - Train Loss: 3.4314 (Recon: 0.0000, CLR: 3.4314) - Val Loss: 5.0076 (Recon: 0.0000, CLR: 5.0076)
2026-06-13 06:28:11,538 - Epoch 173/200 - Train Loss: 3.4309 (Recon: 0.0000, CLR: 3.4309) - Val Loss: 4.9847 (Recon: 0.0000, CLR: 4.9847)
2026-06-13 06:30:00,015 - Epoch 174/200 - Train Loss: 3.4298 (Recon: 0.0000, CLR: 3.4298) - Val Loss: 4.9649 (Recon: 0.0000, CLR: 4.9649)
2026-06-13 06:31:48,403 - Epoch 175/200 - Train Loss: 3.4264 (Recon: 0.0000, CLR: 3.4264) - Val Loss: 4.9261 (Recon: 0.0000, CLR: 4.9261)
2026-06-13 06:31:48,403 - Evaluating on bbbp...
2026-06-13 06:31:48,825 - bbbp ROC-AUC: 0.8007
2026-06-13 06:31:48,825 - Evaluating on bace...
2026-06-13 06:31:49,133 - bace ROC-AUC: 0.7987
2026-06-13 06:31:49,134 - Evaluating on clintox...
2026-06-13 06:31:49,411 - clintox ROC-AUC: 0.6050
2026-06-13 06:31:49,412 - Evaluating on freesolv...
2026-06-13 06:31:49,561 - freesolv RMSE: 3.5513
2026-06-13 06:31:49,562 - Evaluating on esol...
2026-06-13 06:31:49,752 - esol RMSE: 2.3683
2026-06-13 06:31:49,752 - Evaluating on lipo...
2026-06-13 06:31:50,432 - lipo RMSE: 1.1056
2026-06-13 06:31:50,433 - Unified Linear Probe Score: -0.8035
2026-06-13 06:33:38,862 - Epoch 176/200 - Train Loss: 3.4251 (Recon: 0.0000, CLR: 3.4251) - Val Loss: 4.9336 (Recon: 0.0000, CLR: 4.9336)
2026-06-13 06:35:27,210 - Epoch 177/200 - Train Loss: 3.4269 (Recon: 0.0000, CLR: 3.4269) - Val Loss: 4.9622 (Recon: 0.0000, CLR: 4.9622)
2026-06-13 06:37:15,394 - Epoch 178/200 - Train Loss: 3.4242 (Recon: 0.0000, CLR: 3.4242) - Val Loss: 4.8670 (Recon: 0.0000, CLR: 4.8670)
2026-06-13 06:39:04,014 - Epoch 179/200 - Train Loss: 3.4251 (Recon: 0.0000, CLR: 3.4251) - Val Loss: 4.9241 (Recon: 0.0000, CLR: 4.9241)
2026-06-13 06:40:52,853 - Epoch 180/200 - Train Loss: 3.4220 (Recon: 0.0000, CLR: 3.4220) - Val Loss: 4.7963 (Recon: 0.0000, CLR: 4.7963)
2026-06-13 06:40:52,853 - Evaluating on bbbp...
2026-06-13 06:40:53,242 - bbbp ROC-AUC: 0.7971
2026-06-13 06:40:53,242 - Evaluating on bace...
2026-06-13 06:40:53,559 - bace ROC-AUC: 0.7984
2026-06-13 06:40:53,559 - Evaluating on clintox...
2026-06-13 06:40:53,859 - clintox ROC-AUC: 0.6055
2026-06-13 06:40:53,859 - Evaluating on freesolv...
2026-06-13 06:40:53,999 - freesolv RMSE: 4.0638
2026-06-13 06:40:53,999 - Evaluating on esol...
2026-06-13 06:40:54,215 - esol RMSE: 1.7489
2026-06-13 06:40:54,215 - Evaluating on lipo...
2026-06-13 06:40:54,883 - lipo RMSE: 1.1084
2026-06-13 06:40:54,883 - Unified Linear Probe Score: -0.7867
2026-06-13 06:42:43,005 - Epoch 181/200 - Train Loss: 3.4208 (Recon: 0.0000, CLR: 3.4208) - Val Loss: 4.8547 (Recon: 0.0000, CLR: 4.8546)
2026-06-13 06:44:30,913 - Epoch 182/200 - Train Loss: 3.4217 (Recon: 0.0000, CLR: 3.4217) - Val Loss: 4.8377 (Recon: 0.0000, CLR: 4.8377)
2026-06-13 06:46:18,438 - Epoch 183/200 - Train Loss: 3.4221 (Recon: 0.0000, CLR: 3.4220) - Val Loss: 4.7999 (Recon: 0.0000, CLR: 4.7999)
2026-06-13 06:48:05,641 - Epoch 184/200 - Train Loss: 3.4189 (Recon: 0.0000, CLR: 3.4189) - Val Loss: 4.7080 (Recon: 0.0000, CLR: 4.7080)
2026-06-13 06:49:52,865 - Epoch 185/200 - Train Loss: 3.4215 (Recon: 0.0000, CLR: 3.4215) - Val Loss: 4.6728 (Recon: 0.0000, CLR: 4.6728)
2026-06-13 06:49:52,865 - Evaluating on bbbp...
2026-06-13 06:49:53,269 - bbbp ROC-AUC: 0.7908
2026-06-13 06:49:53,269 - Evaluating on bace...
2026-06-13 06:49:53,583 - bace ROC-AUC: 0.7625
2026-06-13 06:49:53,583 - Evaluating on clintox...
2026-06-13 06:49:53,865 - clintox ROC-AUC: 0.5993
2026-06-13 06:49:53,867 - Evaluating on freesolv...
2026-06-13 06:49:54,051 - freesolv RMSE: 3.3184
2026-06-13 06:49:54,051 - Evaluating on esol...
2026-06-13 06:49:54,240 - esol RMSE: 1.6657
2026-06-13 06:49:54,240 - Evaluating on lipo...
2026-06-13 06:49:54,912 - lipo RMSE: 1.1240
2026-06-13 06:49:54,912 - Unified Linear Probe Score: -0.6592
2026-06-13 06:51:42,865 - Epoch 186/200 - Train Loss: 3.4191 (Recon: 0.0000, CLR: 3.4191) - Val Loss: 4.6777 (Recon: 0.0000, CLR: 4.6777)
2026-06-13 06:53:30,602 - Epoch 187/200 - Train Loss: 3.4170 (Recon: 0.0000, CLR: 3.4170) - Val Loss: 4.7012 (Recon: 0.0000, CLR: 4.7012)
2026-06-13 06:55:17,915 - Epoch 188/200 - Train Loss: 3.4176 (Recon: 0.0000, CLR: 3.4176) - Val Loss: 4.5683 (Recon: 0.0000, CLR: 4.5682)
2026-06-13 06:57:06,429 - Epoch 189/200 - Train Loss: 3.4174 (Recon: 0.0000, CLR: 3.4174) - Val Loss: 4.5845 (Recon: 0.0000, CLR: 4.5844)
2026-06-13 06:58:54,000 - Epoch 190/200 - Train Loss: 3.4152 (Recon: 0.0000, CLR: 3.4152) - Val Loss: 4.5446 (Recon: 0.0000, CLR: 4.5445)
2026-06-13 06:58:54,001 - Evaluating on bbbp...
2026-06-13 06:58:54,426 - bbbp ROC-AUC: 0.8130
2026-06-13 06:58:54,426 - Evaluating on bace...
2026-06-13 06:58:54,768 - bace ROC-AUC: 0.8029
2026-06-13 06:58:54,768 - Evaluating on clintox...
2026-06-13 06:58:55,075 - clintox ROC-AUC: 0.6579
2026-06-13 06:58:55,075 - Evaluating on freesolv...
2026-06-13 06:58:55,238 - freesolv RMSE: 3.9133
2026-06-13 06:58:55,239 - Evaluating on esol...
2026-06-13 06:58:55,459 - esol RMSE: 1.7704
2026-06-13 06:58:55,459 - Evaluating on lipo...
2026-06-13 06:58:56,146 - lipo RMSE: 1.1030
2026-06-13 06:58:56,146 - Unified Linear Probe Score: -0.7522
2026-06-13 07:00:51,824 - Epoch 191/200 - Train Loss: 3.4149 (Recon: 0.0000, CLR: 3.4149) - Val Loss: 4.6415 (Recon: 0.0000, CLR: 4.6415)
2026-06-13 07:02:39,962 - Epoch 192/200 - Train Loss: 3.4122 (Recon: 0.0000, CLR: 3.4122) - Val Loss: 4.4856 (Recon: 0.0000, CLR: 4.4856)
2026-06-13 07:04:27,785 - Epoch 193/200 - Train Loss: 3.4130 (Recon: 0.0000, CLR: 3.4130) - Val Loss: 4.4715 (Recon: 0.0000, CLR: 4.4715)
2026-06-13 07:06:15,620 - Epoch 194/200 - Train Loss: 3.4158 (Recon: 0.0000, CLR: 3.4158) - Val Loss: 4.5045 (Recon: 0.0000, CLR: 4.5045)
2026-06-13 07:08:03,436 - Epoch 195/200 - Train Loss: 3.4139 (Recon: 0.0000, CLR: 3.4139) - Val Loss: 4.3965 (Recon: 0.0000, CLR: 4.3964)
2026-06-13 07:08:03,436 - Evaluating on bbbp...
2026-06-13 07:08:03,861 - bbbp ROC-AUC: 0.7998
2026-06-13 07:08:03,861 - Evaluating on bace...
2026-06-13 07:08:04,169 - bace ROC-AUC: 0.8308
2026-06-13 07:08:04,169 - Evaluating on clintox...
2026-06-13 07:08:04,500 - clintox ROC-AUC: 0.6495
2026-06-13 07:08:04,500 - Evaluating on freesolv...
2026-06-13 07:08:04,662 - freesolv RMSE: 3.3507
2026-06-13 07:08:04,662 - Evaluating on esol...
2026-06-13 07:08:04,873 - esol RMSE: 1.2945
2026-06-13 07:08:04,874 - Evaluating on lipo...
2026-06-13 07:08:05,604 - lipo RMSE: 1.1240
2026-06-13 07:08:05,604 - Unified Linear Probe Score: -0.5815
2026-06-13 07:09:52,927 - Epoch 196/200 - Train Loss: 3.4110 (Recon: 0.0000, CLR: 3.4110) - Val Loss: 4.1930 (Recon: 0.0000, CLR: 4.1930)
2026-06-13 07:11:40,539 - Epoch 197/200 - Train Loss: 3.4102 (Recon: 0.0000, CLR: 3.4102) - Val Loss: 4.3278 (Recon: 0.0000, CLR: 4.3278)
2026-06-13 07:13:28,387 - Epoch 198/200 - Train Loss: 3.4119 (Recon: 0.0000, CLR: 3.4119) - Val Loss: 4.2430 (Recon: 0.0000, CLR: 4.2430)
2026-06-13 07:15:15,838 - Epoch 199/200 - Train Loss: 3.4093 (Recon: 0.0000, CLR: 3.4093) - Val Loss: 4.2787 (Recon: 0.0000, CLR: 4.2787)
2026-06-13 07:17:03,506 - Epoch 200/200 - Train Loss: 3.4099 (Recon: 0.0000, CLR: 3.4099) - Val Loss: 4.1315 (Recon: 0.0000, CLR: 4.1315)
2026-06-13 07:17:03,507 - Evaluating on bbbp...
2026-06-13 07:17:03,916 - bbbp ROC-AUC: 0.7909
2026-06-13 07:17:03,917 - Evaluating on bace...
2026-06-13 07:17:04,232 - bace ROC-AUC: 0.7973
2026-06-13 07:17:04,232 - Evaluating on clintox...
2026-06-13 07:17:04,552 - clintox ROC-AUC: 0.6564
2026-06-13 07:17:04,552 - Evaluating on freesolv...
2026-06-13 07:17:04,702 - freesolv RMSE: 3.3606
2026-06-13 07:17:04,703 - Evaluating on esol...
2026-06-13 07:17:04,912 - esol RMSE: 1.5803
2026-06-13 07:17:04,913 - Evaluating on lipo...
2026-06-13 07:17:05,658 - lipo RMSE: 1.2239
2026-06-13 07:17:05,658 - Unified Linear Probe Score: -0.6534
