2026-06-15 08:35:41,037 - Epoch 1/300 - Train Loss: 3.4643 (Recon: 2.5727, CLR: 4.4579) - Val Loss: 3.8655 (Recon: 2.4821, CLR: 6.9173)
2026-06-15 08:37:24,417 - Epoch 2/300 - Train Loss: 2.7800 (Recon: 1.9747, CLR: 4.0269) - Val Loss: 3.5905 (Recon: 2.2064, CLR: 6.9202)
2026-06-15 08:39:09,430 - Epoch 3/300 - Train Loss: 2.7113 (Recon: 1.9300, CLR: 3.9067) - Val Loss: 3.7595 (Recon: 2.3860, CLR: 6.8672)
2026-06-15 08:40:53,601 - Epoch 4/300 - Train Loss: 2.7020 (Recon: 1.9310, CLR: 3.8549) - Val Loss: 3.8327 (Recon: 2.4691, CLR: 6.8180)
2026-06-15 08:42:36,911 - Epoch 5/300 - Train Loss: 2.6541 (Recon: 1.8914, CLR: 3.8134) - Val Loss: 3.7767 (Recon: 2.3947, CLR: 6.9096)
2026-06-15 08:42:36,912 - Evaluating on bbbp...
2026-06-15 08:42:37,285 - bbbp ROC-AUC: 0.7895
2026-06-15 08:42:37,285 - Evaluating on bace...
2026-06-15 08:42:37,577 - bace ROC-AUC: 0.7142
2026-06-15 08:42:37,578 - Evaluating on clintox...
2026-06-15 08:42:37,877 - clintox ROC-AUC: 0.5950
2026-06-15 08:42:37,877 - Evaluating on freesolv...
2026-06-15 08:42:38,010 - freesolv RMSE: 3.0959
2026-06-15 08:42:38,010 - Evaluating on esol...
2026-06-15 08:42:38,194 - esol RMSE: 1.5834
2026-06-15 08:42:38,194 - Evaluating on lipo...
2026-06-15 08:42:38,833 - lipo RMSE: 1.1376
2026-06-15 08:42:38,833 - Unified Linear Probe Score: -0.6197
2026-06-15 08:42:38,833 - New Best Probe Score: -0.6197
2026-06-15 08:44:22,716 - Epoch 6/300 - Train Loss: 2.6148 (Recon: 1.8570, CLR: 3.7890) - Val Loss: 3.7106 (Recon: 2.3597, CLR: 6.7542)
2026-06-15 08:46:14,943 - Epoch 7/300 - Train Loss: 2.6306 (Recon: 1.8699, CLR: 3.8036) - Val Loss: 6.0206 (Recon: 4.6871, CLR: 6.6674)
2026-06-15 08:47:58,411 - Epoch 8/300 - Train Loss: 2.5863 (Recon: 1.8334, CLR: 3.7645) - Val Loss: 3.9014 (Recon: 2.5524, CLR: 6.7451)
2026-06-15 08:49:42,628 - Epoch 9/300 - Train Loss: 2.5682 (Recon: 1.8206, CLR: 3.7378) - Val Loss: 5.2137 (Recon: 3.8745, CLR: 6.6963)
2026-06-15 08:51:26,750 - Epoch 10/300 - Train Loss: 2.5674 (Recon: 1.8228, CLR: 3.7229) - Val Loss: 3.7887 (Recon: 2.4095, CLR: 6.8961)
2026-06-15 08:51:26,750 - Evaluating on bbbp...
2026-06-15 08:51:27,129 - bbbp ROC-AUC: 0.7501
2026-06-15 08:51:27,129 - Evaluating on bace...
2026-06-15 08:51:27,429 - bace ROC-AUC: 0.7934
2026-06-15 08:51:27,430 - Evaluating on clintox...
2026-06-15 08:51:27,738 - clintox ROC-AUC: 0.5517
2026-06-15 08:51:27,738 - Evaluating on freesolv...
2026-06-15 08:51:27,870 - freesolv RMSE: 3.7768
2026-06-15 08:51:27,870 - Evaluating on esol...
2026-06-15 08:51:28,053 - esol RMSE: 1.4503
2026-06-15 08:51:28,054 - Evaluating on lipo...
2026-06-15 08:51:28,677 - lipo RMSE: 1.1162
2026-06-15 08:51:28,678 - Unified Linear Probe Score: -0.7080
2026-06-15 08:53:12,981 - Epoch 11/300 - Train Loss: 2.5898 (Recon: 1.8413, CLR: 3.7429) - Val Loss: 4.4732 (Recon: 3.2127, CLR: 6.3024)
2026-06-15 08:54:57,420 - Epoch 12/300 - Train Loss: 2.5216 (Recon: 1.7815, CLR: 3.7007) - Val Loss: 3.5090 (Recon: 2.2895, CLR: 6.0975)
2026-06-15 08:56:41,420 - Epoch 13/300 - Train Loss: 2.5337 (Recon: 1.7957, CLR: 3.6897) - Val Loss: 3.5602 (Recon: 2.3413, CLR: 6.0948)
2026-06-15 08:58:25,036 - Epoch 14/300 - Train Loss: 2.5118 (Recon: 1.7758, CLR: 3.6802) - Val Loss: 3.8829 (Recon: 2.6488, CLR: 6.1702)
2026-06-15 09:00:09,420 - Epoch 15/300 - Train Loss: 2.5229 (Recon: 1.7878, CLR: 3.6756) - Val Loss: 3.6379 (Recon: 2.3565, CLR: 6.4071)
2026-06-15 09:00:09,420 - Evaluating on bbbp...
2026-06-15 09:00:09,807 - bbbp ROC-AUC: 0.7553
2026-06-15 09:00:09,807 - Evaluating on bace...
2026-06-15 09:00:10,100 - bace ROC-AUC: 0.8113
2026-06-15 09:00:10,100 - Evaluating on clintox...
2026-06-15 09:00:10,384 - clintox ROC-AUC: 0.5202
2026-06-15 09:00:10,385 - Evaluating on freesolv...
2026-06-15 09:00:10,516 - freesolv RMSE: 5.0440
2026-06-15 09:00:10,516 - Evaluating on esol...
2026-06-15 09:00:10,708 - esol RMSE: 2.4639
2026-06-15 09:00:10,708 - Evaluating on lipo...
2026-06-15 09:00:11,331 - lipo RMSE: 1.0829
2026-06-15 09:00:11,331 - Unified Linear Probe Score: -1.0840
2026-06-15 09:01:54,548 - Epoch 16/300 - Train Loss: 2.5197 (Recon: 1.7858, CLR: 3.6691) - Val Loss: 3.4777 (Recon: 2.2470, CLR: 6.1537)
2026-06-15 09:03:38,304 - Epoch 17/300 - Train Loss: 2.5164 (Recon: 1.7843, CLR: 3.6608) - Val Loss: 3.5674 (Recon: 2.2862, CLR: 6.4060)
2026-06-15 09:05:21,911 - Epoch 18/300 - Train Loss: 2.4887 (Recon: 1.7581, CLR: 3.6532) - Val Loss: 3.4369 (Recon: 2.1479, CLR: 6.4451)
2026-06-15 09:07:06,011 - Epoch 19/300 - Train Loss: 2.4931 (Recon: 1.7640, CLR: 3.6458) - Val Loss: 3.5596 (Recon: 2.3595, CLR: 6.0003)
2026-06-15 09:08:49,709 - Epoch 20/300 - Train Loss: 2.4858 (Recon: 1.7584, CLR: 3.6371) - Val Loss: 3.4401 (Recon: 2.1986, CLR: 6.2075)
2026-06-15 09:08:49,710 - Evaluating on bbbp...
2026-06-15 09:08:50,097 - bbbp ROC-AUC: 0.7839
2026-06-15 09:08:50,097 - Evaluating on bace...
2026-06-15 09:08:50,408 - bace ROC-AUC: 0.8353
2026-06-15 09:08:50,408 - Evaluating on clintox...
2026-06-15 09:08:50,698 - clintox ROC-AUC: 0.6198
2026-06-15 09:08:50,698 - Evaluating on freesolv...
2026-06-15 09:08:50,825 - freesolv RMSE: 5.1747
2026-06-15 09:08:50,825 - Evaluating on esol...
2026-06-15 09:08:51,003 - esol RMSE: 2.0539
2026-06-15 09:08:51,003 - Evaluating on lipo...
2026-06-15 09:08:51,644 - lipo RMSE: 0.9824
2026-06-15 09:08:51,644 - Unified Linear Probe Score: -0.9953
2026-06-15 09:10:35,197 - Epoch 21/300 - Train Loss: 2.4869 (Recon: 1.7614, CLR: 3.6279) - Val Loss: 3.5956 (Recon: 2.3465, CLR: 6.2455)
2026-06-15 09:12:19,090 - Epoch 22/300 - Train Loss: 2.4776 (Recon: 1.7534, CLR: 3.6209) - Val Loss: 3.7914 (Recon: 2.5537, CLR: 6.1888)
2026-06-15 09:14:03,737 - Epoch 23/300 - Train Loss: 2.4786 (Recon: 1.7554, CLR: 3.6160) - Val Loss: 3.5057 (Recon: 2.2637, CLR: 6.2099)
2026-06-15 09:15:47,758 - Epoch 24/300 - Train Loss: 2.4866 (Recon: 1.7623, CLR: 3.6214) - Val Loss: 4.0836 (Recon: 2.8390, CLR: 6.2230)
2026-06-15 09:17:31,378 - Epoch 25/300 - Train Loss: 2.4597 (Recon: 1.7381, CLR: 3.6080) - Val Loss: 3.5880 (Recon: 2.3412, CLR: 6.2340)
2026-06-15 09:17:31,379 - Evaluating on bbbp...
2026-06-15 09:17:31,755 - bbbp ROC-AUC: 0.7980
2026-06-15 09:17:31,755 - Evaluating on bace...
2026-06-15 09:17:32,061 - bace ROC-AUC: 0.8036
2026-06-15 09:17:32,061 - Evaluating on clintox...
2026-06-15 09:17:32,346 - clintox ROC-AUC: 0.5711
2026-06-15 09:17:32,347 - Evaluating on freesolv...
2026-06-15 09:17:32,477 - freesolv RMSE: 4.1958
2026-06-15 09:17:32,477 - Evaluating on esol...
2026-06-15 09:17:32,670 - esol RMSE: 2.0113
2026-06-15 09:17:32,670 - Evaluating on lipo...
2026-06-15 09:17:33,292 - lipo RMSE: 1.1212
2026-06-15 09:17:33,293 - Unified Linear Probe Score: -0.8593
2026-06-15 09:19:17,849 - Epoch 26/300 - Train Loss: 2.4458 (Recon: 1.7260, CLR: 3.5990) - Val Loss: 7.8864 (Recon: 6.6366, CLR: 6.2488)
2026-06-15 09:21:02,247 - Epoch 27/300 - Train Loss: 2.4594 (Recon: 1.7402, CLR: 3.5958) - Val Loss: 3.7500 (Recon: 2.5073, CLR: 6.2131)
2026-06-15 09:22:52,701 - Epoch 28/300 - Train Loss: 2.4471 (Recon: 1.7285, CLR: 3.5929) - Val Loss: 3.6766 (Recon: 2.4250, CLR: 6.2577)
2026-06-15 09:24:36,790 - Epoch 29/300 - Train Loss: 2.4440 (Recon: 1.7264, CLR: 3.5881) - Val Loss: 3.4139 (Recon: 2.1683, CLR: 6.2281)
2026-06-15 09:26:20,789 - Epoch 30/300 - Train Loss: 2.4372 (Recon: 1.7206, CLR: 3.5831) - Val Loss: 3.2871 (Recon: 2.0290, CLR: 6.2903)
2026-06-15 09:26:20,790 - Evaluating on bbbp...
2026-06-15 09:26:21,160 - bbbp ROC-AUC: 0.8004
2026-06-15 09:26:21,161 - Evaluating on bace...
2026-06-15 09:26:21,446 - bace ROC-AUC: 0.8051
2026-06-15 09:26:21,446 - Evaluating on clintox...
2026-06-15 09:26:21,727 - clintox ROC-AUC: 0.5933
2026-06-15 09:26:21,727 - Evaluating on freesolv...
2026-06-15 09:26:21,864 - freesolv RMSE: 5.0472
2026-06-15 09:26:21,865 - Evaluating on esol...
2026-06-15 09:26:22,058 - esol RMSE: 2.6337
2026-06-15 09:26:22,058 - Evaluating on lipo...
2026-06-15 09:26:22,687 - lipo RMSE: 1.0905
2026-06-15 09:26:22,687 - Unified Linear Probe Score: -1.0954
2026-06-15 09:28:06,894 - Epoch 31/300 - Train Loss: 2.4271 (Recon: 1.7116, CLR: 3.5774) - Val Loss: 3.5168 (Recon: 2.2742, CLR: 6.2130)
2026-06-15 09:29:51,189 - Epoch 32/300 - Train Loss: 2.4370 (Recon: 1.7193, CLR: 3.5882) - Val Loss: 4.0206 (Recon: 2.7773, CLR: 6.2164)
2026-06-15 09:31:35,015 - Epoch 33/300 - Train Loss: 2.4323 (Recon: 1.7173, CLR: 3.5749) - Val Loss: 3.3250 (Recon: 2.0809, CLR: 6.2205)
2026-06-15 09:33:18,777 - Epoch 34/300 - Train Loss: 2.4343 (Recon: 1.7200, CLR: 3.5719) - Val Loss: 3.5585 (Recon: 2.3051, CLR: 6.2671)
2026-06-15 09:35:02,904 - Epoch 35/300 - Train Loss: 2.4118 (Recon: 1.6982, CLR: 3.5679) - Val Loss: 3.3884 (Recon: 2.1303, CLR: 6.2903)
2026-06-15 09:35:02,905 - Evaluating on bbbp...
2026-06-15 09:35:03,276 - bbbp ROC-AUC: 0.8031
2026-06-15 09:35:03,276 - Evaluating on bace...
2026-06-15 09:35:03,574 - bace ROC-AUC: 0.7838
2026-06-15 09:35:03,574 - Evaluating on clintox...
2026-06-15 09:35:03,854 - clintox ROC-AUC: 0.5656
2026-06-15 09:35:03,854 - Evaluating on freesolv...
2026-06-15 09:35:03,984 - freesolv RMSE: 3.1254
2026-06-15 09:35:03,984 - Evaluating on esol...
2026-06-15 09:35:04,169 - esol RMSE: 1.5005
2026-06-15 09:35:04,170 - Evaluating on lipo...
2026-06-15 09:35:04,811 - lipo RMSE: 1.0614
2026-06-15 09:35:04,811 - Unified Linear Probe Score: -0.5891
2026-06-15 09:35:04,811 - New Best Probe Score: -0.5891
2026-06-15 09:36:48,952 - Epoch 36/300 - Train Loss: 2.4093 (Recon: 1.6963, CLR: 3.5650) - Val Loss: 3.3556 (Recon: 2.1115, CLR: 6.2203)
2026-06-15 09:38:33,562 - Epoch 37/300 - Train Loss: 2.4109 (Recon: 1.6987, CLR: 3.5611) - Val Loss: 3.4164 (Recon: 2.1620, CLR: 6.2719)
2026-06-15 09:40:17,480 - Epoch 38/300 - Train Loss: 2.4104 (Recon: 1.6986, CLR: 3.5589) - Val Loss: 3.3903 (Recon: 2.1352, CLR: 6.2756)
2026-06-15 09:42:01,760 - Epoch 39/300 - Train Loss: 2.4105 (Recon: 1.6991, CLR: 3.5570) - Val Loss: 21.4846 (Recon: 20.2462, CLR: 6.1924)
2026-06-15 09:43:46,022 - Epoch 40/300 - Train Loss: 2.3987 (Recon: 1.6881, CLR: 3.5529) - Val Loss: 3.4783 (Recon: 2.2341, CLR: 6.2208)
2026-06-15 09:43:46,022 - Evaluating on bbbp...
2026-06-15 09:43:46,400 - bbbp ROC-AUC: 0.7864
2026-06-15 09:43:46,400 - Evaluating on bace...
2026-06-15 09:43:46,711 - bace ROC-AUC: 0.7893
2026-06-15 09:43:46,711 - Evaluating on clintox...
2026-06-15 09:43:46,984 - clintox ROC-AUC: 0.5765
2026-06-15 09:43:46,984 - Evaluating on freesolv...
2026-06-15 09:43:47,113 - freesolv RMSE: 5.4546
2026-06-15 09:43:47,113 - Evaluating on esol...
2026-06-15 09:43:47,305 - esol RMSE: 1.9484
2026-06-15 09:43:47,305 - Evaluating on lipo...
2026-06-15 09:43:47,937 - lipo RMSE: 1.0283
2026-06-15 09:43:47,937 - Unified Linear Probe Score: -1.0465
2026-06-15 09:45:31,601 - Epoch 41/300 - Train Loss: 2.4075 (Recon: 1.6977, CLR: 3.5488) - Val Loss: 3.5152 (Recon: 2.2676, CLR: 6.2381)
2026-06-15 09:47:15,260 - Epoch 42/300 - Train Loss: 2.3991 (Recon: 1.6899, CLR: 3.5460) - Val Loss: 4.4133 (Recon: 3.1662, CLR: 6.2356)
2026-06-15 09:48:59,156 - Epoch 43/300 - Train Loss: 2.3950 (Recon: 1.6861, CLR: 3.5444) - Val Loss: 5.2458 (Recon: 3.9921, CLR: 6.2687)
2026-06-15 09:50:44,167 - Epoch 44/300 - Train Loss: 2.4028 (Recon: 1.6943, CLR: 3.5429) - Val Loss: 3.4844 (Recon: 2.2456, CLR: 6.1939)
2026-06-15 09:52:31,490 - Epoch 45/300 - Train Loss: 2.4106 (Recon: 1.7024, CLR: 3.5409) - Val Loss: 3.4020 (Recon: 2.1527, CLR: 6.2465)
2026-06-15 09:52:31,491 - Evaluating on bbbp...
2026-06-15 09:52:31,918 - bbbp ROC-AUC: 0.7726
2026-06-15 09:52:31,918 - Evaluating on bace...
2026-06-15 09:52:32,218 - bace ROC-AUC: 0.7326
2026-06-15 09:52:32,219 - Evaluating on clintox...
2026-06-15 09:52:32,500 - clintox ROC-AUC: 0.5529
2026-06-15 09:52:32,501 - Evaluating on freesolv...
2026-06-15 09:52:32,629 - freesolv RMSE: 3.0767
2026-06-15 09:52:32,630 - Evaluating on esol...
2026-06-15 09:52:32,805 - esol RMSE: 2.0628
2026-06-15 09:52:32,806 - Evaluating on lipo...
2026-06-15 09:52:33,444 - lipo RMSE: 1.1375
2026-06-15 09:52:33,445 - Unified Linear Probe Score: -0.7032
2026-06-15 09:54:18,191 - Epoch 46/300 - Train Loss: 2.3870 (Recon: 1.6798, CLR: 3.5363) - Val Loss: 5.6322 (Recon: 4.4112, CLR: 6.1049)
2026-06-15 09:56:01,679 - Epoch 47/300 - Train Loss: 2.3955 (Recon: 1.6891, CLR: 3.5320) - Val Loss: 3.5079 (Recon: 2.2749, CLR: 6.1646)
2026-06-15 09:57:45,487 - Epoch 48/300 - Train Loss: 2.3965 (Recon: 1.6907, CLR: 3.5291) - Val Loss: 3.4964 (Recon: 2.2696, CLR: 6.1340)
2026-06-15 09:59:37,094 - Epoch 49/300 - Train Loss: 2.3898 (Recon: 1.6839, CLR: 3.5294) - Val Loss: 3.2577 (Recon: 2.0257, CLR: 6.1600)
2026-06-15 10:01:20,602 - Epoch 50/300 - Train Loss: 2.3743 (Recon: 1.6691, CLR: 3.5258) - Val Loss: 4.9654 (Recon: 3.7284, CLR: 6.1847)
2026-06-15 10:01:20,603 - Evaluating on bbbp...
2026-06-15 10:01:20,982 - bbbp ROC-AUC: 0.7942
2026-06-15 10:01:20,982 - Evaluating on bace...
2026-06-15 10:01:21,285 - bace ROC-AUC: 0.8062
2026-06-15 10:01:21,285 - Evaluating on clintox...
2026-06-15 10:01:21,571 - clintox ROC-AUC: 0.5980
2026-06-15 10:01:21,571 - Evaluating on freesolv...
2026-06-15 10:01:21,706 - freesolv RMSE: 4.9290
2026-06-15 10:01:21,707 - Evaluating on esol...
2026-06-15 10:01:21,889 - esol RMSE: 1.9973
2026-06-15 10:01:21,890 - Evaluating on lipo...
2026-06-15 10:01:22,528 - lipo RMSE: 1.0740
2026-06-15 10:01:22,528 - Unified Linear Probe Score: -0.9670
2026-06-15 10:03:06,935 - Epoch 51/300 - Train Loss: 2.3840 (Recon: 1.6799, CLR: 3.5203) - Val Loss: 6.6814 (Recon: 5.4485, CLR: 6.1647)
2026-06-15 10:04:50,423 - Epoch 52/300 - Train Loss: 2.3743 (Recon: 1.6713, CLR: 3.5151) - Val Loss: 6.0071 (Recon: 4.7739, CLR: 6.1660)
2026-06-15 10:06:34,616 - Epoch 53/300 - Train Loss: 2.3843 (Recon: 1.6814, CLR: 3.5148) - Val Loss: 3.5803 (Recon: 2.3650, CLR: 6.0761)
2026-06-15 10:08:18,906 - Epoch 54/300 - Train Loss: 2.3740 (Recon: 1.6722, CLR: 3.5090) - Val Loss: 3.6197 (Recon: 2.3955, CLR: 6.1211)
2026-06-15 10:10:03,631 - Epoch 55/300 - Train Loss: 2.3705 (Recon: 1.6689, CLR: 3.5078) - Val Loss: 7.6424 (Recon: 6.4301, CLR: 6.0614)
2026-06-15 10:10:03,631 - Evaluating on bbbp...
2026-06-15 10:10:03,995 - bbbp ROC-AUC: 0.7881
2026-06-15 10:10:03,996 - Evaluating on bace...
2026-06-15 10:10:04,294 - bace ROC-AUC: 0.8026
2026-06-15 10:10:04,295 - Evaluating on clintox...
2026-06-15 10:10:04,584 - clintox ROC-AUC: 0.6243
2026-06-15 10:10:04,585 - Evaluating on freesolv...
2026-06-15 10:10:04,716 - freesolv RMSE: 4.2610
2026-06-15 10:10:04,716 - Evaluating on esol...
2026-06-15 10:10:04,885 - esol RMSE: 1.7023
2026-06-15 10:10:04,885 - Evaluating on lipo...
2026-06-15 10:10:05,509 - lipo RMSE: 1.0680
2026-06-15 10:10:05,509 - Unified Linear Probe Score: -0.8027
2026-06-15 10:11:49,741 - Epoch 56/300 - Train Loss: 2.3577 (Recon: 1.6567, CLR: 3.5051) - Val Loss: 12.0712 (Recon: 10.8488, CLR: 6.1121)
2026-06-15 10:13:33,808 - Epoch 57/300 - Train Loss: 2.3674 (Recon: 1.6668, CLR: 3.5030) - Val Loss: 64.1679 (Recon: 62.9426, CLR: 6.1263)
2026-06-15 10:15:18,177 - Epoch 58/300 - Train Loss: 2.3580 (Recon: 1.6581, CLR: 3.4992) - Val Loss: 3.4049 (Recon: 2.1798, CLR: 6.1254)
2026-06-15 10:17:02,028 - Epoch 59/300 - Train Loss: 2.3655 (Recon: 1.6662, CLR: 3.4969) - Val Loss: 4.5567 (Recon: 3.3344, CLR: 6.1114)
2026-06-15 10:18:45,960 - Epoch 60/300 - Train Loss: 2.3819 (Recon: 1.6830, CLR: 3.4949) - Val Loss: 4.6513 (Recon: 3.4575, CLR: 5.9691)
2026-06-15 10:18:45,960 - Evaluating on bbbp...
2026-06-15 10:18:46,341 - bbbp ROC-AUC: 0.7906
2026-06-15 10:18:46,342 - Evaluating on bace...
2026-06-15 10:18:46,640 - bace ROC-AUC: 0.7933
2026-06-15 10:18:46,641 - Evaluating on clintox...
2026-06-15 10:18:46,947 - clintox ROC-AUC: 0.5642
2026-06-15 10:18:46,947 - Evaluating on freesolv...
2026-06-15 10:18:47,098 - freesolv RMSE: 4.6977
2026-06-15 10:18:47,098 - Evaluating on esol...
2026-06-15 10:18:47,305 - esol RMSE: 2.0269
2026-06-15 10:18:47,305 - Evaluating on lipo...
2026-06-15 10:18:47,991 - lipo RMSE: 1.0754
2026-06-15 10:18:47,992 - Unified Linear Probe Score: -0.9420
2026-06-15 10:20:32,469 - Epoch 61/300 - Train Loss: 2.3677 (Recon: 1.6692, CLR: 3.4923) - Val Loss: 3.7610 (Recon: 2.5483, CLR: 6.0632)
2026-06-15 10:22:16,572 - Epoch 62/300 - Train Loss: 2.3751 (Recon: 1.6771, CLR: 3.4901) - Val Loss: 3.5292 (Recon: 2.3243, CLR: 6.0245)
2026-06-15 10:24:00,662 - Epoch 63/300 - Train Loss: 2.3617 (Recon: 1.6638, CLR: 3.4890) - Val Loss: 4.7212 (Recon: 3.5004, CLR: 6.1039)
2026-06-15 10:25:44,489 - Epoch 64/300 - Train Loss: 2.3615 (Recon: 1.6644, CLR: 3.4855) - Val Loss: 5.2108 (Recon: 4.0052, CLR: 6.0276)
2026-06-15 10:27:29,212 - Epoch 65/300 - Train Loss: 2.3610 (Recon: 1.6640, CLR: 3.4851) - Val Loss: 3.8807 (Recon: 2.6711, CLR: 6.0482)
2026-06-15 10:27:29,212 - Evaluating on bbbp...
2026-06-15 10:27:29,633 - bbbp ROC-AUC: 0.7970
2026-06-15 10:27:29,633 - Evaluating on bace...
2026-06-15 10:27:29,973 - bace ROC-AUC: 0.7920
2026-06-15 10:27:29,973 - Evaluating on clintox...
2026-06-15 10:27:30,296 - clintox ROC-AUC: 0.5410
2026-06-15 10:27:30,296 - Evaluating on freesolv...
2026-06-15 10:27:30,455 - freesolv RMSE: 3.1678
2026-06-15 10:27:30,456 - Evaluating on esol...
2026-06-15 10:27:30,657 - esol RMSE: 1.9820
2026-06-15 10:27:30,657 - Evaluating on lipo...
2026-06-15 10:27:31,328 - lipo RMSE: 1.0208
2026-06-15 10:27:31,328 - Unified Linear Probe Score: -0.6735
2026-06-15 10:29:15,131 - Epoch 66/300 - Train Loss: 2.3512 (Recon: 1.6547, CLR: 3.4826) - Val Loss: 3.6129 (Recon: 2.4020, CLR: 6.0544)
2026-06-15 10:31:00,081 - Epoch 67/300 - Train Loss: 2.3531 (Recon: 1.6573, CLR: 3.4786) - Val Loss: 3.8181 (Recon: 2.6279, CLR: 5.9508)
2026-06-15 10:32:44,206 - Epoch 68/300 - Train Loss: 2.3586 (Recon: 1.6627, CLR: 3.4793) - Val Loss: 4.1578 (Recon: 2.9508, CLR: 6.0347)
2026-06-15 10:34:28,241 - Epoch 69/300 - Train Loss: 2.3562 (Recon: 1.6610, CLR: 3.4764) - Val Loss: 11.8252 (Recon: 10.6219, CLR: 6.0166)
2026-06-15 10:36:19,586 - Epoch 70/300 - Train Loss: 2.3456 (Recon: 1.6507, CLR: 3.4741) - Val Loss: 3.8935 (Recon: 2.6919, CLR: 6.0078)
2026-06-15 10:36:19,586 - Evaluating on bbbp...
2026-06-15 10:36:19,973 - bbbp ROC-AUC: 0.8029
2026-06-15 10:36:19,973 - Evaluating on bace...
2026-06-15 10:36:20,270 - bace ROC-AUC: 0.7672
2026-06-15 10:36:20,270 - Evaluating on clintox...
2026-06-15 10:36:20,575 - clintox ROC-AUC: 0.5555
2026-06-15 10:36:20,575 - Evaluating on freesolv...
2026-06-15 10:36:20,712 - freesolv RMSE: 4.6384
2026-06-15 10:36:20,712 - Evaluating on esol...
2026-06-15 10:36:20,894 - esol RMSE: 1.6358
2026-06-15 10:36:20,894 - Evaluating on lipo...
2026-06-15 10:36:21,523 - lipo RMSE: 1.0726
2026-06-15 10:36:21,524 - Unified Linear Probe Score: -0.8702
2026-06-15 10:38:05,639 - Epoch 71/300 - Train Loss: 2.3489 (Recon: 1.6543, CLR: 3.4733) - Val Loss: 3.2921 (Recon: 2.0865, CLR: 6.0280)
2026-06-15 10:39:49,367 - Epoch 72/300 - Train Loss: 2.3510 (Recon: 1.6572, CLR: 3.4691) - Val Loss: 3.5291 (Recon: 2.3173, CLR: 6.0593)
2026-06-15 10:41:33,207 - Epoch 73/300 - Train Loss: 2.3385 (Recon: 1.6448, CLR: 3.4684) - Val Loss: 3.3085 (Recon: 2.0931, CLR: 6.0774)
2026-06-15 10:43:17,277 - Epoch 74/300 - Train Loss: 2.3440 (Recon: 1.6509, CLR: 3.4656) - Val Loss: 3.3922 (Recon: 2.1866, CLR: 6.0282)
2026-06-15 10:45:01,985 - Epoch 75/300 - Train Loss: 2.3569 (Recon: 1.6639, CLR: 3.4652) - Val Loss: 3.3397 (Recon: 2.1221, CLR: 6.0880)
2026-06-15 10:45:01,985 - Evaluating on bbbp...
2026-06-15 10:45:02,362 - bbbp ROC-AUC: 0.8082
2026-06-15 10:45:02,362 - Evaluating on bace...
2026-06-15 10:45:02,657 - bace ROC-AUC: 0.8016
2026-06-15 10:45:02,657 - Evaluating on clintox...
2026-06-15 10:45:02,947 - clintox ROC-AUC: 0.5479
2026-06-15 10:45:02,947 - Evaluating on freesolv...
2026-06-15 10:45:03,076 - freesolv RMSE: 3.2249
2026-06-15 10:45:03,076 - Evaluating on esol...
2026-06-15 10:45:03,263 - esol RMSE: 1.6146
2026-06-15 10:45:03,264 - Evaluating on lipo...
2026-06-15 10:45:03,891 - lipo RMSE: 1.0265
2026-06-15 10:45:03,891 - Unified Linear Probe Score: -0.6181
2026-06-15 10:46:48,062 - Epoch 76/300 - Train Loss: 2.3543 (Recon: 1.6614, CLR: 3.4645) - Val Loss: 3.6691 (Recon: 2.4740, CLR: 5.9756)
2026-06-15 10:48:31,748 - Epoch 77/300 - Train Loss: 2.3525 (Recon: 1.6600, CLR: 3.4623) - Val Loss: 3.5276 (Recon: 2.3200, CLR: 6.0381)
2026-06-15 10:50:16,248 - Epoch 78/300 - Train Loss: 2.3335 (Recon: 1.6416, CLR: 3.4597) - Val Loss: 3.2655 (Recon: 2.0619, CLR: 6.0177)
2026-06-15 10:52:00,300 - Epoch 79/300 - Train Loss: 2.3415 (Recon: 1.6496, CLR: 3.4594) - Val Loss: 3.7941 (Recon: 2.5817, CLR: 6.0620)
2026-06-15 10:53:44,333 - Epoch 80/300 - Train Loss: 2.3384 (Recon: 1.6469, CLR: 3.4577) - Val Loss: 3.6971 (Recon: 2.4887, CLR: 6.0418)
2026-06-15 10:53:44,333 - Evaluating on bbbp...
2026-06-15 10:53:44,701 - bbbp ROC-AUC: 0.8151
2026-06-15 10:53:44,701 - Evaluating on bace...
2026-06-15 10:53:44,995 - bace ROC-AUC: 0.7807
2026-06-15 10:53:44,995 - Evaluating on clintox...
2026-06-15 10:53:45,291 - clintox ROC-AUC: 0.5389
2026-06-15 10:53:45,291 - Evaluating on freesolv...
2026-06-15 10:53:45,424 - freesolv RMSE: 4.0617
2026-06-15 10:53:45,424 - Evaluating on esol...
2026-06-15 10:53:45,613 - esol RMSE: 2.0481
2026-06-15 10:53:45,613 - Evaluating on lipo...
2026-06-15 10:53:46,249 - lipo RMSE: 1.0318
2026-06-15 10:53:46,250 - Unified Linear Probe Score: -0.8345
2026-06-15 10:55:30,110 - Epoch 81/300 - Train Loss: 2.3275 (Recon: 1.6361, CLR: 3.4568) - Val Loss: 12.1477 (Recon: 10.9327, CLR: 6.0748)
2026-06-15 10:57:14,625 - Epoch 82/300 - Train Loss: 2.3314 (Recon: 1.6402, CLR: 3.4558) - Val Loss: 10.0060 (Recon: 8.7958, CLR: 6.0509)
2026-06-15 10:58:58,063 - Epoch 83/300 - Train Loss: 2.3193 (Recon: 1.6286, CLR: 3.4539) - Val Loss: 16.1702 (Recon: 14.9609, CLR: 6.0464)
2026-06-15 11:00:41,970 - Epoch 84/300 - Train Loss: 2.3277 (Recon: 1.6372, CLR: 3.4526) - Val Loss: 26.5669 (Recon: 25.3579, CLR: 6.0454)
2026-06-15 11:02:26,255 - Epoch 85/300 - Train Loss: 2.3167 (Recon: 1.6265, CLR: 3.4507) - Val Loss: 4.6106 (Recon: 3.4017, CLR: 6.0446)
2026-06-15 11:02:26,255 - Evaluating on bbbp...
2026-06-15 11:02:26,634 - bbbp ROC-AUC: 0.8106
2026-06-15 11:02:26,635 - Evaluating on bace...
2026-06-15 11:02:26,939 - bace ROC-AUC: 0.7800
2026-06-15 11:02:26,939 - Evaluating on clintox...
2026-06-15 11:02:27,235 - clintox ROC-AUC: 0.5748
2026-06-15 11:02:27,235 - Evaluating on freesolv...
2026-06-15 11:02:27,366 - freesolv RMSE: 4.2345
2026-06-15 11:02:27,366 - Evaluating on esol...
2026-06-15 11:02:27,547 - esol RMSE: 2.5111
2026-06-15 11:02:27,547 - Evaluating on lipo...
2026-06-15 11:02:28,172 - lipo RMSE: 1.0644
2026-06-15 11:02:28,173 - Unified Linear Probe Score: -0.9408
2026-06-15 11:04:12,914 - Epoch 86/300 - Train Loss: 2.3355 (Recon: 1.6457, CLR: 3.4491) - Val Loss: 6.6562 (Recon: 5.4466, CLR: 6.0478)
2026-06-15 11:05:57,358 - Epoch 87/300 - Train Loss: 2.3514 (Recon: 1.6616, CLR: 3.4489) - Val Loss: 20.5351 (Recon: 19.3191, CLR: 6.0799)
2026-06-15 11:07:41,539 - Epoch 88/300 - Train Loss: 2.3266 (Recon: 1.6371, CLR: 3.4472) - Val Loss: 3.4217 (Recon: 2.2151, CLR: 6.0334)
2026-06-15 11:09:25,998 - Epoch 89/300 - Train Loss: 2.3327 (Recon: 1.6438, CLR: 3.4442) - Val Loss: 4.0974 (Recon: 2.8822, CLR: 6.0760)
2026-06-15 11:11:17,326 - Epoch 90/300 - Train Loss: 2.3398 (Recon: 1.6509, CLR: 3.4445) - Val Loss: 4.3521 (Recon: 3.1479, CLR: 6.0212)
2026-06-15 11:11:17,326 - Evaluating on bbbp...
2026-06-15 11:11:17,707 - bbbp ROC-AUC: 0.8211
2026-06-15 11:11:17,707 - Evaluating on bace...
2026-06-15 11:11:18,011 - bace ROC-AUC: 0.7936
2026-06-15 11:11:18,011 - Evaluating on clintox...
2026-06-15 11:11:18,304 - clintox ROC-AUC: 0.5570
2026-06-15 11:11:18,304 - Evaluating on freesolv...
2026-06-15 11:11:18,438 - freesolv RMSE: 3.0554
2026-06-15 11:11:18,438 - Evaluating on esol...
2026-06-15 11:11:18,621 - esol RMSE: 2.1834
2026-06-15 11:11:18,621 - Evaluating on lipo...
2026-06-15 11:11:19,252 - lipo RMSE: 1.0232
2026-06-15 11:11:19,252 - Unified Linear Probe Score: -0.6817
2026-06-15 11:13:03,133 - Epoch 91/300 - Train Loss: 2.3428 (Recon: 1.6545, CLR: 3.4415) - Val Loss: 3.6736 (Recon: 2.4582, CLR: 6.0767)
2026-06-15 11:14:47,082 - Epoch 92/300 - Train Loss: 2.3318 (Recon: 1.6433, CLR: 3.4421) - Val Loss: 4.1622 (Recon: 2.9490, CLR: 6.0660)
2026-06-15 11:16:31,281 - Epoch 93/300 - Train Loss: 2.3424 (Recon: 1.6543, CLR: 3.4406) - Val Loss: 12.2892 (Recon: 11.0786, CLR: 6.0527)
2026-06-15 11:18:17,808 - Epoch 94/300 - Train Loss: 2.3294 (Recon: 1.6416, CLR: 3.4394) - Val Loss: 3.8952 (Recon: 2.6836, CLR: 6.0579)
2026-06-15 11:20:03,510 - Epoch 95/300 - Train Loss: 2.3118 (Recon: 1.6244, CLR: 3.4373) - Val Loss: 4.3125 (Recon: 3.1006, CLR: 6.0596)
2026-06-15 11:20:03,510 - Evaluating on bbbp...
2026-06-15 11:20:03,892 - bbbp ROC-AUC: 0.8162
2026-06-15 11:20:03,892 - Evaluating on bace...
2026-06-15 11:20:04,185 - bace ROC-AUC: 0.7756
2026-06-15 11:20:04,186 - Evaluating on clintox...
2026-06-15 11:20:04,474 - clintox ROC-AUC: 0.5564
2026-06-15 11:20:04,474 - Evaluating on freesolv...
2026-06-15 11:20:04,601 - freesolv RMSE: 2.8684
2026-06-15 11:20:04,601 - Evaluating on esol...
2026-06-15 11:20:04,784 - esol RMSE: 2.0753
2026-06-15 11:20:04,784 - Evaluating on lipo...
2026-06-15 11:20:05,416 - lipo RMSE: 1.0016
2026-06-15 11:20:05,416 - Unified Linear Probe Score: -0.6329
2026-06-15 11:21:49,055 - Epoch 96/300 - Train Loss: 2.3033 (Recon: 1.6153, CLR: 3.4397) - Val Loss: 12.0256 (Recon: 10.8108, CLR: 6.0738)
2026-06-15 11:23:32,851 - Epoch 97/300 - Train Loss: 2.3041 (Recon: 1.6172, CLR: 3.4345) - Val Loss: 5.3471 (Recon: 4.1378, CLR: 6.0465)
2026-06-15 11:25:16,326 - Epoch 98/300 - Train Loss: 2.3131 (Recon: 1.6263, CLR: 3.4340) - Val Loss: 3.6285 (Recon: 2.4100, CLR: 6.0922)
2026-06-15 11:27:00,038 - Epoch 99/300 - Train Loss: 2.3151 (Recon: 1.6278, CLR: 3.4366) - Val Loss: 3.7068 (Recon: 2.4992, CLR: 6.0379)
2026-06-15 11:28:44,079 - Epoch 100/300 - Train Loss: 2.3187 (Recon: 1.6320, CLR: 3.4335) - Val Loss: 3.5859 (Recon: 2.3743, CLR: 6.0580)
2026-06-15 11:28:44,079 - Evaluating on bbbp...
2026-06-15 11:28:44,465 - bbbp ROC-AUC: 0.8163
2026-06-15 11:28:44,465 - Evaluating on bace...
2026-06-15 11:28:44,764 - bace ROC-AUC: 0.7601
2026-06-15 11:28:44,764 - Evaluating on clintox...
2026-06-15 11:28:45,059 - clintox ROC-AUC: 0.5311
2026-06-15 11:28:45,059 - Evaluating on freesolv...
2026-06-15 11:28:45,193 - freesolv RMSE: 3.7916
2026-06-15 11:28:45,193 - Evaluating on esol...
2026-06-15 11:28:45,370 - esol RMSE: 1.7674
2026-06-15 11:28:45,370 - Evaluating on lipo...
2026-06-15 11:28:45,999 - lipo RMSE: 0.9774
2026-06-15 11:28:45,999 - Unified Linear Probe Score: -0.7381
2026-06-15 11:30:29,780 - Epoch 101/300 - Train Loss: 2.3031 (Recon: 1.6169, CLR: 3.4310) - Val Loss: 3.5940 (Recon: 2.3874, CLR: 6.0326)
2026-06-15 11:32:13,310 - Epoch 102/300 - Train Loss: 2.3054 (Recon: 1.6189, CLR: 3.4325) - Val Loss: 4.1934 (Recon: 2.9833, CLR: 6.0507)
2026-06-15 11:33:57,276 - Epoch 103/300 - Train Loss: 2.3255 (Recon: 1.6391, CLR: 3.4319) - Val Loss: 10.1731 (Recon: 8.9545, CLR: 6.0933)
2026-06-15 11:35:41,621 - Epoch 104/300 - Train Loss: 2.3143 (Recon: 1.6284, CLR: 3.4293) - Val Loss: 10.8663 (Recon: 9.6492, CLR: 6.0856)
2026-06-15 11:37:26,916 - Epoch 105/300 - Train Loss: 2.2992 (Recon: 1.6138, CLR: 3.4271) - Val Loss: 8.0205 (Recon: 6.7968, CLR: 6.1183)
2026-06-15 11:37:26,916 - Evaluating on bbbp...
2026-06-15 11:37:27,303 - bbbp ROC-AUC: 0.8297
2026-06-15 11:37:27,303 - Evaluating on bace...
2026-06-15 11:37:27,610 - bace ROC-AUC: 0.8005
2026-06-15 11:37:27,610 - Evaluating on clintox...
2026-06-15 11:37:27,904 - clintox ROC-AUC: 0.5350
2026-06-15 11:37:27,905 - Evaluating on freesolv...
2026-06-15 11:37:28,042 - freesolv RMSE: 2.6745
2026-06-15 11:37:28,042 - Evaluating on esol...
2026-06-15 11:37:28,234 - esol RMSE: 1.4246
2026-06-15 11:37:28,234 - Evaluating on lipo...
2026-06-15 11:37:28,873 - lipo RMSE: 1.0830
2026-06-15 11:37:28,874 - Unified Linear Probe Score: -0.5028
2026-06-15 11:37:28,874 - New Best Probe Score: -0.5028
2026-06-15 11:39:13,814 - Epoch 106/300 - Train Loss: 2.3168 (Recon: 1.6311, CLR: 3.4287) - Val Loss: 4.9796 (Recon: 3.7739, CLR: 6.0284)
2026-06-15 11:40:59,026 - Epoch 107/300 - Train Loss: 2.2956 (Recon: 1.6110, CLR: 3.4234) - Val Loss: 5.6767 (Recon: 4.4593, CLR: 6.0871)
2026-06-15 11:42:43,088 - Epoch 108/300 - Train Loss: 2.3209 (Recon: 1.6357, CLR: 3.4262) - Val Loss: 5.7482 (Recon: 4.5308, CLR: 6.0869)
2026-06-15 11:44:26,938 - Epoch 109/300 - Train Loss: 2.3065 (Recon: 1.6216, CLR: 3.4248) - Val Loss: 3.8067 (Recon: 2.5834, CLR: 6.1164)
2026-06-15 11:46:12,088 - Epoch 110/300 - Train Loss: 2.3208 (Recon: 1.6358, CLR: 3.4254) - Val Loss: 3.6115 (Recon: 2.3945, CLR: 6.0852)
2026-06-15 11:46:12,088 - Evaluating on bbbp...
2026-06-15 11:46:12,481 - bbbp ROC-AUC: 0.8104
2026-06-15 11:46:12,481 - Evaluating on bace...
2026-06-15 11:46:12,770 - bace ROC-AUC: 0.7732
2026-06-15 11:46:12,770 - Evaluating on clintox...
2026-06-15 11:46:13,078 - clintox ROC-AUC: 0.5809
2026-06-15 11:46:13,078 - Evaluating on freesolv...
2026-06-15 11:46:13,211 - freesolv RMSE: 3.8185
2026-06-15 11:46:13,211 - Evaluating on esol...
2026-06-15 11:46:13,393 - esol RMSE: 1.6088
2026-06-15 11:46:13,393 - Evaluating on lipo...
2026-06-15 11:46:21,019 - lipo RMSE: 1.0873
2026-06-15 11:46:21,019 - Unified Linear Probe Score: -0.7250
2026-06-15 11:48:04,811 - Epoch 111/300 - Train Loss: 2.3016 (Recon: 1.6165, CLR: 3.4254) - Val Loss: 6.6698 (Recon: 5.4454, CLR: 6.1222)
2026-06-15 11:49:48,745 - Epoch 112/300 - Train Loss: 2.3193 (Recon: 1.6346, CLR: 3.4236) - Val Loss: 7.1854 (Recon: 5.9631, CLR: 6.1117)
2026-06-15 11:51:33,422 - Epoch 113/300 - Train Loss: 2.3031 (Recon: 1.6190, CLR: 3.4206) - Val Loss: 3.3919 (Recon: 2.1757, CLR: 6.0809)
2026-06-15 11:53:16,975 - Epoch 114/300 - Train Loss: 2.2996 (Recon: 1.6153, CLR: 3.4214) - Val Loss: 3.6566 (Recon: 2.4286, CLR: 6.1401)
2026-06-15 11:55:00,812 - Epoch 115/300 - Train Loss: 2.3010 (Recon: 1.6164, CLR: 3.4233) - Val Loss: 4.2056 (Recon: 2.9886, CLR: 6.0855)
2026-06-15 11:55:00,813 - Evaluating on bbbp...
2026-06-15 11:55:01,202 - bbbp ROC-AUC: 0.8189
2026-06-15 11:55:01,202 - Evaluating on bace...
2026-06-15 11:55:01,507 - bace ROC-AUC: 0.7954
2026-06-15 11:55:01,507 - Evaluating on clintox...
2026-06-15 11:55:01,801 - clintox ROC-AUC: 0.5379
2026-06-15 11:55:01,801 - Evaluating on freesolv...
2026-06-15 11:55:01,933 - freesolv RMSE: 4.7908
2026-06-15 11:55:01,933 - Evaluating on esol...
2026-06-15 11:55:02,118 - esol RMSE: 1.4881
2026-06-15 11:55:02,118 - Evaluating on lipo...
2026-06-15 11:55:02,766 - lipo RMSE: 1.0668
2026-06-15 11:55:02,766 - Unified Linear Probe Score: -0.8656
2026-06-15 11:56:46,498 - Epoch 116/300 - Train Loss: 2.2966 (Recon: 1.6128, CLR: 3.4188) - Val Loss: 6.8481 (Recon: 5.6264, CLR: 6.1085)
2026-06-15 11:58:30,081 - Epoch 117/300 - Train Loss: 2.3137 (Recon: 1.6304, CLR: 3.4166) - Val Loss: 4.8821 (Recon: 3.6555, CLR: 6.1329)
2026-06-15 12:00:14,080 - Epoch 118/300 - Train Loss: 2.3084 (Recon: 1.6246, CLR: 3.4189) - Val Loss: 5.9120 (Recon: 4.6945, CLR: 6.0875)
2026-06-15 12:01:58,523 - Epoch 119/300 - Train Loss: 2.3006 (Recon: 1.6168, CLR: 3.4190) - Val Loss: 5.3370 (Recon: 4.1140, CLR: 6.1149)
2026-06-15 12:03:42,794 - Epoch 120/300 - Train Loss: 2.3074 (Recon: 1.6238, CLR: 3.4182) - Val Loss: 18.0785 (Recon: 16.8563, CLR: 6.1114)
2026-06-15 12:03:42,795 - Evaluating on bbbp...
2026-06-15 12:03:43,179 - bbbp ROC-AUC: 0.8229
2026-06-15 12:03:43,179 - Evaluating on bace...
2026-06-15 12:03:43,475 - bace ROC-AUC: 0.7996
2026-06-15 12:03:43,475 - Evaluating on clintox...
2026-06-15 12:03:43,771 - clintox ROC-AUC: 0.5122
2026-06-15 12:03:43,772 - Evaluating on freesolv...
2026-06-15 12:03:43,909 - freesolv RMSE: 3.7608
2026-06-15 12:03:43,909 - Evaluating on esol...
2026-06-15 12:03:44,095 - esol RMSE: 1.7381
2026-06-15 12:03:44,095 - Evaluating on lipo...
2026-06-15 12:03:44,735 - lipo RMSE: 1.0907
2026-06-15 12:03:44,735 - Unified Linear Probe Score: -0.7425
2026-06-15 12:05:28,610 - Epoch 121/300 - Train Loss: 2.2930 (Recon: 1.6097, CLR: 3.4162) - Val Loss: 3.9896 (Recon: 2.7689, CLR: 6.1032)
2026-06-15 12:07:12,537 - Epoch 122/300 - Train Loss: 2.3109 (Recon: 1.6279, CLR: 3.4150) - Val Loss: 4.4733 (Recon: 3.2592, CLR: 6.0706)
2026-06-15 12:08:56,929 - Epoch 123/300 - Train Loss: 2.3046 (Recon: 1.6211, CLR: 3.4172) - Val Loss: 5.0161 (Recon: 3.7994, CLR: 6.0837)
2026-06-15 12:10:41,113 - Epoch 124/300 - Train Loss: 2.2935 (Recon: 1.6109, CLR: 3.4130) - Val Loss: 3.6937 (Recon: 2.4753, CLR: 6.0919)
2026-06-15 12:12:25,671 - Epoch 125/300 - Train Loss: 2.3074 (Recon: 1.6246, CLR: 3.4142) - Val Loss: 6.2680 (Recon: 5.0548, CLR: 6.0659)
2026-06-15 12:12:25,671 - Evaluating on bbbp...
2026-06-15 12:12:26,048 - bbbp ROC-AUC: 0.8139
2026-06-15 12:12:26,048 - Evaluating on bace...
2026-06-15 12:12:26,347 - bace ROC-AUC: 0.7938
2026-06-15 12:12:26,348 - Evaluating on clintox...
2026-06-15 12:12:26,649 - clintox ROC-AUC: 0.5151
2026-06-15 12:12:26,649 - Evaluating on freesolv...
2026-06-15 12:12:26,779 - freesolv RMSE: 3.4915
2026-06-15 12:12:26,780 - Evaluating on esol...
2026-06-15 12:12:26,957 - esol RMSE: 1.4126
2026-06-15 12:12:26,958 - Evaluating on lipo...
2026-06-15 12:12:27,606 - lipo RMSE: 1.1393
2026-06-15 12:12:27,606 - Unified Linear Probe Score: -0.6534
2026-06-15 12:14:11,542 - Epoch 126/300 - Train Loss: 2.2991 (Recon: 1.6168, CLR: 3.4117) - Val Loss: 3.8556 (Recon: 2.6352, CLR: 6.1017)
2026-06-15 12:15:55,344 - Epoch 127/300 - Train Loss: 2.2831 (Recon: 1.6005, CLR: 3.4126) - Val Loss: 3.9718 (Recon: 2.7436, CLR: 6.1409)
2026-06-15 12:17:39,090 - Epoch 128/300 - Train Loss: 2.2854 (Recon: 1.6033, CLR: 3.4102) - Val Loss: 3.8525 (Recon: 2.6275, CLR: 6.1250)
2026-06-15 12:19:23,331 - Epoch 129/300 - Train Loss: 2.3079 (Recon: 1.6258, CLR: 3.4106) - Val Loss: 4.0833 (Recon: 2.8578, CLR: 6.1279)
2026-06-15 12:21:07,296 - Epoch 130/300 - Train Loss: 2.2965 (Recon: 1.6145, CLR: 3.4101) - Val Loss: 3.6884 (Recon: 2.4705, CLR: 6.0898)
2026-06-15 12:21:07,296 - Evaluating on bbbp...
2026-06-15 12:21:07,679 - bbbp ROC-AUC: 0.7980
2026-06-15 12:21:07,680 - Evaluating on bace...
2026-06-15 12:21:07,978 - bace ROC-AUC: 0.8018
2026-06-15 12:21:07,978 - Evaluating on clintox...
2026-06-15 12:21:08,266 - clintox ROC-AUC: 0.5904
2026-06-15 12:21:08,266 - Evaluating on freesolv...
2026-06-15 12:21:08,397 - freesolv RMSE: 3.1680
2026-06-15 12:21:08,397 - Evaluating on esol...
2026-06-15 12:21:08,577 - esol RMSE: 2.0404
2026-06-15 12:21:08,577 - Evaluating on lipo...
2026-06-15 12:21:09,206 - lipo RMSE: 1.0396
2026-06-15 12:21:09,206 - Unified Linear Probe Score: -0.6763
2026-06-15 12:22:52,678 - Epoch 131/300 - Train Loss: 2.3060 (Recon: 1.6238, CLR: 3.4108) - Val Loss: 6.0653 (Recon: 4.8443, CLR: 6.1048)
2026-06-15 12:24:43,154 - Epoch 132/300 - Train Loss: 2.2926 (Recon: 1.6109, CLR: 3.4085) - Val Loss: 4.2930 (Recon: 3.0648, CLR: 6.1408)
2026-06-15 12:26:27,158 - Epoch 133/300 - Train Loss: 2.2878 (Recon: 1.6061, CLR: 3.4083) - Val Loss: 5.3879 (Recon: 4.1599, CLR: 6.1399)
2026-06-15 12:28:11,296 - Epoch 134/300 - Train Loss: 2.2896 (Recon: 1.6080, CLR: 3.4081) - Val Loss: 3.9204 (Recon: 2.6895, CLR: 6.1547)
2026-06-15 12:29:54,743 - Epoch 135/300 - Train Loss: 2.2944 (Recon: 1.6132, CLR: 3.4056) - Val Loss: 13.7526 (Recon: 12.5293, CLR: 6.1166)
2026-06-15 12:29:54,744 - Evaluating on bbbp...
2026-06-15 12:29:55,149 - bbbp ROC-AUC: 0.7932
2026-06-15 12:29:55,149 - Evaluating on bace...
2026-06-15 12:29:55,435 - bace ROC-AUC: 0.8117
2026-06-15 12:29:55,436 - Evaluating on clintox...
2026-06-15 12:29:55,724 - clintox ROC-AUC: 0.5803
2026-06-15 12:29:55,724 - Evaluating on freesolv...
2026-06-15 12:29:55,854 - freesolv RMSE: 4.3082
2026-06-15 12:29:55,854 - Evaluating on esol...
2026-06-15 12:29:56,042 - esol RMSE: 1.2802
2026-06-15 12:29:56,042 - Evaluating on lipo...
2026-06-15 12:29:56,743 - lipo RMSE: 1.0490
2026-06-15 12:29:56,743 - Unified Linear Probe Score: -0.7421
2026-06-15 12:31:41,114 - Epoch 136/300 - Train Loss: 2.2975 (Recon: 1.6161, CLR: 3.4068) - Val Loss: 43.3238 (Recon: 42.0986, CLR: 6.1261)
2026-06-15 12:33:25,880 - Epoch 137/300 - Train Loss: 2.2803 (Recon: 1.5992, CLR: 3.4057) - Val Loss: 6.7314 (Recon: 5.5163, CLR: 6.0758)
2026-06-15 12:35:09,515 - Epoch 138/300 - Train Loss: 2.2894 (Recon: 1.6080, CLR: 3.4070) - Val Loss: 4.5744 (Recon: 3.3524, CLR: 6.1099)
2026-06-15 12:36:53,276 - Epoch 139/300 - Train Loss: 2.2774 (Recon: 1.5966, CLR: 3.4042) - Val Loss: 5.7912 (Recon: 4.5667, CLR: 6.1224)
2026-06-15 12:38:37,602 - Epoch 140/300 - Train Loss: 2.3000 (Recon: 1.6186, CLR: 3.4070) - Val Loss: 4.6481 (Recon: 3.4221, CLR: 6.1301)
2026-06-15 12:38:37,602 - Evaluating on bbbp...
2026-06-15 12:38:37,986 - bbbp ROC-AUC: 0.8157
2026-06-15 12:38:37,986 - Evaluating on bace...
2026-06-15 12:38:38,299 - bace ROC-AUC: 0.8097
2026-06-15 12:38:38,299 - Evaluating on clintox...
2026-06-15 12:38:38,598 - clintox ROC-AUC: 0.5512
2026-06-15 12:38:38,599 - Evaluating on freesolv...
2026-06-15 12:38:38,730 - freesolv RMSE: 3.7462
2026-06-15 12:38:38,730 - Evaluating on esol...
2026-06-15 12:38:38,914 - esol RMSE: 1.6601
2026-06-15 12:38:38,914 - Evaluating on lipo...
2026-06-15 12:38:39,552 - lipo RMSE: 1.0399
2026-06-15 12:38:39,552 - Unified Linear Probe Score: -0.7116
2026-06-15 12:40:23,032 - Epoch 141/300 - Train Loss: 2.2896 (Recon: 1.6092, CLR: 3.4020) - Val Loss: 5.8321 (Recon: 4.6089, CLR: 6.1157)
2026-06-15 12:42:06,691 - Epoch 142/300 - Train Loss: 2.2886 (Recon: 1.6078, CLR: 3.4043) - Val Loss: 4.9984 (Recon: 3.7763, CLR: 6.1103)
2026-06-15 12:43:50,275 - Epoch 143/300 - Train Loss: 2.2862 (Recon: 1.6057, CLR: 3.4029) - Val Loss: 4.5047 (Recon: 3.2760, CLR: 6.1433)
2026-06-15 12:45:34,525 - Epoch 144/300 - Train Loss: 2.2857 (Recon: 1.6052, CLR: 3.4025) - Val Loss: 4.0770 (Recon: 2.8535, CLR: 6.1171)
2026-06-15 12:47:18,955 - Epoch 145/300 - Train Loss: 2.2859 (Recon: 1.6054, CLR: 3.4024) - Val Loss: 4.8364 (Recon: 3.6152, CLR: 6.1061)
2026-06-15 12:47:18,956 - Evaluating on bbbp...
2026-06-15 12:47:19,337 - bbbp ROC-AUC: 0.7900
2026-06-15 12:47:19,337 - Evaluating on bace...
2026-06-15 12:47:19,639 - bace ROC-AUC: 0.8002
2026-06-15 12:47:19,639 - Evaluating on clintox...
2026-06-15 12:47:19,935 - clintox ROC-AUC: 0.5275
2026-06-15 12:47:19,935 - Evaluating on freesolv...
2026-06-15 12:47:20,069 - freesolv RMSE: 3.6530
2026-06-15 12:47:20,069 - Evaluating on esol...
2026-06-15 12:47:20,256 - esol RMSE: 2.5494
2026-06-15 12:47:20,256 - Evaluating on lipo...
2026-06-15 12:47:20,879 - lipo RMSE: 1.0978
2026-06-15 12:47:20,879 - Unified Linear Probe Score: -0.8638
2026-06-15 12:49:04,935 - Epoch 146/300 - Train Loss: 2.2832 (Recon: 1.6029, CLR: 3.4016) - Val Loss: 3.7379 (Recon: 2.5105, CLR: 6.1369)
2026-06-15 12:50:48,570 - Epoch 147/300 - Train Loss: 2.3122 (Recon: 1.6328, CLR: 3.3969) - Val Loss: 3.7878 (Recon: 2.5642, CLR: 6.1181)
2026-06-15 12:52:33,196 - Epoch 148/300 - Train Loss: 2.2730 (Recon: 1.5921, CLR: 3.4046) - Val Loss: 7.5317 (Recon: 6.3087, CLR: 6.1148)
2026-06-15 12:54:16,987 - Epoch 149/300 - Train Loss: 2.2798 (Recon: 1.5996, CLR: 3.4012) - Val Loss: 5.0884 (Recon: 3.8673, CLR: 6.1056)
2026-06-15 12:56:00,594 - Epoch 150/300 - Train Loss: 2.2815 (Recon: 1.6015, CLR: 3.3999) - Val Loss: 6.8649 (Recon: 5.6430, CLR: 6.1095)
2026-06-15 12:56:00,594 - Evaluating on bbbp...
2026-06-15 12:56:00,971 - bbbp ROC-AUC: 0.8256
2026-06-15 12:56:00,971 - Evaluating on bace...
2026-06-15 12:56:01,270 - bace ROC-AUC: 0.7971
2026-06-15 12:56:01,271 - Evaluating on clintox...
2026-06-15 12:56:01,553 - clintox ROC-AUC: 0.5917
2026-06-15 12:56:01,554 - Evaluating on freesolv...
2026-06-15 12:56:01,679 - freesolv RMSE: 3.7648
2026-06-15 12:56:01,680 - Evaluating on esol...
2026-06-15 12:56:01,854 - esol RMSE: 1.9164
2026-06-15 12:56:01,855 - Evaluating on lipo...
2026-06-15 12:56:02,498 - lipo RMSE: 1.0807
2026-06-15 12:56:02,498 - Unified Linear Probe Score: -0.7579
2026-06-15 12:57:46,583 - Epoch 151/300 - Train Loss: 2.2857 (Recon: 1.6056, CLR: 3.4004) - Val Loss: 6.6255 (Recon: 5.3941, CLR: 6.1571)
2026-06-15 12:59:30,021 - Epoch 152/300 - Train Loss: 2.2952 (Recon: 1.6151, CLR: 3.4005) - Val Loss: 3.9693 (Recon: 2.7398, CLR: 6.1477)
2026-06-15 13:01:21,316 - Epoch 153/300 - Train Loss: 2.3001 (Recon: 1.6212, CLR: 3.3942) - Val Loss: 19.9264 (Recon: 18.7020, CLR: 6.1220)
2026-06-15 13:03:05,978 - Epoch 154/300 - Train Loss: 2.2909 (Recon: 1.6113, CLR: 3.3984) - Val Loss: 4.0354 (Recon: 2.8121, CLR: 6.1164)
2026-06-15 13:04:49,434 - Epoch 155/300 - Train Loss: 2.2793 (Recon: 1.5997, CLR: 3.3976) - Val Loss: 4.1770 (Recon: 2.9491, CLR: 6.1394)
2026-06-15 13:04:49,434 - Evaluating on bbbp...
2026-06-15 13:04:49,815 - bbbp ROC-AUC: 0.7972
2026-06-15 13:04:49,815 - Evaluating on bace...
2026-06-15 13:04:50,104 - bace ROC-AUC: 0.7985
2026-06-15 13:04:50,104 - Evaluating on clintox...
2026-06-15 13:04:50,393 - clintox ROC-AUC: 0.6197
2026-06-15 13:04:50,393 - Evaluating on freesolv...
2026-06-15 13:04:50,526 - freesolv RMSE: 3.5153
2026-06-15 13:04:50,526 - Evaluating on esol...
2026-06-15 13:04:50,711 - esol RMSE: 1.6863
2026-06-15 13:04:50,712 - Evaluating on lipo...
2026-06-15 13:04:51,349 - lipo RMSE: 1.0587
2026-06-15 13:04:51,350 - Unified Linear Probe Score: -0.6741
2026-06-15 13:06:35,140 - Epoch 156/300 - Train Loss: 2.2822 (Recon: 1.6030, CLR: 3.3960) - Val Loss: 12.8149 (Recon: 11.5925, CLR: 6.1119)
2026-06-15 13:08:19,434 - Epoch 157/300 - Train Loss: 2.2867 (Recon: 1.6078, CLR: 3.3945) - Val Loss: 4.8903 (Recon: 3.6649, CLR: 6.1268)
2026-06-15 13:10:03,486 - Epoch 158/300 - Train Loss: 2.2945 (Recon: 1.6149, CLR: 3.3981) - Val Loss: 4.1512 (Recon: 2.9222, CLR: 6.1449)
2026-06-15 13:11:46,875 - Epoch 159/300 - Train Loss: 2.2846 (Recon: 1.6051, CLR: 3.3972) - Val Loss: 15.2077 (Recon: 13.9774, CLR: 6.1514)
2026-06-15 13:13:30,564 - Epoch 160/300 - Train Loss: 2.2712 (Recon: 1.5921, CLR: 3.3953) - Val Loss: 5.0554 (Recon: 3.8271, CLR: 6.1419)
2026-06-15 13:13:30,565 - Evaluating on bbbp...
2026-06-15 13:13:30,947 - bbbp ROC-AUC: 0.8149
2026-06-15 13:13:30,947 - Evaluating on bace...
2026-06-15 13:13:31,251 - bace ROC-AUC: 0.8027
2026-06-15 13:13:31,252 - Evaluating on clintox...
2026-06-15 13:13:31,544 - clintox ROC-AUC: 0.6323
2026-06-15 13:13:31,544 - Evaluating on freesolv...
2026-06-15 13:13:31,684 - freesolv RMSE: 2.4774
2026-06-15 13:13:31,684 - Evaluating on esol...
2026-06-15 13:13:31,865 - esol RMSE: 1.8067
2026-06-15 13:13:31,865 - Evaluating on lipo...
2026-06-15 13:13:32,490 - lipo RMSE: 1.0195
2026-06-15 13:13:32,490 - Unified Linear Probe Score: -0.5090
2026-06-15 13:15:16,299 - Epoch 161/300 - Train Loss: 2.2844 (Recon: 1.6054, CLR: 3.3948) - Val Loss: 3.7153 (Recon: 2.4890, CLR: 6.1314)
2026-06-15 13:17:01,063 - Epoch 162/300 - Train Loss: 2.2854 (Recon: 1.6065, CLR: 3.3947) - Val Loss: 4.3289 (Recon: 3.1051, CLR: 6.1188)
2026-06-15 13:18:45,019 - Epoch 163/300 - Train Loss: 2.2639 (Recon: 1.5845, CLR: 3.3970) - Val Loss: 4.1766 (Recon: 2.9554, CLR: 6.1059)
2026-06-15 13:20:29,753 - Epoch 164/300 - Train Loss: 2.2691 (Recon: 1.5900, CLR: 3.3954) - Val Loss: 5.9220 (Recon: 4.7034, CLR: 6.0930)
2026-06-15 13:22:13,559 - Epoch 165/300 - Train Loss: 2.2894 (Recon: 1.6105, CLR: 3.3945) - Val Loss: 4.7402 (Recon: 3.5193, CLR: 6.1046)
2026-06-15 13:22:13,559 - Evaluating on bbbp...
2026-06-15 13:22:13,956 - bbbp ROC-AUC: 0.8025
2026-06-15 13:22:13,956 - Evaluating on bace...
2026-06-15 13:22:14,260 - bace ROC-AUC: 0.7991
2026-06-15 13:22:14,260 - Evaluating on clintox...
2026-06-15 13:22:14,549 - clintox ROC-AUC: 0.5725
2026-06-15 13:22:14,549 - Evaluating on freesolv...
2026-06-15 13:22:14,677 - freesolv RMSE: 4.5138
2026-06-15 13:22:14,677 - Evaluating on esol...
2026-06-15 13:22:14,862 - esol RMSE: 2.0753
2026-06-15 13:22:14,862 - Evaluating on lipo...
2026-06-15 13:22:15,496 - lipo RMSE: 1.0364
2026-06-15 13:22:15,496 - Unified Linear Probe Score: -0.9086
2026-06-15 13:23:59,879 - Epoch 166/300 - Train Loss: 2.2784 (Recon: 1.5997, CLR: 3.3937) - Val Loss: 5.3123 (Recon: 4.0849, CLR: 6.1370)
2026-06-15 13:25:43,598 - Epoch 167/300 - Train Loss: 2.2737 (Recon: 1.5950, CLR: 3.3932) - Val Loss: 3.9624 (Recon: 2.7373, CLR: 6.1254)
2026-06-15 13:27:27,449 - Epoch 168/300 - Train Loss: 2.2822 (Recon: 1.6035, CLR: 3.3935) - Val Loss: 4.3715 (Recon: 3.1529, CLR: 6.0928)
2026-06-15 13:29:11,119 - Epoch 169/300 - Train Loss: 2.2728 (Recon: 1.5943, CLR: 3.3921) - Val Loss: 3.8016 (Recon: 2.5822, CLR: 6.0972)
2026-06-15 13:30:54,932 - Epoch 170/300 - Train Loss: 2.2803 (Recon: 1.6020, CLR: 3.3911) - Val Loss: 4.1127 (Recon: 2.8792, CLR: 6.1674)
2026-06-15 13:30:54,932 - Evaluating on bbbp...
2026-06-15 13:30:55,324 - bbbp ROC-AUC: 0.8155
2026-06-15 13:30:55,324 - Evaluating on bace...
2026-06-15 13:30:55,623 - bace ROC-AUC: 0.8051
2026-06-15 13:30:55,623 - Evaluating on clintox...
2026-06-15 13:30:55,932 - clintox ROC-AUC: 0.5497
2026-06-15 13:30:55,932 - Evaluating on freesolv...
2026-06-15 13:30:56,058 - freesolv RMSE: 2.7122
2026-06-15 13:30:56,059 - Evaluating on esol...
2026-06-15 13:30:56,253 - esol RMSE: 1.8945
2026-06-15 13:30:56,254 - Evaluating on lipo...
2026-06-15 13:30:56,978 - lipo RMSE: 1.0369
2026-06-15 13:30:56,978 - Unified Linear Probe Score: -0.5789
2026-06-15 13:32:40,814 - Epoch 171/300 - Train Loss: 2.2840 (Recon: 1.6059, CLR: 3.3903) - Val Loss: 4.1710 (Recon: 2.9497, CLR: 6.1065)
2026-06-15 13:34:24,608 - Epoch 172/300 - Train Loss: 2.2771 (Recon: 1.5986, CLR: 3.3924) - Val Loss: 3.8623 (Recon: 2.6428, CLR: 6.0977)
2026-06-15 13:36:15,970 - Epoch 173/300 - Train Loss: 2.2643 (Recon: 1.5860, CLR: 3.3914) - Val Loss: 7.7934 (Recon: 6.5658, CLR: 6.1380)
2026-06-15 13:37:59,852 - Epoch 174/300 - Train Loss: 2.2867 (Recon: 1.6085, CLR: 3.3909) - Val Loss: 12.4954 (Recon: 11.2717, CLR: 6.1187)
2026-06-15 13:39:43,816 - Epoch 175/300 - Train Loss: 2.2711 (Recon: 1.5934, CLR: 3.3881) - Val Loss: 4.4329 (Recon: 3.2115, CLR: 6.1070)
2026-06-15 13:39:43,816 - Evaluating on bbbp...
2026-06-15 13:39:44,200 - bbbp ROC-AUC: 0.7928
2026-06-15 13:39:44,200 - Evaluating on bace...
2026-06-15 13:39:44,505 - bace ROC-AUC: 0.8213
2026-06-15 13:39:44,505 - Evaluating on clintox...
2026-06-15 13:39:44,801 - clintox ROC-AUC: 0.6111
2026-06-15 13:39:44,802 - Evaluating on freesolv...
2026-06-15 13:39:44,933 - freesolv RMSE: 2.7706
2026-06-15 13:39:44,933 - Evaluating on esol...
2026-06-15 13:39:45,121 - esol RMSE: 1.4627
2026-06-15 13:39:45,122 - Evaluating on lipo...
2026-06-15 13:39:45,760 - lipo RMSE: 1.0055
2026-06-15 13:39:45,760 - Unified Linear Probe Score: -0.5023
2026-06-15 13:39:45,760 - New Best Probe Score: -0.5023
2026-06-15 13:41:30,362 - Epoch 176/300 - Train Loss: 2.2707 (Recon: 1.5932, CLR: 3.3876) - Val Loss: 17.0001 (Recon: 15.7719, CLR: 6.1412)
2026-06-15 13:43:14,633 - Epoch 177/300 - Train Loss: 2.2804 (Recon: 1.6023, CLR: 3.3903) - Val Loss: 7.9011 (Recon: 6.6761, CLR: 6.1250)
2026-06-15 13:44:58,285 - Epoch 178/300 - Train Loss: 2.2590 (Recon: 1.5814, CLR: 3.3881) - Val Loss: 8.2369 (Recon: 7.0138, CLR: 6.1151)
2026-06-15 13:46:41,892 - Epoch 179/300 - Train Loss: 2.2742 (Recon: 1.5961, CLR: 3.3903) - Val Loss: 5.3163 (Recon: 4.0933, CLR: 6.1150)
2026-06-15 13:48:26,461 - Epoch 180/300 - Train Loss: 2.2671 (Recon: 1.5897, CLR: 3.3868) - Val Loss: 15.4795 (Recon: 14.2517, CLR: 6.1389)
2026-06-15 13:48:26,461 - Evaluating on bbbp...
2026-06-15 13:48:26,845 - bbbp ROC-AUC: 0.8175
2026-06-15 13:48:26,845 - Evaluating on bace...
2026-06-15 13:48:27,161 - bace ROC-AUC: 0.7834
2026-06-15 13:48:27,161 - Evaluating on clintox...
2026-06-15 13:48:27,458 - clintox ROC-AUC: 0.5917
2026-06-15 13:48:27,458 - Evaluating on freesolv...
2026-06-15 13:48:27,583 - freesolv RMSE: 2.5249
2026-06-15 13:48:27,583 - Evaluating on esol...
2026-06-15 13:48:27,771 - esol RMSE: 1.7734
2026-06-15 13:48:27,772 - Evaluating on lipo...
2026-06-15 13:48:28,403 - lipo RMSE: 1.0252
2026-06-15 13:48:28,403 - Unified Linear Probe Score: -0.5218
2026-06-15 13:50:12,526 - Epoch 181/300 - Train Loss: 2.2534 (Recon: 1.5763, CLR: 3.3856) - Val Loss: 3.9647 (Recon: 2.7451, CLR: 6.0982)
2026-06-15 13:51:57,076 - Epoch 182/300 - Train Loss: 2.2609 (Recon: 1.5836, CLR: 3.3867) - Val Loss: 3.4647 (Recon: 2.2385, CLR: 6.1310)
2026-06-15 13:53:41,278 - Epoch 183/300 - Train Loss: 2.2766 (Recon: 1.5988, CLR: 3.3886) - Val Loss: 3.9743 (Recon: 2.7481, CLR: 6.1312)
2026-06-15 13:55:24,954 - Epoch 184/300 - Train Loss: 2.2717 (Recon: 1.5946, CLR: 3.3852) - Val Loss: 4.2410 (Recon: 3.0158, CLR: 6.1259)
2026-06-15 13:57:09,316 - Epoch 185/300 - Train Loss: 2.2707 (Recon: 1.5930, CLR: 3.3884) - Val Loss: 5.7827 (Recon: 4.5501, CLR: 6.1631)
2026-06-15 13:57:09,318 - Evaluating on bbbp...
2026-06-15 13:57:09,697 - bbbp ROC-AUC: 0.8041
2026-06-15 13:57:09,697 - Evaluating on bace...
2026-06-15 13:57:09,997 - bace ROC-AUC: 0.7772
2026-06-15 13:57:09,997 - Evaluating on clintox...
2026-06-15 13:57:10,296 - clintox ROC-AUC: 0.6538
2026-06-15 13:57:10,296 - Evaluating on freesolv...
2026-06-15 13:57:10,432 - freesolv RMSE: 2.2700
2026-06-15 13:57:10,432 - Evaluating on esol...
2026-06-15 13:57:10,600 - esol RMSE: 1.9073
2026-06-15 13:57:10,600 - Evaluating on lipo...
2026-06-15 13:57:11,239 - lipo RMSE: 1.0449
2026-06-15 13:57:11,239 - Unified Linear Probe Score: -0.4979
2026-06-15 13:57:11,239 - New Best Probe Score: -0.4979
2026-06-15 13:58:54,557 - Epoch 186/300 - Train Loss: 2.2713 (Recon: 1.5941, CLR: 3.3860) - Val Loss: 3.9846 (Recon: 2.7580, CLR: 6.1332)
2026-06-15 14:00:38,821 - Epoch 187/300 - Train Loss: 2.2612 (Recon: 1.5842, CLR: 3.3852) - Val Loss: 5.2197 (Recon: 3.9944, CLR: 6.1263)
2026-06-15 14:02:22,948 - Epoch 188/300 - Train Loss: 2.2675 (Recon: 1.5905, CLR: 3.3853) - Val Loss: 4.0355 (Recon: 2.8151, CLR: 6.1020)
2026-06-15 14:04:07,384 - Epoch 189/300 - Train Loss: 2.2644 (Recon: 1.5874, CLR: 3.3849) - Val Loss: 6.9248 (Recon: 5.7016, CLR: 6.1157)
2026-06-15 14:05:51,470 - Epoch 190/300 - Train Loss: 2.2527 (Recon: 1.5759, CLR: 3.3841) - Val Loss: 3.8319 (Recon: 2.6054, CLR: 6.1321)
2026-06-15 14:05:51,470 - Evaluating on bbbp...
2026-06-15 14:05:51,845 - bbbp ROC-AUC: 0.8295
2026-06-15 14:05:51,845 - Evaluating on bace...
2026-06-15 14:05:52,154 - bace ROC-AUC: 0.8102
2026-06-15 14:05:52,154 - Evaluating on clintox...
2026-06-15 14:05:52,445 - clintox ROC-AUC: 0.6010
2026-06-15 14:05:52,445 - Evaluating on freesolv...
2026-06-15 14:05:52,572 - freesolv RMSE: 2.4987
2026-06-15 14:05:52,572 - Evaluating on esol...
2026-06-15 14:05:52,751 - esol RMSE: 1.6036
2026-06-15 14:05:52,752 - Evaluating on lipo...
2026-06-15 14:05:53,392 - lipo RMSE: 0.9626
2026-06-15 14:05:53,393 - Unified Linear Probe Score: -0.4707
2026-06-15 14:05:53,393 - New Best Probe Score: -0.4707
2026-06-15 14:07:37,538 - Epoch 191/300 - Train Loss: 2.2685 (Recon: 1.5914, CLR: 3.3854) - Val Loss: 5.0832 (Recon: 3.8662, CLR: 6.0851)
2026-06-15 14:09:21,454 - Epoch 192/300 - Train Loss: 2.2698 (Recon: 1.5935, CLR: 3.3819) - Val Loss: 3.7439 (Recon: 2.5178, CLR: 6.1305)
2026-06-15 14:11:05,427 - Epoch 193/300 - Train Loss: 2.2673 (Recon: 1.5906, CLR: 3.3836) - Val Loss: 4.9037 (Recon: 3.6837, CLR: 6.1001)
2026-06-15 14:12:49,236 - Epoch 194/300 - Train Loss: 2.2731 (Recon: 1.5959, CLR: 3.3862) - Val Loss: 3.9332 (Recon: 2.7115, CLR: 6.1086)
2026-06-15 14:14:40,035 - Epoch 195/300 - Train Loss: 2.2715 (Recon: 1.5942, CLR: 3.3865) - Val Loss: 3.8271 (Recon: 2.5986, CLR: 6.1424)
2026-06-15 14:14:40,035 - Evaluating on bbbp...
2026-06-15 14:14:40,419 - bbbp ROC-AUC: 0.8060
2026-06-15 14:14:40,419 - Evaluating on bace...
2026-06-15 14:14:40,719 - bace ROC-AUC: 0.8275
2026-06-15 14:14:40,719 - Evaluating on clintox...
2026-06-15 14:14:41,009 - clintox ROC-AUC: 0.5191
2026-06-15 14:14:41,010 - Evaluating on freesolv...
2026-06-15 14:14:41,143 - freesolv RMSE: 2.9881
2026-06-15 14:14:41,143 - Evaluating on esol...
2026-06-15 14:14:41,327 - esol RMSE: 1.4402
2026-06-15 14:14:41,327 - Evaluating on lipo...
2026-06-15 14:14:41,961 - lipo RMSE: 1.0183
2026-06-15 14:14:41,961 - Unified Linear Probe Score: -0.5490
2026-06-15 14:16:25,768 - Epoch 196/300 - Train Loss: 2.2485 (Recon: 1.5719, CLR: 3.3830) - Val Loss: 4.2314 (Recon: 3.0082, CLR: 6.1159)
2026-06-15 14:18:09,839 - Epoch 197/300 - Train Loss: 2.2626 (Recon: 1.5863, CLR: 3.3816) - Val Loss: 4.1274 (Recon: 2.9054, CLR: 6.1098)
2026-06-15 14:19:53,613 - Epoch 198/300 - Train Loss: 2.2682 (Recon: 1.5912, CLR: 3.3848) - Val Loss: 3.8257 (Recon: 2.5994, CLR: 6.1312)
2026-06-15 14:21:37,915 - Epoch 199/300 - Train Loss: 2.2592 (Recon: 1.5826, CLR: 3.3831) - Val Loss: 3.9953 (Recon: 2.7794, CLR: 6.0794)
2026-06-15 14:23:22,414 - Epoch 200/300 - Train Loss: 2.2628 (Recon: 1.5860, CLR: 3.3839) - Val Loss: 3.6360 (Recon: 2.4120, CLR: 6.1198)
2026-06-15 14:23:22,414 - Evaluating on bbbp...
2026-06-15 14:23:22,803 - bbbp ROC-AUC: 0.8133
2026-06-15 14:23:22,803 - Evaluating on bace...
2026-06-15 14:23:23,098 - bace ROC-AUC: 0.8000
2026-06-15 14:23:23,098 - Evaluating on clintox...
2026-06-15 14:23:23,388 - clintox ROC-AUC: 0.6353
2026-06-15 14:23:23,388 - Evaluating on freesolv...
2026-06-15 14:23:23,520 - freesolv RMSE: 2.2843
2026-06-15 14:23:23,520 - Evaluating on esol...
2026-06-15 14:23:23,723 - esol RMSE: 1.2782
2026-06-15 14:23:23,723 - Evaluating on lipo...
2026-06-15 14:23:24,363 - lipo RMSE: 1.0808
2026-06-15 14:23:24,363 - Unified Linear Probe Score: -0.3991
2026-06-15 14:23:24,363 - New Best Probe Score: -0.3991
2026-06-15 14:25:08,407 - Epoch 201/300 - Train Loss: 2.2686 (Recon: 1.5921, CLR: 3.3824) - Val Loss: 3.5674 (Recon: 2.3434, CLR: 6.1200)
2026-06-15 14:26:52,479 - Epoch 202/300 - Train Loss: 2.2641 (Recon: 1.5876, CLR: 3.3824) - Val Loss: 3.6305 (Recon: 2.4041, CLR: 6.1323)
2026-06-15 14:28:36,855 - Epoch 203/300 - Train Loss: 2.2593 (Recon: 1.5829, CLR: 3.3818) - Val Loss: 3.8314 (Recon: 2.6159, CLR: 6.0775)
2026-06-15 14:30:20,772 - Epoch 204/300 - Train Loss: 2.2647 (Recon: 1.5889, CLR: 3.3789) - Val Loss: 3.8565 (Recon: 2.6301, CLR: 6.1318)
2026-06-15 14:32:04,400 - Epoch 205/300 - Train Loss: 2.2679 (Recon: 1.5919, CLR: 3.3801) - Val Loss: 6.5075 (Recon: 5.2764, CLR: 6.1557)
2026-06-15 14:32:04,400 - Evaluating on bbbp...
2026-06-15 14:32:04,789 - bbbp ROC-AUC: 0.8164
2026-06-15 14:32:04,789 - Evaluating on bace...
2026-06-15 14:32:05,090 - bace ROC-AUC: 0.7814
2026-06-15 14:32:05,091 - Evaluating on clintox...
2026-06-15 14:32:05,381 - clintox ROC-AUC: 0.5782
2026-06-15 14:32:05,381 - Evaluating on freesolv...
2026-06-15 14:32:05,516 - freesolv RMSE: 2.9032
2026-06-15 14:32:05,516 - Evaluating on esol...
2026-06-15 14:32:05,695 - esol RMSE: 2.0047
2026-06-15 14:32:05,695 - Evaluating on lipo...
2026-06-15 14:32:06,327 - lipo RMSE: 0.9808
2026-06-15 14:32:06,327 - Unified Linear Probe Score: -0.6188
2026-06-15 14:33:50,075 - Epoch 206/300 - Train Loss: 2.2649 (Recon: 1.5886, CLR: 3.3815) - Val Loss: 336.3645 (Recon: 335.1411, CLR: 6.1169)
2026-06-15 14:35:33,561 - Epoch 207/300 - Train Loss: 2.2621 (Recon: 1.5861, CLR: 3.3801) - Val Loss: 172.8650 (Recon: 171.6460, CLR: 6.0954)
2026-06-15 14:37:17,724 - Epoch 208/300 - Train Loss: 2.2727 (Recon: 1.5968, CLR: 3.3792) - Val Loss: 240.8472 (Recon: 239.6275, CLR: 6.0985)
2026-06-15 14:39:02,513 - Epoch 209/300 - Train Loss: 2.2587 (Recon: 1.5831, CLR: 3.3781) - Val Loss: 3.9871 (Recon: 2.7623, CLR: 6.1238)
2026-06-15 14:40:46,875 - Epoch 210/300 - Train Loss: 2.2508 (Recon: 1.5755, CLR: 3.3768) - Val Loss: 9.4656 (Recon: 8.2435, CLR: 6.1107)
2026-06-15 14:40:46,876 - Evaluating on bbbp...
2026-06-15 14:40:47,260 - bbbp ROC-AUC: 0.7961
2026-06-15 14:40:47,260 - Evaluating on bace...
2026-06-15 14:40:47,552 - bace ROC-AUC: 0.7707
2026-06-15 14:40:47,552 - Evaluating on clintox...
2026-06-15 14:40:47,837 - clintox ROC-AUC: 0.6565
2026-06-15 14:40:47,838 - Evaluating on freesolv...
2026-06-15 14:40:47,970 - freesolv RMSE: 3.6026
2026-06-15 14:40:47,970 - Evaluating on esol...
2026-06-15 14:40:48,160 - esol RMSE: 2.0301
2026-06-15 14:40:48,160 - Evaluating on lipo...
2026-06-15 14:40:48,790 - lipo RMSE: 1.0102
2026-06-15 14:40:48,790 - Unified Linear Probe Score: -0.7366
2026-06-15 14:42:33,838 - Epoch 211/300 - Train Loss: 2.2610 (Recon: 1.5853, CLR: 3.3784) - Val Loss: 6.7731 (Recon: 5.5500, CLR: 6.1156)
2026-06-15 14:44:17,583 - Epoch 212/300 - Train Loss: 2.2669 (Recon: 1.5914, CLR: 3.3772) - Val Loss: 12.2348 (Recon: 11.0137, CLR: 6.1051)
2026-06-15 14:46:02,122 - Epoch 213/300 - Train Loss: 2.2660 (Recon: 1.5907, CLR: 3.3766) - Val Loss: 27.0877 (Recon: 25.8691, CLR: 6.0931)
2026-06-15 14:47:46,380 - Epoch 214/300 - Train Loss: 2.2812 (Recon: 1.6058, CLR: 3.3772) - Val Loss: 18.1851 (Recon: 16.9780, CLR: 6.0356)
2026-06-15 14:49:38,097 - Epoch 215/300 - Train Loss: 2.2415 (Recon: 1.5660, CLR: 3.3774) - Val Loss: 67.8060 (Recon: 66.5977, CLR: 6.0413)
2026-06-15 14:49:38,098 - Evaluating on bbbp...
2026-06-15 14:49:38,484 - bbbp ROC-AUC: 0.8101
2026-06-15 14:49:38,485 - Evaluating on bace...
2026-06-15 14:49:38,777 - bace ROC-AUC: 0.7858
2026-06-15 14:49:38,778 - Evaluating on clintox...
2026-06-15 14:49:39,074 - clintox ROC-AUC: 0.5753
2026-06-15 14:49:39,075 - Evaluating on freesolv...
2026-06-15 14:49:39,210 - freesolv RMSE: 2.6498
2026-06-15 14:49:39,211 - Evaluating on esol...
2026-06-15 14:49:39,395 - esol RMSE: 1.8618
2026-06-15 14:49:39,395 - Evaluating on lipo...
2026-06-15 14:49:40,031 - lipo RMSE: 1.0156
2026-06-15 14:49:40,031 - Unified Linear Probe Score: -0.5593
2026-06-15 14:51:24,183 - Epoch 216/300 - Train Loss: 2.2554 (Recon: 1.5795, CLR: 3.3797) - Val Loss: 5.2793 (Recon: 4.0658, CLR: 6.0671)
2026-06-15 14:53:12,441 - Epoch 217/300 - Train Loss: 2.2517 (Recon: 1.5761, CLR: 3.3784) - Val Loss: 31.2245 (Recon: 30.0042, CLR: 6.1013)
2026-06-15 14:55:07,120 - Epoch 218/300 - Train Loss: 2.2493 (Recon: 1.5741, CLR: 3.3759) - Val Loss: 24.3437 (Recon: 23.1296, CLR: 6.0705)
2026-06-15 14:56:59,554 - Epoch 219/300 - Train Loss: 2.2641 (Recon: 1.5891, CLR: 3.3747) - Val Loss: 4.9560 (Recon: 3.7455, CLR: 6.0523)
2026-06-15 14:58:48,766 - Epoch 220/300 - Train Loss: 2.2567 (Recon: 1.5809, CLR: 3.3787) - Val Loss: 5.1652 (Recon: 3.9433, CLR: 6.1095)
2026-06-15 14:58:48,767 - Evaluating on bbbp...
2026-06-15 14:58:49,147 - bbbp ROC-AUC: 0.8074
2026-06-15 14:58:49,147 - Evaluating on bace...
2026-06-15 14:58:49,451 - bace ROC-AUC: 0.8033
2026-06-15 14:58:49,452 - Evaluating on clintox...
2026-06-15 14:58:49,753 - clintox ROC-AUC: 0.6599
2026-06-15 14:58:49,753 - Evaluating on freesolv...
2026-06-15 14:58:49,888 - freesolv RMSE: 2.9680
2026-06-15 14:58:49,889 - Evaluating on esol...
2026-06-15 14:58:50,070 - esol RMSE: 1.4034
2026-06-15 14:58:50,071 - Evaluating on lipo...
2026-06-15 14:58:50,710 - lipo RMSE: 1.0086
2026-06-15 14:58:50,710 - Unified Linear Probe Score: -0.5182
2026-06-15 15:00:38,666 - Epoch 221/300 - Train Loss: 2.2650 (Recon: 1.5899, CLR: 3.3754) - Val Loss: 3.7722 (Recon: 2.5585, CLR: 6.0686)
2026-06-15 15:02:24,883 - Epoch 222/300 - Train Loss: 2.2667 (Recon: 1.5916, CLR: 3.3756) - Val Loss: 7.2927 (Recon: 6.0718, CLR: 6.1045)
2026-06-15 15:04:10,604 - Epoch 223/300 - Train Loss: 2.2653 (Recon: 1.5909, CLR: 3.3720) - Val Loss: 25.9113 (Recon: 24.6946, CLR: 6.0833)
2026-06-15 15:06:02,011 - Epoch 224/300 - Train Loss: 2.2582 (Recon: 1.5831, CLR: 3.3756) - Val Loss: 39.4360 (Recon: 38.2175, CLR: 6.0928)
2026-06-15 15:07:48,390 - Epoch 225/300 - Train Loss: 2.2463 (Recon: 1.5716, CLR: 3.3738) - Val Loss: 28.3814 (Recon: 27.1672, CLR: 6.0712)
2026-06-15 15:07:48,390 - Evaluating on bbbp...
2026-06-15 15:07:48,775 - bbbp ROC-AUC: 0.8216
2026-06-15 15:07:48,775 - Evaluating on bace...
2026-06-15 15:07:49,075 - bace ROC-AUC: 0.7907
2026-06-15 15:07:49,075 - Evaluating on clintox...
2026-06-15 15:07:49,378 - clintox ROC-AUC: 0.5666
2026-06-15 15:07:49,378 - Evaluating on freesolv...
2026-06-15 15:07:49,505 - freesolv RMSE: 2.9958
2026-06-15 15:07:49,505 - Evaluating on esol...
2026-06-15 15:07:49,683 - esol RMSE: 1.6493
2026-06-15 15:07:49,683 - Evaluating on lipo...
2026-06-15 15:07:50,318 - lipo RMSE: 1.0284
2026-06-15 15:07:50,318 - Unified Linear Probe Score: -0.5824
2026-06-15 15:09:34,646 - Epoch 226/300 - Train Loss: 2.2715 (Recon: 1.5969, CLR: 3.3730) - Val Loss: 10.3738 (Recon: 9.1630, CLR: 6.0540)
2026-06-15 15:11:18,685 - Epoch 227/300 - Train Loss: 2.2556 (Recon: 1.5804, CLR: 3.3760) - Val Loss: 8.3896 (Recon: 7.1729, CLR: 6.0835)
2026-06-15 15:13:02,982 - Epoch 228/300 - Train Loss: 2.2453 (Recon: 1.5704, CLR: 3.3744) - Val Loss: 31.8989 (Recon: 30.6803, CLR: 6.0932)
2026-06-15 15:14:48,121 - Epoch 229/300 - Train Loss: 2.2649 (Recon: 1.5899, CLR: 3.3749) - Val Loss: 15.9441 (Recon: 14.7322, CLR: 6.0595)
2026-06-15 15:16:35,231 - Epoch 230/300 - Train Loss: 2.2533 (Recon: 1.5785, CLR: 3.3739) - Val Loss: 5.2608 (Recon: 4.0389, CLR: 6.1095)
2026-06-15 15:16:35,232 - Evaluating on bbbp...
2026-06-15 15:16:35,614 - bbbp ROC-AUC: 0.8224
2026-06-15 15:16:35,614 - Evaluating on bace...
2026-06-15 15:16:35,904 - bace ROC-AUC: 0.7931
2026-06-15 15:16:35,904 - Evaluating on clintox...
2026-06-15 15:16:36,192 - clintox ROC-AUC: 0.6244
2026-06-15 15:16:36,192 - Evaluating on freesolv...
2026-06-15 15:16:36,328 - freesolv RMSE: 2.5420
2026-06-15 15:16:36,328 - Evaluating on esol...
2026-06-15 15:16:36,503 - esol RMSE: 1.5913
2026-06-15 15:16:36,503 - Evaluating on lipo...
2026-06-15 15:16:37,135 - lipo RMSE: 1.0548
2026-06-15 15:16:37,135 - Unified Linear Probe Score: -0.4914
2026-06-15 15:18:22,024 - Epoch 231/300 - Train Loss: 2.2446 (Recon: 1.5699, CLR: 3.3737) - Val Loss: 38.3759 (Recon: 37.1633, CLR: 6.0630)
2026-06-15 15:20:09,199 - Epoch 232/300 - Train Loss: 2.2562 (Recon: 1.5815, CLR: 3.3735) - Val Loss: 72.8901 (Recon: 71.6767, CLR: 6.0672)
2026-06-15 15:21:56,227 - Epoch 233/300 - Train Loss: 2.2516 (Recon: 1.5776, CLR: 3.3701) - Val Loss: 9.4665 (Recon: 8.2494, CLR: 6.0854)
2026-06-15 15:23:43,183 - Epoch 234/300 - Train Loss: 2.2597 (Recon: 1.5855, CLR: 3.3711) - Val Loss: 6.7280 (Recon: 5.5112, CLR: 6.0837)
2026-06-15 15:25:34,574 - Epoch 235/300 - Train Loss: 2.2550 (Recon: 1.5802, CLR: 3.3743) - Val Loss: 4.9185 (Recon: 3.7040, CLR: 6.0723)
2026-06-15 15:25:34,574 - Evaluating on bbbp...
2026-06-15 15:25:35,026 - bbbp ROC-AUC: 0.8368
2026-06-15 15:25:35,026 - Evaluating on bace...
2026-06-15 15:25:43,698 - bace ROC-AUC: 0.7918
2026-06-15 15:25:43,699 - Evaluating on clintox...
2026-06-15 15:25:44,001 - clintox ROC-AUC: 0.6603
2026-06-15 15:25:44,002 - Evaluating on freesolv...
2026-06-15 15:25:44,144 - freesolv RMSE: 3.3067
2026-06-15 15:25:44,144 - Evaluating on esol...
2026-06-15 15:25:44,329 - esol RMSE: 1.7270
2026-06-15 15:25:44,329 - Evaluating on lipo...
2026-06-15 15:25:44,970 - lipo RMSE: 1.0492
2026-06-15 15:25:44,970 - Unified Linear Probe Score: -0.6323
2026-06-15 15:27:30,090 - Epoch 236/300 - Train Loss: 2.2459 (Recon: 1.5719, CLR: 3.3698) - Val Loss: 6.3895 (Recon: 5.1740, CLR: 6.0777)
2026-06-15 15:29:15,914 - Epoch 237/300 - Train Loss: 2.2514 (Recon: 1.5771, CLR: 3.3715) - Val Loss: 4.4714 (Recon: 3.2557, CLR: 6.0785)
2026-06-15 15:31:04,808 - Epoch 238/300 - Train Loss: 2.2445 (Recon: 1.5700, CLR: 3.3727) - Val Loss: 4.2476 (Recon: 3.0395, CLR: 6.0405)
2026-06-15 15:32:49,389 - Epoch 239/300 - Train Loss: 2.2724 (Recon: 1.5985, CLR: 3.3694) - Val Loss: 9.3145 (Recon: 8.0956, CLR: 6.0941)
2026-06-15 15:34:44,839 - Epoch 240/300 - Train Loss: 2.2599 (Recon: 1.5858, CLR: 3.3706) - Val Loss: 6.0384 (Recon: 4.8134, CLR: 6.1251)
2026-06-15 15:34:44,839 - Evaluating on bbbp...
2026-06-15 15:34:45,347 - bbbp ROC-AUC: 0.8381
2026-06-15 15:34:45,347 - Evaluating on bace...
2026-06-15 15:34:45,826 - bace ROC-AUC: 0.8115
2026-06-15 15:34:45,827 - Evaluating on clintox...
2026-06-15 15:34:46,152 - clintox ROC-AUC: 0.5910
2026-06-15 15:34:46,152 - Evaluating on freesolv...
2026-06-15 15:34:46,287 - freesolv RMSE: 3.1566
2026-06-15 15:34:46,287 - Evaluating on esol...
2026-06-15 15:34:46,464 - esol RMSE: 1.9042
2026-06-15 15:34:46,465 - Evaluating on lipo...
2026-06-15 15:34:47,110 - lipo RMSE: 1.0196
2026-06-15 15:34:47,111 - Unified Linear Probe Score: -0.6400
2026-06-15 15:36:39,664 - Epoch 241/300 - Train Loss: 2.2551 (Recon: 1.5808, CLR: 3.3715) - Val Loss: 4.1288 (Recon: 2.9133, CLR: 6.0776)
2026-06-15 15:38:29,703 - Epoch 242/300 - Train Loss: 2.2694 (Recon: 1.5951, CLR: 3.3712) - Val Loss: 4.4435 (Recon: 3.2308, CLR: 6.0631)
2026-06-15 15:40:26,479 - Epoch 243/300 - Train Loss: 2.2473 (Recon: 1.5730, CLR: 3.3718) - Val Loss: 5.5326 (Recon: 4.3162, CLR: 6.0816)
2026-06-15 15:42:20,402 - Epoch 244/300 - Train Loss: 2.2294 (Recon: 1.5554, CLR: 3.3699) - Val Loss: 7.9739 (Recon: 6.7656, CLR: 6.0411)
2026-06-15 15:44:10,501 - Epoch 245/300 - Train Loss: 2.2701 (Recon: 1.5960, CLR: 3.3704) - Val Loss: 6.4160 (Recon: 5.1989, CLR: 6.0858)
2026-06-15 15:44:10,502 - Evaluating on bbbp...
2026-06-15 15:44:10,883 - bbbp ROC-AUC: 0.8470
2026-06-15 15:44:10,883 - Evaluating on bace...
2026-06-15 15:44:11,192 - bace ROC-AUC: 0.7727
2026-06-15 15:44:11,192 - Evaluating on clintox...
2026-06-15 15:44:11,487 - clintox ROC-AUC: 0.6409
2026-06-15 15:44:11,487 - Evaluating on freesolv...
2026-06-15 15:44:11,623 - freesolv RMSE: 2.5468
2026-06-15 15:44:11,624 - Evaluating on esol...
2026-06-15 15:44:11,828 - esol RMSE: 1.7865
2026-06-15 15:44:11,828 - Evaluating on lipo...
2026-06-15 15:44:12,465 - lipo RMSE: 1.1100
2026-06-15 15:44:12,465 - Unified Linear Probe Score: -0.5304
2026-06-15 15:46:05,674 - Epoch 246/300 - Train Loss: 2.2433 (Recon: 1.5697, CLR: 3.3679) - Val Loss: 4.8811 (Recon: 3.6589, CLR: 6.1114)
2026-06-15 15:47:59,197 - Epoch 247/300 - Train Loss: 2.2347 (Recon: 1.5614, CLR: 3.3666) - Val Loss: 3.9786 (Recon: 2.7646, CLR: 6.0702)
2026-06-15 15:49:52,645 - Epoch 248/300 - Train Loss: 2.2497 (Recon: 1.5757, CLR: 3.3697) - Val Loss: 3.9150 (Recon: 2.7009, CLR: 6.0708)
2026-06-15 15:51:41,812 - Epoch 249/300 - Train Loss: 2.2591 (Recon: 1.5853, CLR: 3.3690) - Val Loss: 5.5938 (Recon: 4.3853, CLR: 6.0423)
2026-06-15 15:53:32,253 - Epoch 250/300 - Train Loss: 2.2511 (Recon: 1.5771, CLR: 3.3697) - Val Loss: 4.1684 (Recon: 2.9509, CLR: 6.0873)
2026-06-15 15:53:32,253 - Evaluating on bbbp...
2026-06-15 15:53:32,630 - bbbp ROC-AUC: 0.8200
2026-06-15 15:53:32,630 - Evaluating on bace...
2026-06-15 15:53:32,928 - bace ROC-AUC: 0.7723
2026-06-15 15:53:32,928 - Evaluating on clintox...
2026-06-15 15:53:33,223 - clintox ROC-AUC: 0.5994
2026-06-15 15:53:33,223 - Evaluating on freesolv...
2026-06-15 15:53:33,352 - freesolv RMSE: 2.6969
2026-06-15 15:53:33,352 - Evaluating on esol...
2026-06-15 15:53:33,529 - esol RMSE: 1.6492
2026-06-15 15:53:33,529 - Evaluating on lipo...
2026-06-15 15:53:34,167 - lipo RMSE: 1.0638
2026-06-15 15:53:34,167 - Unified Linear Probe Score: -0.5363
2026-06-15 15:55:24,293 - Epoch 251/300 - Train Loss: 2.2449 (Recon: 1.5709, CLR: 3.3699) - Val Loss: 4.3667 (Recon: 3.1528, CLR: 6.0694)
2026-06-15 15:57:13,473 - Epoch 252/300 - Train Loss: 2.2431 (Recon: 1.5691, CLR: 3.3699) - Val Loss: 4.7125 (Recon: 3.4997, CLR: 6.0640)
2026-06-15 15:59:01,520 - Epoch 253/300 - Train Loss: 2.2440 (Recon: 1.5704, CLR: 3.3679) - Val Loss: 4.2575 (Recon: 3.0427, CLR: 6.0739)
2026-06-15 16:00:50,439 - Epoch 254/300 - Train Loss: 2.2580 (Recon: 1.5849, CLR: 3.3652) - Val Loss: 5.8550 (Recon: 4.6384, CLR: 6.0829)
2026-06-15 16:02:40,205 - Epoch 255/300 - Train Loss: 2.2468 (Recon: 1.5737, CLR: 3.3655) - Val Loss: 4.0997 (Recon: 2.8882, CLR: 6.0576)
2026-06-15 16:02:40,205 - Evaluating on bbbp...
2026-06-15 16:02:40,580 - bbbp ROC-AUC: 0.8385
2026-06-15 16:02:40,580 - Evaluating on bace...
2026-06-15 16:02:40,871 - bace ROC-AUC: 0.7730
2026-06-15 16:02:40,871 - Evaluating on clintox...
2026-06-15 16:02:41,166 - clintox ROC-AUC: 0.6388
2026-06-15 16:02:41,167 - Evaluating on freesolv...
2026-06-15 16:02:41,292 - freesolv RMSE: 3.0955
2026-06-15 16:02:41,292 - Evaluating on esol...
2026-06-15 16:02:41,618 - esol RMSE: 1.7039
2026-06-15 16:02:41,621 - Evaluating on lipo...
2026-06-15 16:02:49,476 - lipo RMSE: 0.9822
2026-06-15 16:02:49,476 - Unified Linear Probe Score: -0.5885
2026-06-15 16:04:43,602 - Epoch 256/300 - Train Loss: 2.2447 (Recon: 1.5709, CLR: 3.3689) - Val Loss: 3.8776 (Recon: 2.6647, CLR: 6.0644)
2026-06-15 16:06:31,666 - Epoch 257/300 - Train Loss: 2.2260 (Recon: 1.5527, CLR: 3.3662) - Val Loss: 4.2948 (Recon: 3.0813, CLR: 6.0677)
2026-06-15 16:08:17,959 - Epoch 258/300 - Train Loss: 2.2380 (Recon: 1.5650, CLR: 3.3650) - Val Loss: 4.6255 (Recon: 3.4173, CLR: 6.0410)
2026-06-15 16:10:06,741 - Epoch 259/300 - Train Loss: 2.2637 (Recon: 1.5902, CLR: 3.3674) - Val Loss: 4.2052 (Recon: 2.9918, CLR: 6.0670)
2026-06-15 16:11:51,618 - Epoch 260/300 - Train Loss: 2.2405 (Recon: 1.5671, CLR: 3.3670) - Val Loss: 5.9827 (Recon: 4.7741, CLR: 6.0431)
2026-06-15 16:11:51,618 - Evaluating on bbbp...
2026-06-15 16:11:51,998 - bbbp ROC-AUC: 0.8075
2026-06-15 16:11:51,998 - Evaluating on bace...
2026-06-15 16:11:52,300 - bace ROC-AUC: 0.8151
2026-06-15 16:11:52,300 - Evaluating on clintox...
2026-06-15 16:11:52,612 - clintox ROC-AUC: 0.6881
2026-06-15 16:11:52,612 - Evaluating on freesolv...
2026-06-15 16:11:52,742 - freesolv RMSE: 3.2256
2026-06-15 16:11:52,742 - Evaluating on esol...
2026-06-15 16:11:52,925 - esol RMSE: 1.9802
2026-06-15 16:11:52,926 - Evaluating on lipo...
2026-06-15 16:11:53,554 - lipo RMSE: 0.9991
2026-06-15 16:11:53,554 - Unified Linear Probe Score: -0.6490
2026-06-15 16:13:39,334 - Epoch 261/300 - Train Loss: 2.2612 (Recon: 1.5881, CLR: 3.3653) - Val Loss: 6.6799 (Recon: 5.4650, CLR: 6.0747)
2026-06-15 16:15:24,403 - Epoch 262/300 - Train Loss: 2.2335 (Recon: 1.5610, CLR: 3.3627) - Val Loss: 4.2293 (Recon: 3.0071, CLR: 6.1110)
2026-06-15 16:17:09,452 - Epoch 263/300 - Train Loss: 2.2471 (Recon: 1.5746, CLR: 3.3628) - Val Loss: 6.8922 (Recon: 5.6811, CLR: 6.0555)
2026-06-15 16:19:01,480 - Epoch 264/300 - Train Loss: 2.2495 (Recon: 1.5766, CLR: 3.3648) - Val Loss: 6.0644 (Recon: 4.8591, CLR: 6.0267)
2026-06-15 16:20:53,004 - Epoch 265/300 - Train Loss: 2.2436 (Recon: 1.5702, CLR: 3.3670) - Val Loss: 4.2127 (Recon: 3.0078, CLR: 6.0243)
2026-06-15 16:20:53,004 - Evaluating on bbbp...
2026-06-15 16:20:53,389 - bbbp ROC-AUC: 0.8128
2026-06-15 16:20:53,389 - Evaluating on bace...
2026-06-15 16:20:53,694 - bace ROC-AUC: 0.7823
2026-06-15 16:20:53,694 - Evaluating on clintox...
2026-06-15 16:20:53,988 - clintox ROC-AUC: 0.6266
2026-06-15 16:20:53,988 - Evaluating on freesolv...
2026-06-15 16:20:54,137 - freesolv RMSE: 3.2426
2026-06-15 16:20:54,137 - Evaluating on esol...
2026-06-15 16:20:54,316 - esol RMSE: 1.7609
2026-06-15 16:20:54,316 - Evaluating on lipo...
2026-06-15 16:20:54,957 - lipo RMSE: 1.0262
2026-06-15 16:20:54,957 - Unified Linear Probe Score: -0.6347
2026-06-15 16:22:41,607 - Epoch 266/300 - Train Loss: 2.2672 (Recon: 1.5943, CLR: 3.3645) - Val Loss: 4.2071 (Recon: 2.9932, CLR: 6.0698)
2026-06-15 16:24:28,101 - Epoch 267/300 - Train Loss: 2.2461 (Recon: 1.5736, CLR: 3.3625) - Val Loss: 3.7103 (Recon: 2.5030, CLR: 6.0363)
2026-06-15 16:26:15,347 - Epoch 268/300 - Train Loss: 2.2642 (Recon: 1.5916, CLR: 3.3627) - Val Loss: 3.7513 (Recon: 2.5470, CLR: 6.0215)
2026-06-15 16:28:07,103 - Epoch 269/300 - Train Loss: 2.2340 (Recon: 1.5618, CLR: 3.3611) - Val Loss: 4.1568 (Recon: 2.9516, CLR: 6.0260)
2026-06-15 16:29:55,129 - Epoch 270/300 - Train Loss: 2.2658 (Recon: 1.5929, CLR: 3.3643) - Val Loss: 4.5974 (Recon: 3.3837, CLR: 6.0686)
2026-06-15 16:29:55,129 - Evaluating on bbbp...
2026-06-15 16:29:55,507 - bbbp ROC-AUC: 0.8230
2026-06-15 16:29:55,509 - Evaluating on bace...
2026-06-15 16:29:55,898 - bace ROC-AUC: 0.8000
2026-06-15 16:29:55,898 - Evaluating on clintox...
2026-06-15 16:29:56,261 - clintox ROC-AUC: 0.5507
2026-06-15 16:29:56,261 - Evaluating on freesolv...
2026-06-15 16:29:56,414 - freesolv RMSE: 2.8734
2026-06-15 16:29:56,414 - Evaluating on esol...
2026-06-15 16:29:56,656 - esol RMSE: 2.0554
2026-06-15 16:29:56,656 - Evaluating on lipo...
2026-06-15 16:29:57,497 - lipo RMSE: 1.0599
2026-06-15 16:29:57,498 - Unified Linear Probe Score: -0.6358
2026-06-15 16:31:49,363 - Epoch 271/300 - Train Loss: 2.2522 (Recon: 1.5797, CLR: 3.3624) - Val Loss: 8.8529 (Recon: 7.6370, CLR: 6.0792)
2026-06-15 16:33:37,047 - Epoch 272/300 - Train Loss: 2.2324 (Recon: 1.5601, CLR: 3.3612) - Val Loss: 3.8761 (Recon: 2.6626, CLR: 6.0677)
2026-06-15 16:35:21,895 - Epoch 273/300 - Train Loss: 2.2349 (Recon: 1.5621, CLR: 3.3638) - Val Loss: 3.8537 (Recon: 2.6500, CLR: 6.0188)
2026-06-15 16:37:08,117 - Epoch 274/300 - Train Loss: 2.2404 (Recon: 1.5684, CLR: 3.3599) - Val Loss: 4.2864 (Recon: 3.0792, CLR: 6.0360)
2026-06-15 16:39:00,863 - Epoch 275/300 - Train Loss: 2.2636 (Recon: 1.5911, CLR: 3.3625) - Val Loss: 4.1187 (Recon: 2.9099, CLR: 6.0441)
2026-06-15 16:39:00,863 - Evaluating on bbbp...
2026-06-15 16:39:01,423 - bbbp ROC-AUC: 0.8199
2026-06-15 16:39:01,424 - Evaluating on bace...
2026-06-15 16:39:01,760 - bace ROC-AUC: 0.7760
2026-06-15 16:39:01,760 - Evaluating on clintox...
2026-06-15 16:39:02,060 - clintox ROC-AUC: 0.6263
2026-06-15 16:39:02,060 - Evaluating on freesolv...
2026-06-15 16:39:02,193 - freesolv RMSE: 3.4029
2026-06-15 16:39:02,193 - Evaluating on esol...
2026-06-15 16:39:02,370 - esol RMSE: 1.7151
2026-06-15 16:39:02,371 - Evaluating on lipo...
2026-06-15 16:39:03,015 - lipo RMSE: 1.0748
2026-06-15 16:39:03,015 - Unified Linear Probe Score: -0.6617
2026-06-15 16:41:03,541 - Epoch 276/300 - Train Loss: 2.2428 (Recon: 1.5703, CLR: 3.3625) - Val Loss: 4.0995 (Recon: 2.8954, CLR: 6.0205)
2026-06-15 16:42:55,901 - Epoch 277/300 - Train Loss: 2.2273 (Recon: 1.5547, CLR: 3.3631) - Val Loss: 4.7963 (Recon: 3.5890, CLR: 6.0366)
2026-06-15 16:44:49,326 - Epoch 278/300 - Train Loss: 2.2475 (Recon: 1.5752, CLR: 3.3613) - Val Loss: 4.1437 (Recon: 2.9380, CLR: 6.0285)
2026-06-15 16:46:42,753 - Epoch 279/300 - Train Loss: 2.2405 (Recon: 1.5683, CLR: 3.3611) - Val Loss: 3.5413 (Recon: 2.3315, CLR: 6.0492)
2026-06-15 16:48:32,119 - Epoch 280/300 - Train Loss: 2.2443 (Recon: 1.5720, CLR: 3.3612) - Val Loss: 5.5373 (Recon: 4.3236, CLR: 6.0681)
2026-06-15 16:48:32,119 - Evaluating on bbbp...
2026-06-15 16:48:32,506 - bbbp ROC-AUC: 0.8234
2026-06-15 16:48:32,506 - Evaluating on bace...
2026-06-15 16:48:32,817 - bace ROC-AUC: 0.7709
2026-06-15 16:48:32,818 - Evaluating on clintox...
2026-06-15 16:48:33,246 - clintox ROC-AUC: 0.5974
2026-06-15 16:48:33,246 - Evaluating on freesolv...
2026-06-15 16:48:33,596 - freesolv RMSE: 4.2080
2026-06-15 16:48:33,596 - Evaluating on esol...
2026-06-15 16:48:33,870 - esol RMSE: 1.7404
2026-06-15 16:48:33,870 - Evaluating on lipo...
2026-06-15 16:48:34,517 - lipo RMSE: 1.0305
2026-06-15 16:48:34,517 - Unified Linear Probe Score: -0.7979
2026-06-15 16:50:29,712 - Epoch 281/300 - Train Loss: 2.2354 (Recon: 1.5633, CLR: 3.3607) - Val Loss: 5.5946 (Recon: 4.3781, CLR: 6.0826)
2026-06-15 16:52:19,551 - Epoch 282/300 - Train Loss: 2.2386 (Recon: 1.5670, CLR: 3.3578) - Val Loss: 4.5858 (Recon: 3.3873, CLR: 5.9924)
2026-06-15 16:54:12,277 - Epoch 283/300 - Train Loss: 2.2369 (Recon: 1.5646, CLR: 3.3617) - Val Loss: 4.4585 (Recon: 3.2529, CLR: 6.0280)
2026-06-15 16:56:00,162 - Epoch 284/300 - Train Loss: 2.2426 (Recon: 1.5705, CLR: 3.3601) - Val Loss: 8.3946 (Recon: 7.1875, CLR: 6.0354)
2026-06-15 16:57:50,544 - Epoch 285/300 - Train Loss: 2.2256 (Recon: 1.5540, CLR: 3.3582) - Val Loss: 6.1244 (Recon: 4.9150, CLR: 6.0470)
2026-06-15 16:57:50,544 - Evaluating on bbbp...
2026-06-15 16:57:50,996 - bbbp ROC-AUC: 0.8286
2026-06-15 16:57:50,996 - Evaluating on bace...
2026-06-15 16:57:51,329 - bace ROC-AUC: 0.7561
2026-06-15 16:57:51,329 - Evaluating on clintox...
2026-06-15 16:57:51,660 - clintox ROC-AUC: 0.5852
2026-06-15 16:57:51,661 - Evaluating on freesolv...
2026-06-15 16:57:51,824 - freesolv RMSE: 2.9223
2026-06-15 16:57:51,825 - Evaluating on esol...
2026-06-15 16:57:52,031 - esol RMSE: 1.8641
2026-06-15 16:57:52,031 - Evaluating on lipo...
2026-06-15 16:57:52,715 - lipo RMSE: 1.0180
2026-06-15 16:57:52,716 - Unified Linear Probe Score: -0.6058
2026-06-15 16:59:41,159 - Epoch 286/300 - Train Loss: 2.2473 (Recon: 1.5755, CLR: 3.3591) - Val Loss: 4.0468 (Recon: 2.8345, CLR: 6.0618)
2026-06-15 17:01:28,170 - Epoch 287/300 - Train Loss: 2.2508 (Recon: 1.5788, CLR: 3.3598) - Val Loss: 6.9246 (Recon: 5.7187, CLR: 6.0295)
2026-06-15 17:03:16,218 - Epoch 288/300 - Train Loss: 2.2266 (Recon: 1.5548, CLR: 3.3592) - Val Loss: 4.9235 (Recon: 3.7211, CLR: 6.0119)
2026-06-15 17:05:05,039 - Epoch 289/300 - Train Loss: 2.2336 (Recon: 1.5620, CLR: 3.3580) - Val Loss: 5.8868 (Recon: 4.6795, CLR: 6.0363)
2026-06-15 17:06:52,418 - Epoch 290/300 - Train Loss: 2.2572 (Recon: 1.5860, CLR: 3.3559) - Val Loss: 4.1365 (Recon: 2.9254, CLR: 6.0557)
2026-06-15 17:06:52,418 - Evaluating on bbbp...
2026-06-15 17:06:52,799 - bbbp ROC-AUC: 0.8249
2026-06-15 17:06:52,800 - Evaluating on bace...
2026-06-15 17:06:53,095 - bace ROC-AUC: 0.7811
2026-06-15 17:06:53,095 - Evaluating on clintox...
2026-06-15 17:06:53,386 - clintox ROC-AUC: 0.5548
2026-06-15 17:06:53,386 - Evaluating on freesolv...
2026-06-15 17:06:53,520 - freesolv RMSE: 3.3104
2026-06-15 17:06:53,520 - Evaluating on esol...
2026-06-15 17:06:53,700 - esol RMSE: 1.6635
2026-06-15 17:06:53,700 - Evaluating on lipo...
2026-06-15 17:06:54,333 - lipo RMSE: 0.9894
2026-06-15 17:06:54,334 - Unified Linear Probe Score: -0.6338
2026-06-15 17:08:43,357 - Epoch 291/300 - Train Loss: 2.2436 (Recon: 1.5723, CLR: 3.3565) - Val Loss: 3.8182 (Recon: 2.6137, CLR: 6.0225)
2026-06-15 17:10:30,778 - Epoch 292/300 - Train Loss: 2.2507 (Recon: 1.5791, CLR: 3.3580) - Val Loss: 6.9586 (Recon: 5.7533, CLR: 6.0266)
2026-06-15 17:12:20,450 - Epoch 293/300 - Train Loss: 2.2273 (Recon: 1.5561, CLR: 3.3556) - Val Loss: 4.1807 (Recon: 2.9709, CLR: 6.0492)
2026-06-15 17:14:09,541 - Epoch 294/300 - Train Loss: 2.2443 (Recon: 1.5728, CLR: 3.3576) - Val Loss: 4.1287 (Recon: 2.9269, CLR: 6.0091)
2026-06-15 17:15:59,416 - Epoch 295/300 - Train Loss: 2.2471 (Recon: 1.5760, CLR: 3.3554) - Val Loss: 3.9243 (Recon: 2.7220, CLR: 6.0118)
2026-06-15 17:15:59,416 - Evaluating on bbbp...
2026-06-15 17:15:59,808 - bbbp ROC-AUC: 0.8029
2026-06-15 17:15:59,808 - Evaluating on bace...
2026-06-15 17:16:00,106 - bace ROC-AUC: 0.7852
2026-06-15 17:16:00,106 - Evaluating on clintox...
2026-06-15 17:16:00,405 - clintox ROC-AUC: 0.6112
2026-06-15 17:16:00,405 - Evaluating on freesolv...
2026-06-15 17:16:00,539 - freesolv RMSE: 4.1048
2026-06-15 17:16:00,540 - Evaluating on esol...
2026-06-15 17:16:00,723 - esol RMSE: 1.6745
2026-06-15 17:16:00,723 - Evaluating on lipo...
2026-06-15 17:16:01,362 - lipo RMSE: 0.9910
2026-06-15 17:16:01,362 - Unified Linear Probe Score: -0.7618
2026-06-15 17:17:50,221 - Epoch 296/300 - Train Loss: 2.2333 (Recon: 1.5622, CLR: 3.3555) - Val Loss: 4.4487 (Recon: 3.2375, CLR: 6.0561)
2026-06-15 17:19:47,690 - Epoch 297/300 - Train Loss: 2.2470 (Recon: 1.5758, CLR: 3.3561) - Val Loss: 3.7817 (Recon: 2.5827, CLR: 5.9947)
2026-06-15 17:21:35,336 - Epoch 298/300 - Train Loss: 2.2317 (Recon: 1.5606, CLR: 3.3554) - Val Loss: 48.9245 (Recon: 47.7141, CLR: 6.0519)
2026-06-15 17:23:24,245 - Epoch 299/300 - Train Loss: 2.2506 (Recon: 1.5786, CLR: 3.3601) - Val Loss: 37.2741 (Recon: 36.0735, CLR: 6.0030)
2026-06-15 17:25:13,676 - Epoch 300/300 - Train Loss: 2.2406 (Recon: 1.5695, CLR: 3.3553) - Val Loss: 40.3948 (Recon: 39.1896, CLR: 6.0259)
2026-06-15 17:25:13,676 - Evaluating on bbbp...
2026-06-15 17:25:14,066 - bbbp ROC-AUC: 0.8286
2026-06-15 17:25:14,066 - Evaluating on bace...
2026-06-15 17:25:14,391 - bace ROC-AUC: 0.7714
2026-06-15 17:25:14,392 - Evaluating on clintox...
2026-06-15 17:25:14,696 - clintox ROC-AUC: 0.6217
2026-06-15 17:25:14,696 - Evaluating on freesolv...
2026-06-15 17:25:14,827 - freesolv RMSE: 4.2719
2026-06-15 17:25:14,827 - Evaluating on esol...
2026-06-15 17:25:15,025 - esol RMSE: 1.6320
2026-06-15 17:25:15,026 - Evaluating on lipo...
2026-06-15 17:25:15,680 - lipo RMSE: 1.0027
2026-06-15 17:25:15,680 - Unified Linear Probe Score: -0.7808
