2026-06-14 10:29:20,292 - Epoch 1/100 - Train Loss: 0.3246 (Recon: 0.0000, CLR: 3.2465) - Val Loss: 0.4155 (Recon: 0.0000, CLR: 4.1546)
2026-06-14 10:31:07,447 - Epoch 2/100 - Train Loss: 0.3238 (Recon: 0.0000, CLR: 3.2381) - Val Loss: 0.4173 (Recon: 0.0000, CLR: 4.1726)
2026-06-14 10:32:54,304 - Epoch 3/100 - Train Loss: 0.3237 (Recon: 0.0000, CLR: 3.2369) - Val Loss: 0.4193 (Recon: 0.0000, CLR: 4.1929)
2026-06-14 10:34:41,095 - Epoch 4/100 - Train Loss: 0.3235 (Recon: 0.0000, CLR: 3.2353) - Val Loss: 0.4116 (Recon: 0.0000, CLR: 4.1157)
2026-06-14 10:36:28,261 - Epoch 5/100 - Train Loss: 0.3234 (Recon: 0.0000, CLR: 3.2336) - Val Loss: 0.4104 (Recon: 0.0000, CLR: 4.1044)
2026-06-14 10:36:28,262 - Evaluating on bbbp...
2026-06-14 10:36:28,696 - bbbp ROC-AUC: 0.7792
2026-06-14 10:36:28,697 - Evaluating on bace...
2026-06-14 10:36:29,051 - bace ROC-AUC: 0.8058
2026-06-14 10:36:29,052 - Evaluating on clintox...
2026-06-14 10:36:29,382 - clintox ROC-AUC: 0.7252
2026-06-14 10:36:29,382 - Evaluating on freesolv...
2026-06-14 10:36:29,572 - freesolv RMSE: 4.1035
2026-06-14 10:36:29,572 - Evaluating on esol...
2026-06-14 10:36:29,803 - esol RMSE: 1.9717
2026-06-14 10:36:29,803 - Evaluating on lipo...
2026-06-14 10:36:30,522 - lipo RMSE: 1.1031
2026-06-14 10:36:30,523 - Unified Linear Probe Score: -0.8114
2026-06-14 10:36:30,523 - New Best Probe Score: -0.8114
2026-06-14 10:38:14,724 - Epoch 6/100 - Train Loss: 0.3235 (Recon: 0.0000, CLR: 3.2353) - Val Loss: 0.4172 (Recon: 0.0000, CLR: 4.1723)
2026-06-14 10:40:07,444 - Epoch 7/100 - Train Loss: 0.3234 (Recon: 0.0000, CLR: 3.2341) - Val Loss: 0.4162 (Recon: 0.0000, CLR: 4.1617)
2026-06-14 10:41:50,642 - Epoch 8/100 - Train Loss: 0.3234 (Recon: 0.0000, CLR: 3.2344) - Val Loss: 0.4170 (Recon: 0.0000, CLR: 4.1702)
2026-06-14 10:43:34,865 - Epoch 9/100 - Train Loss: 0.3232 (Recon: 0.0000, CLR: 3.2322) - Val Loss: 0.4194 (Recon: 0.0000, CLR: 4.1939)
2026-06-14 10:45:18,218 - Epoch 10/100 - Train Loss: 0.3232 (Recon: 0.0000, CLR: 3.2317) - Val Loss: 0.4160 (Recon: 0.0000, CLR: 4.1605)
2026-06-14 10:45:18,219 - Evaluating on bbbp...
2026-06-14 10:45:18,576 - bbbp ROC-AUC: 0.7865
2026-06-14 10:45:18,576 - Evaluating on bace...
2026-06-14 10:45:18,872 - bace ROC-AUC: 0.8191
2026-06-14 10:45:18,873 - Evaluating on clintox...
2026-06-14 10:45:19,145 - clintox ROC-AUC: 0.6902
2026-06-14 10:45:19,145 - Evaluating on freesolv...
2026-06-14 10:45:19,271 - freesolv RMSE: 3.1723
2026-06-14 10:45:19,272 - Evaluating on esol...
2026-06-14 10:45:19,448 - esol RMSE: 1.8314
2026-06-14 10:45:19,449 - Evaluating on lipo...
2026-06-14 10:45:20,080 - lipo RMSE: 1.0687
2026-06-14 10:45:20,080 - Unified Linear Probe Score: -0.6294
2026-06-14 10:45:20,080 - New Best Probe Score: -0.6294
2026-06-14 10:47:02,479 - Epoch 11/100 - Train Loss: 0.3235 (Recon: 0.0000, CLR: 3.2346) - Val Loss: 0.4201 (Recon: 0.0000, CLR: 4.2013)
2026-06-14 10:48:45,652 - Epoch 12/100 - Train Loss: 0.3231 (Recon: 0.0000, CLR: 3.2307) - Val Loss: 0.4183 (Recon: 0.0000, CLR: 4.1832)
2026-06-14 10:50:28,415 - Epoch 13/100 - Train Loss: 0.3232 (Recon: 0.0000, CLR: 3.2321) - Val Loss: 0.4202 (Recon: 0.0000, CLR: 4.2018)
2026-06-14 10:52:10,825 - Epoch 14/100 - Train Loss: 0.3230 (Recon: 0.0000, CLR: 3.2302) - Val Loss: 0.4122 (Recon: 0.0000, CLR: 4.1222)
2026-06-14 10:53:53,464 - Epoch 15/100 - Train Loss: 0.3226 (Recon: 0.0000, CLR: 3.2264) - Val Loss: 0.4199 (Recon: 0.0000, CLR: 4.1993)
2026-06-14 10:53:53,464 - Evaluating on bbbp...
2026-06-14 10:53:53,833 - bbbp ROC-AUC: 0.7847
2026-06-14 10:53:53,833 - Evaluating on bace...
2026-06-14 10:53:54,118 - bace ROC-AUC: 0.8077
2026-06-14 10:53:54,118 - Evaluating on clintox...
2026-06-14 10:53:54,390 - clintox ROC-AUC: 0.7259
2026-06-14 10:53:54,390 - Evaluating on freesolv...
2026-06-14 10:53:54,515 - freesolv RMSE: 3.2000
2026-06-14 10:53:54,515 - Evaluating on esol...
2026-06-14 10:53:54,689 - esol RMSE: 2.0042
2026-06-14 10:53:54,689 - Evaluating on lipo...
2026-06-14 10:53:55,320 - lipo RMSE: 1.0828
2026-06-14 10:53:55,320 - Unified Linear Probe Score: -0.6615
2026-06-14 10:55:37,615 - Epoch 16/100 - Train Loss: 0.3232 (Recon: 0.0000, CLR: 3.2315) - Val Loss: 0.4185 (Recon: 0.0000, CLR: 4.1850)
2026-06-14 10:57:20,709 - Epoch 17/100 - Train Loss: 0.3231 (Recon: 0.0000, CLR: 3.2308) - Val Loss: 0.4183 (Recon: 0.0000, CLR: 4.1835)
2026-06-14 10:59:03,250 - Epoch 18/100 - Train Loss: 0.3229 (Recon: 0.0000, CLR: 3.2291) - Val Loss: 0.4192 (Recon: 0.0000, CLR: 4.1922)
2026-06-14 11:00:45,914 - Epoch 19/100 - Train Loss: 0.3229 (Recon: 0.0000, CLR: 3.2286) - Val Loss: 0.4239 (Recon: 0.0000, CLR: 4.2387)
2026-06-14 11:02:28,562 - Epoch 20/100 - Train Loss: 0.3229 (Recon: 0.0000, CLR: 3.2294) - Val Loss: 0.4222 (Recon: 0.0000, CLR: 4.2218)
2026-06-14 11:02:28,562 - Evaluating on bbbp...
2026-06-14 11:02:28,922 - bbbp ROC-AUC: 0.7841
2026-06-14 11:02:28,922 - Evaluating on bace...
2026-06-14 11:02:29,224 - bace ROC-AUC: 0.8260
2026-06-14 11:02:29,224 - Evaluating on clintox...
2026-06-14 11:02:29,483 - clintox ROC-AUC: 0.7075
2026-06-14 11:02:29,483 - Evaluating on freesolv...
2026-06-14 11:02:29,607 - freesolv RMSE: 2.8276
2026-06-14 11:02:29,607 - Evaluating on esol...
2026-06-14 11:02:29,778 - esol RMSE: 1.7538
2026-06-14 11:02:29,779 - Evaluating on lipo...
2026-06-14 11:02:30,423 - lipo RMSE: 1.0766
2026-06-14 11:02:30,423 - Unified Linear Probe Score: -0.5567
2026-06-14 11:02:30,423 - New Best Probe Score: -0.5567
2026-06-14 11:04:13,515 - Epoch 21/100 - Train Loss: 0.3228 (Recon: 0.0000, CLR: 3.2284) - Val Loss: 0.4224 (Recon: 0.0000, CLR: 4.2240)
2026-06-14 11:05:56,012 - Epoch 22/100 - Train Loss: 0.3228 (Recon: 0.0000, CLR: 3.2277) - Val Loss: 0.4213 (Recon: 0.0000, CLR: 4.2132)
2026-06-14 11:07:38,277 - Epoch 23/100 - Train Loss: 0.3230 (Recon: 0.0000, CLR: 3.2298) - Val Loss: 0.4224 (Recon: 0.0000, CLR: 4.2235)
2026-06-14 11:09:21,612 - Epoch 24/100 - Train Loss: 0.3228 (Recon: 0.0000, CLR: 3.2284) - Val Loss: 0.4257 (Recon: 0.0000, CLR: 4.2566)
2026-06-14 11:11:04,363 - Epoch 25/100 - Train Loss: 0.3229 (Recon: 0.0000, CLR: 3.2291) - Val Loss: 0.4238 (Recon: 0.0000, CLR: 4.2379)
2026-06-14 11:11:04,363 - Evaluating on bbbp...
2026-06-14 11:11:04,731 - bbbp ROC-AUC: 0.7868
2026-06-14 11:11:04,731 - Evaluating on bace...
2026-06-14 11:11:05,021 - bace ROC-AUC: 0.8122
2026-06-14 11:11:05,021 - Evaluating on clintox...
2026-06-14 11:11:05,294 - clintox ROC-AUC: 0.7171
2026-06-14 11:11:05,295 - Evaluating on freesolv...
2026-06-14 11:11:05,423 - freesolv RMSE: 2.9437
2026-06-14 11:11:05,423 - Evaluating on esol...
2026-06-14 11:11:05,586 - esol RMSE: 1.9652
2026-06-14 11:11:05,586 - Evaluating on lipo...
2026-06-14 11:11:06,228 - lipo RMSE: 1.0716
2026-06-14 11:11:06,229 - Unified Linear Probe Score: -0.6107
2026-06-14 11:12:49,540 - Epoch 26/100 - Train Loss: 0.3227 (Recon: 0.0000, CLR: 3.2269) - Val Loss: 0.4265 (Recon: 0.0000, CLR: 4.2646)
2026-06-14 11:14:32,190 - Epoch 27/100 - Train Loss: 0.3228 (Recon: 0.0000, CLR: 3.2277) - Val Loss: 0.4279 (Recon: 0.0000, CLR: 4.2790)
2026-06-14 11:16:22,496 - Epoch 28/100 - Train Loss: 0.3229 (Recon: 0.0000, CLR: 3.2293) - Val Loss: 0.4262 (Recon: 0.0000, CLR: 4.2616)
2026-06-14 11:18:05,185 - Epoch 29/100 - Train Loss: 0.3228 (Recon: 0.0000, CLR: 3.2279) - Val Loss: 0.4299 (Recon: 0.0000, CLR: 4.2986)
2026-06-14 11:19:47,451 - Epoch 30/100 - Train Loss: 0.3227 (Recon: 0.0000, CLR: 3.2269) - Val Loss: 0.4250 (Recon: 0.0000, CLR: 4.2497)
2026-06-14 11:19:47,452 - Evaluating on bbbp...
2026-06-14 11:19:47,824 - bbbp ROC-AUC: 0.7986
2026-06-14 11:19:47,824 - Evaluating on bace...
2026-06-14 11:19:48,126 - bace ROC-AUC: 0.8158
2026-06-14 11:19:48,126 - Evaluating on clintox...
2026-06-14 11:19:48,404 - clintox ROC-AUC: 0.6593
2026-06-14 11:19:48,404 - Evaluating on freesolv...
2026-06-14 11:19:48,527 - freesolv RMSE: 3.2728
2026-06-14 11:19:48,527 - Evaluating on esol...
2026-06-14 11:19:48,711 - esol RMSE: 2.0381
2026-06-14 11:19:48,711 - Evaluating on lipo...
2026-06-14 11:19:49,360 - lipo RMSE: 1.0599
2026-06-14 11:19:49,360 - Unified Linear Probe Score: -0.6828
2026-06-14 11:21:31,915 - Epoch 31/100 - Train Loss: 0.3227 (Recon: 0.0000, CLR: 3.2270) - Val Loss: 0.4264 (Recon: 0.0000, CLR: 4.2635)
2026-06-14 11:23:14,327 - Epoch 32/100 - Train Loss: 0.3229 (Recon: 0.0000, CLR: 3.2292) - Val Loss: 0.4256 (Recon: 0.0000, CLR: 4.2560)
2026-06-14 11:24:57,606 - Epoch 33/100 - Train Loss: 0.3226 (Recon: 0.0000, CLR: 3.2263) - Val Loss: 0.4245 (Recon: 0.0000, CLR: 4.2452)
2026-06-14 11:26:40,206 - Epoch 34/100 - Train Loss: 0.3228 (Recon: 0.0000, CLR: 3.2280) - Val Loss: 0.4326 (Recon: 0.0000, CLR: 4.3260)
2026-06-14 11:28:23,139 - Epoch 35/100 - Train Loss: 0.3228 (Recon: 0.0000, CLR: 3.2276) - Val Loss: 0.4294 (Recon: 0.0000, CLR: 4.2938)
2026-06-14 11:28:23,140 - Evaluating on bbbp...
2026-06-14 11:28:23,509 - bbbp ROC-AUC: 0.7964
2026-06-14 11:28:23,509 - Evaluating on bace...
2026-06-14 11:28:23,800 - bace ROC-AUC: 0.8368
2026-06-14 11:28:23,800 - Evaluating on clintox...
2026-06-14 11:28:24,067 - clintox ROC-AUC: 0.7883
2026-06-14 11:28:24,068 - Evaluating on freesolv...
2026-06-14 11:28:24,199 - freesolv RMSE: 3.1606
2026-06-14 11:28:24,199 - Evaluating on esol...
2026-06-14 11:28:24,373 - esol RMSE: 1.9889
2026-06-14 11:28:24,374 - Evaluating on lipo...
2026-06-14 11:28:25,010 - lipo RMSE: 1.0932
2026-06-14 11:28:25,010 - Unified Linear Probe Score: -0.6369
2026-06-14 11:30:07,401 - Epoch 36/100 - Train Loss: 0.3227 (Recon: 0.0000, CLR: 3.2266) - Val Loss: 0.4284 (Recon: 0.0000, CLR: 4.2838)
2026-06-14 11:31:49,993 - Epoch 37/100 - Train Loss: 0.3227 (Recon: 0.0000, CLR: 3.2269) - Val Loss: 0.4292 (Recon: 0.0000, CLR: 4.2921)
2026-06-14 11:33:32,478 - Epoch 38/100 - Train Loss: 0.3224 (Recon: 0.0000, CLR: 3.2237) - Val Loss: 0.4325 (Recon: 0.0000, CLR: 4.3248)
2026-06-14 11:35:15,369 - Epoch 39/100 - Train Loss: 0.3225 (Recon: 0.0000, CLR: 3.2255) - Val Loss: 0.4296 (Recon: 0.0000, CLR: 4.2961)
2026-06-14 11:36:58,608 - Epoch 40/100 - Train Loss: 0.3226 (Recon: 0.0000, CLR: 3.2264) - Val Loss: 0.4265 (Recon: 0.0000, CLR: 4.2650)
2026-06-14 11:36:58,608 - Evaluating on bbbp...
2026-06-14 11:36:58,965 - bbbp ROC-AUC: 0.7939
2026-06-14 11:36:58,966 - Evaluating on bace...
2026-06-14 11:36:59,258 - bace ROC-AUC: 0.8188
2026-06-14 11:36:59,258 - Evaluating on clintox...
2026-06-14 11:36:59,532 - clintox ROC-AUC: 0.6940
2026-06-14 11:36:59,532 - Evaluating on freesolv...
2026-06-14 11:36:59,662 - freesolv RMSE: 2.9774
2026-06-14 11:36:59,662 - Evaluating on esol...
2026-06-14 11:36:59,840 - esol RMSE: 1.7509
2026-06-14 11:36:59,840 - Evaluating on lipo...
2026-06-14 11:37:00,477 - lipo RMSE: 1.0731
2026-06-14 11:37:00,477 - Unified Linear Probe Score: -0.5825
2026-06-14 11:38:43,497 - Epoch 41/100 - Train Loss: 0.3227 (Recon: 0.0000, CLR: 3.2267) - Val Loss: 0.4301 (Recon: 0.0000, CLR: 4.3005)
2026-06-14 11:40:26,280 - Epoch 42/100 - Train Loss: 0.3224 (Recon: 0.0000, CLR: 3.2238) - Val Loss: 0.4277 (Recon: 0.0000, CLR: 4.2768)
2026-06-14 11:42:09,012 - Epoch 43/100 - Train Loss: 0.3226 (Recon: 0.0000, CLR: 3.2260) - Val Loss: 0.4314 (Recon: 0.0000, CLR: 4.3143)
2026-06-14 11:43:51,472 - Epoch 44/100 - Train Loss: 0.3226 (Recon: 0.0000, CLR: 3.2262) - Val Loss: 0.4339 (Recon: 0.0000, CLR: 4.3392)
2026-06-14 11:45:33,915 - Epoch 45/100 - Train Loss: 0.3227 (Recon: 0.0000, CLR: 3.2270) - Val Loss: 0.4330 (Recon: 0.0000, CLR: 4.3298)
2026-06-14 11:45:33,915 - Evaluating on bbbp...
2026-06-14 11:45:34,285 - bbbp ROC-AUC: 0.7942
2026-06-14 11:45:34,286 - Evaluating on bace...
2026-06-14 11:45:34,582 - bace ROC-AUC: 0.8228
2026-06-14 11:45:34,583 - Evaluating on clintox...
2026-06-14 11:45:34,849 - clintox ROC-AUC: 0.6924
2026-06-14 11:45:34,850 - Evaluating on freesolv...
2026-06-14 11:45:34,973 - freesolv RMSE: 2.9061
2026-06-14 11:45:34,973 - Evaluating on esol...
2026-06-14 11:45:35,141 - esol RMSE: 2.2248
2026-06-14 11:45:35,141 - Evaluating on lipo...
2026-06-14 11:45:35,781 - lipo RMSE: 1.0772
2026-06-14 11:45:35,781 - Unified Linear Probe Score: -0.6498
2026-06-14 11:47:18,464 - Epoch 46/100 - Train Loss: 0.3225 (Recon: 0.0000, CLR: 3.2245) - Val Loss: 0.4277 (Recon: 0.0000, CLR: 4.2773)
2026-06-14 11:49:01,326 - Epoch 47/100 - Train Loss: 0.3224 (Recon: 0.0000, CLR: 3.2239) - Val Loss: 0.4281 (Recon: 0.0000, CLR: 4.2812)
2026-06-14 11:50:43,882 - Epoch 48/100 - Train Loss: 0.3226 (Recon: 0.0000, CLR: 3.2262) - Val Loss: 0.4345 (Recon: 0.0000, CLR: 4.3452)
2026-06-14 11:52:34,225 - Epoch 49/100 - Train Loss: 0.3225 (Recon: 0.0000, CLR: 3.2255) - Val Loss: 0.4374 (Recon: 0.0000, CLR: 4.3745)
2026-06-14 11:54:17,157 - Epoch 50/100 - Train Loss: 0.3228 (Recon: 0.0000, CLR: 3.2276) - Val Loss: 0.4327 (Recon: 0.0000, CLR: 4.3271)
2026-06-14 11:54:17,157 - Evaluating on bbbp...
2026-06-14 11:54:17,531 - bbbp ROC-AUC: 0.7997
2026-06-14 11:54:17,531 - Evaluating on bace...
2026-06-14 11:54:17,825 - bace ROC-AUC: 0.8346
2026-06-14 11:54:17,825 - Evaluating on clintox...
2026-06-14 11:54:18,106 - clintox ROC-AUC: 0.7272
2026-06-14 11:54:18,106 - Evaluating on freesolv...
2026-06-14 11:54:18,235 - freesolv RMSE: 3.1626
2026-06-14 11:54:18,235 - Evaluating on esol...
2026-06-14 11:54:18,412 - esol RMSE: 2.0464
2026-06-14 11:54:18,413 - Evaluating on lipo...
2026-06-14 11:54:19,047 - lipo RMSE: 1.0761
2026-06-14 11:54:19,047 - Unified Linear Probe Score: -0.6540
2026-06-14 11:56:02,118 - Epoch 51/100 - Train Loss: 0.3225 (Recon: 0.0000, CLR: 3.2246) - Val Loss: 0.4334 (Recon: 0.0000, CLR: 4.3344)
2026-06-14 11:57:45,499 - Epoch 52/100 - Train Loss: 0.3223 (Recon: 0.0000, CLR: 3.2234) - Val Loss: 0.4345 (Recon: 0.0000, CLR: 4.3448)
2026-06-14 11:59:28,304 - Epoch 53/100 - Train Loss: 0.3226 (Recon: 0.0000, CLR: 3.2261) - Val Loss: 0.4327 (Recon: 0.0000, CLR: 4.3267)
2026-06-14 12:01:11,492 - Epoch 54/100 - Train Loss: 0.3223 (Recon: 0.0000, CLR: 3.2231) - Val Loss: 0.4297 (Recon: 0.0000, CLR: 4.2970)
2026-06-14 12:02:54,330 - Epoch 55/100 - Train Loss: 0.3223 (Recon: 0.0000, CLR: 3.2227) - Val Loss: 0.4297 (Recon: 0.0000, CLR: 4.2972)
2026-06-14 12:02:54,331 - Evaluating on bbbp...
2026-06-14 12:02:54,698 - bbbp ROC-AUC: 0.7883
2026-06-14 12:02:54,698 - Evaluating on bace...
2026-06-14 12:02:54,989 - bace ROC-AUC: 0.8299
2026-06-14 12:02:54,989 - Evaluating on clintox...
2026-06-14 12:02:55,252 - clintox ROC-AUC: 0.7265
2026-06-14 12:02:55,252 - Evaluating on freesolv...
2026-06-14 12:02:55,375 - freesolv RMSE: 3.0485
2026-06-14 12:02:55,375 - Evaluating on esol...
2026-06-14 12:02:55,550 - esol RMSE: 1.7900
2026-06-14 12:02:55,550 - Evaluating on lipo...
2026-06-14 12:02:56,193 - lipo RMSE: 1.0766
2026-06-14 12:02:56,193 - Unified Linear Probe Score: -0.5951
2026-06-14 12:04:38,402 - Epoch 56/100 - Train Loss: 0.3223 (Recon: 0.0000, CLR: 3.2232) - Val Loss: 0.4391 (Recon: 0.0000, CLR: 4.3909)
2026-06-14 12:06:21,255 - Epoch 57/100 - Train Loss: 0.3224 (Recon: 0.0000, CLR: 3.2235) - Val Loss: 0.4328 (Recon: 0.0000, CLR: 4.3285)
2026-06-14 12:08:03,792 - Epoch 58/100 - Train Loss: 0.3223 (Recon: 0.0000, CLR: 3.2232) - Val Loss: 0.4330 (Recon: 0.0000, CLR: 4.3303)
2026-06-14 12:09:46,351 - Epoch 59/100 - Train Loss: 0.3224 (Recon: 0.0000, CLR: 3.2245) - Val Loss: 0.4352 (Recon: 0.0000, CLR: 4.3519)
2026-06-14 12:11:29,132 - Epoch 60/100 - Train Loss: 0.3224 (Recon: 0.0000, CLR: 3.2238) - Val Loss: 0.4303 (Recon: 0.0000, CLR: 4.3030)
2026-06-14 12:11:29,132 - Evaluating on bbbp...
2026-06-14 12:11:29,508 - bbbp ROC-AUC: 0.7937
2026-06-14 12:11:29,508 - Evaluating on bace...
2026-06-14 12:11:29,803 - bace ROC-AUC: 0.8027
2026-06-14 12:11:29,803 - Evaluating on clintox...
2026-06-14 12:11:30,070 - clintox ROC-AUC: 0.7085
2026-06-14 12:11:30,071 - Evaluating on freesolv...
2026-06-14 12:11:30,191 - freesolv RMSE: 3.3526
2026-06-14 12:11:30,192 - Evaluating on esol...
2026-06-14 12:11:30,362 - esol RMSE: 2.0588
2026-06-14 12:11:30,363 - Evaluating on lipo...
2026-06-14 12:11:31,000 - lipo RMSE: 1.0766
2026-06-14 12:11:31,000 - Unified Linear Probe Score: -0.6972
2026-06-14 12:13:13,451 - Epoch 61/100 - Train Loss: 0.3222 (Recon: 0.0000, CLR: 3.2223) - Val Loss: 0.4314 (Recon: 0.0000, CLR: 4.3142)
2026-06-14 12:14:55,319 - Epoch 62/100 - Train Loss: 0.3223 (Recon: 0.0000, CLR: 3.2232) - Val Loss: 0.4317 (Recon: 0.0000, CLR: 4.3174)
2026-06-14 12:16:37,583 - Epoch 63/100 - Train Loss: 0.3224 (Recon: 0.0000, CLR: 3.2244) - Val Loss: 0.4310 (Recon: 0.0000, CLR: 4.3104)
2026-06-14 12:18:20,767 - Epoch 64/100 - Train Loss: 0.3223 (Recon: 0.0000, CLR: 3.2228) - Val Loss: 0.4274 (Recon: 0.0000, CLR: 4.2742)
2026-06-14 12:20:03,330 - Epoch 65/100 - Train Loss: 0.3224 (Recon: 0.0000, CLR: 3.2242) - Val Loss: 0.4274 (Recon: 0.0000, CLR: 4.2739)
2026-06-14 12:20:03,330 - Evaluating on bbbp...
2026-06-14 12:20:03,712 - bbbp ROC-AUC: 0.7904
2026-06-14 12:20:03,712 - Evaluating on bace...
2026-06-14 12:20:04,003 - bace ROC-AUC: 0.8264
2026-06-14 12:20:04,003 - Evaluating on clintox...
2026-06-14 12:20:04,265 - clintox ROC-AUC: 0.6358
2026-06-14 12:20:04,265 - Evaluating on freesolv...
2026-06-14 12:20:04,393 - freesolv RMSE: 3.3335
2026-06-14 12:20:04,393 - Evaluating on esol...
2026-06-14 12:20:04,562 - esol RMSE: 2.1480
2026-06-14 12:20:04,562 - Evaluating on lipo...
2026-06-14 12:20:05,205 - lipo RMSE: 1.0685
2026-06-14 12:20:05,205 - Unified Linear Probe Score: -0.7162
2026-06-14 12:21:47,801 - Epoch 66/100 - Train Loss: 0.3224 (Recon: 0.0000, CLR: 3.2235) - Val Loss: 0.4289 (Recon: 0.0000, CLR: 4.2894)
2026-06-14 12:23:30,622 - Epoch 67/100 - Train Loss: 0.3222 (Recon: 0.0000, CLR: 3.2218) - Val Loss: 0.4325 (Recon: 0.0000, CLR: 4.3246)
2026-06-14 12:25:13,766 - Epoch 68/100 - Train Loss: 0.3224 (Recon: 0.0000, CLR: 3.2235) - Val Loss: 0.4328 (Recon: 0.0000, CLR: 4.3285)
2026-06-14 12:27:04,145 - Epoch 69/100 - Train Loss: 0.3223 (Recon: 0.0000, CLR: 3.2230) - Val Loss: 0.4302 (Recon: 0.0000, CLR: 4.3017)
2026-06-14 12:28:46,417 - Epoch 70/100 - Train Loss: 0.3223 (Recon: 0.0000, CLR: 3.2227) - Val Loss: 0.4313 (Recon: 0.0000, CLR: 4.3133)
2026-06-14 12:28:46,418 - Evaluating on bbbp...
2026-06-14 12:28:46,788 - bbbp ROC-AUC: 0.7905
2026-06-14 12:28:46,788 - Evaluating on bace...
2026-06-14 12:28:47,084 - bace ROC-AUC: 0.8027
2026-06-14 12:28:47,085 - Evaluating on clintox...
2026-06-14 12:28:47,357 - clintox ROC-AUC: 0.6488
2026-06-14 12:28:47,357 - Evaluating on freesolv...
2026-06-14 12:28:47,491 - freesolv RMSE: 3.0128
2026-06-14 12:28:47,492 - Evaluating on esol...
2026-06-14 12:28:47,670 - esol RMSE: 1.6261
2026-06-14 12:28:47,670 - Evaluating on lipo...
2026-06-14 12:28:48,330 - lipo RMSE: 1.0754
2026-06-14 12:28:48,330 - Unified Linear Probe Score: -0.5787
2026-06-14 12:30:30,876 - Epoch 71/100 - Train Loss: 0.3223 (Recon: 0.0000, CLR: 3.2229) - Val Loss: 0.4345 (Recon: 0.0000, CLR: 4.3447)
2026-06-14 12:32:13,580 - Epoch 72/100 - Train Loss: 0.3221 (Recon: 0.0000, CLR: 3.2213) - Val Loss: 0.4323 (Recon: 0.0000, CLR: 4.3235)
2026-06-14 12:33:55,997 - Epoch 73/100 - Train Loss: 0.3222 (Recon: 0.0000, CLR: 3.2219) - Val Loss: 0.4271 (Recon: 0.0000, CLR: 4.2714)
2026-06-14 12:35:38,556 - Epoch 74/100 - Train Loss: 0.3223 (Recon: 0.0000, CLR: 3.2228) - Val Loss: 0.4299 (Recon: 0.0000, CLR: 4.2990)
2026-06-14 12:37:21,506 - Epoch 75/100 - Train Loss: 0.3220 (Recon: 0.0000, CLR: 3.2204) - Val Loss: 0.4296 (Recon: 0.0000, CLR: 4.2963)
2026-06-14 12:37:21,507 - Evaluating on bbbp...
2026-06-14 12:37:21,866 - bbbp ROC-AUC: 0.7945
2026-06-14 12:37:21,866 - Evaluating on bace...
2026-06-14 12:37:22,156 - bace ROC-AUC: 0.8095
2026-06-14 12:37:22,157 - Evaluating on clintox...
2026-06-14 12:37:22,428 - clintox ROC-AUC: 0.7466
2026-06-14 12:37:22,428 - Evaluating on freesolv...
2026-06-14 12:37:22,550 - freesolv RMSE: 3.9546
2026-06-14 12:37:22,551 - Evaluating on esol...
2026-06-14 12:37:22,727 - esol RMSE: 2.4775
2026-06-14 12:37:22,727 - Evaluating on lipo...
2026-06-14 12:37:23,389 - lipo RMSE: 1.0689
2026-06-14 12:37:23,389 - Unified Linear Probe Score: -0.8584
2026-06-14 12:39:05,942 - Epoch 76/100 - Train Loss: 0.3223 (Recon: 0.0000, CLR: 3.2231) - Val Loss: 0.4345 (Recon: 0.0000, CLR: 4.3453)
2026-06-14 12:40:49,157 - Epoch 77/100 - Train Loss: 0.3221 (Recon: 0.0000, CLR: 3.2205) - Val Loss: 0.4294 (Recon: 0.0000, CLR: 4.2937)
2026-06-14 12:42:31,523 - Epoch 78/100 - Train Loss: 0.3220 (Recon: 0.0000, CLR: 3.2202) - Val Loss: 0.4296 (Recon: 0.0000, CLR: 4.2960)
2026-06-14 12:44:14,248 - Epoch 79/100 - Train Loss: 0.3221 (Recon: 0.0000, CLR: 3.2210) - Val Loss: 0.4307 (Recon: 0.0000, CLR: 4.3073)
2026-06-14 12:45:56,584 - Epoch 80/100 - Train Loss: 0.3221 (Recon: 0.0000, CLR: 3.2208) - Val Loss: 0.4331 (Recon: 0.0000, CLR: 4.3308)
2026-06-14 12:45:56,584 - Evaluating on bbbp...
2026-06-14 12:45:57,033 - bbbp ROC-AUC: 0.7887
2026-06-14 12:45:57,034 - Evaluating on bace...
2026-06-14 12:45:57,326 - bace ROC-AUC: 0.8080
2026-06-14 12:45:57,326 - Evaluating on clintox...
2026-06-14 12:45:57,590 - clintox ROC-AUC: 0.6859
2026-06-14 12:45:57,590 - Evaluating on freesolv...
2026-06-14 12:45:57,711 - freesolv RMSE: 3.9762
2026-06-14 12:45:57,711 - Evaluating on esol...
2026-06-14 12:45:57,886 - esol RMSE: 1.8890
2026-06-14 12:45:57,886 - Evaluating on lipo...
2026-06-14 12:45:58,644 - lipo RMSE: 1.0662
2026-06-14 12:45:58,644 - Unified Linear Probe Score: -0.7748
2026-06-14 12:47:41,065 - Epoch 81/100 - Train Loss: 0.3221 (Recon: 0.0000, CLR: 3.2209) - Val Loss: 0.4338 (Recon: 0.0000, CLR: 4.3383)
2026-06-14 12:49:24,049 - Epoch 82/100 - Train Loss: 0.3222 (Recon: 0.0000, CLR: 3.2215) - Val Loss: 0.4334 (Recon: 0.0000, CLR: 4.3342)
2026-06-14 12:51:06,768 - Epoch 83/100 - Train Loss: 0.3222 (Recon: 0.0000, CLR: 3.2220) - Val Loss: 0.4317 (Recon: 0.0000, CLR: 4.3173)
2026-06-14 12:52:49,381 - Epoch 84/100 - Train Loss: 0.3220 (Recon: 0.0000, CLR: 3.2199) - Val Loss: 0.4330 (Recon: 0.0000, CLR: 4.3299)
2026-06-14 12:54:32,132 - Epoch 85/100 - Train Loss: 0.3220 (Recon: 0.0000, CLR: 3.2204) - Val Loss: 0.4284 (Recon: 0.0000, CLR: 4.2841)
2026-06-14 12:54:32,132 - Evaluating on bbbp...
2026-06-14 12:54:32,500 - bbbp ROC-AUC: 0.7833
2026-06-14 12:54:32,500 - Evaluating on bace...
2026-06-14 12:54:32,793 - bace ROC-AUC: 0.8271
2026-06-14 12:54:32,794 - Evaluating on clintox...
2026-06-14 12:54:33,065 - clintox ROC-AUC: 0.6522
2026-06-14 12:54:33,065 - Evaluating on freesolv...
2026-06-14 12:54:33,188 - freesolv RMSE: 3.5300
2026-06-14 12:54:33,188 - Evaluating on esol...
2026-06-14 12:54:33,365 - esol RMSE: 2.0170
2026-06-14 12:54:33,365 - Evaluating on lipo...
2026-06-14 12:54:34,006 - lipo RMSE: 1.0804
2026-06-14 12:54:34,008 - Unified Linear Probe Score: -0.7275
2026-06-14 12:56:16,572 - Epoch 86/100 - Train Loss: 0.3220 (Recon: 0.0000, CLR: 3.2205) - Val Loss: 0.4336 (Recon: 0.0000, CLR: 4.3365)
2026-06-14 12:57:59,660 - Epoch 87/100 - Train Loss: 0.3221 (Recon: 0.0000, CLR: 3.2211) - Val Loss: 0.4313 (Recon: 0.0000, CLR: 4.3128)
2026-06-14 12:59:42,213 - Epoch 88/100 - Train Loss: 0.3221 (Recon: 0.0000, CLR: 3.2208) - Val Loss: 0.4341 (Recon: 0.0000, CLR: 4.3410)
2026-06-14 13:01:25,116 - Epoch 89/100 - Train Loss: 0.3219 (Recon: 0.0000, CLR: 3.2185) - Val Loss: 0.4297 (Recon: 0.0000, CLR: 4.2975)
2026-06-14 13:03:16,594 - Epoch 90/100 - Train Loss: 0.3220 (Recon: 0.0000, CLR: 3.2195) - Val Loss: 0.4336 (Recon: 0.0000, CLR: 4.3361)
2026-06-14 13:03:16,594 - Evaluating on bbbp...
2026-06-14 13:03:16,954 - bbbp ROC-AUC: 0.7961
2026-06-14 13:03:16,954 - Evaluating on bace...
2026-06-14 13:03:17,243 - bace ROC-AUC: 0.7945
2026-06-14 13:03:17,243 - Evaluating on clintox...
2026-06-14 13:03:17,519 - clintox ROC-AUC: 0.7564
2026-06-14 13:03:17,519 - Evaluating on freesolv...
2026-06-14 13:03:17,645 - freesolv RMSE: 3.3180
2026-06-14 13:03:17,645 - Evaluating on esol...
2026-06-14 13:03:17,819 - esol RMSE: 2.0430
2026-06-14 13:03:17,819 - Evaluating on lipo...
2026-06-14 13:03:18,537 - lipo RMSE: 1.0632
2026-06-14 13:03:18,537 - Unified Linear Probe Score: -0.6795
2026-06-14 13:05:03,204 - Epoch 91/100 - Train Loss: 0.3218 (Recon: 0.0000, CLR: 3.2178) - Val Loss: 0.4297 (Recon: 0.0000, CLR: 4.2970)
2026-06-14 13:06:49,961 - Epoch 92/100 - Train Loss: 0.3220 (Recon: 0.0000, CLR: 3.2196) - Val Loss: 0.4332 (Recon: 0.0000, CLR: 4.3319)
2026-06-14 13:08:37,352 - Epoch 93/100 - Train Loss: 0.3219 (Recon: 0.0000, CLR: 3.2193) - Val Loss: 0.4309 (Recon: 0.0000, CLR: 4.3087)
2026-06-14 13:10:20,302 - Epoch 94/100 - Train Loss: 0.3219 (Recon: 0.0000, CLR: 3.2194) - Val Loss: 0.4263 (Recon: 0.0000, CLR: 4.2629)
2026-06-14 13:12:03,010 - Epoch 95/100 - Train Loss: 0.3218 (Recon: 0.0000, CLR: 3.2182) - Val Loss: 0.4340 (Recon: 0.0000, CLR: 4.3404)
2026-06-14 13:12:03,010 - Evaluating on bbbp...
2026-06-14 13:12:03,367 - bbbp ROC-AUC: 0.7936
2026-06-14 13:12:03,367 - Evaluating on bace...
2026-06-14 13:12:03,654 - bace ROC-AUC: 0.8284
2026-06-14 13:12:03,654 - Evaluating on clintox...
2026-06-14 13:12:03,927 - clintox ROC-AUC: 0.6909
2026-06-14 13:12:03,927 - Evaluating on freesolv...
2026-06-14 13:12:04,048 - freesolv RMSE: 4.0651
2026-06-14 13:12:04,048 - Evaluating on esol...
2026-06-14 13:12:04,255 - esol RMSE: 2.0956
2026-06-14 13:12:04,255 - Evaluating on lipo...
2026-06-14 13:12:05,366 - lipo RMSE: 1.0765
2026-06-14 13:12:05,366 - Unified Linear Probe Score: -0.8207
2026-06-14 13:13:48,596 - Epoch 96/100 - Train Loss: 0.3222 (Recon: 0.0000, CLR: 3.2216) - Val Loss: 0.4311 (Recon: 0.0000, CLR: 4.3111)
2026-06-14 13:15:31,053 - Epoch 97/100 - Train Loss: 0.3218 (Recon: 0.0000, CLR: 3.2177) - Val Loss: 0.4333 (Recon: 0.0000, CLR: 4.3330)
2026-06-14 13:17:13,815 - Epoch 98/100 - Train Loss: 0.3218 (Recon: 0.0000, CLR: 3.2180) - Val Loss: 0.4313 (Recon: 0.0000, CLR: 4.3127)
2026-06-14 13:18:56,307 - Epoch 99/100 - Train Loss: 0.3221 (Recon: 0.0000, CLR: 3.2209) - Val Loss: 0.4316 (Recon: 0.0000, CLR: 4.3160)
2026-06-14 13:20:39,297 - Epoch 100/100 - Train Loss: 0.3219 (Recon: 0.0000, CLR: 3.2193) - Val Loss: 0.4367 (Recon: 0.0000, CLR: 4.3673)
2026-06-14 13:20:39,298 - Evaluating on bbbp...
2026-06-14 13:20:39,667 - bbbp ROC-AUC: 0.7896
2026-06-14 13:20:39,667 - Evaluating on bace...
2026-06-14 13:20:39,962 - bace ROC-AUC: 0.8091
2026-06-14 13:20:39,962 - Evaluating on clintox...
2026-06-14 13:20:40,232 - clintox ROC-AUC: 0.6740
2026-06-14 13:20:40,233 - Evaluating on freesolv...
2026-06-14 13:20:40,367 - freesolv RMSE: 3.5400
2026-06-14 13:20:40,367 - Evaluating on esol...
2026-06-14 13:20:40,530 - esol RMSE: 1.8972
2026-06-14 13:20:40,530 - Evaluating on lipo...
2026-06-14 13:20:41,160 - lipo RMSE: 1.0782
2026-06-14 13:20:41,160 - Unified Linear Probe Score: -0.7071
