2026-06-16 02:09:22,898 - Epoch 1/300 - Train Loss: 0.8571 (Recon: 0.0125, CLR: 4.2233) - Val Loss: 1.5349 (Recon: 0.3223, CLR: 6.0633)
2026-06-16 02:11:10,554 - Epoch 2/300 - Train Loss: 0.7802 (Recon: 0.0022, CLR: 3.8903) - Val Loss: 1.5246 (Recon: 0.4537, CLR: 5.3542)
2026-06-16 02:13:00,127 - Epoch 3/300 - Train Loss: 0.7640 (Recon: 0.0010, CLR: 3.8147) - Val Loss: 0.9817 (Recon: 0.0013, CLR: 4.9021)
2026-06-16 02:14:50,974 - Epoch 4/300 - Train Loss: 0.7551 (Recon: 0.0011, CLR: 3.7699) - Val Loss: 1.2123 (Recon: 0.0015, CLR: 6.0540)
2026-06-16 02:16:37,405 - Epoch 5/300 - Train Loss: 0.7482 (Recon: 0.0008, CLR: 3.7370) - Val Loss: 1.0785 (Recon: 0.0013, CLR: 5.3860)
2026-06-16 02:16:37,405 - Evaluating on bbbp...
2026-06-16 02:16:37,866 - bbbp ROC-AUC: 0.8080
2026-06-16 02:16:37,867 - Evaluating on bace...
2026-06-16 02:16:38,222 - bace ROC-AUC: 0.7909
2026-06-16 02:16:38,222 - Evaluating on clintox...
2026-06-16 02:16:38,556 - clintox ROC-AUC: 0.5726
2026-06-16 02:16:38,556 - Evaluating on freesolv...
2026-06-16 02:16:38,752 - freesolv RMSE: 5.7077
2026-06-16 02:16:38,752 - Evaluating on esol...
2026-06-16 02:16:38,971 - esol RMSE: 2.5755
2026-06-16 02:16:38,972 - Evaluating on lipo...
2026-06-16 02:16:39,689 - lipo RMSE: 1.0131
2026-06-16 02:16:39,690 - Unified Linear Probe Score: -1.1874
2026-06-16 02:16:39,690 - New Best Probe Score: -1.1874
2026-06-16 02:18:28,355 - Epoch 6/300 - Train Loss: 0.7443 (Recon: 0.0007, CLR: 3.7182) - Val Loss: 1.0504 (Recon: 0.0017, CLR: 5.2432)
2026-06-16 02:20:25,837 - Epoch 7/300 - Train Loss: 0.7405 (Recon: 0.0008, CLR: 3.6987) - Val Loss: 1.1612 (Recon: 0.0011, CLR: 5.8004)
2026-06-16 02:22:12,791 - Epoch 8/300 - Train Loss: 0.7369 (Recon: 0.0007, CLR: 3.6810) - Val Loss: 1.0831 (Recon: 0.0012, CLR: 5.4098)
2026-06-16 02:24:02,199 - Epoch 9/300 - Train Loss: 0.7336 (Recon: 0.0006, CLR: 3.6649) - Val Loss: 1.0086 (Recon: 0.0013, CLR: 5.0365)
2026-06-16 02:25:54,927 - Epoch 10/300 - Train Loss: 0.7304 (Recon: 0.0006, CLR: 3.6491) - Val Loss: 0.9543 (Recon: 0.0012, CLR: 4.7660)
2026-06-16 02:25:54,928 - Evaluating on bbbp...
2026-06-16 02:25:55,328 - bbbp ROC-AUC: 0.7792
2026-06-16 02:25:55,328 - Evaluating on bace...
2026-06-16 02:25:55,628 - bace ROC-AUC: 0.8073
2026-06-16 02:25:55,628 - Evaluating on clintox...
2026-06-16 02:25:55,908 - clintox ROC-AUC: 0.5413
2026-06-16 02:25:55,909 - Evaluating on freesolv...
2026-06-16 02:25:56,054 - freesolv RMSE: 3.1210
2026-06-16 02:25:56,054 - Evaluating on esol...
2026-06-16 02:25:56,281 - esol RMSE: 1.9095
2026-06-16 02:25:56,281 - Evaluating on lipo...
2026-06-16 02:25:57,311 - lipo RMSE: 1.1846
2026-06-16 02:25:57,311 - Unified Linear Probe Score: -0.6812
2026-06-16 02:25:57,312 - New Best Probe Score: -0.6812
2026-06-16 02:27:46,138 - Epoch 11/300 - Train Loss: 0.7322 (Recon: 0.0010, CLR: 3.6560) - Val Loss: 0.9508 (Recon: 0.0038, CLR: 4.7352)
2026-06-16 02:29:35,688 - Epoch 12/300 - Train Loss: 0.7325 (Recon: 0.0018, CLR: 3.6532) - Val Loss: 1.3193 (Recon: 0.0061, CLR: 6.5660)
2026-06-16 02:31:22,439 - Epoch 13/300 - Train Loss: 0.7285 (Recon: 0.0017, CLR: 3.6341) - Val Loss: 1.2823 (Recon: 0.0013, CLR: 6.4048)
2026-06-16 02:33:10,745 - Epoch 14/300 - Train Loss: 0.7235 (Recon: 0.0011, CLR: 3.6123) - Val Loss: 1.2943 (Recon: 0.0021, CLR: 6.4610)
2026-06-16 02:34:59,670 - Epoch 15/300 - Train Loss: 0.7203 (Recon: 0.0010, CLR: 3.5963) - Val Loss: 1.2791 (Recon: 0.0014, CLR: 6.3887)
2026-06-16 02:34:59,670 - Evaluating on bbbp...
2026-06-16 02:35:00,083 - bbbp ROC-AUC: 0.8166
2026-06-16 02:35:00,083 - Evaluating on bace...
2026-06-16 02:35:00,412 - bace ROC-AUC: 0.7989
2026-06-16 02:35:00,412 - Evaluating on clintox...
2026-06-16 02:35:00,713 - clintox ROC-AUC: 0.5919
2026-06-16 02:35:00,713 - Evaluating on freesolv...
2026-06-16 02:35:00,858 - freesolv RMSE: 6.9442
2026-06-16 02:35:00,859 - Evaluating on esol...
2026-06-16 02:35:01,047 - esol RMSE: 1.9690
2026-06-16 02:35:01,047 - Evaluating on lipo...
2026-06-16 02:35:01,689 - lipo RMSE: 1.0774
2026-06-16 02:35:01,689 - Unified Linear Probe Score: -1.2972
2026-06-16 02:36:49,687 - Epoch 16/300 - Train Loss: 0.7207 (Recon: 0.0011, CLR: 3.5981) - Val Loss: 1.3438 (Recon: 0.0809, CLR: 6.3146)
2026-06-16 02:38:36,259 - Epoch 17/300 - Train Loss: 0.7182 (Recon: 0.0009, CLR: 3.5866) - Val Loss: 1.2591 (Recon: 0.0064, CLR: 6.2637)
2026-06-16 02:40:24,179 - Epoch 18/300 - Train Loss: 0.7166 (Recon: 0.0007, CLR: 3.5794) - Val Loss: 1.2354 (Recon: 0.0010, CLR: 6.1719)
2026-06-16 02:42:11,863 - Epoch 19/300 - Train Loss: 0.7150 (Recon: 0.0007, CLR: 3.5718) - Val Loss: 1.1919 (Recon: 0.0009, CLR: 5.9549)
2026-06-16 02:43:59,548 - Epoch 20/300 - Train Loss: 0.7142 (Recon: 0.0006, CLR: 3.5679) - Val Loss: 1.1542 (Recon: 0.0009, CLR: 5.7664)
2026-06-16 02:43:59,548 - Evaluating on bbbp...
2026-06-16 02:43:59,943 - bbbp ROC-AUC: 0.7873
2026-06-16 02:43:59,943 - Evaluating on bace...
2026-06-16 02:44:00,270 - bace ROC-AUC: 0.7324
2026-06-16 02:44:00,270 - Evaluating on clintox...
2026-06-16 02:44:00,554 - clintox ROC-AUC: 0.5400
2026-06-16 02:44:00,555 - Evaluating on freesolv...
2026-06-16 02:44:00,698 - freesolv RMSE: 4.5368
2026-06-16 02:44:00,699 - Evaluating on esol...
2026-06-16 02:44:00,886 - esol RMSE: 1.2695
2026-06-16 02:44:00,887 - Evaluating on lipo...
2026-06-16 02:44:01,571 - lipo RMSE: 1.1316
2026-06-16 02:44:01,572 - Unified Linear Probe Score: -0.8130
2026-06-16 02:45:53,996 - Epoch 21/300 - Train Loss: 0.7125 (Recon: 0.0006, CLR: 3.5591) - Val Loss: 1.1363 (Recon: 0.0016, CLR: 5.6736)
2026-06-16 02:47:49,447 - Epoch 22/300 - Train Loss: 0.7113 (Recon: 0.0006, CLR: 3.5532) - Val Loss: 1.1111 (Recon: 0.0011, CLR: 5.5500)
2026-06-16 02:49:36,577 - Epoch 23/300 - Train Loss: 0.7104 (Recon: 0.0006, CLR: 3.5492) - Val Loss: 1.0867 (Recon: 0.0009, CLR: 5.4291)
2026-06-16 02:51:24,052 - Epoch 24/300 - Train Loss: 0.7090 (Recon: 0.0006, CLR: 3.5420) - Val Loss: 1.0745 (Recon: 0.0008, CLR: 5.3683)
2026-06-16 02:53:11,044 - Epoch 25/300 - Train Loss: 0.7085 (Recon: 0.0007, CLR: 3.5387) - Val Loss: 1.2622 (Recon: 0.0010, CLR: 6.3056)
2026-06-16 02:53:11,044 - Evaluating on bbbp...
2026-06-16 02:53:11,435 - bbbp ROC-AUC: 0.8122
2026-06-16 02:53:11,435 - Evaluating on bace...
2026-06-16 02:53:11,772 - bace ROC-AUC: 0.6619
2026-06-16 02:53:11,772 - Evaluating on clintox...
2026-06-16 02:53:12,051 - clintox ROC-AUC: 0.6066
2026-06-16 02:53:12,051 - Evaluating on freesolv...
2026-06-16 02:53:12,189 - freesolv RMSE: 6.6526
2026-06-16 02:53:12,189 - Evaluating on esol...
2026-06-16 02:53:12,372 - esol RMSE: 1.5388
2026-06-16 02:53:12,373 - Evaluating on lipo...
2026-06-16 02:53:13,030 - lipo RMSE: 1.1441
2026-06-16 02:53:13,030 - Unified Linear Probe Score: -1.2091
2026-06-16 02:55:01,353 - Epoch 26/300 - Train Loss: 0.7069 (Recon: 0.0006, CLR: 3.5318) - Val Loss: 1.2098 (Recon: 0.0009, CLR: 6.0444)
2026-06-16 02:56:58,015 - Epoch 27/300 - Train Loss: 0.7059 (Recon: 0.0005, CLR: 3.5267) - Val Loss: 1.1614 (Recon: 0.0010, CLR: 5.8019)
2026-06-16 02:58:44,346 - Epoch 28/300 - Train Loss: 0.7054 (Recon: 0.0005, CLR: 3.5245) - Val Loss: 1.1242 (Recon: 0.0009, CLR: 5.6165)
2026-06-16 03:00:36,676 - Epoch 29/300 - Train Loss: 0.7040 (Recon: 0.0005, CLR: 3.5175) - Val Loss: 1.0871 (Recon: 0.0008, CLR: 5.4311)
2026-06-16 03:02:26,501 - Epoch 30/300 - Train Loss: 0.7030 (Recon: 0.0005, CLR: 3.5123) - Val Loss: 1.0717 (Recon: 0.0009, CLR: 5.3542)
2026-06-16 03:02:26,501 - Evaluating on bbbp...
2026-06-16 03:02:26,896 - bbbp ROC-AUC: 0.7917
2026-06-16 03:02:26,896 - Evaluating on bace...
2026-06-16 03:02:27,214 - bace ROC-AUC: 0.8062
2026-06-16 03:02:27,215 - Evaluating on clintox...
2026-06-16 03:02:27,512 - clintox ROC-AUC: 0.5554
2026-06-16 03:02:27,512 - Evaluating on freesolv...
2026-06-16 03:02:27,654 - freesolv RMSE: 4.9388
2026-06-16 03:02:27,654 - Evaluating on esol...
2026-06-16 03:02:27,845 - esol RMSE: 2.6441
2026-06-16 03:02:27,845 - Evaluating on lipo...
2026-06-16 03:02:28,515 - lipo RMSE: 1.2354
2026-06-16 03:02:28,515 - Unified Linear Probe Score: -1.1108
2026-06-16 03:04:19,346 - Epoch 31/300 - Train Loss: 0.7021 (Recon: 0.0006, CLR: 3.5075) - Val Loss: 1.3791 (Recon: 0.0012, CLR: 6.8893)
2026-06-16 03:06:11,473 - Epoch 32/300 - Train Loss: 0.7020 (Recon: 0.0007, CLR: 3.5070) - Val Loss: 1.2368 (Recon: 0.0009, CLR: 6.1795)
2026-06-16 03:08:03,341 - Epoch 33/300 - Train Loss: 0.7006 (Recon: 0.0005, CLR: 3.5005) - Val Loss: 1.1307 (Recon: 0.0008, CLR: 5.6492)
2026-06-16 03:09:57,702 - Epoch 34/300 - Train Loss: 0.7001 (Recon: 0.0005, CLR: 3.4978) - Val Loss: 1.0284 (Recon: 0.0007, CLR: 5.1385)
2026-06-16 03:11:50,202 - Epoch 35/300 - Train Loss: 0.6990 (Recon: 0.0005, CLR: 3.4926) - Val Loss: 1.1595 (Recon: 0.0014, CLR: 5.7909)
2026-06-16 03:11:50,202 - Evaluating on bbbp...
2026-06-16 03:11:50,621 - bbbp ROC-AUC: 0.8113
2026-06-16 03:11:50,621 - Evaluating on bace...
2026-06-16 03:11:50,967 - bace ROC-AUC: 0.7386
2026-06-16 03:11:50,967 - Evaluating on clintox...
2026-06-16 03:11:51,245 - clintox ROC-AUC: 0.6471
2026-06-16 03:11:51,245 - Evaluating on freesolv...
2026-06-16 03:11:51,384 - freesolv RMSE: 5.0731
2026-06-16 03:11:51,384 - Evaluating on esol...
2026-06-16 03:11:51,571 - esol RMSE: 2.2929
2026-06-16 03:11:51,572 - Evaluating on lipo...
2026-06-16 03:11:52,231 - lipo RMSE: 1.1432
2026-06-16 03:11:52,231 - Unified Linear Probe Score: -1.0520
2026-06-16 03:13:40,816 - Epoch 36/300 - Train Loss: 0.6994 (Recon: 0.0011, CLR: 3.4917) - Val Loss: 1.2265 (Recon: 0.0013, CLR: 6.1262)
2026-06-16 03:15:31,958 - Epoch 37/300 - Train Loss: 0.6980 (Recon: 0.0009, CLR: 3.4858) - Val Loss: 1.1906 (Recon: 0.0010, CLR: 5.9482)
2026-06-16 03:17:23,763 - Epoch 38/300 - Train Loss: 0.6964 (Recon: 0.0007, CLR: 3.4787) - Val Loss: 1.1529 (Recon: 0.0009, CLR: 5.7595)
2026-06-16 03:19:15,652 - Epoch 39/300 - Train Loss: 0.6962 (Recon: 0.0006, CLR: 3.4780) - Val Loss: 1.1192 (Recon: 0.0008, CLR: 5.5918)
2026-06-16 03:21:06,912 - Epoch 40/300 - Train Loss: 0.6956 (Recon: 0.0005, CLR: 3.4754) - Val Loss: 1.0968 (Recon: 0.0008, CLR: 5.4800)
2026-06-16 03:21:06,913 - Evaluating on bbbp...
2026-06-16 03:21:07,307 - bbbp ROC-AUC: 0.7883
2026-06-16 03:21:07,308 - Evaluating on bace...
2026-06-16 03:21:07,619 - bace ROC-AUC: 0.7479
2026-06-16 03:21:07,619 - Evaluating on clintox...
2026-06-16 03:21:07,960 - clintox ROC-AUC: 0.6834
2026-06-16 03:21:07,960 - Evaluating on freesolv...
2026-06-16 03:21:08,112 - freesolv RMSE: 4.8970
2026-06-16 03:21:08,112 - Evaluating on esol...
2026-06-16 03:21:08,297 - esol RMSE: 1.6608
2026-06-16 03:21:08,297 - Evaluating on lipo...
2026-06-16 03:21:08,961 - lipo RMSE: 1.2536
2026-06-16 03:21:08,961 - Unified Linear Probe Score: -0.9320
2026-06-16 03:22:57,351 - Epoch 41/300 - Train Loss: 0.6950 (Recon: 0.0005, CLR: 3.4723) - Val Loss: 1.0506 (Recon: 0.0007, CLR: 5.2492)
2026-06-16 03:24:44,488 - Epoch 42/300 - Train Loss: 0.6942 (Recon: 0.0005, CLR: 3.4683) - Val Loss: 1.0135 (Recon: 0.0007, CLR: 5.0638)
2026-06-16 03:26:31,080 - Epoch 43/300 - Train Loss: 0.6939 (Recon: 0.0005, CLR: 3.4671) - Val Loss: 0.9786 (Recon: 0.0008, CLR: 4.8889)
2026-06-16 03:28:18,054 - Epoch 44/300 - Train Loss: 0.6935 (Recon: 0.0005, CLR: 3.4652) - Val Loss: 0.9900 (Recon: 0.0008, CLR: 4.9460)
2026-06-16 03:30:04,901 - Epoch 45/300 - Train Loss: 0.6930 (Recon: 0.0005, CLR: 3.4628) - Val Loss: 0.9752 (Recon: 0.0009, CLR: 4.8713)
2026-06-16 03:30:04,902 - Evaluating on bbbp...
2026-06-16 03:30:05,305 - bbbp ROC-AUC: 0.7727
2026-06-16 03:30:05,306 - Evaluating on bace...
2026-06-16 03:30:05,609 - bace ROC-AUC: 0.7474
2026-06-16 03:30:05,609 - Evaluating on clintox...
2026-06-16 03:30:05,892 - clintox ROC-AUC: 0.6848
2026-06-16 03:30:05,893 - Evaluating on freesolv...
2026-06-16 03:30:06,024 - freesolv RMSE: 5.3279
2026-06-16 03:30:06,024 - Evaluating on esol...
2026-06-16 03:30:06,211 - esol RMSE: 1.8019
2026-06-16 03:30:06,211 - Evaluating on lipo...
2026-06-16 03:30:06,890 - lipo RMSE: 1.1829
2026-06-16 03:30:06,890 - Unified Linear Probe Score: -1.0180
2026-06-16 03:31:55,410 - Epoch 46/300 - Train Loss: 0.6920 (Recon: 0.0005, CLR: 3.4576) - Val Loss: 0.9338 (Recon: 0.0008, CLR: 4.6650)
2026-06-16 03:33:41,924 - Epoch 47/300 - Train Loss: 0.6911 (Recon: 0.0004, CLR: 3.4532) - Val Loss: 0.9376 (Recon: 0.0008, CLR: 4.6841)
2026-06-16 03:35:36,601 - Epoch 48/300 - Train Loss: 0.6909 (Recon: 0.0004, CLR: 3.4525) - Val Loss: 0.9039 (Recon: 0.0008, CLR: 4.5155)
2026-06-16 03:37:23,164 - Epoch 49/300 - Train Loss: 0.6904 (Recon: 0.0004, CLR: 3.4500) - Val Loss: 0.9318 (Recon: 0.0007, CLR: 4.6555)
2026-06-16 03:39:09,341 - Epoch 50/300 - Train Loss: 0.6902 (Recon: 0.0004, CLR: 3.4487) - Val Loss: 0.9169 (Recon: 0.0009, CLR: 4.5801)
2026-06-16 03:39:09,341 - Evaluating on bbbp...
2026-06-16 03:39:09,737 - bbbp ROC-AUC: 0.7877
2026-06-16 03:39:09,737 - Evaluating on bace...
2026-06-16 03:39:10,052 - bace ROC-AUC: 0.7242
2026-06-16 03:39:10,052 - Evaluating on clintox...
2026-06-16 03:39:10,351 - clintox ROC-AUC: 0.6027
2026-06-16 03:39:10,351 - Evaluating on freesolv...
2026-06-16 03:39:10,495 - freesolv RMSE: 5.1808
2026-06-16 03:39:10,496 - Evaluating on esol...
2026-06-16 03:39:10,702 - esol RMSE: 1.4618
2026-06-16 03:39:10,702 - Evaluating on lipo...
2026-06-16 03:39:11,358 - lipo RMSE: 1.1412
2026-06-16 03:39:11,358 - Unified Linear Probe Score: -0.9449
2026-06-16 03:40:57,954 - Epoch 51/300 - Train Loss: 0.6890 (Recon: 0.0004, CLR: 3.4431) - Val Loss: 0.8947 (Recon: 0.0008, CLR: 4.4694)
2026-06-16 03:42:44,744 - Epoch 52/300 - Train Loss: 0.6882 (Recon: 0.0004, CLR: 3.4388) - Val Loss: 0.9113 (Recon: 0.0007, CLR: 4.5529)
2026-06-16 03:44:31,656 - Epoch 53/300 - Train Loss: 0.6882 (Recon: 0.0004, CLR: 3.4388) - Val Loss: 0.8832 (Recon: 0.0007, CLR: 4.4125)
2026-06-16 03:46:18,761 - Epoch 54/300 - Train Loss: 0.6869 (Recon: 0.0004, CLR: 3.4323) - Val Loss: 0.8806 (Recon: 0.0007, CLR: 4.3995)
2026-06-16 03:48:05,492 - Epoch 55/300 - Train Loss: 0.6866 (Recon: 0.0004, CLR: 3.4307) - Val Loss: 0.8895 (Recon: 0.0007, CLR: 4.4441)
2026-06-16 03:48:05,492 - Evaluating on bbbp...
2026-06-16 03:48:05,891 - bbbp ROC-AUC: 0.7718
2026-06-16 03:48:05,891 - Evaluating on bace...
2026-06-16 03:48:06,323 - bace ROC-AUC: 0.7740
2026-06-16 03:48:06,324 - Evaluating on clintox...
2026-06-16 03:48:06,635 - clintox ROC-AUC: 0.6116
2026-06-16 03:48:06,635 - Evaluating on freesolv...
2026-06-16 03:48:06,773 - freesolv RMSE: 3.7467
2026-06-16 03:48:06,774 - Evaluating on esol...
2026-06-16 03:48:06,967 - esol RMSE: 1.5699
2026-06-16 03:48:06,967 - Evaluating on lipo...
2026-06-16 03:48:07,614 - lipo RMSE: 1.0914
2026-06-16 03:48:07,615 - Unified Linear Probe Score: -0.7084
2026-06-16 03:49:54,207 - Epoch 56/300 - Train Loss: 0.6860 (Recon: 0.0004, CLR: 3.4281) - Val Loss: 0.8827 (Recon: 0.0007, CLR: 4.4097)
2026-06-16 03:51:40,812 - Epoch 57/300 - Train Loss: 0.6856 (Recon: 0.0004, CLR: 3.4259) - Val Loss: 0.9015 (Recon: 0.0007, CLR: 4.5038)
2026-06-16 03:53:27,484 - Epoch 58/300 - Train Loss: 0.6851 (Recon: 0.0004, CLR: 3.4235) - Val Loss: 0.8841 (Recon: 0.0007, CLR: 4.4170)
2026-06-16 03:55:13,871 - Epoch 59/300 - Train Loss: 0.6846 (Recon: 0.0004, CLR: 3.4207) - Val Loss: 0.8683 (Recon: 0.0008, CLR: 4.3379)
2026-06-16 03:57:00,551 - Epoch 60/300 - Train Loss: 0.6842 (Recon: 0.0004, CLR: 3.4189) - Val Loss: 0.8765 (Recon: 0.0007, CLR: 4.3787)
2026-06-16 03:57:00,552 - Evaluating on bbbp...
2026-06-16 03:57:00,932 - bbbp ROC-AUC: 0.7816
2026-06-16 03:57:00,932 - Evaluating on bace...
2026-06-16 03:57:01,249 - bace ROC-AUC: 0.7279
2026-06-16 03:57:01,249 - Evaluating on clintox...
2026-06-16 03:57:01,549 - clintox ROC-AUC: 0.6155
2026-06-16 03:57:01,549 - Evaluating on freesolv...
2026-06-16 03:57:01,693 - freesolv RMSE: 2.8939
2026-06-16 03:57:01,693 - Evaluating on esol...
2026-06-16 03:57:01,878 - esol RMSE: 1.7581
2026-06-16 03:57:01,878 - Evaluating on lipo...
2026-06-16 03:57:02,559 - lipo RMSE: 1.0561
2026-06-16 03:57:02,560 - Unified Linear Probe Score: -0.5972
2026-06-16 03:57:02,560 - New Best Probe Score: -0.5972
2026-06-16 03:58:48,540 - Epoch 61/300 - Train Loss: 0.6835 (Recon: 0.0004, CLR: 3.4155) - Val Loss: 0.8639 (Recon: 0.0008, CLR: 4.3157)
2026-06-16 04:00:35,342 - Epoch 62/300 - Train Loss: 0.6832 (Recon: 0.0004, CLR: 3.4142) - Val Loss: 0.8867 (Recon: 0.0008, CLR: 4.4296)
2026-06-16 04:02:23,072 - Epoch 63/300 - Train Loss: 0.6830 (Recon: 0.0004, CLR: 3.4129) - Val Loss: 0.8746 (Recon: 0.0008, CLR: 4.3691)
2026-06-16 04:04:11,346 - Epoch 64/300 - Train Loss: 0.6822 (Recon: 0.0004, CLR: 3.4089) - Val Loss: 0.8360 (Recon: 0.0008, CLR: 4.1760)
2026-06-16 04:05:58,105 - Epoch 65/300 - Train Loss: 0.6822 (Recon: 0.0004, CLR: 3.4088) - Val Loss: 0.8607 (Recon: 0.0007, CLR: 4.3002)
2026-06-16 04:05:58,106 - Evaluating on bbbp...
2026-06-16 04:05:58,545 - bbbp ROC-AUC: 0.7989
2026-06-16 04:05:58,545 - Evaluating on bace...
2026-06-16 04:05:58,940 - bace ROC-AUC: 0.7765
2026-06-16 04:05:58,941 - Evaluating on clintox...
2026-06-16 04:05:59,241 - clintox ROC-AUC: 0.5706
2026-06-16 04:05:59,241 - Evaluating on freesolv...
2026-06-16 04:05:59,378 - freesolv RMSE: 2.9862
2026-06-16 04:05:59,378 - Evaluating on esol...
2026-06-16 04:05:59,576 - esol RMSE: 1.2863
2026-06-16 04:05:59,576 - Evaluating on lipo...
2026-06-16 04:06:00,233 - lipo RMSE: 1.0138
2026-06-16 04:06:00,233 - Unified Linear Probe Score: -0.5234
2026-06-16 04:06:00,233 - New Best Probe Score: -0.5234
2026-06-16 04:07:46,518 - Epoch 66/300 - Train Loss: 0.6819 (Recon: 0.0004, CLR: 3.4074) - Val Loss: 0.8748 (Recon: 0.0008, CLR: 4.3700)
2026-06-16 04:09:33,105 - Epoch 67/300 - Train Loss: 0.6811 (Recon: 0.0004, CLR: 3.4033) - Val Loss: 0.8565 (Recon: 0.0007, CLR: 4.2792)
2026-06-16 04:11:19,597 - Epoch 68/300 - Train Loss: 0.6812 (Recon: 0.0004, CLR: 3.4042) - Val Loss: 0.8622 (Recon: 0.0007, CLR: 4.3073)
2026-06-16 04:13:14,840 - Epoch 69/300 - Train Loss: 0.6805 (Recon: 0.0004, CLR: 3.4005) - Val Loss: 0.8771 (Recon: 0.0007, CLR: 4.3817)
2026-06-16 04:15:01,371 - Epoch 70/300 - Train Loss: 0.6801 (Recon: 0.0004, CLR: 3.3985) - Val Loss: 0.8536 (Recon: 0.0007, CLR: 4.2645)
2026-06-16 04:15:01,371 - Evaluating on bbbp...
2026-06-16 04:15:01,770 - bbbp ROC-AUC: 0.8033
2026-06-16 04:15:01,770 - Evaluating on bace...
2026-06-16 04:15:02,068 - bace ROC-AUC: 0.7566
2026-06-16 04:15:02,068 - Evaluating on clintox...
2026-06-16 04:15:02,365 - clintox ROC-AUC: 0.6032
2026-06-16 04:15:02,365 - Evaluating on freesolv...
2026-06-16 04:15:02,505 - freesolv RMSE: 4.2100
2026-06-16 04:15:02,506 - Evaluating on esol...
2026-06-16 04:15:02,699 - esol RMSE: 2.1607
2026-06-16 04:15:02,699 - Evaluating on lipo...
2026-06-16 04:15:03,351 - lipo RMSE: 1.0455
2026-06-16 04:15:03,351 - Unified Linear Probe Score: -0.8755
2026-06-16 04:16:49,323 - Epoch 71/300 - Train Loss: 0.6797 (Recon: 0.0004, CLR: 3.3965) - Val Loss: 0.8638 (Recon: 0.0007, CLR: 4.3157)
2026-06-16 04:18:36,073 - Epoch 72/300 - Train Loss: 0.6787 (Recon: 0.0004, CLR: 3.3916) - Val Loss: 0.8798 (Recon: 0.0007, CLR: 4.3953)
2026-06-16 04:20:22,584 - Epoch 73/300 - Train Loss: 0.6789 (Recon: 0.0004, CLR: 3.3928) - Val Loss: 0.8315 (Recon: 0.0007, CLR: 4.1541)
2026-06-16 04:22:12,841 - Epoch 74/300 - Train Loss: 0.6783 (Recon: 0.0004, CLR: 3.3898) - Val Loss: 0.8300 (Recon: 0.0007, CLR: 4.1462)
2026-06-16 04:24:00,269 - Epoch 75/300 - Train Loss: 0.6781 (Recon: 0.0004, CLR: 3.3887) - Val Loss: 0.8371 (Recon: 0.0007, CLR: 4.1819)
2026-06-16 04:24:00,270 - Evaluating on bbbp...
2026-06-16 04:24:00,665 - bbbp ROC-AUC: 0.7821
2026-06-16 04:24:00,666 - Evaluating on bace...
2026-06-16 04:24:00,989 - bace ROC-AUC: 0.7718
2026-06-16 04:24:00,989 - Evaluating on clintox...
2026-06-16 04:24:01,286 - clintox ROC-AUC: 0.5760
2026-06-16 04:24:01,286 - Evaluating on freesolv...
2026-06-16 04:24:01,435 - freesolv RMSE: 4.3192
2026-06-16 04:24:01,435 - Evaluating on esol...
2026-06-16 04:24:01,625 - esol RMSE: 1.4685
2026-06-16 04:24:01,626 - Evaluating on lipo...
2026-06-16 04:24:02,273 - lipo RMSE: 0.9959
2026-06-16 04:24:02,273 - Unified Linear Probe Score: -0.7756
2026-06-16 04:25:48,396 - Epoch 76/300 - Train Loss: 0.6778 (Recon: 0.0004, CLR: 3.3869) - Val Loss: 0.8490 (Recon: 0.0007, CLR: 4.2414)
2026-06-16 04:27:34,967 - Epoch 77/300 - Train Loss: 0.6772 (Recon: 0.0004, CLR: 3.3840) - Val Loss: 0.8426 (Recon: 0.0007, CLR: 4.2095)
2026-06-16 04:29:21,874 - Epoch 78/300 - Train Loss: 0.6767 (Recon: 0.0004, CLR: 3.3817) - Val Loss: 0.8510 (Recon: 0.0007, CLR: 4.2512)
2026-06-16 04:31:08,343 - Epoch 79/300 - Train Loss: 0.6765 (Recon: 0.0004, CLR: 3.3805) - Val Loss: 0.8194 (Recon: 0.0007, CLR: 4.0938)
2026-06-16 04:32:54,576 - Epoch 80/300 - Train Loss: 0.6761 (Recon: 0.0004, CLR: 3.3786) - Val Loss: 0.8434 (Recon: 0.0007, CLR: 4.2134)
2026-06-16 04:32:54,576 - Evaluating on bbbp...
2026-06-16 04:32:54,961 - bbbp ROC-AUC: 0.7914
2026-06-16 04:32:54,961 - Evaluating on bace...
2026-06-16 04:32:55,257 - bace ROC-AUC: 0.7659
2026-06-16 04:32:55,257 - Evaluating on clintox...
2026-06-16 04:32:55,568 - clintox ROC-AUC: 0.5792
2026-06-16 04:32:55,568 - Evaluating on freesolv...
2026-06-16 04:32:55,708 - freesolv RMSE: 3.7022
2026-06-16 04:32:55,709 - Evaluating on esol...
2026-06-16 04:32:55,903 - esol RMSE: 1.4931
2026-06-16 04:32:55,903 - Evaluating on lipo...
2026-06-16 04:32:56,572 - lipo RMSE: 1.0817
2026-06-16 04:32:56,572 - Unified Linear Probe Score: -0.6901
2026-06-16 04:34:42,925 - Epoch 81/300 - Train Loss: 0.6761 (Recon: 0.0004, CLR: 3.3789) - Val Loss: 0.8139 (Recon: 0.0006, CLR: 4.0664)
2026-06-16 04:36:30,116 - Epoch 82/300 - Train Loss: 0.6760 (Recon: 0.0004, CLR: 3.3779) - Val Loss: 0.8548 (Recon: 0.0007, CLR: 4.2703)
2026-06-16 04:38:19,371 - Epoch 83/300 - Train Loss: 0.6754 (Recon: 0.0004, CLR: 3.3753) - Val Loss: 0.8296 (Recon: 0.0007, CLR: 4.1441)
2026-06-16 04:40:09,384 - Epoch 84/300 - Train Loss: 0.6751 (Recon: 0.0004, CLR: 3.3735) - Val Loss: 0.8335 (Recon: 0.0006, CLR: 4.1645)
2026-06-16 04:41:59,975 - Epoch 85/300 - Train Loss: 0.6747 (Recon: 0.0004, CLR: 3.3716) - Val Loss: 0.8297 (Recon: 0.0007, CLR: 4.1449)
2026-06-16 04:41:59,975 - Evaluating on bbbp...
2026-06-16 04:42:00,359 - bbbp ROC-AUC: 0.7944
2026-06-16 04:42:00,359 - Evaluating on bace...
2026-06-16 04:42:00,659 - bace ROC-AUC: 0.7936
2026-06-16 04:42:00,659 - Evaluating on clintox...
2026-06-16 04:42:00,963 - clintox ROC-AUC: 0.5826
2026-06-16 04:42:00,963 - Evaluating on freesolv...
2026-06-16 04:42:01,098 - freesolv RMSE: 2.8563
2026-06-16 04:42:01,098 - Evaluating on esol...
2026-06-16 04:42:01,289 - esol RMSE: 1.8299
2026-06-16 04:42:01,289 - Evaluating on lipo...
2026-06-16 04:42:01,949 - lipo RMSE: 1.1211
2026-06-16 04:42:01,949 - Unified Linear Probe Score: -0.6061
2026-06-16 04:43:52,147 - Epoch 86/300 - Train Loss: 0.6744 (Recon: 0.0004, CLR: 3.3699) - Val Loss: 0.8373 (Recon: 0.0007, CLR: 4.1833)
2026-06-16 04:45:43,488 - Epoch 87/300 - Train Loss: 0.6743 (Recon: 0.0004, CLR: 3.3697) - Val Loss: 0.8347 (Recon: 0.0007, CLR: 4.1700)
2026-06-16 04:47:31,956 - Epoch 88/300 - Train Loss: 0.6741 (Recon: 0.0004, CLR: 3.3686) - Val Loss: 0.8576 (Recon: 0.0007, CLR: 4.2841)
2026-06-16 04:49:22,215 - Epoch 89/300 - Train Loss: 0.6734 (Recon: 0.0004, CLR: 3.3651) - Val Loss: 0.8324 (Recon: 0.0008, CLR: 4.1581)
2026-06-16 04:51:16,759 - Epoch 90/300 - Train Loss: 0.6734 (Recon: 0.0004, CLR: 3.3652) - Val Loss: 0.8299 (Recon: 0.0007, CLR: 4.1463)
2026-06-16 04:51:16,760 - Evaluating on bbbp...
2026-06-16 04:51:17,131 - bbbp ROC-AUC: 0.8287
2026-06-16 04:51:17,132 - Evaluating on bace...
2026-06-16 04:51:17,434 - bace ROC-AUC: 0.8020
2026-06-16 04:51:17,434 - Evaluating on clintox...
2026-06-16 04:51:17,744 - clintox ROC-AUC: 0.6083
2026-06-16 04:51:17,744 - Evaluating on freesolv...
2026-06-16 04:51:17,884 - freesolv RMSE: 4.4072
2026-06-16 04:51:17,884 - Evaluating on esol...
2026-06-16 04:51:18,076 - esol RMSE: 1.3963
2026-06-16 04:51:18,077 - Evaluating on lipo...
2026-06-16 04:51:18,737 - lipo RMSE: 1.1024
2026-06-16 04:51:18,737 - Unified Linear Probe Score: -0.7778
2026-06-16 04:53:05,543 - Epoch 91/300 - Train Loss: 0.6728 (Recon: 0.0004, CLR: 3.3624) - Val Loss: 0.8284 (Recon: 0.0007, CLR: 4.1382)
2026-06-16 04:54:52,039 - Epoch 92/300 - Train Loss: 0.6730 (Recon: 0.0004, CLR: 3.3633) - Val Loss: 0.8449 (Recon: 0.0007, CLR: 4.2212)
2026-06-16 04:56:38,262 - Epoch 93/300 - Train Loss: 0.6728 (Recon: 0.0004, CLR: 3.3622) - Val Loss: 0.8453 (Recon: 0.0007, CLR: 4.2232)
2026-06-16 04:58:24,609 - Epoch 94/300 - Train Loss: 0.6723 (Recon: 0.0004, CLR: 3.3598) - Val Loss: 0.8194 (Recon: 0.0007, CLR: 4.0940)
2026-06-16 05:00:11,188 - Epoch 95/300 - Train Loss: 0.6721 (Recon: 0.0004, CLR: 3.3585) - Val Loss: 0.8235 (Recon: 0.0007, CLR: 4.1141)
2026-06-16 05:00:11,189 - Evaluating on bbbp...
2026-06-16 05:00:11,569 - bbbp ROC-AUC: 0.8030
2026-06-16 05:00:11,569 - Evaluating on bace...
2026-06-16 05:00:11,876 - bace ROC-AUC: 0.7760
2026-06-16 05:00:11,876 - Evaluating on clintox...
2026-06-16 05:00:12,182 - clintox ROC-AUC: 0.6624
2026-06-16 05:00:12,182 - Evaluating on freesolv...
2026-06-16 05:00:12,319 - freesolv RMSE: 3.3903
2026-06-16 05:00:12,319 - Evaluating on esol...
2026-06-16 05:00:12,518 - esol RMSE: 1.2473
2026-06-16 05:00:12,518 - Evaluating on lipo...
2026-06-16 05:00:13,272 - lipo RMSE: 1.0411
2026-06-16 05:00:13,272 - Unified Linear Probe Score: -0.5729
2026-06-16 05:01:59,525 - Epoch 96/300 - Train Loss: 0.6722 (Recon: 0.0004, CLR: 3.3594) - Val Loss: 0.8145 (Recon: 0.0007, CLR: 4.0691)
2026-06-16 05:03:45,984 - Epoch 97/300 - Train Loss: 0.6715 (Recon: 0.0004, CLR: 3.3556) - Val Loss: 0.7946 (Recon: 0.0007, CLR: 3.9695)
2026-06-16 05:05:32,147 - Epoch 98/300 - Train Loss: 0.6713 (Recon: 0.0004, CLR: 3.3548) - Val Loss: 0.8181 (Recon: 0.0006, CLR: 4.0874)
2026-06-16 05:07:18,546 - Epoch 99/300 - Train Loss: 0.6716 (Recon: 0.0004, CLR: 3.3561) - Val Loss: 0.8090 (Recon: 0.0007, CLR: 4.0415)
2026-06-16 05:09:04,756 - Epoch 100/300 - Train Loss: 0.6710 (Recon: 0.0004, CLR: 3.3534) - Val Loss: 0.8020 (Recon: 0.0006, CLR: 4.0070)
2026-06-16 05:09:04,756 - Evaluating on bbbp...
2026-06-16 05:09:05,148 - bbbp ROC-AUC: 0.8123
2026-06-16 05:09:05,148 - Evaluating on bace...
2026-06-16 05:09:05,473 - bace ROC-AUC: 0.7862
2026-06-16 05:09:05,473 - Evaluating on clintox...
2026-06-16 05:09:05,777 - clintox ROC-AUC: 0.6637
2026-06-16 05:09:05,777 - Evaluating on freesolv...
2026-06-16 05:09:05,911 - freesolv RMSE: 3.8889
2026-06-16 05:09:05,911 - Evaluating on esol...
2026-06-16 05:09:06,110 - esol RMSE: 1.3127
2026-06-16 05:09:06,111 - Evaluating on lipo...
2026-06-16 05:09:06,772 - lipo RMSE: 1.0746
2026-06-16 05:09:06,772 - Unified Linear Probe Score: -0.6690
2026-06-16 05:10:52,869 - Epoch 101/300 - Train Loss: 0.6708 (Recon: 0.0004, CLR: 3.3521) - Val Loss: 0.8212 (Recon: 0.0007, CLR: 4.1029)
2026-06-16 05:12:39,161 - Epoch 102/300 - Train Loss: 0.6708 (Recon: 0.0004, CLR: 3.3524) - Val Loss: 0.8280 (Recon: 0.0006, CLR: 4.1371)
2026-06-16 05:14:25,712 - Epoch 103/300 - Train Loss: 0.6707 (Recon: 0.0004, CLR: 3.3517) - Val Loss: 0.8170 (Recon: 0.0007, CLR: 4.0815)
2026-06-16 05:16:11,830 - Epoch 104/300 - Train Loss: 0.6702 (Recon: 0.0004, CLR: 3.3491) - Val Loss: 0.8145 (Recon: 0.0007, CLR: 4.0691)
2026-06-16 05:17:58,421 - Epoch 105/300 - Train Loss: 0.6698 (Recon: 0.0004, CLR: 3.3471) - Val Loss: 0.8135 (Recon: 0.0007, CLR: 4.0642)
2026-06-16 05:17:58,422 - Evaluating on bbbp...
2026-06-16 05:17:58,921 - bbbp ROC-AUC: 0.7914
2026-06-16 05:17:58,921 - Evaluating on bace...
2026-06-16 05:17:59,257 - bace ROC-AUC: 0.8337
2026-06-16 05:17:59,257 - Evaluating on clintox...
2026-06-16 05:17:59,564 - clintox ROC-AUC: 0.6248
2026-06-16 05:17:59,564 - Evaluating on freesolv...
2026-06-16 05:17:59,699 - freesolv RMSE: 4.2222
2026-06-16 05:17:59,699 - Evaluating on esol...
2026-06-16 05:17:59,894 - esol RMSE: 1.2347
2026-06-16 05:17:59,895 - Evaluating on lipo...
2026-06-16 05:18:00,582 - lipo RMSE: 1.0728
2026-06-16 05:18:00,583 - Unified Linear Probe Score: -0.7133
2026-06-16 05:19:46,619 - Epoch 106/300 - Train Loss: 0.6699 (Recon: 0.0004, CLR: 3.3475) - Val Loss: 0.8136 (Recon: 0.0007, CLR: 4.0648)
2026-06-16 05:21:33,161 - Epoch 107/300 - Train Loss: 0.6688 (Recon: 0.0004, CLR: 3.3421) - Val Loss: 0.7924 (Recon: 0.0007, CLR: 3.9585)
2026-06-16 05:23:19,677 - Epoch 108/300 - Train Loss: 0.6692 (Recon: 0.0004, CLR: 3.3440) - Val Loss: 0.8052 (Recon: 0.0007, CLR: 4.0227)
2026-06-16 05:25:05,988 - Epoch 109/300 - Train Loss: 0.6688 (Recon: 0.0004, CLR: 3.3421) - Val Loss: 0.8122 (Recon: 0.0007, CLR: 4.0573)
2026-06-16 05:27:00,540 - Epoch 110/300 - Train Loss: 0.6691 (Recon: 0.0004, CLR: 3.3436) - Val Loss: 0.8004 (Recon: 0.0007, CLR: 3.9984)
2026-06-16 05:27:00,541 - Evaluating on bbbp...
2026-06-16 05:27:00,926 - bbbp ROC-AUC: 0.8051
2026-06-16 05:27:00,927 - Evaluating on bace...
2026-06-16 05:27:01,233 - bace ROC-AUC: 0.8421
2026-06-16 05:27:01,233 - Evaluating on clintox...
2026-06-16 05:27:01,551 - clintox ROC-AUC: 0.7012
2026-06-16 05:27:01,551 - Evaluating on freesolv...
2026-06-16 05:27:01,695 - freesolv RMSE: 5.0112
2026-06-16 05:27:01,695 - Evaluating on esol...
2026-06-16 05:27:01,900 - esol RMSE: 1.5343
2026-06-16 05:27:01,900 - Evaluating on lipo...
2026-06-16 05:27:02,589 - lipo RMSE: 1.0553
2026-06-16 05:27:02,589 - Unified Linear Probe Score: -0.8754
2026-06-16 05:28:49,214 - Epoch 111/300 - Train Loss: 0.6690 (Recon: 0.0004, CLR: 3.3431) - Val Loss: 0.7979 (Recon: 0.0006, CLR: 3.9864)
2026-06-16 05:30:35,897 - Epoch 112/300 - Train Loss: 0.6687 (Recon: 0.0004, CLR: 3.3418) - Val Loss: 0.7986 (Recon: 0.0007, CLR: 3.9895)
2026-06-16 05:32:22,077 - Epoch 113/300 - Train Loss: 0.6681 (Recon: 0.0004, CLR: 3.3385) - Val Loss: 0.8021 (Recon: 0.0007, CLR: 4.0067)
2026-06-16 05:34:11,748 - Epoch 114/300 - Train Loss: 0.6684 (Recon: 0.0004, CLR: 3.3402) - Val Loss: 0.8107 (Recon: 0.0007, CLR: 4.0500)
2026-06-16 05:35:58,461 - Epoch 115/300 - Train Loss: 0.6683 (Recon: 0.0004, CLR: 3.3396) - Val Loss: 0.7963 (Recon: 0.0007, CLR: 3.9779)
2026-06-16 05:35:58,461 - Evaluating on bbbp...
2026-06-16 05:35:58,850 - bbbp ROC-AUC: 0.7890
2026-06-16 05:35:58,850 - Evaluating on bace...
2026-06-16 05:35:59,163 - bace ROC-AUC: 0.7816
2026-06-16 05:35:59,163 - Evaluating on clintox...
2026-06-16 05:35:59,469 - clintox ROC-AUC: 0.6226
2026-06-16 05:35:59,469 - Evaluating on freesolv...
2026-06-16 05:35:59,607 - freesolv RMSE: 4.5673
2026-06-16 05:35:59,607 - Evaluating on esol...
2026-06-16 05:35:59,811 - esol RMSE: 1.5988
2026-06-16 05:35:59,811 - Evaluating on lipo...
2026-06-16 05:36:00,586 - lipo RMSE: 1.0244
2026-06-16 05:36:00,586 - Unified Linear Probe Score: -0.8329
2026-06-16 05:37:46,867 - Epoch 116/300 - Train Loss: 0.6677 (Recon: 0.0004, CLR: 3.3366) - Val Loss: 0.8244 (Recon: 0.0007, CLR: 4.1185)
2026-06-16 05:39:35,622 - Epoch 117/300 - Train Loss: 0.6670 (Recon: 0.0004, CLR: 3.3332) - Val Loss: 0.7902 (Recon: 0.0007, CLR: 3.9476)
2026-06-16 05:41:25,966 - Epoch 118/300 - Train Loss: 0.6675 (Recon: 0.0004, CLR: 3.3355) - Val Loss: 0.8195 (Recon: 0.0007, CLR: 4.0939)
2026-06-16 05:43:14,036 - Epoch 119/300 - Train Loss: 0.6672 (Recon: 0.0004, CLR: 3.3341) - Val Loss: 0.7946 (Recon: 0.0006, CLR: 3.9696)
2026-06-16 05:45:00,756 - Epoch 120/300 - Train Loss: 0.6673 (Recon: 0.0004, CLR: 3.3346) - Val Loss: 0.7785 (Recon: 0.0006, CLR: 3.8894)
2026-06-16 05:45:00,757 - Evaluating on bbbp...
2026-06-16 05:45:01,162 - bbbp ROC-AUC: 0.7856
2026-06-16 05:45:01,163 - Evaluating on bace...
2026-06-16 05:45:01,455 - bace ROC-AUC: 0.7944
2026-06-16 05:45:01,455 - Evaluating on clintox...
2026-06-16 05:45:01,745 - clintox ROC-AUC: 0.6301
2026-06-16 05:45:01,746 - Evaluating on freesolv...
2026-06-16 05:45:01,882 - freesolv RMSE: 3.8485
2026-06-16 05:45:01,883 - Evaluating on esol...
2026-06-16 05:45:02,071 - esol RMSE: 1.6590
2026-06-16 05:45:02,071 - Evaluating on lipo...
2026-06-16 05:45:02,749 - lipo RMSE: 1.0643
2026-06-16 05:45:02,749 - Unified Linear Probe Score: -0.7270
2026-06-16 05:46:48,660 - Epoch 121/300 - Train Loss: 0.6669 (Recon: 0.0004, CLR: 3.3326) - Val Loss: 0.8034 (Recon: 0.0007, CLR: 4.0137)
2026-06-16 05:48:37,868 - Epoch 122/300 - Train Loss: 0.6665 (Recon: 0.0004, CLR: 3.3305) - Val Loss: 0.7950 (Recon: 0.0007, CLR: 3.9714)
2026-06-16 05:50:25,309 - Epoch 123/300 - Train Loss: 0.6668 (Recon: 0.0004, CLR: 3.3323) - Val Loss: 0.8032 (Recon: 0.0006, CLR: 4.0130)
2026-06-16 05:52:13,504 - Epoch 124/300 - Train Loss: 0.6660 (Recon: 0.0004, CLR: 3.3285) - Val Loss: 0.8302 (Recon: 0.0007, CLR: 4.1475)
2026-06-16 05:54:02,404 - Epoch 125/300 - Train Loss: 0.6661 (Recon: 0.0004, CLR: 3.3290) - Val Loss: 0.7977 (Recon: 0.0006, CLR: 3.9852)
2026-06-16 05:54:02,405 - Evaluating on bbbp...
2026-06-16 05:54:02,892 - bbbp ROC-AUC: 0.7890
2026-06-16 05:54:02,892 - Evaluating on bace...
2026-06-16 05:54:03,253 - bace ROC-AUC: 0.8461
2026-06-16 05:54:03,254 - Evaluating on clintox...
2026-06-16 05:54:03,612 - clintox ROC-AUC: 0.6509
2026-06-16 05:54:03,612 - Evaluating on freesolv...
2026-06-16 05:54:03,762 - freesolv RMSE: 2.9313
2026-06-16 05:54:03,762 - Evaluating on esol...
2026-06-16 05:54:03,957 - esol RMSE: 1.4531
2026-06-16 05:54:03,957 - Evaluating on lipo...
2026-06-16 05:54:04,611 - lipo RMSE: 1.1408
2026-06-16 05:54:04,611 - Unified Linear Probe Score: -0.5399
2026-06-16 05:55:53,005 - Epoch 126/300 - Train Loss: 0.6657 (Recon: 0.0004, CLR: 3.3265) - Val Loss: 0.8067 (Recon: 0.0007, CLR: 4.0299)
2026-06-16 05:57:43,528 - Epoch 127/300 - Train Loss: 0.6658 (Recon: 0.0004, CLR: 3.3275) - Val Loss: 0.8052 (Recon: 0.0007, CLR: 4.0227)
2026-06-16 05:59:40,621 - Epoch 128/300 - Train Loss: 0.6655 (Recon: 0.0004, CLR: 3.3257) - Val Loss: 0.8054 (Recon: 0.0007, CLR: 4.0237)
2026-06-16 06:01:34,135 - Epoch 129/300 - Train Loss: 0.6655 (Recon: 0.0004, CLR: 3.3258) - Val Loss: 0.7952 (Recon: 0.0007, CLR: 3.9723)
2026-06-16 06:03:24,096 - Epoch 130/300 - Train Loss: 0.6653 (Recon: 0.0004, CLR: 3.3248) - Val Loss: 0.7947 (Recon: 0.0007, CLR: 3.9701)
2026-06-16 06:03:24,096 - Evaluating on bbbp...
2026-06-16 06:03:24,490 - bbbp ROC-AUC: 0.7786
2026-06-16 06:03:24,490 - Evaluating on bace...
2026-06-16 06:03:24,802 - bace ROC-AUC: 0.8133
2026-06-16 06:03:24,802 - Evaluating on clintox...
2026-06-16 06:03:25,085 - clintox ROC-AUC: 0.6270
2026-06-16 06:03:25,085 - Evaluating on freesolv...
2026-06-16 06:03:25,229 - freesolv RMSE: 3.9908
2026-06-16 06:03:25,229 - Evaluating on esol...
2026-06-16 06:03:25,413 - esol RMSE: 1.4838
2026-06-16 06:03:25,413 - Evaluating on lipo...
2026-06-16 06:03:34,161 - lipo RMSE: 1.1165
2026-06-16 06:03:34,162 - Unified Linear Probe Score: -0.7287
2026-06-16 06:05:25,939 - Epoch 131/300 - Train Loss: 0.6654 (Recon: 0.0004, CLR: 3.3254) - Val Loss: 0.7921 (Recon: 0.0007, CLR: 3.9571)
2026-06-16 06:07:14,225 - Epoch 132/300 - Train Loss: 0.6648 (Recon: 0.0004, CLR: 3.3223) - Val Loss: 0.7924 (Recon: 0.0007, CLR: 3.9583)
2026-06-16 06:09:00,704 - Epoch 133/300 - Train Loss: 0.6648 (Recon: 0.0004, CLR: 3.3221) - Val Loss: 0.7938 (Recon: 0.0007, CLR: 3.9657)
2026-06-16 06:10:46,919 - Epoch 134/300 - Train Loss: 0.6645 (Recon: 0.0004, CLR: 3.3208) - Val Loss: 0.7814 (Recon: 0.0007, CLR: 3.9036)
2026-06-16 06:12:33,366 - Epoch 135/300 - Train Loss: 0.6641 (Recon: 0.0004, CLR: 3.3188) - Val Loss: 0.8022 (Recon: 0.0007, CLR: 4.0073)
2026-06-16 06:12:33,367 - Evaluating on bbbp...
2026-06-16 06:12:33,759 - bbbp ROC-AUC: 0.8029
2026-06-16 06:12:33,759 - Evaluating on bace...
2026-06-16 06:12:34,069 - bace ROC-AUC: 0.7987
2026-06-16 06:12:34,069 - Evaluating on clintox...
2026-06-16 06:12:34,359 - clintox ROC-AUC: 0.6558
2026-06-16 06:12:34,359 - Evaluating on freesolv...
2026-06-16 06:12:34,496 - freesolv RMSE: 3.9281
2026-06-16 06:12:34,497 - Evaluating on esol...
2026-06-16 06:12:34,685 - esol RMSE: 1.6687
2026-06-16 06:12:34,685 - Evaluating on lipo...
2026-06-16 06:12:35,339 - lipo RMSE: 1.0658
2026-06-16 06:12:35,339 - Unified Linear Probe Score: -0.7342
2026-06-16 06:14:21,929 - Epoch 136/300 - Train Loss: 0.6643 (Recon: 0.0004, CLR: 3.3196) - Val Loss: 0.7859 (Recon: 0.0007, CLR: 3.9258)
2026-06-16 06:16:08,189 - Epoch 137/300 - Train Loss: 0.6640 (Recon: 0.0004, CLR: 3.3183) - Val Loss: 0.7846 (Recon: 0.0007, CLR: 3.9193)
2026-06-16 06:17:55,030 - Epoch 138/300 - Train Loss: 0.6642 (Recon: 0.0004, CLR: 3.3195) - Val Loss: 0.7968 (Recon: 0.0007, CLR: 3.9804)
2026-06-16 06:19:41,866 - Epoch 139/300 - Train Loss: 0.6637 (Recon: 0.0004, CLR: 3.3169) - Val Loss: 0.7881 (Recon: 0.0007, CLR: 3.9369)
2026-06-16 06:21:29,277 - Epoch 140/300 - Train Loss: 0.6643 (Recon: 0.0004, CLR: 3.3197) - Val Loss: 0.7927 (Recon: 0.0007, CLR: 3.9598)
2026-06-16 06:21:29,277 - Evaluating on bbbp...
2026-06-16 06:21:29,680 - bbbp ROC-AUC: 0.7981
2026-06-16 06:21:29,680 - Evaluating on bace...
2026-06-16 06:21:29,994 - bace ROC-AUC: 0.8421
2026-06-16 06:21:29,994 - Evaluating on clintox...
2026-06-16 06:21:30,289 - clintox ROC-AUC: 0.6582
2026-06-16 06:21:30,289 - Evaluating on freesolv...
2026-06-16 06:21:30,435 - freesolv RMSE: 4.4034
2026-06-16 06:21:30,435 - Evaluating on esol...
2026-06-16 06:21:30,633 - esol RMSE: 1.4877
2026-06-16 06:21:30,634 - Evaluating on lipo...
2026-06-16 06:21:31,325 - lipo RMSE: 1.0847
2026-06-16 06:21:31,325 - Unified Linear Probe Score: -0.7795
2026-06-16 06:23:17,764 - Epoch 141/300 - Train Loss: 0.6631 (Recon: 0.0004, CLR: 3.3139) - Val Loss: 0.7896 (Recon: 0.0007, CLR: 3.9444)
2026-06-16 06:25:04,721 - Epoch 142/300 - Train Loss: 0.6638 (Recon: 0.0004, CLR: 3.3173) - Val Loss: 0.7913 (Recon: 0.0008, CLR: 3.9527)
2026-06-16 06:26:50,943 - Epoch 143/300 - Train Loss: 0.6636 (Recon: 0.0004, CLR: 3.3160) - Val Loss: 0.8216 (Recon: 0.0007, CLR: 4.1042)
2026-06-16 06:28:37,852 - Epoch 144/300 - Train Loss: 0.6633 (Recon: 0.0004, CLR: 3.3146) - Val Loss: 0.8097 (Recon: 0.0008, CLR: 4.0448)
2026-06-16 06:30:24,870 - Epoch 145/300 - Train Loss: 0.6629 (Recon: 0.0004, CLR: 3.3127) - Val Loss: 0.7986 (Recon: 0.0007, CLR: 3.9895)
2026-06-16 06:30:24,870 - Evaluating on bbbp...
2026-06-16 06:30:25,252 - bbbp ROC-AUC: 0.7832
2026-06-16 06:30:25,252 - Evaluating on bace...
2026-06-16 06:30:25,569 - bace ROC-AUC: 0.7984
2026-06-16 06:30:25,569 - Evaluating on clintox...
2026-06-16 06:30:25,876 - clintox ROC-AUC: 0.6179
2026-06-16 06:30:25,876 - Evaluating on freesolv...
2026-06-16 06:30:26,014 - freesolv RMSE: 4.5498
2026-06-16 06:30:26,015 - Evaluating on esol...
2026-06-16 06:30:26,202 - esol RMSE: 1.5991
2026-06-16 06:30:26,202 - Evaluating on lipo...
2026-06-16 06:30:26,848 - lipo RMSE: 1.1057
2026-06-16 06:30:26,849 - Unified Linear Probe Score: -0.8425
2026-06-16 06:32:13,004 - Epoch 146/300 - Train Loss: 0.6631 (Recon: 0.0004, CLR: 3.3135) - Val Loss: 0.8003 (Recon: 0.0008, CLR: 3.9976)
2026-06-16 06:33:59,365 - Epoch 147/300 - Train Loss: 0.6619 (Recon: 0.0004, CLR: 3.3079) - Val Loss: 0.8031 (Recon: 0.0007, CLR: 4.0123)
2026-06-16 06:35:46,217 - Epoch 148/300 - Train Loss: 0.6631 (Recon: 0.0004, CLR: 3.3139) - Val Loss: 0.7804 (Recon: 0.0007, CLR: 3.8986)
2026-06-16 06:37:34,889 - Epoch 149/300 - Train Loss: 0.6628 (Recon: 0.0004, CLR: 3.3121) - Val Loss: 0.8196 (Recon: 0.0007, CLR: 4.0947)
2026-06-16 06:39:22,640 - Epoch 150/300 - Train Loss: 0.6623 (Recon: 0.0004, CLR: 3.3099) - Val Loss: 0.7897 (Recon: 0.0007, CLR: 3.9448)
2026-06-16 06:39:22,640 - Evaluating on bbbp...
2026-06-16 06:39:23,073 - bbbp ROC-AUC: 0.8034
2026-06-16 06:39:23,074 - Evaluating on bace...
2026-06-16 06:39:23,379 - bace ROC-AUC: 0.7998
2026-06-16 06:39:23,379 - Evaluating on clintox...
2026-06-16 06:39:23,676 - clintox ROC-AUC: 0.6715
2026-06-16 06:39:23,678 - Evaluating on freesolv...
2026-06-16 06:39:23,827 - freesolv RMSE: 3.1095
2026-06-16 06:39:23,827 - Evaluating on esol...
2026-06-16 06:39:24,012 - esol RMSE: 1.2456
2026-06-16 06:39:24,013 - Evaluating on lipo...
2026-06-16 06:39:24,697 - lipo RMSE: 1.0975
2026-06-16 06:39:24,697 - Unified Linear Probe Score: -0.5297
2026-06-16 06:41:22,375 - Epoch 151/300 - Train Loss: 0.6626 (Recon: 0.0003, CLR: 3.3112) - Val Loss: 0.7901 (Recon: 0.0009, CLR: 3.9463)
2026-06-16 06:43:11,021 - Epoch 152/300 - Train Loss: 0.6622 (Recon: 0.0003, CLR: 3.3093) - Val Loss: 0.7892 (Recon: 0.0007, CLR: 3.9425)
2026-06-16 06:45:00,249 - Epoch 153/300 - Train Loss: 0.6611 (Recon: 0.0004, CLR: 3.3039) - Val Loss: 0.7980 (Recon: 0.0007, CLR: 3.9863)
2026-06-16 06:46:49,441 - Epoch 154/300 - Train Loss: 0.6617 (Recon: 0.0003, CLR: 3.3069) - Val Loss: 0.7862 (Recon: 0.0007, CLR: 3.9272)
2026-06-16 06:48:39,187 - Epoch 155/300 - Train Loss: 0.6616 (Recon: 0.0004, CLR: 3.3064) - Val Loss: 0.7830 (Recon: 0.0007, CLR: 3.9116)
2026-06-16 06:48:39,187 - Evaluating on bbbp...
2026-06-16 06:48:39,570 - bbbp ROC-AUC: 0.8022
2026-06-16 06:48:39,571 - Evaluating on bace...
2026-06-16 06:48:39,892 - bace ROC-AUC: 0.8279
2026-06-16 06:48:39,892 - Evaluating on clintox...
2026-06-16 06:48:40,214 - clintox ROC-AUC: 0.6589
2026-06-16 06:48:40,214 - Evaluating on freesolv...
2026-06-16 06:48:40,352 - freesolv RMSE: 4.0475
2026-06-16 06:48:40,353 - Evaluating on esol...
2026-06-16 06:48:40,567 - esol RMSE: 1.6677
2026-06-16 06:48:40,567 - Evaluating on lipo...
2026-06-16 06:48:41,252 - lipo RMSE: 1.1144
2026-06-16 06:48:41,252 - Unified Linear Probe Score: -0.7568
2026-06-16 06:50:33,173 - Epoch 156/300 - Train Loss: 0.6616 (Recon: 0.0004, CLR: 3.3061) - Val Loss: 0.7949 (Recon: 0.0007, CLR: 3.9710)
2026-06-16 06:52:22,494 - Epoch 157/300 - Train Loss: 0.6612 (Recon: 0.0004, CLR: 3.3041) - Val Loss: 0.7942 (Recon: 0.0007, CLR: 3.9676)
2026-06-16 06:54:13,243 - Epoch 158/300 - Train Loss: 0.6619 (Recon: 0.0003, CLR: 3.3076) - Val Loss: 0.7883 (Recon: 0.0007, CLR: 3.9381)
2026-06-16 06:56:02,988 - Epoch 159/300 - Train Loss: 0.6614 (Recon: 0.0003, CLR: 3.3055) - Val Loss: 0.7902 (Recon: 0.0007, CLR: 3.9477)
2026-06-16 06:57:53,972 - Epoch 160/300 - Train Loss: 0.6613 (Recon: 0.0003, CLR: 3.3048) - Val Loss: 0.7844 (Recon: 0.0007, CLR: 3.9185)
2026-06-16 06:57:53,973 - Evaluating on bbbp...
2026-06-16 06:57:54,377 - bbbp ROC-AUC: 0.8190
2026-06-16 06:57:54,378 - Evaluating on bace...
2026-06-16 06:57:54,686 - bace ROC-AUC: 0.8199
2026-06-16 06:57:54,686 - Evaluating on clintox...
2026-06-16 06:57:54,963 - clintox ROC-AUC: 0.6299
2026-06-16 06:57:54,963 - Evaluating on freesolv...
2026-06-16 06:57:55,112 - freesolv RMSE: 3.3669
2026-06-16 06:57:55,112 - Evaluating on esol...
2026-06-16 06:57:55,307 - esol RMSE: 1.2015
2026-06-16 06:57:55,307 - Evaluating on lipo...
2026-06-16 06:57:55,974 - lipo RMSE: 1.1113
2026-06-16 06:57:55,974 - Unified Linear Probe Score: -0.5685
2026-06-16 06:59:45,428 - Epoch 161/300 - Train Loss: 0.6610 (Recon: 0.0003, CLR: 3.3034) - Val Loss: 0.8020 (Recon: 0.0007, CLR: 4.0068)
2026-06-16 07:01:34,141 - Epoch 162/300 - Train Loss: 0.6609 (Recon: 0.0003, CLR: 3.3026) - Val Loss: 0.8007 (Recon: 0.0007, CLR: 4.0000)
2026-06-16 07:03:23,840 - Epoch 163/300 - Train Loss: 0.6612 (Recon: 0.0003, CLR: 3.3041) - Val Loss: 0.7956 (Recon: 0.0007, CLR: 3.9748)
2026-06-16 07:05:12,934 - Epoch 164/300 - Train Loss: 0.6613 (Recon: 0.0003, CLR: 3.3045) - Val Loss: 0.7957 (Recon: 0.0007, CLR: 3.9752)
2026-06-16 07:07:06,506 - Epoch 165/300 - Train Loss: 0.6606 (Recon: 0.0003, CLR: 3.3012) - Val Loss: 0.7830 (Recon: 0.0007, CLR: 3.9115)
2026-06-16 07:07:06,506 - Evaluating on bbbp...
2026-06-16 07:07:06,902 - bbbp ROC-AUC: 0.8231
2026-06-16 07:07:06,902 - Evaluating on bace...
2026-06-16 07:07:07,258 - bace ROC-AUC: 0.7825
2026-06-16 07:07:07,258 - Evaluating on clintox...
2026-06-16 07:07:07,571 - clintox ROC-AUC: 0.6487
2026-06-16 07:07:07,571 - Evaluating on freesolv...
2026-06-16 07:07:07,713 - freesolv RMSE: 3.7608
2026-06-16 07:07:07,713 - Evaluating on esol...
2026-06-16 07:07:07,904 - esol RMSE: 1.5585
2026-06-16 07:07:07,904 - Evaluating on lipo...
2026-06-16 07:07:08,573 - lipo RMSE: 1.1334
2026-06-16 07:07:08,573 - Unified Linear Probe Score: -0.6997
2026-06-16 07:08:59,461 - Epoch 166/300 - Train Loss: 0.6607 (Recon: 0.0003, CLR: 3.3017) - Val Loss: 0.7861 (Recon: 0.0008, CLR: 3.9267)
2026-06-16 07:10:49,247 - Epoch 167/300 - Train Loss: 0.6603 (Recon: 0.0003, CLR: 3.3000) - Val Loss: 0.7928 (Recon: 0.0007, CLR: 3.9602)
2026-06-16 07:12:39,588 - Epoch 168/300 - Train Loss: 0.6603 (Recon: 0.0004, CLR: 3.2995) - Val Loss: 0.7834 (Recon: 0.0007, CLR: 3.9139)
2026-06-16 07:14:29,990 - Epoch 169/300 - Train Loss: 0.6600 (Recon: 0.0003, CLR: 3.2984) - Val Loss: 0.7962 (Recon: 0.0007, CLR: 3.9774)
2026-06-16 07:16:21,842 - Epoch 170/300 - Train Loss: 0.6599 (Recon: 0.0003, CLR: 3.2980) - Val Loss: 0.8015 (Recon: 0.0007, CLR: 4.0042)
2026-06-16 07:16:21,842 - Evaluating on bbbp...
2026-06-16 07:16:22,428 - bbbp ROC-AUC: 0.8275
2026-06-16 07:16:22,428 - Evaluating on bace...
2026-06-16 07:16:22,927 - bace ROC-AUC: 0.8162
2026-06-16 07:16:22,928 - Evaluating on clintox...
2026-06-16 07:16:23,319 - clintox ROC-AUC: 0.6700
2026-06-16 07:16:23,319 - Evaluating on freesolv...
2026-06-16 07:16:23,463 - freesolv RMSE: 3.1989
2026-06-16 07:16:23,463 - Evaluating on esol...
2026-06-16 07:16:23,657 - esol RMSE: 1.7529
2026-06-16 07:16:23,657 - Evaluating on lipo...
2026-06-16 07:16:24,319 - lipo RMSE: 1.1605
2026-06-16 07:16:24,319 - Unified Linear Probe Score: -0.6331
2026-06-16 07:18:24,598 - Epoch 171/300 - Train Loss: 0.6598 (Recon: 0.0003, CLR: 3.2973) - Val Loss: 0.7921 (Recon: 0.0007, CLR: 3.9572)
2026-06-16 07:20:14,921 - Epoch 172/300 - Train Loss: 0.6601 (Recon: 0.0003, CLR: 3.2988) - Val Loss: 0.7988 (Recon: 0.0007, CLR: 3.9907)
2026-06-16 07:22:06,012 - Epoch 173/300 - Train Loss: 0.6599 (Recon: 0.0003, CLR: 3.2976) - Val Loss: 0.7789 (Recon: 0.0007, CLR: 3.8908)
2026-06-16 07:23:53,863 - Epoch 174/300 - Train Loss: 0.6598 (Recon: 0.0003, CLR: 3.2973) - Val Loss: 0.7977 (Recon: 0.0008, CLR: 3.9847)
2026-06-16 07:25:46,218 - Epoch 175/300 - Train Loss: 0.6593 (Recon: 0.0003, CLR: 3.2945) - Val Loss: 0.7911 (Recon: 0.0007, CLR: 3.9521)
2026-06-16 07:25:46,219 - Evaluating on bbbp...
2026-06-16 07:25:46,616 - bbbp ROC-AUC: 0.7979
2026-06-16 07:25:46,616 - Evaluating on bace...
2026-06-16 07:25:46,919 - bace ROC-AUC: 0.8162
2026-06-16 07:25:46,919 - Evaluating on clintox...
2026-06-16 07:25:47,215 - clintox ROC-AUC: 0.6591
2026-06-16 07:25:47,215 - Evaluating on freesolv...
2026-06-16 07:25:47,349 - freesolv RMSE: 2.9229
2026-06-16 07:25:47,349 - Evaluating on esol...
2026-06-16 07:25:47,543 - esol RMSE: 1.5759
2026-06-16 07:25:47,543 - Evaluating on lipo...
2026-06-16 07:25:48,223 - lipo RMSE: 1.0753
2026-06-16 07:25:48,223 - Unified Linear Probe Score: -0.5502
2026-06-16 07:27:37,176 - Epoch 176/300 - Train Loss: 0.6589 (Recon: 0.0003, CLR: 3.2929) - Val Loss: 0.7872 (Recon: 0.0007, CLR: 3.9329)
2026-06-16 07:29:27,135 - Epoch 177/300 - Train Loss: 0.6596 (Recon: 0.0003, CLR: 3.2962) - Val Loss: 0.7915 (Recon: 0.0007, CLR: 3.9544)
2026-06-16 07:31:17,275 - Epoch 178/300 - Train Loss: 0.6592 (Recon: 0.0003, CLR: 3.2942) - Val Loss: 0.7820 (Recon: 0.0007, CLR: 3.9067)
2026-06-16 07:33:06,630 - Epoch 179/300 - Train Loss: 0.6591 (Recon: 0.0003, CLR: 3.2939) - Val Loss: 0.7886 (Recon: 0.0007, CLR: 3.9395)
2026-06-16 07:34:56,750 - Epoch 180/300 - Train Loss: 0.6585 (Recon: 0.0003, CLR: 3.2909) - Val Loss: 0.8019 (Recon: 0.0007, CLR: 4.0061)
2026-06-16 07:34:56,750 - Evaluating on bbbp...
2026-06-16 07:34:57,145 - bbbp ROC-AUC: 0.7994
2026-06-16 07:34:57,145 - Evaluating on bace...
2026-06-16 07:34:57,444 - bace ROC-AUC: 0.7794
2026-06-16 07:34:57,444 - Evaluating on clintox...
2026-06-16 07:34:57,757 - clintox ROC-AUC: 0.6464
2026-06-16 07:34:57,757 - Evaluating on freesolv...
2026-06-16 07:34:57,886 - freesolv RMSE: 3.4915
2026-06-16 07:34:57,887 - Evaluating on esol...
2026-06-16 07:34:58,106 - esol RMSE: 1.6037
2026-06-16 07:34:58,106 - Evaluating on lipo...
2026-06-16 07:34:58,844 - lipo RMSE: 1.1940
2026-06-16 07:34:58,845 - Unified Linear Probe Score: -0.6773
2026-06-16 07:36:49,212 - Epoch 181/300 - Train Loss: 0.6586 (Recon: 0.0003, CLR: 3.2915) - Val Loss: 0.7809 (Recon: 0.0007, CLR: 3.9013)
2026-06-16 07:38:37,183 - Epoch 182/300 - Train Loss: 0.6587 (Recon: 0.0003, CLR: 3.2918) - Val Loss: 0.7927 (Recon: 0.0007, CLR: 3.9600)
2026-06-16 07:40:23,778 - Epoch 183/300 - Train Loss: 0.6590 (Recon: 0.0003, CLR: 3.2933) - Val Loss: 0.7745 (Recon: 0.0007, CLR: 3.8689)
2026-06-16 07:42:10,502 - Epoch 184/300 - Train Loss: 0.6585 (Recon: 0.0003, CLR: 3.2908) - Val Loss: 0.7877 (Recon: 0.0007, CLR: 3.9353)
2026-06-16 07:43:57,077 - Epoch 185/300 - Train Loss: 0.6589 (Recon: 0.0003, CLR: 3.2926) - Val Loss: 0.7936 (Recon: 0.0007, CLR: 3.9645)
2026-06-16 07:43:57,077 - Evaluating on bbbp...
2026-06-16 07:43:57,553 - bbbp ROC-AUC: 0.7856
2026-06-16 07:43:57,553 - Evaluating on bace...
2026-06-16 07:43:57,867 - bace ROC-AUC: 0.7736
2026-06-16 07:43:57,867 - Evaluating on clintox...
2026-06-16 07:43:58,168 - clintox ROC-AUC: 0.6568
2026-06-16 07:43:58,169 - Evaluating on freesolv...
2026-06-16 07:43:58,300 - freesolv RMSE: 3.3389
2026-06-16 07:43:58,300 - Evaluating on esol...
2026-06-16 07:43:58,481 - esol RMSE: 1.6138
2026-06-16 07:43:58,481 - Evaluating on lipo...
2026-06-16 07:43:59,308 - lipo RMSE: 1.1709
2026-06-16 07:43:59,309 - Unified Linear Probe Score: -0.6513
2026-06-16 07:45:45,615 - Epoch 186/300 - Train Loss: 0.6584 (Recon: 0.0003, CLR: 3.2901) - Val Loss: 0.7951 (Recon: 0.0007, CLR: 3.9724)
2026-06-16 07:47:32,376 - Epoch 187/300 - Train Loss: 0.6581 (Recon: 0.0003, CLR: 3.2889) - Val Loss: 0.7878 (Recon: 0.0007, CLR: 3.9357)
2026-06-16 07:49:21,485 - Epoch 188/300 - Train Loss: 0.6580 (Recon: 0.0003, CLR: 3.2885) - Val Loss: 0.7757 (Recon: 0.0007, CLR: 3.8750)
2026-06-16 07:51:10,195 - Epoch 189/300 - Train Loss: 0.6583 (Recon: 0.0003, CLR: 3.2897) - Val Loss: 0.7949 (Recon: 0.0007, CLR: 3.9710)
2026-06-16 07:53:00,189 - Epoch 190/300 - Train Loss: 0.6578 (Recon: 0.0003, CLR: 3.2873) - Val Loss: 0.7782 (Recon: 0.0007, CLR: 3.8874)
2026-06-16 07:53:00,189 - Evaluating on bbbp...
2026-06-16 07:53:00,761 - bbbp ROC-AUC: 0.8233
2026-06-16 07:53:00,761 - Evaluating on bace...
2026-06-16 07:53:01,066 - bace ROC-AUC: 0.7885
2026-06-16 07:53:01,066 - Evaluating on clintox...
2026-06-16 07:53:01,356 - clintox ROC-AUC: 0.6049
2026-06-16 07:53:01,356 - Evaluating on freesolv...
2026-06-16 07:53:01,488 - freesolv RMSE: 3.5139
2026-06-16 07:53:01,488 - Evaluating on esol...
2026-06-16 07:53:01,674 - esol RMSE: 1.5650
2026-06-16 07:53:01,674 - Evaluating on lipo...
2026-06-16 07:53:02,336 - lipo RMSE: 1.1344
2026-06-16 07:53:02,336 - Unified Linear Probe Score: -0.6661
2026-06-16 07:54:50,939 - Epoch 191/300 - Train Loss: 0.6580 (Recon: 0.0003, CLR: 3.2882) - Val Loss: 0.7819 (Recon: 0.0007, CLR: 3.9063)
2026-06-16 07:56:46,880 - Epoch 192/300 - Train Loss: 0.6576 (Recon: 0.0003, CLR: 3.2861) - Val Loss: 0.7773 (Recon: 0.0007, CLR: 3.8831)
2026-06-16 07:58:33,370 - Epoch 193/300 - Train Loss: 0.6577 (Recon: 0.0003, CLR: 3.2867) - Val Loss: 0.7835 (Recon: 0.0007, CLR: 3.9138)
2026-06-16 08:00:19,923 - Epoch 194/300 - Train Loss: 0.6583 (Recon: 0.0003, CLR: 3.2897) - Val Loss: 0.7701 (Recon: 0.0007, CLR: 3.8470)
2026-06-16 08:02:06,199 - Epoch 195/300 - Train Loss: 0.6578 (Recon: 0.0003, CLR: 3.2874) - Val Loss: 0.7894 (Recon: 0.0007, CLR: 3.9436)
2026-06-16 08:02:06,199 - Evaluating on bbbp...
2026-06-16 08:02:06,640 - bbbp ROC-AUC: 0.8092
2026-06-16 08:02:06,641 - Evaluating on bace...
2026-06-16 08:02:06,952 - bace ROC-AUC: 0.8086
2026-06-16 08:02:06,953 - Evaluating on clintox...
2026-06-16 08:02:07,251 - clintox ROC-AUC: 0.5755
2026-06-16 08:02:07,252 - Evaluating on freesolv...
2026-06-16 08:02:07,388 - freesolv RMSE: 3.1681
2026-06-16 08:02:07,389 - Evaluating on esol...
2026-06-16 08:02:07,579 - esol RMSE: 1.4432
2026-06-16 08:02:07,580 - Evaluating on lipo...
2026-06-16 08:02:08,232 - lipo RMSE: 1.0976
2026-06-16 08:02:08,232 - Unified Linear Probe Score: -0.5859
2026-06-16 08:03:54,402 - Epoch 196/300 - Train Loss: 0.6574 (Recon: 0.0003, CLR: 3.2851) - Val Loss: 0.7687 (Recon: 0.0007, CLR: 3.8399)
2026-06-16 08:05:40,731 - Epoch 197/300 - Train Loss: 0.6570 (Recon: 0.0003, CLR: 3.2835) - Val Loss: 0.7721 (Recon: 0.0007, CLR: 3.8567)
2026-06-16 08:07:27,270 - Epoch 198/300 - Train Loss: 0.6578 (Recon: 0.0003, CLR: 3.2874) - Val Loss: 0.7850 (Recon: 0.0007, CLR: 3.9216)
2026-06-16 08:09:13,605 - Epoch 199/300 - Train Loss: 0.6572 (Recon: 0.0003, CLR: 3.2844) - Val Loss: 0.7886 (Recon: 0.0006, CLR: 3.9398)
2026-06-16 08:10:59,883 - Epoch 200/300 - Train Loss: 0.6573 (Recon: 0.0003, CLR: 3.2848) - Val Loss: 0.7697 (Recon: 0.0007, CLR: 3.8454)
2026-06-16 08:10:59,883 - Evaluating on bbbp...
2026-06-16 08:11:00,314 - bbbp ROC-AUC: 0.8079
2026-06-16 08:11:00,314 - Evaluating on bace...
2026-06-16 08:11:00,611 - bace ROC-AUC: 0.7659
2026-06-16 08:11:00,611 - Evaluating on clintox...
2026-06-16 08:11:00,897 - clintox ROC-AUC: 0.5940
2026-06-16 08:11:00,897 - Evaluating on freesolv...
2026-06-16 08:11:01,030 - freesolv RMSE: 2.6735
2026-06-16 08:11:01,030 - Evaluating on esol...
2026-06-16 08:11:01,221 - esol RMSE: 1.3685
2026-06-16 08:11:01,221 - Evaluating on lipo...
2026-06-16 08:11:01,881 - lipo RMSE: 1.1084
2026-06-16 08:11:01,882 - Unified Linear Probe Score: -0.4971
2026-06-16 08:11:01,882 - New Best Probe Score: -0.4971
2026-06-16 08:12:53,078 - Epoch 201/300 - Train Loss: 0.6571 (Recon: 0.0003, CLR: 3.2839) - Val Loss: 0.7797 (Recon: 0.0007, CLR: 3.8954)
2026-06-16 08:14:39,193 - Epoch 202/300 - Train Loss: 0.6570 (Recon: 0.0003, CLR: 3.2831) - Val Loss: 0.7740 (Recon: 0.0006, CLR: 3.8666)
2026-06-16 08:16:25,262 - Epoch 203/300 - Train Loss: 0.6570 (Recon: 0.0003, CLR: 3.2834) - Val Loss: 0.7788 (Recon: 0.0007, CLR: 3.8908)
2026-06-16 08:18:11,534 - Epoch 204/300 - Train Loss: 0.6566 (Recon: 0.0003, CLR: 3.2812) - Val Loss: 0.7867 (Recon: 0.0006, CLR: 3.9305)
2026-06-16 08:19:57,777 - Epoch 205/300 - Train Loss: 0.6566 (Recon: 0.0003, CLR: 3.2815) - Val Loss: 0.7803 (Recon: 0.0006, CLR: 3.8982)
2026-06-16 08:19:57,777 - Evaluating on bbbp...
2026-06-16 08:19:58,161 - bbbp ROC-AUC: 0.8126
2026-06-16 08:19:58,161 - Evaluating on bace...
2026-06-16 08:19:58,522 - bace ROC-AUC: 0.7612
2026-06-16 08:19:58,522 - Evaluating on clintox...
2026-06-16 08:19:58,884 - clintox ROC-AUC: 0.5940
2026-06-16 08:19:58,884 - Evaluating on freesolv...
2026-06-16 08:19:59,013 - freesolv RMSE: 2.9998
2026-06-16 08:19:59,013 - Evaluating on esol...
2026-06-16 08:19:59,202 - esol RMSE: 1.3479
2026-06-16 08:19:59,203 - Evaluating on lipo...
2026-06-16 08:19:59,864 - lipo RMSE: 1.1510
2026-06-16 08:19:59,866 - Unified Linear Probe Score: -0.5551
2026-06-16 08:21:45,812 - Epoch 206/300 - Train Loss: 0.6567 (Recon: 0.0003, CLR: 3.2818) - Val Loss: 0.7793 (Recon: 0.0007, CLR: 3.8929)
2026-06-16 08:23:32,047 - Epoch 207/300 - Train Loss: 0.6565 (Recon: 0.0003, CLR: 3.2808) - Val Loss: 0.7816 (Recon: 0.0007, CLR: 3.9043)
2026-06-16 08:25:18,190 - Epoch 208/300 - Train Loss: 0.6563 (Recon: 0.0003, CLR: 3.2798) - Val Loss: 0.7723 (Recon: 0.0007, CLR: 3.8584)
2026-06-16 08:27:04,094 - Epoch 209/300 - Train Loss: 0.6563 (Recon: 0.0003, CLR: 3.2800) - Val Loss: 0.7779 (Recon: 0.0007, CLR: 3.8859)
2026-06-16 08:28:50,265 - Epoch 210/300 - Train Loss: 0.6561 (Recon: 0.0003, CLR: 3.2789) - Val Loss: 0.7758 (Recon: 0.0007, CLR: 3.8758)
2026-06-16 08:28:50,265 - Evaluating on bbbp...
2026-06-16 08:28:50,657 - bbbp ROC-AUC: 0.8012
2026-06-16 08:28:50,657 - Evaluating on bace...
2026-06-16 08:28:50,962 - bace ROC-AUC: 0.7749
2026-06-16 08:28:50,962 - Evaluating on clintox...
2026-06-16 08:28:51,251 - clintox ROC-AUC: 0.6725
2026-06-16 08:28:51,251 - Evaluating on freesolv...
2026-06-16 08:28:51,390 - freesolv RMSE: 3.1858
2026-06-16 08:28:51,390 - Evaluating on esol...
2026-06-16 08:28:51,581 - esol RMSE: 1.5140
2026-06-16 08:28:51,581 - Evaluating on lipo...
2026-06-16 08:28:52,228 - lipo RMSE: 1.1458
2026-06-16 08:28:52,228 - Unified Linear Probe Score: -0.5995
2026-06-16 08:30:38,371 - Epoch 211/300 - Train Loss: 0.6563 (Recon: 0.0003, CLR: 3.2799) - Val Loss: 0.7769 (Recon: 0.0007, CLR: 3.8810)
2026-06-16 08:32:20,784 - Epoch 212/300 - Train Loss: 0.6559 (Recon: 0.0003, CLR: 3.2779) - Val Loss: 0.7823 (Recon: 0.0007, CLR: 3.9083)
2026-06-16 08:34:10,979 - Epoch 213/300 - Train Loss: 0.6560 (Recon: 0.0003, CLR: 3.2785) - Val Loss: 0.7873 (Recon: 0.0007, CLR: 3.9330)
2026-06-16 08:35:53,526 - Epoch 214/300 - Train Loss: 0.6560 (Recon: 0.0003, CLR: 3.2783) - Val Loss: 0.7779 (Recon: 0.0007, CLR: 3.8861)
2026-06-16 08:37:35,885 - Epoch 215/300 - Train Loss: 0.6560 (Recon: 0.0003, CLR: 3.2781) - Val Loss: 0.7830 (Recon: 0.0007, CLR: 3.9115)
2026-06-16 08:37:35,886 - Evaluating on bbbp...
2026-06-16 08:37:36,249 - bbbp ROC-AUC: 0.7901
2026-06-16 08:37:36,249 - Evaluating on bace...
2026-06-16 08:37:36,529 - bace ROC-AUC: 0.8056
2026-06-16 08:37:36,529 - Evaluating on clintox...
2026-06-16 08:37:36,809 - clintox ROC-AUC: 0.6485
2026-06-16 08:37:36,810 - Evaluating on freesolv...
2026-06-16 08:37:36,929 - freesolv RMSE: 3.0832
2026-06-16 08:37:36,929 - Evaluating on esol...
2026-06-16 08:37:37,096 - esol RMSE: 1.8311
2026-06-16 08:37:37,096 - Evaluating on lipo...
2026-06-16 08:37:37,709 - lipo RMSE: 1.1604
2026-06-16 08:37:37,709 - Unified Linear Probe Score: -0.6384
2026-06-16 08:39:19,549 - Epoch 216/300 - Train Loss: 0.6563 (Recon: 0.0003, CLR: 3.2798) - Val Loss: 0.7775 (Recon: 0.0007, CLR: 3.8839)
2026-06-16 08:41:01,821 - Epoch 217/300 - Train Loss: 0.6560 (Recon: 0.0003, CLR: 3.2783) - Val Loss: 0.7776 (Recon: 0.0007, CLR: 3.8848)
2026-06-16 08:42:43,994 - Epoch 218/300 - Train Loss: 0.6556 (Recon: 0.0003, CLR: 3.2761) - Val Loss: 0.7852 (Recon: 0.0007, CLR: 3.9225)
2026-06-16 08:44:26,212 - Epoch 219/300 - Train Loss: 0.6552 (Recon: 0.0003, CLR: 3.2743) - Val Loss: 0.7840 (Recon: 0.0007, CLR: 3.9169)
2026-06-16 08:46:08,167 - Epoch 220/300 - Train Loss: 0.6560 (Recon: 0.0003, CLR: 3.2783) - Val Loss: 0.7802 (Recon: 0.0007, CLR: 3.8974)
2026-06-16 08:46:08,167 - Evaluating on bbbp...
2026-06-16 08:46:08,531 - bbbp ROC-AUC: 0.8162
2026-06-16 08:46:08,531 - Evaluating on bace...
2026-06-16 08:46:08,813 - bace ROC-AUC: 0.7918
2026-06-16 08:46:08,813 - Evaluating on clintox...
2026-06-16 08:46:09,084 - clintox ROC-AUC: 0.6327
2026-06-16 08:46:09,084 - Evaluating on freesolv...
2026-06-16 08:46:09,210 - freesolv RMSE: 2.5772
2026-06-16 08:46:09,211 - Evaluating on esol...
2026-06-16 08:46:09,374 - esol RMSE: 1.8003
2026-06-16 08:46:09,374 - Evaluating on lipo...
2026-06-16 08:46:09,985 - lipo RMSE: 1.1254
2026-06-16 08:46:09,986 - Unified Linear Probe Score: -0.5437
2026-06-16 08:47:51,652 - Epoch 221/300 - Train Loss: 0.6556 (Recon: 0.0003, CLR: 3.2765) - Val Loss: 0.7876 (Recon: 0.0007, CLR: 3.9346)
2026-06-16 08:49:33,848 - Epoch 222/300 - Train Loss: 0.6555 (Recon: 0.0003, CLR: 3.2760) - Val Loss: 0.7755 (Recon: 0.0007, CLR: 3.8740)
2026-06-16 08:51:15,950 - Epoch 223/300 - Train Loss: 0.6550 (Recon: 0.0003, CLR: 3.2733) - Val Loss: 0.7853 (Recon: 0.0007, CLR: 3.9232)
2026-06-16 08:52:57,882 - Epoch 224/300 - Train Loss: 0.6554 (Recon: 0.0003, CLR: 3.2753) - Val Loss: 0.7729 (Recon: 0.0007, CLR: 3.8611)
2026-06-16 08:54:39,481 - Epoch 225/300 - Train Loss: 0.6551 (Recon: 0.0003, CLR: 3.2739) - Val Loss: 0.7901 (Recon: 0.0007, CLR: 3.9470)
2026-06-16 08:54:39,481 - Evaluating on bbbp...
2026-06-16 08:54:39,836 - bbbp ROC-AUC: 0.7976
2026-06-16 08:54:39,836 - Evaluating on bace...
2026-06-16 08:54:40,139 - bace ROC-AUC: 0.8036
2026-06-16 08:54:40,139 - Evaluating on clintox...
2026-06-16 08:54:40,398 - clintox ROC-AUC: 0.5791
2026-06-16 08:54:40,398 - Evaluating on freesolv...
2026-06-16 08:54:40,517 - freesolv RMSE: 3.4840
2026-06-16 08:54:40,517 - Evaluating on esol...
2026-06-16 08:54:40,693 - esol RMSE: 1.8589
2026-06-16 08:54:40,694 - Evaluating on lipo...
2026-06-16 08:54:41,296 - lipo RMSE: 1.1208
2026-06-16 08:54:41,296 - Unified Linear Probe Score: -0.7139
2026-06-16 08:56:22,867 - Epoch 226/300 - Train Loss: 0.6548 (Recon: 0.0003, CLR: 3.2725) - Val Loss: 0.7919 (Recon: 0.0007, CLR: 3.9561)
2026-06-16 08:58:05,084 - Epoch 227/300 - Train Loss: 0.6554 (Recon: 0.0003, CLR: 3.2752) - Val Loss: 0.7860 (Recon: 0.0007, CLR: 3.9262)
2026-06-16 08:59:46,746 - Epoch 228/300 - Train Loss: 0.6551 (Recon: 0.0003, CLR: 3.2737) - Val Loss: 0.7726 (Recon: 0.0007, CLR: 3.8594)
2026-06-16 09:01:28,579 - Epoch 229/300 - Train Loss: 0.6552 (Recon: 0.0003, CLR: 3.2745) - Val Loss: 0.7899 (Recon: 0.0007, CLR: 3.9460)
2026-06-16 09:03:10,802 - Epoch 230/300 - Train Loss: 0.6549 (Recon: 0.0003, CLR: 3.2729) - Val Loss: 0.7887 (Recon: 0.0007, CLR: 3.9401)
2026-06-16 09:03:10,803 - Evaluating on bbbp...
2026-06-16 09:03:11,157 - bbbp ROC-AUC: 0.8079
2026-06-16 09:03:11,157 - Evaluating on bace...
2026-06-16 09:03:11,448 - bace ROC-AUC: 0.8062
2026-06-16 09:03:11,448 - Evaluating on clintox...
2026-06-16 09:03:11,716 - clintox ROC-AUC: 0.5661
2026-06-16 09:03:11,716 - Evaluating on freesolv...
2026-06-16 09:03:11,843 - freesolv RMSE: 3.1072
2026-06-16 09:03:11,843 - Evaluating on esol...
2026-06-16 09:03:12,013 - esol RMSE: 1.6346
2026-06-16 09:03:12,013 - Evaluating on lipo...
2026-06-16 09:03:12,628 - lipo RMSE: 1.1204
2026-06-16 09:03:12,628 - Unified Linear Probe Score: -0.6137
2026-06-16 09:04:54,456 - Epoch 231/300 - Train Loss: 0.6548 (Recon: 0.0003, CLR: 3.2723) - Val Loss: 0.7866 (Recon: 0.0007, CLR: 3.9293)
2026-06-16 09:06:36,690 - Epoch 232/300 - Train Loss: 0.6547 (Recon: 0.0003, CLR: 3.2716) - Val Loss: 0.7738 (Recon: 0.0006, CLR: 3.8660)
2026-06-16 09:08:26,235 - Epoch 233/300 - Train Loss: 0.6543 (Recon: 0.0003, CLR: 3.2699) - Val Loss: 0.7769 (Recon: 0.0007, CLR: 3.8814)
2026-06-16 09:10:08,118 - Epoch 234/300 - Train Loss: 0.6545 (Recon: 0.0003, CLR: 3.2709) - Val Loss: 0.7755 (Recon: 0.0007, CLR: 3.8743)
2026-06-16 09:11:49,673 - Epoch 235/300 - Train Loss: 0.6549 (Recon: 0.0003, CLR: 3.2726) - Val Loss: 0.7848 (Recon: 0.0007, CLR: 3.9201)
2026-06-16 09:11:49,673 - Evaluating on bbbp...
2026-06-16 09:11:50,023 - bbbp ROC-AUC: 0.8104
2026-06-16 09:11:50,023 - Evaluating on bace...
2026-06-16 09:11:50,310 - bace ROC-AUC: 0.7659
2026-06-16 09:11:50,310 - Evaluating on clintox...
2026-06-16 09:11:50,589 - clintox ROC-AUC: 0.6769
2026-06-16 09:11:50,590 - Evaluating on freesolv...
2026-06-16 09:11:50,708 - freesolv RMSE: 3.0852
2026-06-16 09:11:50,708 - Evaluating on esol...
2026-06-16 09:11:50,885 - esol RMSE: 1.8122
2026-06-16 09:11:50,885 - Evaluating on lipo...
2026-06-16 09:11:51,499 - lipo RMSE: 1.0413
2026-06-16 09:11:51,500 - Unified Linear Probe Score: -0.6142
2026-06-16 09:13:33,274 - Epoch 236/300 - Train Loss: 0.6541 (Recon: 0.0003, CLR: 3.2687) - Val Loss: 0.7865 (Recon: 0.0007, CLR: 3.9288)
2026-06-16 09:15:15,589 - Epoch 237/300 - Train Loss: 0.6543 (Recon: 0.0003, CLR: 3.2699) - Val Loss: 0.7868 (Recon: 0.0011, CLR: 3.9285)
2026-06-16 09:16:57,083 - Epoch 238/300 - Train Loss: 0.6548 (Recon: 0.0003, CLR: 3.2721) - Val Loss: 0.7782 (Recon: 0.0007, CLR: 3.8877)
2026-06-16 09:18:38,988 - Epoch 239/300 - Train Loss: 0.6542 (Recon: 0.0003, CLR: 3.2694) - Val Loss: 0.7816 (Recon: 0.0007, CLR: 3.9047)
2026-06-16 09:20:21,006 - Epoch 240/300 - Train Loss: 0.6542 (Recon: 0.0003, CLR: 3.2695) - Val Loss: 0.7758 (Recon: 0.0007, CLR: 3.8757)
2026-06-16 09:20:21,006 - Evaluating on bbbp...
2026-06-16 09:20:21,361 - bbbp ROC-AUC: 0.8132
2026-06-16 09:20:21,361 - Evaluating on bace...
2026-06-16 09:20:21,634 - bace ROC-AUC: 0.7650
2026-06-16 09:20:21,634 - Evaluating on clintox...
2026-06-16 09:20:21,904 - clintox ROC-AUC: 0.5445
2026-06-16 09:20:21,905 - Evaluating on freesolv...
2026-06-16 09:20:22,022 - freesolv RMSE: 3.4691
2026-06-16 09:20:22,022 - Evaluating on esol...
2026-06-16 09:20:22,189 - esol RMSE: 1.5701
2026-06-16 09:20:22,189 - Evaluating on lipo...
2026-06-16 09:20:22,798 - lipo RMSE: 1.0953
2026-06-16 09:20:22,798 - Unified Linear Probe Score: -0.6686
2026-06-16 09:22:04,972 - Epoch 241/300 - Train Loss: 0.6544 (Recon: 0.0003, CLR: 3.2702) - Val Loss: 0.7750 (Recon: 0.0007, CLR: 3.8718)
2026-06-16 09:23:47,134 - Epoch 242/300 - Train Loss: 0.6543 (Recon: 0.0003, CLR: 3.2700) - Val Loss: 0.7816 (Recon: 0.0006, CLR: 3.9047)
2026-06-16 09:25:29,211 - Epoch 243/300 - Train Loss: 0.6542 (Recon: 0.0003, CLR: 3.2692) - Val Loss: 0.7781 (Recon: 0.0007, CLR: 3.8872)
2026-06-16 09:27:11,227 - Epoch 244/300 - Train Loss: 0.6541 (Recon: 0.0003, CLR: 3.2688) - Val Loss: 0.7803 (Recon: 0.0007, CLR: 3.8982)
2026-06-16 09:28:53,238 - Epoch 245/300 - Train Loss: 0.6539 (Recon: 0.0003, CLR: 3.2679) - Val Loss: 0.7775 (Recon: 0.0007, CLR: 3.8841)
2026-06-16 09:28:53,239 - Evaluating on bbbp...
2026-06-16 09:28:53,596 - bbbp ROC-AUC: 0.8114
2026-06-16 09:28:53,597 - Evaluating on bace...
2026-06-16 09:28:53,874 - bace ROC-AUC: 0.7617
2026-06-16 09:28:53,874 - Evaluating on clintox...
2026-06-16 09:28:54,140 - clintox ROC-AUC: 0.5848
2026-06-16 09:28:54,141 - Evaluating on freesolv...
2026-06-16 09:28:54,262 - freesolv RMSE: 4.7811
2026-06-16 09:28:54,262 - Evaluating on esol...
2026-06-16 09:28:54,437 - esol RMSE: 1.9914
2026-06-16 09:28:54,438 - Evaluating on lipo...
2026-06-16 09:28:55,050 - lipo RMSE: 1.1290
2026-06-16 09:28:55,050 - Unified Linear Probe Score: -0.9572
2026-06-16 09:30:37,133 - Epoch 246/300 - Train Loss: 0.6536 (Recon: 0.0003, CLR: 3.2661) - Val Loss: 0.7681 (Recon: 0.0007, CLR: 3.8373)
2026-06-16 09:32:19,287 - Epoch 247/300 - Train Loss: 0.6532 (Recon: 0.0003, CLR: 3.2645) - Val Loss: 0.7764 (Recon: 0.0006, CLR: 3.8789)
2026-06-16 09:34:01,487 - Epoch 248/300 - Train Loss: 0.6539 (Recon: 0.0003, CLR: 3.2677) - Val Loss: 0.7774 (Recon: 0.0007, CLR: 3.8838)
2026-06-16 09:35:43,599 - Epoch 249/300 - Train Loss: 0.6536 (Recon: 0.0003, CLR: 3.2665) - Val Loss: 0.7846 (Recon: 0.0006, CLR: 3.9199)
2026-06-16 09:37:25,372 - Epoch 250/300 - Train Loss: 0.6537 (Recon: 0.0003, CLR: 3.2669) - Val Loss: 0.7728 (Recon: 0.0007, CLR: 3.8608)
2026-06-16 09:37:25,372 - Evaluating on bbbp...
2026-06-16 09:37:25,735 - bbbp ROC-AUC: 0.7976
2026-06-16 09:37:25,735 - Evaluating on bace...
2026-06-16 09:37:26,019 - bace ROC-AUC: 0.7996
2026-06-16 09:37:26,019 - Evaluating on clintox...
2026-06-16 09:37:26,281 - clintox ROC-AUC: 0.6204
2026-06-16 09:37:26,281 - Evaluating on freesolv...
2026-06-16 09:37:26,398 - freesolv RMSE: 3.4815
2026-06-16 09:37:26,399 - Evaluating on esol...
2026-06-16 09:37:26,577 - esol RMSE: 1.5738
2026-06-16 09:37:26,577 - Evaluating on lipo...
2026-06-16 09:37:27,190 - lipo RMSE: 1.1393
2026-06-16 09:37:27,190 - Unified Linear Probe Score: -0.6628
2026-06-16 09:39:09,062 - Epoch 251/300 - Train Loss: 0.6537 (Recon: 0.0003, CLR: 3.2668) - Val Loss: 0.7838 (Recon: 0.0006, CLR: 3.9160)
2026-06-16 09:40:50,967 - Epoch 252/300 - Train Loss: 0.6537 (Recon: 0.0003, CLR: 3.2669) - Val Loss: 0.7745 (Recon: 0.0006, CLR: 3.8694)
2026-06-16 09:42:32,788 - Epoch 253/300 - Train Loss: 0.6534 (Recon: 0.0003, CLR: 3.2655) - Val Loss: 0.7789 (Recon: 0.0006, CLR: 3.8911)
2026-06-16 09:44:22,736 - Epoch 254/300 - Train Loss: 0.6529 (Recon: 0.0003, CLR: 3.2628) - Val Loss: 0.7701 (Recon: 0.0006, CLR: 3.8476)
2026-06-16 09:46:04,754 - Epoch 255/300 - Train Loss: 0.6531 (Recon: 0.0003, CLR: 3.2640) - Val Loss: 0.7815 (Recon: 0.0006, CLR: 3.9045)
2026-06-16 09:46:04,754 - Evaluating on bbbp...
2026-06-16 09:46:05,104 - bbbp ROC-AUC: 0.8249
2026-06-16 09:46:05,104 - Evaluating on bace...
2026-06-16 09:46:05,388 - bace ROC-AUC: 0.7690
2026-06-16 09:46:05,389 - Evaluating on clintox...
2026-06-16 09:46:05,651 - clintox ROC-AUC: 0.6199
2026-06-16 09:46:05,651 - Evaluating on freesolv...
2026-06-16 09:46:05,781 - freesolv RMSE: 3.0542
2026-06-16 09:46:05,781 - Evaluating on esol...
2026-06-16 09:46:05,949 - esol RMSE: 2.0798
2026-06-16 09:46:05,949 - Evaluating on lipo...
2026-06-16 09:46:06,541 - lipo RMSE: 1.0546
2026-06-16 09:46:06,541 - Unified Linear Probe Score: -0.6625
2026-06-16 09:47:48,290 - Epoch 256/300 - Train Loss: 0.6538 (Recon: 0.0003, CLR: 3.2671) - Val Loss: 0.7856 (Recon: 0.0007, CLR: 3.9249)
2026-06-16 09:49:30,585 - Epoch 257/300 - Train Loss: 0.6530 (Recon: 0.0003, CLR: 3.2631) - Val Loss: 0.7764 (Recon: 0.0007, CLR: 3.8786)
2026-06-16 09:51:12,600 - Epoch 258/300 - Train Loss: 0.6531 (Recon: 0.0003, CLR: 3.2639) - Val Loss: 0.7817 (Recon: 0.0007, CLR: 3.9052)
2026-06-16 09:52:54,614 - Epoch 259/300 - Train Loss: 0.6533 (Recon: 0.0004, CLR: 3.2645) - Val Loss: 0.8644 (Recon: 0.0008, CLR: 4.3181)
2026-06-16 09:54:36,803 - Epoch 260/300 - Train Loss: 0.6533 (Recon: 0.0004, CLR: 3.2645) - Val Loss: 0.8320 (Recon: 0.0007, CLR: 4.1563)
2026-06-16 09:54:36,804 - Evaluating on bbbp...
2026-06-16 09:54:37,158 - bbbp ROC-AUC: 0.7999
2026-06-16 09:54:37,159 - Evaluating on bace...
2026-06-16 09:54:37,445 - bace ROC-AUC: 0.7927
2026-06-16 09:54:37,445 - Evaluating on clintox...
2026-06-16 09:54:37,723 - clintox ROC-AUC: 0.5920
2026-06-16 09:54:37,723 - Evaluating on freesolv...
2026-06-16 09:54:37,846 - freesolv RMSE: 3.1853
2026-06-16 09:54:37,846 - Evaluating on esol...
2026-06-16 09:54:38,006 - esol RMSE: 1.6593
2026-06-16 09:54:38,006 - Evaluating on lipo...
2026-06-16 09:54:38,624 - lipo RMSE: 1.1169
2026-06-16 09:54:38,625 - Unified Linear Probe Score: -0.6295
2026-06-16 09:56:20,898 - Epoch 261/300 - Train Loss: 0.6531 (Recon: 0.0004, CLR: 3.2637) - Val Loss: 0.8231 (Recon: 0.0007, CLR: 4.1121)
2026-06-16 09:58:02,829 - Epoch 262/300 - Train Loss: 0.6525 (Recon: 0.0003, CLR: 3.2607) - Val Loss: 0.7960 (Recon: 0.0007, CLR: 3.9765)
2026-06-16 09:59:44,716 - Epoch 263/300 - Train Loss: 0.6525 (Recon: 0.0003, CLR: 3.2609) - Val Loss: 0.7992 (Recon: 0.0007, CLR: 3.9927)
2026-06-16 10:01:26,952 - Epoch 264/300 - Train Loss: 0.6528 (Recon: 0.0003, CLR: 3.2621) - Val Loss: 0.7927 (Recon: 0.0007, CLR: 3.9600)
2026-06-16 10:03:08,794 - Epoch 265/300 - Train Loss: 0.6530 (Recon: 0.0003, CLR: 3.2635) - Val Loss: 0.7857 (Recon: 0.0007, CLR: 3.9251)
2026-06-16 10:03:08,794 - Evaluating on bbbp...
2026-06-16 10:03:09,144 - bbbp ROC-AUC: 0.8101
2026-06-16 10:03:09,145 - Evaluating on bace...
2026-06-16 10:03:09,426 - bace ROC-AUC: 0.8049
2026-06-16 10:03:09,426 - Evaluating on clintox...
2026-06-16 10:03:09,685 - clintox ROC-AUC: 0.6212
2026-06-16 10:03:09,685 - Evaluating on freesolv...
2026-06-16 10:03:09,800 - freesolv RMSE: 3.3258
2026-06-16 10:03:09,801 - Evaluating on esol...
2026-06-16 10:03:09,976 - esol RMSE: 2.0135
2026-06-16 10:03:09,976 - Evaluating on lipo...
2026-06-16 10:03:10,594 - lipo RMSE: 1.0946
2026-06-16 10:03:10,595 - Unified Linear Probe Score: -0.6996
2026-06-16 10:04:52,615 - Epoch 266/300 - Train Loss: 0.6527 (Recon: 0.0003, CLR: 3.2620) - Val Loss: 0.7900 (Recon: 0.0007, CLR: 3.9462)
2026-06-16 10:06:34,887 - Epoch 267/300 - Train Loss: 0.6522 (Recon: 0.0003, CLR: 3.2595) - Val Loss: 0.7867 (Recon: 0.0007, CLR: 3.9301)
2026-06-16 10:08:16,991 - Epoch 268/300 - Train Loss: 0.6525 (Recon: 0.0003, CLR: 3.2606) - Val Loss: 0.7880 (Recon: 0.0007, CLR: 3.9366)
2026-06-16 10:09:59,131 - Epoch 269/300 - Train Loss: 0.6523 (Recon: 0.0003, CLR: 3.2599) - Val Loss: 0.7827 (Recon: 0.0007, CLR: 3.9101)
2026-06-16 10:11:41,348 - Epoch 270/300 - Train Loss: 0.6526 (Recon: 0.0003, CLR: 3.2612) - Val Loss: 0.7920 (Recon: 0.0007, CLR: 3.9564)
2026-06-16 10:11:41,349 - Evaluating on bbbp...
2026-06-16 10:11:41,709 - bbbp ROC-AUC: 0.8080
2026-06-16 10:11:41,710 - Evaluating on bace...
2026-06-16 10:11:41,999 - bace ROC-AUC: 0.8062
2026-06-16 10:11:41,999 - Evaluating on clintox...
2026-06-16 10:11:42,264 - clintox ROC-AUC: 0.6252
2026-06-16 10:11:42,264 - Evaluating on freesolv...
2026-06-16 10:11:42,391 - freesolv RMSE: 3.5190
2026-06-16 10:11:42,391 - Evaluating on esol...
2026-06-16 10:11:42,562 - esol RMSE: 1.8059
2026-06-16 10:11:42,562 - Evaluating on lipo...
2026-06-16 10:11:43,166 - lipo RMSE: 1.0809
2026-06-16 10:11:43,166 - Unified Linear Probe Score: -0.6944
2026-06-16 10:13:25,048 - Epoch 271/300 - Train Loss: 0.6524 (Recon: 0.0003, CLR: 3.2603) - Val Loss: 0.7790 (Recon: 0.0007, CLR: 3.8917)
2026-06-16 10:15:07,018 - Epoch 272/300 - Train Loss: 0.6520 (Recon: 0.0003, CLR: 3.2584) - Val Loss: 0.7901 (Recon: 0.0007, CLR: 3.9468)
2026-06-16 10:16:48,779 - Epoch 273/300 - Train Loss: 0.6525 (Recon: 0.0003, CLR: 3.2607) - Val Loss: 0.7934 (Recon: 0.0007, CLR: 3.9637)
2026-06-16 10:18:30,752 - Epoch 274/300 - Train Loss: 0.6521 (Recon: 0.0003, CLR: 3.2587) - Val Loss: 0.7881 (Recon: 0.0007, CLR: 3.9370)
2026-06-16 10:20:20,679 - Epoch 275/300 - Train Loss: 0.6523 (Recon: 0.0003, CLR: 3.2599) - Val Loss: 0.7859 (Recon: 0.0007, CLR: 3.9258)
2026-06-16 10:20:20,679 - Evaluating on bbbp...
2026-06-16 10:20:21,036 - bbbp ROC-AUC: 0.7982
2026-06-16 10:20:21,036 - Evaluating on bace...
2026-06-16 10:20:21,323 - bace ROC-AUC: 0.7954
2026-06-16 10:20:21,323 - Evaluating on clintox...
2026-06-16 10:20:21,597 - clintox ROC-AUC: 0.5894
2026-06-16 10:20:21,597 - Evaluating on freesolv...
2026-06-16 10:20:21,714 - freesolv RMSE: 3.5189
2026-06-16 10:20:21,714 - Evaluating on esol...
2026-06-16 10:20:21,882 - esol RMSE: 1.5831
2026-06-16 10:20:21,882 - Evaluating on lipo...
2026-06-16 10:20:22,495 - lipo RMSE: 1.0979
2026-06-16 10:20:22,495 - Unified Linear Probe Score: -0.6695
2026-06-16 10:22:04,488 - Epoch 276/300 - Train Loss: 0.6524 (Recon: 0.0003, CLR: 3.2605) - Val Loss: 0.7813 (Recon: 0.0006, CLR: 3.9033)
2026-06-16 10:23:46,031 - Epoch 277/300 - Train Loss: 0.6522 (Recon: 0.0003, CLR: 3.2595) - Val Loss: 0.7867 (Recon: 0.0006, CLR: 3.9302)
2026-06-16 10:25:28,059 - Epoch 278/300 - Train Loss: 0.6520 (Recon: 0.0003, CLR: 3.2584) - Val Loss: 0.7924 (Recon: 0.0006, CLR: 3.9588)
2026-06-16 10:27:10,322 - Epoch 279/300 - Train Loss: 0.6519 (Recon: 0.0003, CLR: 3.2577) - Val Loss: 0.7838 (Recon: 0.0007, CLR: 3.9157)
2026-06-16 10:28:52,516 - Epoch 280/300 - Train Loss: 0.6520 (Recon: 0.0003, CLR: 3.2583) - Val Loss: 0.7870 (Recon: 0.0007, CLR: 3.9317)
2026-06-16 10:28:52,516 - Evaluating on bbbp...
2026-06-16 10:28:52,884 - bbbp ROC-AUC: 0.8044
2026-06-16 10:28:52,885 - Evaluating on bace...
2026-06-16 10:28:53,173 - bace ROC-AUC: 0.7610
2026-06-16 10:28:53,173 - Evaluating on clintox...
2026-06-16 10:28:53,425 - clintox ROC-AUC: 0.5977
2026-06-16 10:28:53,425 - Evaluating on freesolv...
2026-06-16 10:28:53,546 - freesolv RMSE: 4.1356
2026-06-16 10:28:53,546 - Evaluating on esol...
2026-06-16 10:28:53,726 - esol RMSE: 2.1449
2026-06-16 10:28:53,726 - Evaluating on lipo...
2026-06-16 10:28:54,340 - lipo RMSE: 1.1075
2026-06-16 10:28:54,340 - Unified Linear Probe Score: -0.8708
2026-06-16 10:30:36,366 - Epoch 281/300 - Train Loss: 0.6520 (Recon: 0.0003, CLR: 3.2581) - Val Loss: 0.8019 (Recon: 0.0007, CLR: 4.0064)
2026-06-16 10:32:18,366 - Epoch 282/300 - Train Loss: 0.6516 (Recon: 0.0003, CLR: 3.2562) - Val Loss: 0.7856 (Recon: 0.0007, CLR: 3.9246)
2026-06-16 10:34:00,459 - Epoch 283/300 - Train Loss: 0.6521 (Recon: 0.0003, CLR: 3.2588) - Val Loss: 0.7854 (Recon: 0.0007, CLR: 3.9235)
2026-06-16 10:35:42,401 - Epoch 284/300 - Train Loss: 0.6517 (Recon: 0.0003, CLR: 3.2570) - Val Loss: 0.7761 (Recon: 0.0007, CLR: 3.8771)
2026-06-16 10:37:24,893 - Epoch 285/300 - Train Loss: 0.6514 (Recon: 0.0003, CLR: 3.2552) - Val Loss: 0.7825 (Recon: 0.0007, CLR: 3.9094)
2026-06-16 10:37:24,893 - Evaluating on bbbp...
2026-06-16 10:37:25,284 - bbbp ROC-AUC: 0.8149
2026-06-16 10:37:25,284 - Evaluating on bace...
2026-06-16 10:37:25,619 - bace ROC-AUC: 0.7953
2026-06-16 10:37:25,619 - Evaluating on clintox...
2026-06-16 10:37:25,916 - clintox ROC-AUC: 0.6187
2026-06-16 10:37:25,917 - Evaluating on freesolv...
2026-06-16 10:37:26,078 - freesolv RMSE: 3.6543
2026-06-16 10:37:26,078 - Evaluating on esol...
2026-06-16 10:37:26,281 - esol RMSE: 1.9500
2026-06-16 10:37:26,281 - Evaluating on lipo...
2026-06-16 10:37:26,925 - lipo RMSE: 1.0690
2026-06-16 10:37:26,925 - Unified Linear Probe Score: -0.7407
2026-06-16 10:39:08,953 - Epoch 286/300 - Train Loss: 0.6517 (Recon: 0.0003, CLR: 3.2567) - Val Loss: 0.7754 (Recon: 0.0007, CLR: 3.8739)
2026-06-16 10:40:51,075 - Epoch 287/300 - Train Loss: 0.6518 (Recon: 0.0003, CLR: 3.2573) - Val Loss: 0.7812 (Recon: 0.0007, CLR: 3.9025)
2026-06-16 10:42:33,358 - Epoch 288/300 - Train Loss: 0.6515 (Recon: 0.0003, CLR: 3.2560) - Val Loss: 0.7809 (Recon: 0.0006, CLR: 3.9013)
2026-06-16 10:44:15,436 - Epoch 289/300 - Train Loss: 0.6513 (Recon: 0.0003, CLR: 3.2549) - Val Loss: 0.7780 (Recon: 0.0006, CLR: 3.8868)
2026-06-16 10:45:57,507 - Epoch 290/300 - Train Loss: 0.6512 (Recon: 0.0003, CLR: 3.2541) - Val Loss: 0.7833 (Recon: 0.0007, CLR: 3.9132)
2026-06-16 10:45:57,507 - Evaluating on bbbp...
2026-06-16 10:45:57,891 - bbbp ROC-AUC: 0.8246
2026-06-16 10:45:57,892 - Evaluating on bace...
2026-06-16 10:45:58,170 - bace ROC-AUC: 0.7942
2026-06-16 10:45:58,170 - Evaluating on clintox...
2026-06-16 10:45:58,433 - clintox ROC-AUC: 0.5370
2026-06-16 10:45:58,434 - Evaluating on freesolv...
2026-06-16 10:45:58,558 - freesolv RMSE: 3.9594
2026-06-16 10:45:58,558 - Evaluating on esol...
2026-06-16 10:45:58,724 - esol RMSE: 1.7857
2026-06-16 10:45:58,724 - Evaluating on lipo...
2026-06-16 10:45:59,424 - lipo RMSE: 1.0740
2026-06-16 10:45:59,424 - Unified Linear Probe Score: -0.7772
2026-06-16 10:47:41,246 - Epoch 291/300 - Train Loss: 0.6513 (Recon: 0.0003, CLR: 3.2549) - Val Loss: 0.7826 (Recon: 0.0007, CLR: 3.9099)
2026-06-16 10:49:23,253 - Epoch 292/300 - Train Loss: 0.6514 (Recon: 0.0003, CLR: 3.2554) - Val Loss: 0.7891 (Recon: 0.0006, CLR: 3.9423)
2026-06-16 10:51:05,051 - Epoch 293/300 - Train Loss: 0.6512 (Recon: 0.0003, CLR: 3.2541) - Val Loss: 0.7823 (Recon: 0.0007, CLR: 3.9084)
2026-06-16 10:52:47,016 - Epoch 294/300 - Train Loss: 0.6514 (Recon: 0.0003, CLR: 3.2551) - Val Loss: 0.7905 (Recon: 0.0007, CLR: 3.9491)
2026-06-16 10:54:29,660 - Epoch 295/300 - Train Loss: 0.6509 (Recon: 0.0003, CLR: 3.2528) - Val Loss: 0.7841 (Recon: 0.0006, CLR: 3.9172)
2026-06-16 10:54:29,661 - Evaluating on bbbp...
2026-06-16 10:54:30,017 - bbbp ROC-AUC: 0.7811
2026-06-16 10:54:30,017 - Evaluating on bace...
2026-06-16 10:54:37,861 - bace ROC-AUC: 0.7765
2026-06-16 10:54:37,861 - Evaluating on clintox...
2026-06-16 10:54:38,143 - clintox ROC-AUC: 0.5520
2026-06-16 10:54:38,143 - Evaluating on freesolv...
2026-06-16 10:54:38,265 - freesolv RMSE: 3.3001
2026-06-16 10:54:38,266 - Evaluating on esol...
2026-06-16 10:54:38,431 - esol RMSE: 1.7627
2026-06-16 10:54:38,431 - Evaluating on lipo...
2026-06-16 10:54:39,046 - lipo RMSE: 1.0865
2026-06-16 10:54:39,046 - Unified Linear Probe Score: -0.6733
2026-06-16 10:56:21,102 - Epoch 296/300 - Train Loss: 0.6510 (Recon: 0.0003, CLR: 3.2535) - Val Loss: 0.7889 (Recon: 0.0007, CLR: 3.9412)
2026-06-16 10:58:03,097 - Epoch 297/300 - Train Loss: 0.6510 (Recon: 0.0003, CLR: 3.2535) - Val Loss: 0.7817 (Recon: 0.0007, CLR: 3.9048)
2026-06-16 10:59:45,604 - Epoch 298/300 - Train Loss: 0.6507 (Recon: 0.0003, CLR: 3.2519) - Val Loss: 0.7883 (Recon: 0.0007, CLR: 3.9383)
2026-06-16 11:01:29,322 - Epoch 299/300 - Train Loss: 0.6517 (Recon: 0.0003, CLR: 3.2566) - Val Loss: 0.7737 (Recon: 0.0007, CLR: 3.8649)
2026-06-16 11:03:11,779 - Epoch 300/300 - Train Loss: 0.6509 (Recon: 0.0003, CLR: 3.2528) - Val Loss: 0.7772 (Recon: 0.0007, CLR: 3.8828)
2026-06-16 11:03:11,779 - Evaluating on bbbp...
2026-06-16 11:03:12,128 - bbbp ROC-AUC: 0.8149
2026-06-16 11:03:12,128 - Evaluating on bace...
2026-06-16 11:03:12,413 - bace ROC-AUC: 0.7812
2026-06-16 11:03:12,413 - Evaluating on clintox...
2026-06-16 11:03:12,677 - clintox ROC-AUC: 0.6261
2026-06-16 11:03:12,677 - Evaluating on freesolv...
2026-06-16 11:03:12,800 - freesolv RMSE: 3.7182
2026-06-16 11:03:12,800 - Evaluating on esol...
2026-06-16 11:03:12,978 - esol RMSE: 2.2086
2026-06-16 11:03:12,978 - Evaluating on lipo...
2026-06-16 11:03:13,586 - lipo RMSE: 1.0795
2026-06-16 11:03:13,587 - Unified Linear Probe Score: -0.7973
