2026-06-15 01:51:18,758 - Epoch 1/200 - Train Loss: 1.3092 (Recon: 0.0247, CLR: 4.2815) - Val Loss: 2.2806 (Recon: 0.4280, CLR: 6.1752)
2026-06-15 01:53:08,406 - Epoch 2/200 - Train Loss: 1.1698 (Recon: 0.0003, CLR: 3.8983) - Val Loss: 2.1052 (Recon: 0.2346, CLR: 6.2351)
2026-06-15 01:54:55,941 - Epoch 3/200 - Train Loss: 1.1453 (Recon: 0.0000, CLR: 3.8175) - Val Loss: 1.7576 (Recon: 0.0342, CLR: 5.7445)
2026-06-15 01:56:43,242 - Epoch 4/200 - Train Loss: 1.1322 (Recon: 0.0000, CLR: 3.7740) - Val Loss: 1.7678 (Recon: 0.0483, CLR: 5.7317)
2026-06-15 01:58:30,443 - Epoch 5/200 - Train Loss: 1.1229 (Recon: 0.0001, CLR: 3.7428) - Val Loss: 2.0261 (Recon: 0.2710, CLR: 5.8502)
2026-06-15 01:58:30,444 - Evaluating on bbbp...
2026-06-15 01:58:30,914 - bbbp ROC-AUC: 0.7902
2026-06-15 01:58:30,914 - Evaluating on bace...
2026-06-15 01:58:31,307 - bace ROC-AUC: 0.7703
2026-06-15 01:58:31,308 - Evaluating on clintox...
2026-06-15 01:58:31,672 - clintox ROC-AUC: 0.4990
2026-06-15 01:58:31,673 - Evaluating on freesolv...
2026-06-15 01:58:31,847 - freesolv RMSE: 5.2651
2026-06-15 01:58:31,848 - Evaluating on esol...
2026-06-15 01:58:32,077 - esol RMSE: 1.4664
2026-06-15 01:58:32,077 - Evaluating on lipo...
2026-06-15 01:58:32,795 - lipo RMSE: 0.9760
2026-06-15 01:58:32,795 - Unified Linear Probe Score: -0.9413
2026-06-15 01:58:32,796 - New Best Probe Score: -0.9413
2026-06-15 02:00:19,518 - Epoch 6/200 - Train Loss: 1.1173 (Recon: 0.0002, CLR: 3.7239) - Val Loss: 2.6738 (Recon: 0.6749, CLR: 6.6628)
2026-06-15 02:02:17,318 - Epoch 7/200 - Train Loss: 1.1112 (Recon: 0.0000, CLR: 3.7037) - Val Loss: 1.6627 (Recon: 0.0209, CLR: 5.4724)
2026-06-15 02:04:09,031 - Epoch 8/200 - Train Loss: 1.1059 (Recon: 0.0000, CLR: 3.6862) - Val Loss: 1.8890 (Recon: 0.3173, CLR: 5.2389)
2026-06-15 02:05:59,205 - Epoch 9/200 - Train Loss: 1.1013 (Recon: 0.0000, CLR: 3.6710) - Val Loss: 1.6792 (Recon: 0.1847, CLR: 4.9814)
2026-06-15 02:07:45,810 - Epoch 10/200 - Train Loss: 1.0966 (Recon: 0.0000, CLR: 3.6553) - Val Loss: 2.3612 (Recon: 0.6284, CLR: 5.7761)
2026-06-15 02:07:45,810 - Evaluating on bbbp...
2026-06-15 02:07:46,225 - bbbp ROC-AUC: 0.7728
2026-06-15 02:07:46,225 - Evaluating on bace...
2026-06-15 02:07:46,544 - bace ROC-AUC: 0.8131
2026-06-15 02:07:46,544 - Evaluating on clintox...
2026-06-15 02:07:46,845 - clintox ROC-AUC: 0.5324
2026-06-15 02:07:46,846 - Evaluating on freesolv...
2026-06-15 02:07:46,983 - freesolv RMSE: 5.9694
2026-06-15 02:07:46,983 - Evaluating on esol...
2026-06-15 02:07:47,175 - esol RMSE: 1.5790
2026-06-15 02:07:47,176 - Evaluating on lipo...
2026-06-15 02:07:47,833 - lipo RMSE: 1.0740
2026-06-15 02:07:47,833 - Unified Linear Probe Score: -1.0840
2026-06-15 02:09:35,250 - Epoch 11/200 - Train Loss: 1.0944 (Recon: 0.0000, CLR: 3.6481) - Val Loss: 1.5305 (Recon: 0.0702, CLR: 4.8678)
2026-06-15 02:11:22,558 - Epoch 12/200 - Train Loss: 1.0915 (Recon: 0.0005, CLR: 3.6367) - Val Loss: 1.9080 (Recon: 0.0243, CLR: 6.2788)
2026-06-15 02:13:10,942 - Epoch 13/200 - Train Loss: 1.0944 (Recon: 0.0010, CLR: 3.6446) - Val Loss: 1.3072 (Recon: 0.0007, CLR: 4.3552)
2026-06-15 02:14:58,067 - Epoch 14/200 - Train Loss: 1.0847 (Recon: 0.0000, CLR: 3.6155) - Val Loss: 1.3190 (Recon: 0.0002, CLR: 4.3957)
2026-06-15 02:16:45,711 - Epoch 15/200 - Train Loss: 1.0800 (Recon: 0.0000, CLR: 3.5999) - Val Loss: 1.2859 (Recon: 0.0002, CLR: 4.2855)
2026-06-15 02:16:45,712 - Evaluating on bbbp...
2026-06-15 02:16:46,117 - bbbp ROC-AUC: 0.7835
2026-06-15 02:16:46,117 - Evaluating on bace...
2026-06-15 02:16:46,437 - bace ROC-AUC: 0.7734
2026-06-15 02:16:46,437 - Evaluating on clintox...
2026-06-15 02:16:46,716 - clintox ROC-AUC: 0.6066
2026-06-15 02:16:46,716 - Evaluating on freesolv...
2026-06-15 02:16:46,851 - freesolv RMSE: 2.9893
2026-06-15 02:16:46,852 - Evaluating on esol...
2026-06-15 02:16:47,054 - esol RMSE: 1.6327
2026-06-15 02:16:47,055 - Evaluating on lipo...
2026-06-15 02:16:47,730 - lipo RMSE: 0.9853
2026-06-15 02:16:47,731 - Unified Linear Probe Score: -0.5740
2026-06-15 02:16:47,731 - New Best Probe Score: -0.5740
2026-06-15 02:18:37,585 - Epoch 16/200 - Train Loss: 1.0791 (Recon: 0.0000, CLR: 3.5969) - Val Loss: 1.2658 (Recon: 0.0000, CLR: 4.2194)
2026-06-15 02:20:25,367 - Epoch 17/200 - Train Loss: 1.0765 (Recon: 0.0000, CLR: 3.5884) - Val Loss: 1.2893 (Recon: 0.0000, CLR: 4.2975)
2026-06-15 02:22:13,464 - Epoch 18/200 - Train Loss: 1.0743 (Recon: 0.0000, CLR: 3.5811) - Val Loss: 1.2777 (Recon: 0.0000, CLR: 4.2589)
2026-06-15 02:24:03,016 - Epoch 19/200 - Train Loss: 1.0719 (Recon: 0.0000, CLR: 3.5729) - Val Loss: 1.2772 (Recon: 0.0000, CLR: 4.2573)
2026-06-15 02:25:51,436 - Epoch 20/200 - Train Loss: 1.0706 (Recon: 0.0000, CLR: 3.5686) - Val Loss: 1.2537 (Recon: 0.0000, CLR: 4.1788)
2026-06-15 02:25:51,437 - Evaluating on bbbp...
2026-06-15 02:25:51,832 - bbbp ROC-AUC: 0.7811
2026-06-15 02:25:51,833 - Evaluating on bace...
2026-06-15 02:25:52,149 - bace ROC-AUC: 0.7918
2026-06-15 02:25:52,149 - Evaluating on clintox...
2026-06-15 02:25:52,440 - clintox ROC-AUC: 0.5986
2026-06-15 02:25:52,440 - Evaluating on freesolv...
2026-06-15 02:25:52,580 - freesolv RMSE: 3.0722
2026-06-15 02:25:52,580 - Evaluating on esol...
2026-06-15 02:25:52,784 - esol RMSE: 1.5944
2026-06-15 02:25:52,784 - Evaluating on lipo...
2026-06-15 02:25:53,444 - lipo RMSE: 1.0318
2026-06-15 02:25:53,444 - Unified Linear Probe Score: -0.5878
2026-06-15 02:27:40,572 - Epoch 21/200 - Train Loss: 1.0680 (Recon: 0.0000, CLR: 3.5599) - Val Loss: 1.2655 (Recon: 0.0000, CLR: 4.2183)
2026-06-15 02:29:27,346 - Epoch 22/200 - Train Loss: 1.0660 (Recon: 0.0000, CLR: 3.5532) - Val Loss: 1.2559 (Recon: 0.0000, CLR: 4.1862)
2026-06-15 02:31:15,500 - Epoch 23/200 - Train Loss: 1.0648 (Recon: 0.0000, CLR: 3.5492) - Val Loss: 1.2461 (Recon: 0.0000, CLR: 4.1538)
2026-06-15 02:33:05,969 - Epoch 24/200 - Train Loss: 1.0623 (Recon: 0.0000, CLR: 3.5409) - Val Loss: 1.2766 (Recon: 0.0000, CLR: 4.2553)
2026-06-15 02:34:56,902 - Epoch 25/200 - Train Loss: 1.0610 (Recon: 0.0000, CLR: 3.5368) - Val Loss: 1.3265 (Recon: 0.0000, CLR: 4.4217)
2026-06-15 02:34:56,902 - Evaluating on bbbp...
2026-06-15 02:34:57,372 - bbbp ROC-AUC: 0.7857
2026-06-15 02:34:57,372 - Evaluating on bace...
2026-06-15 02:34:57,711 - bace ROC-AUC: 0.7987
2026-06-15 02:34:57,711 - Evaluating on clintox...
2026-06-15 02:34:58,017 - clintox ROC-AUC: 0.6480
2026-06-15 02:34:58,017 - Evaluating on freesolv...
2026-06-15 02:34:58,166 - freesolv RMSE: 4.2875
2026-06-15 02:34:58,166 - Evaluating on esol...
2026-06-15 02:34:58,398 - esol RMSE: 1.8516
2026-06-15 02:34:58,398 - Evaluating on lipo...
2026-06-15 02:34:59,159 - lipo RMSE: 1.0825
2026-06-15 02:34:59,160 - Unified Linear Probe Score: -0.8315
2026-06-15 02:36:48,754 - Epoch 26/200 - Train Loss: 1.0591 (Recon: 0.0000, CLR: 3.5305) - Val Loss: 1.3091 (Recon: 0.0000, CLR: 4.3637)
2026-06-15 02:38:47,232 - Epoch 27/200 - Train Loss: 1.0576 (Recon: 0.0000, CLR: 3.5253) - Val Loss: 1.3140 (Recon: 0.0000, CLR: 4.3799)
2026-06-15 02:40:34,330 - Epoch 28/200 - Train Loss: 1.0568 (Recon: 0.0000, CLR: 3.5227) - Val Loss: 1.2693 (Recon: 0.0000, CLR: 4.2310)
2026-06-15 02:42:23,228 - Epoch 29/200 - Train Loss: 1.0548 (Recon: 0.0000, CLR: 3.5159) - Val Loss: 1.3119 (Recon: 0.0000, CLR: 4.3729)
2026-06-15 02:44:12,614 - Epoch 30/200 - Train Loss: 1.0534 (Recon: 0.0000, CLR: 3.5112) - Val Loss: 1.5344 (Recon: 0.0003, CLR: 5.1136)
2026-06-15 02:44:12,615 - Evaluating on bbbp...
2026-06-15 02:44:13,023 - bbbp ROC-AUC: 0.7851
2026-06-15 02:44:13,023 - Evaluating on bace...
2026-06-15 02:44:13,351 - bace ROC-AUC: 0.8158
2026-06-15 02:44:13,351 - Evaluating on clintox...
2026-06-15 02:44:13,636 - clintox ROC-AUC: 0.6355
2026-06-15 02:44:13,637 - Evaluating on freesolv...
2026-06-15 02:44:13,783 - freesolv RMSE: 5.1203
2026-06-15 02:44:13,783 - Evaluating on esol...
2026-06-15 02:44:13,988 - esol RMSE: 1.7706
2026-06-15 02:44:13,988 - Evaluating on lipo...
2026-06-15 02:44:14,665 - lipo RMSE: 1.1107
2026-06-15 02:44:14,665 - Unified Linear Probe Score: -0.9609
2026-06-15 02:46:02,427 - Epoch 31/200 - Train Loss: 1.0516 (Recon: 0.0000, CLR: 3.5052) - Val Loss: 1.4717 (Recon: 0.0000, CLR: 4.9055)
2026-06-15 02:47:52,974 - Epoch 32/200 - Train Loss: 1.0517 (Recon: 0.0000, CLR: 3.5058) - Val Loss: 1.3994 (Recon: 0.0000, CLR: 4.6647)
2026-06-15 02:49:40,373 - Epoch 33/200 - Train Loss: 1.0499 (Recon: 0.0000, CLR: 3.4997) - Val Loss: 1.3401 (Recon: 0.0000, CLR: 4.4671)
2026-06-15 02:51:29,275 - Epoch 34/200 - Train Loss: 1.0493 (Recon: 0.0000, CLR: 3.4978) - Val Loss: 1.3523 (Recon: 0.0000, CLR: 4.5076)
2026-06-15 02:53:17,454 - Epoch 35/200 - Train Loss: 1.0478 (Recon: 0.0000, CLR: 3.4926) - Val Loss: 1.3213 (Recon: 0.0000, CLR: 4.4043)
2026-06-15 02:53:17,455 - Evaluating on bbbp...
2026-06-15 02:53:17,971 - bbbp ROC-AUC: 0.8086
2026-06-15 02:53:17,971 - Evaluating on bace...
2026-06-15 02:53:18,291 - bace ROC-AUC: 0.7811
2026-06-15 02:53:18,291 - Evaluating on clintox...
2026-06-15 02:53:18,578 - clintox ROC-AUC: 0.6304
2026-06-15 02:53:18,578 - Evaluating on freesolv...
2026-06-15 02:53:18,725 - freesolv RMSE: 6.7014
2026-06-15 02:53:18,725 - Evaluating on esol...
2026-06-15 02:53:18,921 - esol RMSE: 1.7420
2026-06-15 02:53:18,921 - Evaluating on lipo...
2026-06-15 02:53:19,580 - lipo RMSE: 1.0977
2026-06-15 02:53:19,580 - Unified Linear Probe Score: -1.2202
2026-06-15 02:55:06,867 - Epoch 36/200 - Train Loss: 1.0466 (Recon: 0.0000, CLR: 3.4886) - Val Loss: 1.3735 (Recon: 0.0000, CLR: 4.5785)
2026-06-15 02:56:55,445 - Epoch 37/200 - Train Loss: 1.0455 (Recon: 0.0000, CLR: 3.4850) - Val Loss: 1.4980 (Recon: 0.0000, CLR: 4.9932)
2026-06-15 02:58:44,683 - Epoch 38/200 - Train Loss: 1.0434 (Recon: 0.0000, CLR: 3.4780) - Val Loss: 1.4561 (Recon: 0.0000, CLR: 4.8537)
2026-06-15 03:00:32,017 - Epoch 39/200 - Train Loss: 1.0430 (Recon: 0.0000, CLR: 3.4768) - Val Loss: 1.3867 (Recon: 0.0000, CLR: 4.6223)
2026-06-15 03:02:19,345 - Epoch 40/200 - Train Loss: 1.0422 (Recon: 0.0000, CLR: 3.4741) - Val Loss: 1.4903 (Recon: 0.0000, CLR: 4.9677)
2026-06-15 03:02:19,346 - Evaluating on bbbp...
2026-06-15 03:02:19,742 - bbbp ROC-AUC: 0.8185
2026-06-15 03:02:19,743 - Evaluating on bace...
2026-06-15 03:02:20,062 - bace ROC-AUC: 0.7765
2026-06-15 03:02:20,062 - Evaluating on clintox...
2026-06-15 03:02:20,341 - clintox ROC-AUC: 0.6560
2026-06-15 03:02:20,341 - Evaluating on freesolv...
2026-06-15 03:02:20,479 - freesolv RMSE: 6.4523
2026-06-15 03:02:20,480 - Evaluating on esol...
2026-06-15 03:02:20,671 - esol RMSE: 1.4808
2026-06-15 03:02:20,671 - Evaluating on lipo...
2026-06-15 03:02:21,340 - lipo RMSE: 1.1940
2026-06-15 03:02:21,340 - Unified Linear Probe Score: -1.1460
2026-06-15 03:04:08,679 - Epoch 41/200 - Train Loss: 1.0410 (Recon: 0.0000, CLR: 3.4701) - Val Loss: 1.4520 (Recon: 0.0000, CLR: 4.8401)
2026-06-15 03:05:55,511 - Epoch 42/200 - Train Loss: 1.0400 (Recon: 0.0000, CLR: 3.4667) - Val Loss: 1.4335 (Recon: 0.0000, CLR: 4.7785)
2026-06-15 03:07:43,032 - Epoch 43/200 - Train Loss: 1.0393 (Recon: 0.0000, CLR: 3.4645) - Val Loss: 1.3756 (Recon: 0.0000, CLR: 4.5854)
2026-06-15 03:09:30,724 - Epoch 44/200 - Train Loss: 1.0388 (Recon: 0.0000, CLR: 3.4626) - Val Loss: 1.3800 (Recon: 0.0000, CLR: 4.6001)
2026-06-15 03:11:18,039 - Epoch 45/200 - Train Loss: 1.0378 (Recon: 0.0000, CLR: 3.4594) - Val Loss: 1.3801 (Recon: 0.0000, CLR: 4.6004)
2026-06-15 03:11:18,039 - Evaluating on bbbp...
2026-06-15 03:11:18,437 - bbbp ROC-AUC: 0.8346
2026-06-15 03:11:18,437 - Evaluating on bace...
2026-06-15 03:11:18,751 - bace ROC-AUC: 0.7505
2026-06-15 03:11:18,752 - Evaluating on clintox...
2026-06-15 03:11:19,051 - clintox ROC-AUC: 0.6463
2026-06-15 03:11:19,052 - Evaluating on freesolv...
2026-06-15 03:11:19,198 - freesolv RMSE: 5.6163
2026-06-15 03:11:19,198 - Evaluating on esol...
2026-06-15 03:11:19,405 - esol RMSE: 1.7925
2026-06-15 03:11:19,405 - Evaluating on lipo...
2026-06-15 03:11:20,076 - lipo RMSE: 1.0952
2026-06-15 03:11:20,076 - Unified Linear Probe Score: -1.0454
2026-06-15 03:13:07,147 - Epoch 46/200 - Train Loss: 1.0359 (Recon: 0.0000, CLR: 3.4529) - Val Loss: 1.3662 (Recon: 0.0000, CLR: 4.5539)
2026-06-15 03:14:54,197 - Epoch 47/200 - Train Loss: 1.0346 (Recon: 0.0000, CLR: 3.4485) - Val Loss: 1.3840 (Recon: 0.0000, CLR: 4.6133)
2026-06-15 03:16:49,511 - Epoch 48/200 - Train Loss: 1.0341 (Recon: 0.0000, CLR: 3.4471) - Val Loss: 1.3877 (Recon: 0.0000, CLR: 4.6257)
2026-06-15 03:18:37,216 - Epoch 49/200 - Train Loss: 1.0333 (Recon: 0.0000, CLR: 3.4443) - Val Loss: 1.4446 (Recon: 0.0000, CLR: 4.8154)
2026-06-15 03:20:24,323 - Epoch 50/200 - Train Loss: 1.0323 (Recon: 0.0000, CLR: 3.4411) - Val Loss: 1.3054 (Recon: 0.0000, CLR: 4.3515)
2026-06-15 03:20:24,324 - Evaluating on bbbp...
2026-06-15 03:20:24,730 - bbbp ROC-AUC: 0.8202
2026-06-15 03:20:24,730 - Evaluating on bace...
2026-06-15 03:20:25,036 - bace ROC-AUC: 0.7617
2026-06-15 03:20:25,036 - Evaluating on clintox...
2026-06-15 03:20:25,324 - clintox ROC-AUC: 0.6473
2026-06-15 03:20:25,324 - Evaluating on freesolv...
2026-06-15 03:20:25,465 - freesolv RMSE: 4.8840
2026-06-15 03:20:25,466 - Evaluating on esol...
2026-06-15 03:20:25,664 - esol RMSE: 1.3746
2026-06-15 03:20:25,664 - Evaluating on lipo...
2026-06-15 03:20:26,347 - lipo RMSE: 1.1015
2026-06-15 03:20:26,347 - Unified Linear Probe Score: -0.8551
2026-06-15 03:22:13,686 - Epoch 51/200 - Train Loss: 1.0305 (Recon: 0.0000, CLR: 3.4351) - Val Loss: 1.3990 (Recon: 0.0000, CLR: 4.6632)
2026-06-15 03:24:01,476 - Epoch 52/200 - Train Loss: 1.0291 (Recon: 0.0000, CLR: 3.4303) - Val Loss: 1.3487 (Recon: 0.0000, CLR: 4.4958)
2026-06-15 03:25:48,799 - Epoch 53/200 - Train Loss: 1.0287 (Recon: 0.0000, CLR: 3.4291) - Val Loss: 1.4696 (Recon: 0.0000, CLR: 4.8985)
2026-06-15 03:27:36,560 - Epoch 54/200 - Train Loss: 1.0267 (Recon: 0.0000, CLR: 3.4222) - Val Loss: 1.4041 (Recon: 0.0000, CLR: 4.6804)
2026-06-15 03:29:24,253 - Epoch 55/200 - Train Loss: 1.0261 (Recon: 0.0000, CLR: 3.4202) - Val Loss: 1.3423 (Recon: 0.0000, CLR: 4.4744)
2026-06-15 03:29:24,253 - Evaluating on bbbp...
2026-06-15 03:29:24,669 - bbbp ROC-AUC: 0.7808
2026-06-15 03:29:24,669 - Evaluating on bace...
2026-06-15 03:29:24,986 - bace ROC-AUC: 0.7878
2026-06-15 03:29:24,986 - Evaluating on clintox...
2026-06-15 03:29:25,267 - clintox ROC-AUC: 0.6656
2026-06-15 03:29:25,267 - Evaluating on freesolv...
2026-06-15 03:29:25,411 - freesolv RMSE: 4.1395
2026-06-15 03:29:25,412 - Evaluating on esol...
2026-06-15 03:29:25,617 - esol RMSE: 1.5587
2026-06-15 03:29:25,617 - Evaluating on lipo...
2026-06-15 03:29:26,273 - lipo RMSE: 1.0671
2026-06-15 03:29:26,273 - Unified Linear Probe Score: -0.7552
2026-06-15 03:31:13,668 - Epoch 56/200 - Train Loss: 1.0253 (Recon: 0.0000, CLR: 3.4176) - Val Loss: 1.3513 (Recon: 0.0000, CLR: 4.5044)
2026-06-15 03:33:01,247 - Epoch 57/200 - Train Loss: 1.0246 (Recon: 0.0000, CLR: 3.4153) - Val Loss: 1.3251 (Recon: 0.0000, CLR: 4.4171)
2026-06-15 03:34:48,943 - Epoch 58/200 - Train Loss: 1.0236 (Recon: 0.0000, CLR: 3.4121) - Val Loss: 1.3378 (Recon: 0.0000, CLR: 4.4594)
2026-06-15 03:36:36,277 - Epoch 59/200 - Train Loss: 1.0230 (Recon: 0.0000, CLR: 3.4100) - Val Loss: 1.4352 (Recon: 0.0000, CLR: 4.7840)
2026-06-15 03:38:23,457 - Epoch 60/200 - Train Loss: 1.0222 (Recon: 0.0000, CLR: 3.4075) - Val Loss: 1.3731 (Recon: 0.0000, CLR: 4.5771)
2026-06-15 03:38:23,458 - Evaluating on bbbp...
2026-06-15 03:38:23,871 - bbbp ROC-AUC: 0.7998
2026-06-15 03:38:23,871 - Evaluating on bace...
2026-06-15 03:38:24,188 - bace ROC-AUC: 0.7490
2026-06-15 03:38:24,188 - Evaluating on clintox...
2026-06-15 03:38:24,482 - clintox ROC-AUC: 0.5814
2026-06-15 03:38:24,482 - Evaluating on freesolv...
2026-06-15 03:38:24,618 - freesolv RMSE: 4.8393
2026-06-15 03:38:24,619 - Evaluating on esol...
2026-06-15 03:38:24,811 - esol RMSE: 1.4354
2026-06-15 03:38:24,812 - Evaluating on lipo...
2026-06-15 03:38:25,476 - lipo RMSE: 1.0247
2026-06-15 03:38:25,476 - Unified Linear Probe Score: -0.8615
2026-06-15 03:40:12,641 - Epoch 61/200 - Train Loss: 1.0213 (Recon: 0.0000, CLR: 3.4042) - Val Loss: 1.3569 (Recon: 0.0000, CLR: 4.5230)
2026-06-15 03:42:00,317 - Epoch 62/200 - Train Loss: 1.0207 (Recon: 0.0000, CLR: 3.4024) - Val Loss: 1.3550 (Recon: 0.0000, CLR: 4.5166)
2026-06-15 03:43:47,579 - Epoch 63/200 - Train Loss: 1.0203 (Recon: 0.0000, CLR: 3.4010) - Val Loss: 1.4700 (Recon: 0.0000, CLR: 4.9000)
2026-06-15 03:45:35,135 - Epoch 64/200 - Train Loss: 1.0190 (Recon: 0.0000, CLR: 3.3966) - Val Loss: 1.4153 (Recon: 0.0000, CLR: 4.7178)
2026-06-15 03:47:22,428 - Epoch 65/200 - Train Loss: 1.0188 (Recon: 0.0000, CLR: 3.3960) - Val Loss: 1.3224 (Recon: 0.0000, CLR: 4.4080)
2026-06-15 03:47:22,429 - Evaluating on bbbp...
2026-06-15 03:47:22,848 - bbbp ROC-AUC: 0.7994
2026-06-15 03:47:22,849 - Evaluating on bace...
2026-06-15 03:47:23,181 - bace ROC-AUC: 0.7617
2026-06-15 03:47:23,181 - Evaluating on clintox...
2026-06-15 03:47:23,470 - clintox ROC-AUC: 0.7109
2026-06-15 03:47:23,470 - Evaluating on freesolv...
2026-06-15 03:47:23,614 - freesolv RMSE: 4.1018
2026-06-15 03:47:23,614 - Evaluating on esol...
2026-06-15 03:47:23,806 - esol RMSE: 1.9216
2026-06-15 03:47:23,807 - Evaluating on lipo...
2026-06-15 03:47:24,525 - lipo RMSE: 1.0231
2026-06-15 03:47:24,525 - Unified Linear Probe Score: -0.7957
2026-06-15 03:49:12,040 - Epoch 66/200 - Train Loss: 1.0182 (Recon: 0.0000, CLR: 3.3941) - Val Loss: 1.4321 (Recon: 0.0000, CLR: 4.7738)
2026-06-15 03:50:59,203 - Epoch 67/200 - Train Loss: 1.0167 (Recon: 0.0000, CLR: 3.3889) - Val Loss: 1.3623 (Recon: 0.0000, CLR: 4.5408)
2026-06-15 03:52:46,779 - Epoch 68/200 - Train Loss: 1.0169 (Recon: 0.0000, CLR: 3.3896) - Val Loss: 1.3688 (Recon: 0.0000, CLR: 4.5626)
2026-06-15 03:54:42,390 - Epoch 69/200 - Train Loss: 1.0160 (Recon: 0.0000, CLR: 3.3867) - Val Loss: 1.3426 (Recon: 0.0000, CLR: 4.4755)
2026-06-15 03:56:29,568 - Epoch 70/200 - Train Loss: 1.0151 (Recon: 0.0000, CLR: 3.3837) - Val Loss: 1.4050 (Recon: 0.0000, CLR: 4.6833)
2026-06-15 03:56:29,568 - Evaluating on bbbp...
2026-06-15 03:56:29,977 - bbbp ROC-AUC: 0.7909
2026-06-15 03:56:29,977 - Evaluating on bace...
2026-06-15 03:56:30,290 - bace ROC-AUC: 0.8055
2026-06-15 03:56:30,290 - Evaluating on clintox...
2026-06-15 03:56:30,587 - clintox ROC-AUC: 0.6302
2026-06-15 03:56:30,587 - Evaluating on freesolv...
2026-06-15 03:56:30,739 - freesolv RMSE: 4.2201
2026-06-15 03:56:30,739 - Evaluating on esol...
2026-06-15 03:56:30,929 - esol RMSE: 1.3690
2026-06-15 03:56:30,929 - Evaluating on lipo...
2026-06-15 03:56:31,610 - lipo RMSE: 0.9979
2026-06-15 03:56:31,610 - Unified Linear Probe Score: -0.7268
2026-06-15 03:58:18,908 - Epoch 71/200 - Train Loss: 1.0143 (Recon: 0.0000, CLR: 3.3810) - Val Loss: 1.3384 (Recon: 0.0000, CLR: 4.4613)
2026-06-15 04:00:06,779 - Epoch 72/200 - Train Loss: 1.0132 (Recon: 0.0000, CLR: 3.3772) - Val Loss: 1.3215 (Recon: 0.0000, CLR: 4.4049)
2026-06-15 04:01:54,350 - Epoch 73/200 - Train Loss: 1.0134 (Recon: 0.0000, CLR: 3.3779) - Val Loss: 1.4318 (Recon: 0.0000, CLR: 4.7725)
2026-06-15 04:03:42,234 - Epoch 74/200 - Train Loss: 1.0126 (Recon: 0.0000, CLR: 3.3753) - Val Loss: 1.3849 (Recon: 0.0000, CLR: 4.6163)
2026-06-15 04:05:30,244 - Epoch 75/200 - Train Loss: 1.0122 (Recon: 0.0000, CLR: 3.3740) - Val Loss: 1.4212 (Recon: 0.0000, CLR: 4.7373)
2026-06-15 04:05:30,245 - Evaluating on bbbp...
2026-06-15 04:05:30,676 - bbbp ROC-AUC: 0.7923
2026-06-15 04:05:30,676 - Evaluating on bace...
2026-06-15 04:05:30,984 - bace ROC-AUC: 0.7763
2026-06-15 04:05:30,985 - Evaluating on clintox...
2026-06-15 04:05:31,276 - clintox ROC-AUC: 0.6863
2026-06-15 04:05:31,276 - Evaluating on freesolv...
2026-06-15 04:05:31,421 - freesolv RMSE: 4.1743
2026-06-15 04:05:31,422 - Evaluating on esol...
2026-06-15 04:05:31,617 - esol RMSE: 1.5131
2026-06-15 04:05:31,618 - Evaluating on lipo...
2026-06-15 04:05:32,297 - lipo RMSE: 1.0427
2026-06-15 04:05:32,297 - Unified Linear Probe Score: -0.7459
2026-06-15 04:07:19,959 - Epoch 76/200 - Train Loss: 1.0118 (Recon: 0.0000, CLR: 3.3727) - Val Loss: 1.3230 (Recon: 0.0000, CLR: 4.4101)
2026-06-15 04:09:07,567 - Epoch 77/200 - Train Loss: 1.0108 (Recon: 0.0000, CLR: 3.3695) - Val Loss: 1.4179 (Recon: 0.0000, CLR: 4.7262)
2026-06-15 04:10:55,237 - Epoch 78/200 - Train Loss: 1.0101 (Recon: 0.0000, CLR: 3.3669) - Val Loss: 1.4388 (Recon: 0.0000, CLR: 4.7961)
2026-06-15 04:12:42,971 - Epoch 79/200 - Train Loss: 1.0100 (Recon: 0.0000, CLR: 3.3667) - Val Loss: 1.4127 (Recon: 0.0000, CLR: 4.7092)
2026-06-15 04:14:32,112 - Epoch 80/200 - Train Loss: 1.0093 (Recon: 0.0000, CLR: 3.3643) - Val Loss: 1.4273 (Recon: 0.0000, CLR: 4.7575)
2026-06-15 04:14:32,112 - Evaluating on bbbp...
2026-06-15 04:14:32,530 - bbbp ROC-AUC: 0.7807
2026-06-15 04:14:32,531 - Evaluating on bace...
2026-06-15 04:14:32,851 - bace ROC-AUC: 0.7933
2026-06-15 04:14:32,851 - Evaluating on clintox...
2026-06-15 04:14:33,130 - clintox ROC-AUC: 0.6941
2026-06-15 04:14:33,130 - Evaluating on freesolv...
2026-06-15 04:14:33,283 - freesolv RMSE: 2.9892
2026-06-15 04:14:33,284 - Evaluating on esol...
2026-06-15 04:14:33,489 - esol RMSE: 1.1894
2026-06-15 04:14:33,489 - Evaluating on lipo...
2026-06-15 04:14:34,146 - lipo RMSE: 1.1116
2026-06-15 04:14:34,146 - Unified Linear Probe Score: -0.5037
2026-06-15 04:14:34,146 - New Best Probe Score: -0.5037
2026-06-15 04:16:21,815 - Epoch 81/200 - Train Loss: 1.0092 (Recon: 0.0000, CLR: 3.3639) - Val Loss: 1.4117 (Recon: 0.0000, CLR: 4.7056)
2026-06-15 04:18:09,724 - Epoch 82/200 - Train Loss: 1.0088 (Recon: 0.0000, CLR: 3.3628) - Val Loss: 1.4167 (Recon: 0.0000, CLR: 4.7222)
2026-06-15 04:19:57,459 - Epoch 83/200 - Train Loss: 1.0083 (Recon: 0.0000, CLR: 3.3611) - Val Loss: 1.3933 (Recon: 0.0000, CLR: 4.6444)
2026-06-15 04:21:45,221 - Epoch 84/200 - Train Loss: 1.0074 (Recon: 0.0000, CLR: 3.3582) - Val Loss: 1.3714 (Recon: 0.0000, CLR: 4.5714)
2026-06-15 04:23:32,683 - Epoch 85/200 - Train Loss: 1.0072 (Recon: 0.0000, CLR: 3.3573) - Val Loss: 1.3660 (Recon: 0.0000, CLR: 4.5533)
2026-06-15 04:23:32,684 - Evaluating on bbbp...
2026-06-15 04:23:33,120 - bbbp ROC-AUC: 0.7768
2026-06-15 04:23:33,120 - Evaluating on bace...
2026-06-15 04:23:33,433 - bace ROC-AUC: 0.8064
2026-06-15 04:23:33,433 - Evaluating on clintox...
2026-06-15 04:23:33,726 - clintox ROC-AUC: 0.6571
2026-06-15 04:23:33,726 - Evaluating on freesolv...
2026-06-15 04:23:33,880 - freesolv RMSE: 4.0049
2026-06-15 04:23:33,880 - Evaluating on esol...
2026-06-15 04:23:34,089 - esol RMSE: 1.8329
2026-06-15 04:23:34,089 - Evaluating on lipo...
2026-06-15 04:23:34,793 - lipo RMSE: 1.0600
2026-06-15 04:23:34,793 - Unified Linear Probe Score: -0.7763
2026-06-15 04:25:22,231 - Epoch 86/200 - Train Loss: 1.0068 (Recon: 0.0000, CLR: 3.3560) - Val Loss: 1.2352 (Recon: 0.0000, CLR: 4.1173)
2026-06-15 04:27:09,764 - Epoch 87/200 - Train Loss: 1.0066 (Recon: 0.0000, CLR: 3.3552) - Val Loss: 1.2626 (Recon: 0.0000, CLR: 4.2086)
2026-06-15 04:28:57,701 - Epoch 88/200 - Train Loss: 1.0062 (Recon: 0.0000, CLR: 3.3541) - Val Loss: 1.3370 (Recon: 0.0000, CLR: 4.4567)
2026-06-15 04:30:53,309 - Epoch 89/200 - Train Loss: 1.0051 (Recon: 0.0000, CLR: 3.3504) - Val Loss: 1.2428 (Recon: 0.0000, CLR: 4.1427)
2026-06-15 04:32:41,443 - Epoch 90/200 - Train Loss: 1.0051 (Recon: 0.0000, CLR: 3.3503) - Val Loss: 1.2369 (Recon: 0.0000, CLR: 4.1229)
2026-06-15 04:32:41,444 - Evaluating on bbbp...
2026-06-15 04:32:41,834 - bbbp ROC-AUC: 0.7888
2026-06-15 04:32:41,834 - Evaluating on bace...
2026-06-15 04:32:42,148 - bace ROC-AUC: 0.7485
2026-06-15 04:32:42,148 - Evaluating on clintox...
2026-06-15 04:32:42,440 - clintox ROC-AUC: 0.6867
2026-06-15 04:32:42,440 - Evaluating on freesolv...
2026-06-15 04:32:42,581 - freesolv RMSE: 4.6991
2026-06-15 04:32:42,581 - Evaluating on esol...
2026-06-15 04:32:42,771 - esol RMSE: 1.8636
2026-06-15 04:32:42,771 - Evaluating on lipo...
2026-06-15 04:32:43,455 - lipo RMSE: 1.0518
2026-06-15 04:32:43,455 - Unified Linear Probe Score: -0.8984
2026-06-15 04:34:31,076 - Epoch 91/200 - Train Loss: 1.0043 (Recon: 0.0000, CLR: 3.3476) - Val Loss: 1.2602 (Recon: 0.0000, CLR: 4.2008)
2026-06-15 04:36:19,043 - Epoch 92/200 - Train Loss: 1.0043 (Recon: 0.0000, CLR: 3.3476) - Val Loss: 1.2064 (Recon: 0.0000, CLR: 4.0215)
2026-06-15 04:38:07,051 - Epoch 93/200 - Train Loss: 1.0041 (Recon: 0.0000, CLR: 3.3471) - Val Loss: 1.1660 (Recon: 0.0000, CLR: 3.8865)
2026-06-15 04:39:54,863 - Epoch 94/200 - Train Loss: 1.0036 (Recon: 0.0000, CLR: 3.3452) - Val Loss: 1.1418 (Recon: 0.0000, CLR: 3.8058)
2026-06-15 04:41:42,739 - Epoch 95/200 - Train Loss: 1.0029 (Recon: 0.0000, CLR: 3.3430) - Val Loss: 1.1967 (Recon: 0.0000, CLR: 3.9889)
2026-06-15 04:41:42,739 - Evaluating on bbbp...
2026-06-15 04:41:43,189 - bbbp ROC-AUC: 0.7847
2026-06-15 04:41:43,190 - Evaluating on bace...
2026-06-15 04:41:43,514 - bace ROC-AUC: 0.7627
2026-06-15 04:41:43,514 - Evaluating on clintox...
2026-06-15 04:41:43,814 - clintox ROC-AUC: 0.6961
2026-06-15 04:41:43,815 - Evaluating on freesolv...
2026-06-15 04:41:43,955 - freesolv RMSE: 3.6296
2026-06-15 04:41:43,955 - Evaluating on esol...
2026-06-15 04:41:44,157 - esol RMSE: 2.0259
2026-06-15 04:41:44,157 - Evaluating on lipo...
2026-06-15 04:41:44,830 - lipo RMSE: 1.0448
2026-06-15 04:41:44,830 - Unified Linear Probe Score: -0.7428
2026-06-15 04:43:33,246 - Epoch 96/200 - Train Loss: 1.0033 (Recon: 0.0000, CLR: 3.3443) - Val Loss: 1.1705 (Recon: 0.0000, CLR: 3.9015)
2026-06-15 04:45:21,393 - Epoch 97/200 - Train Loss: 1.0019 (Recon: 0.0000, CLR: 3.3395) - Val Loss: 1.1223 (Recon: 0.0000, CLR: 3.7411)
2026-06-15 04:47:09,546 - Epoch 98/200 - Train Loss: 1.0017 (Recon: 0.0000, CLR: 3.3389) - Val Loss: 1.2243 (Recon: 0.0000, CLR: 4.0811)
2026-06-15 04:48:57,699 - Epoch 99/200 - Train Loss: 1.0018 (Recon: 0.0000, CLR: 3.3394) - Val Loss: 1.3607 (Recon: 0.0000, CLR: 4.5356)
2026-06-15 04:50:51,453 - Epoch 100/200 - Train Loss: 1.0015 (Recon: 0.0000, CLR: 3.3384) - Val Loss: 1.3464 (Recon: 0.0000, CLR: 4.4881)
2026-06-15 04:50:51,455 - Evaluating on bbbp...
2026-06-15 04:50:51,886 - bbbp ROC-AUC: 0.7896
2026-06-15 04:50:51,886 - Evaluating on bace...
2026-06-15 04:50:52,287 - bace ROC-AUC: 0.8326
2026-06-15 04:50:52,288 - Evaluating on clintox...
2026-06-15 04:50:52,617 - clintox ROC-AUC: 0.5826
2026-06-15 04:50:52,617 - Evaluating on freesolv...
2026-06-15 04:50:52,765 - freesolv RMSE: 3.3836
2026-06-15 04:50:52,765 - Evaluating on esol...
2026-06-15 04:50:52,966 - esol RMSE: 1.5967
2026-06-15 04:50:52,966 - Evaluating on lipo...
2026-06-15 04:50:53,646 - lipo RMSE: 1.0766
2026-06-15 04:50:53,646 - Unified Linear Probe Score: -0.6420
2026-06-15 04:52:43,372 - Epoch 101/200 - Train Loss: 1.0006 (Recon: 0.0000, CLR: 3.3353) - Val Loss: 1.3985 (Recon: 0.0000, CLR: 4.6616)
2026-06-15 04:54:31,360 - Epoch 102/200 - Train Loss: 1.0009 (Recon: 0.0000, CLR: 3.3364) - Val Loss: 1.2488 (Recon: 0.0000, CLR: 4.1628)
2026-06-15 04:56:19,370 - Epoch 103/200 - Train Loss: 1.0007 (Recon: 0.0000, CLR: 3.3357) - Val Loss: 1.3061 (Recon: 0.0000, CLR: 4.3535)
2026-06-15 04:58:07,523 - Epoch 104/200 - Train Loss: 1.0002 (Recon: 0.0000, CLR: 3.3341) - Val Loss: 1.3543 (Recon: 0.0000, CLR: 4.5144)
2026-06-15 04:59:55,328 - Epoch 105/200 - Train Loss: 0.9992 (Recon: 0.0000, CLR: 3.3307) - Val Loss: 1.3396 (Recon: 0.0000, CLR: 4.4655)
2026-06-15 04:59:55,328 - Evaluating on bbbp...
2026-06-15 04:59:55,741 - bbbp ROC-AUC: 0.7975
2026-06-15 04:59:55,741 - Evaluating on bace...
2026-06-15 04:59:56,063 - bace ROC-AUC: 0.8430
2026-06-15 04:59:56,063 - Evaluating on clintox...
2026-06-15 04:59:56,344 - clintox ROC-AUC: 0.6168
2026-06-15 04:59:56,344 - Evaluating on freesolv...
2026-06-15 04:59:56,486 - freesolv RMSE: 4.3647
2026-06-15 04:59:56,486 - Evaluating on esol...
2026-06-15 04:59:56,674 - esol RMSE: 1.8351
2026-06-15 04:59:56,674 - Evaluating on lipo...
2026-06-15 04:59:57,447 - lipo RMSE: 1.1710
2026-06-15 04:59:57,448 - Unified Linear Probe Score: -0.8523
2026-06-15 05:01:45,984 - Epoch 106/200 - Train Loss: 0.9996 (Recon: 0.0000, CLR: 3.3320) - Val Loss: 1.3401 (Recon: 0.0000, CLR: 4.4668)
2026-06-15 05:03:34,418 - Epoch 107/200 - Train Loss: 0.9979 (Recon: 0.0000, CLR: 3.3262) - Val Loss: 1.1854 (Recon: 0.0000, CLR: 3.9514)
2026-06-15 05:05:22,391 - Epoch 108/200 - Train Loss: 0.9984 (Recon: 0.0000, CLR: 3.3279) - Val Loss: 1.1969 (Recon: 0.0000, CLR: 3.9896)
2026-06-15 05:07:10,365 - Epoch 109/200 - Train Loss: 0.9978 (Recon: 0.0000, CLR: 3.3260) - Val Loss: 1.1938 (Recon: 0.0000, CLR: 3.9792)
2026-06-15 05:09:06,565 - Epoch 110/200 - Train Loss: 0.9985 (Recon: 0.0000, CLR: 3.3284) - Val Loss: 1.1885 (Recon: 0.0000, CLR: 3.9617)
2026-06-15 05:09:06,566 - Evaluating on bbbp...
2026-06-15 05:09:06,994 - bbbp ROC-AUC: 0.7912
2026-06-15 05:09:06,995 - Evaluating on bace...
2026-06-15 05:09:07,330 - bace ROC-AUC: 0.8066
2026-06-15 05:09:07,330 - Evaluating on clintox...
2026-06-15 05:09:07,631 - clintox ROC-AUC: 0.6507
2026-06-15 05:09:07,631 - Evaluating on freesolv...
2026-06-15 05:09:07,780 - freesolv RMSE: 4.1046
2026-06-15 05:09:07,781 - Evaluating on esol...
2026-06-15 05:09:07,984 - esol RMSE: 1.6145
2026-06-15 05:09:07,984 - Evaluating on lipo...
2026-06-15 05:09:08,662 - lipo RMSE: 1.0921
2026-06-15 05:09:08,662 - Unified Linear Probe Score: -0.7605
2026-06-15 05:10:56,650 - Epoch 111/200 - Train Loss: 0.9983 (Recon: 0.0000, CLR: 3.3276) - Val Loss: 1.1631 (Recon: 0.0000, CLR: 3.8769)
2026-06-15 05:12:44,786 - Epoch 112/200 - Train Loss: 0.9976 (Recon: 0.0000, CLR: 3.3253) - Val Loss: 1.1433 (Recon: 0.0000, CLR: 3.8108)
2026-06-15 05:14:32,895 - Epoch 113/200 - Train Loss: 0.9967 (Recon: 0.0000, CLR: 3.3222) - Val Loss: 1.1618 (Recon: 0.0000, CLR: 3.8727)
2026-06-15 05:16:20,532 - Epoch 114/200 - Train Loss: 0.9972 (Recon: 0.0000, CLR: 3.3240) - Val Loss: 1.1481 (Recon: 0.0000, CLR: 3.8271)
2026-06-15 05:18:08,996 - Epoch 115/200 - Train Loss: 0.9974 (Recon: 0.0000, CLR: 3.3246) - Val Loss: 1.1596 (Recon: 0.0000, CLR: 3.8653)
2026-06-15 05:18:08,997 - Evaluating on bbbp...
2026-06-15 05:18:09,446 - bbbp ROC-AUC: 0.8238
2026-06-15 05:18:09,446 - Evaluating on bace...
2026-06-15 05:18:09,748 - bace ROC-AUC: 0.7738
2026-06-15 05:18:09,748 - Evaluating on clintox...
2026-06-15 05:18:10,039 - clintox ROC-AUC: 0.5980
2026-06-15 05:18:10,040 - Evaluating on freesolv...
2026-06-15 05:18:10,180 - freesolv RMSE: 5.0939
2026-06-15 05:18:10,180 - Evaluating on esol...
2026-06-15 05:18:10,375 - esol RMSE: 2.0682
2026-06-15 05:18:10,375 - Evaluating on lipo...
2026-06-15 05:18:11,207 - lipo RMSE: 1.1071
2026-06-15 05:18:11,208 - Unified Linear Probe Score: -1.0123
2026-06-15 05:20:00,573 - Epoch 116/200 - Train Loss: 0.9961 (Recon: 0.0000, CLR: 3.3203) - Val Loss: 1.1648 (Recon: 0.0000, CLR: 3.8826)
2026-06-15 05:21:51,035 - Epoch 117/200 - Train Loss: 0.9954 (Recon: 0.0000, CLR: 3.3179) - Val Loss: 1.1465 (Recon: 0.0000, CLR: 3.8217)
2026-06-15 05:23:42,987 - Epoch 118/200 - Train Loss: 0.9959 (Recon: 0.0000, CLR: 3.3196) - Val Loss: 1.1403 (Recon: 0.0000, CLR: 3.8008)
2026-06-15 05:25:36,007 - Epoch 119/200 - Train Loss: 0.9957 (Recon: 0.0000, CLR: 3.3189) - Val Loss: 1.1287 (Recon: 0.0000, CLR: 3.7624)
2026-06-15 05:27:25,732 - Epoch 120/200 - Train Loss: 0.9956 (Recon: 0.0000, CLR: 3.3185) - Val Loss: 1.1447 (Recon: 0.0000, CLR: 3.8158)
2026-06-15 05:27:25,732 - Evaluating on bbbp...
2026-06-15 05:27:26,160 - bbbp ROC-AUC: 0.8145
2026-06-15 05:27:26,160 - Evaluating on bace...
2026-06-15 05:27:26,588 - bace ROC-AUC: 0.7889
2026-06-15 05:27:26,590 - Evaluating on clintox...
2026-06-15 05:27:26,970 - clintox ROC-AUC: 0.6637
2026-06-15 05:27:26,970 - Evaluating on freesolv...
2026-06-15 05:27:27,131 - freesolv RMSE: 3.2354
2026-06-15 05:27:27,131 - Evaluating on esol...
2026-06-15 05:27:27,346 - esol RMSE: 1.8944
2026-06-15 05:27:27,346 - Evaluating on lipo...
2026-06-15 05:27:28,156 - lipo RMSE: 1.1561
2026-06-15 05:27:28,156 - Unified Linear Probe Score: -0.6698
2026-06-15 05:29:18,603 - Epoch 121/200 - Train Loss: 0.9951 (Recon: 0.0000, CLR: 3.3170) - Val Loss: 1.1261 (Recon: 0.0000, CLR: 3.7538)
2026-06-15 05:31:07,824 - Epoch 122/200 - Train Loss: 0.9944 (Recon: 0.0000, CLR: 3.3145) - Val Loss: 1.1431 (Recon: 0.0000, CLR: 3.8105)
2026-06-15 05:32:57,650 - Epoch 123/200 - Train Loss: 0.9950 (Recon: 0.0000, CLR: 3.3168) - Val Loss: 1.1364 (Recon: 0.0000, CLR: 3.7879)
2026-06-15 05:34:46,772 - Epoch 124/200 - Train Loss: 0.9938 (Recon: 0.0000, CLR: 3.3126) - Val Loss: 1.1381 (Recon: 0.0000, CLR: 3.7938)
2026-06-15 05:36:35,278 - Epoch 125/200 - Train Loss: 0.9939 (Recon: 0.0000, CLR: 3.3129) - Val Loss: 1.1140 (Recon: 0.0000, CLR: 3.7135)
2026-06-15 05:36:35,278 - Evaluating on bbbp...
2026-06-15 05:36:35,694 - bbbp ROC-AUC: 0.8101
2026-06-15 05:36:35,694 - Evaluating on bace...
2026-06-15 05:36:36,039 - bace ROC-AUC: 0.8146
2026-06-15 05:36:36,039 - Evaluating on clintox...
2026-06-15 05:36:36,329 - clintox ROC-AUC: 0.6138
2026-06-15 05:36:36,330 - Evaluating on freesolv...
2026-06-15 05:36:36,472 - freesolv RMSE: 3.1890
2026-06-15 05:36:36,472 - Evaluating on esol...
2026-06-15 05:36:36,673 - esol RMSE: 1.3123
2026-06-15 05:36:36,673 - Evaluating on lipo...
2026-06-15 05:36:37,352 - lipo RMSE: 1.0935
2026-06-15 05:36:37,352 - Unified Linear Probe Score: -0.5594
2026-06-15 05:38:25,902 - Epoch 126/200 - Train Loss: 0.9933 (Recon: 0.0000, CLR: 3.3108) - Val Loss: 1.1279 (Recon: 0.0000, CLR: 3.7598)
2026-06-15 05:40:14,270 - Epoch 127/200 - Train Loss: 0.9937 (Recon: 0.0000, CLR: 3.3124) - Val Loss: 1.1166 (Recon: 0.0000, CLR: 3.7220)
2026-06-15 05:42:02,956 - Epoch 128/200 - Train Loss: 0.9928 (Recon: 0.0000, CLR: 3.3095) - Val Loss: 1.1193 (Recon: 0.0000, CLR: 3.7310)
2026-06-15 05:43:51,397 - Epoch 129/200 - Train Loss: 0.9928 (Recon: 0.0000, CLR: 3.3094) - Val Loss: 1.1370 (Recon: 0.0000, CLR: 3.7901)
2026-06-15 05:45:48,121 - Epoch 130/200 - Train Loss: 0.9930 (Recon: 0.0000, CLR: 3.3101) - Val Loss: 1.1183 (Recon: 0.0000, CLR: 3.7278)
2026-06-15 05:45:48,121 - Evaluating on bbbp...
2026-06-15 05:45:48,519 - bbbp ROC-AUC: 0.8030
2026-06-15 05:45:48,519 - Evaluating on bace...
2026-06-15 05:45:48,842 - bace ROC-AUC: 0.7579
2026-06-15 05:45:48,842 - Evaluating on clintox...
2026-06-15 05:45:49,148 - clintox ROC-AUC: 0.6490
2026-06-15 05:45:49,149 - Evaluating on freesolv...
2026-06-15 05:45:49,300 - freesolv RMSE: 2.2981
2026-06-15 05:45:49,301 - Evaluating on esol...
2026-06-15 05:45:49,512 - esol RMSE: 1.7685
2026-06-15 05:45:49,513 - Evaluating on lipo...
2026-06-15 05:45:50,209 - lipo RMSE: 1.1380
2026-06-15 05:45:50,209 - Unified Linear Probe Score: -0.4991
2026-06-15 05:45:50,209 - New Best Probe Score: -0.4991
2026-06-15 05:47:38,418 - Epoch 131/200 - Train Loss: 0.9930 (Recon: 0.0000, CLR: 3.3099) - Val Loss: 1.8647 (Recon: 0.0000, CLR: 6.2157)
2026-06-15 05:49:26,871 - Epoch 132/200 - Train Loss: 0.9922 (Recon: 0.0000, CLR: 3.3072) - Val Loss: 1.7512 (Recon: 0.0000, CLR: 5.8374)
2026-06-15 05:51:15,287 - Epoch 133/200 - Train Loss: 0.9920 (Recon: 0.0000, CLR: 3.3068) - Val Loss: 1.7283 (Recon: 0.0000, CLR: 5.7609)
2026-06-15 05:53:03,648 - Epoch 134/200 - Train Loss: 0.9916 (Recon: 0.0000, CLR: 3.3054) - Val Loss: 1.7347 (Recon: 0.0000, CLR: 5.7823)
2026-06-15 05:54:51,930 - Epoch 135/200 - Train Loss: 0.9910 (Recon: 0.0000, CLR: 3.3033) - Val Loss: 1.6504 (Recon: 0.0000, CLR: 5.5013)
2026-06-15 05:54:51,930 - Evaluating on bbbp...
2026-06-15 05:54:52,344 - bbbp ROC-AUC: 0.7893
2026-06-15 05:54:52,344 - Evaluating on bace...
2026-06-15 05:54:52,674 - bace ROC-AUC: 0.7311
2026-06-15 05:54:52,674 - Evaluating on clintox...
2026-06-15 05:54:52,966 - clintox ROC-AUC: 0.6281
2026-06-15 05:54:52,966 - Evaluating on freesolv...
2026-06-15 05:54:53,107 - freesolv RMSE: 3.5982
2026-06-15 05:54:53,107 - Evaluating on esol...
2026-06-15 05:54:53,299 - esol RMSE: 1.7866
2026-06-15 05:54:53,299 - Evaluating on lipo...
2026-06-15 05:54:53,985 - lipo RMSE: 1.0341
2026-06-15 05:54:53,985 - Unified Linear Probe Score: -0.7117
2026-06-15 05:56:42,580 - Epoch 136/200 - Train Loss: 0.9914 (Recon: 0.0000, CLR: 3.3047) - Val Loss: 1.6608 (Recon: 0.0000, CLR: 5.5360)
2026-06-15 05:58:31,025 - Epoch 137/200 - Train Loss: 0.9910 (Recon: 0.0000, CLR: 3.3034) - Val Loss: 1.6376 (Recon: 0.0000, CLR: 5.4586)
2026-06-15 06:00:19,777 - Epoch 138/200 - Train Loss: 0.9913 (Recon: 0.0000, CLR: 3.3045) - Val Loss: 1.6633 (Recon: 0.0000, CLR: 5.5443)
2026-06-15 06:02:08,170 - Epoch 139/200 - Train Loss: 0.9907 (Recon: 0.0000, CLR: 3.3023) - Val Loss: 1.6055 (Recon: 0.0000, CLR: 5.3516)
2026-06-15 06:03:56,681 - Epoch 140/200 - Train Loss: 0.9912 (Recon: 0.0000, CLR: 3.3040) - Val Loss: 1.6025 (Recon: 0.0000, CLR: 5.3415)
2026-06-15 06:03:56,681 - Evaluating on bbbp...
2026-06-15 06:03:57,196 - bbbp ROC-AUC: 0.8341
2026-06-15 06:03:57,196 - Evaluating on bace...
2026-06-15 06:03:57,564 - bace ROC-AUC: 0.7568
2026-06-15 06:03:57,565 - Evaluating on clintox...
2026-06-15 06:03:57,861 - clintox ROC-AUC: 0.5684
2026-06-15 06:03:57,862 - Evaluating on freesolv...
2026-06-15 06:03:58,002 - freesolv RMSE: 3.1041
2026-06-15 06:03:58,002 - Evaluating on esol...
2026-06-15 06:03:58,199 - esol RMSE: 2.0795
2026-06-15 06:03:58,200 - Evaluating on lipo...
2026-06-15 06:03:59,013 - lipo RMSE: 1.1209
2026-06-15 06:03:59,013 - Unified Linear Probe Score: -0.6909
2026-06-15 06:05:47,573 - Epoch 141/200 - Train Loss: 0.9898 (Recon: 0.0000, CLR: 3.2992) - Val Loss: 1.5634 (Recon: 0.0000, CLR: 5.2114)
2026-06-15 06:07:36,213 - Epoch 142/200 - Train Loss: 0.9904 (Recon: 0.0000, CLR: 3.3014) - Val Loss: 1.5516 (Recon: 0.0000, CLR: 5.1720)
2026-06-15 06:09:24,639 - Epoch 143/200 - Train Loss: 0.9899 (Recon: 0.0000, CLR: 3.2997) - Val Loss: 1.5423 (Recon: 0.0000, CLR: 5.1409)
2026-06-15 06:11:12,792 - Epoch 144/200 - Train Loss: 0.9899 (Recon: 0.0000, CLR: 3.2995) - Val Loss: 1.5289 (Recon: 0.0000, CLR: 5.0965)
2026-06-15 06:13:01,608 - Epoch 145/200 - Train Loss: 0.9894 (Recon: 0.0000, CLR: 3.2979) - Val Loss: 1.5230 (Recon: 0.0000, CLR: 5.0767)
2026-06-15 06:13:01,609 - Evaluating on bbbp...
2026-06-15 06:13:02,003 - bbbp ROC-AUC: 0.8231
2026-06-15 06:13:02,003 - Evaluating on bace...
2026-06-15 06:13:02,327 - bace ROC-AUC: 0.7541
2026-06-15 06:13:02,328 - Evaluating on clintox...
2026-06-15 06:13:02,635 - clintox ROC-AUC: 0.5375
2026-06-15 06:13:02,635 - Evaluating on freesolv...
2026-06-15 06:13:02,772 - freesolv RMSE: 4.5668
2026-06-15 06:13:02,772 - Evaluating on esol...
2026-06-15 06:13:03,006 - esol RMSE: 2.5518
2026-06-15 06:13:03,006 - Evaluating on lipo...
2026-06-15 06:13:03,696 - lipo RMSE: 1.0551
2026-06-15 06:13:03,697 - Unified Linear Probe Score: -1.0098
2026-06-15 06:14:52,142 - Epoch 146/200 - Train Loss: 0.9895 (Recon: 0.0000, CLR: 3.2983) - Val Loss: 1.5242 (Recon: 0.0000, CLR: 5.0808)
2026-06-15 06:16:40,706 - Epoch 147/200 - Train Loss: 0.9878 (Recon: 0.0000, CLR: 3.2927) - Val Loss: 1.5142 (Recon: 0.0000, CLR: 5.0475)
2026-06-15 06:18:29,751 - Epoch 148/200 - Train Loss: 0.9901 (Recon: 0.0000, CLR: 3.3004) - Val Loss: 1.4961 (Recon: 0.0000, CLR: 4.9870)
2026-06-15 06:20:18,541 - Epoch 149/200 - Train Loss: 0.9891 (Recon: 0.0000, CLR: 3.2969) - Val Loss: 1.5045 (Recon: 0.0000, CLR: 5.0149)
2026-06-15 06:22:07,894 - Epoch 150/200 - Train Loss: 0.9886 (Recon: 0.0000, CLR: 3.2953) - Val Loss: 1.5387 (Recon: 0.0000, CLR: 5.1290)
2026-06-15 06:22:07,895 - Evaluating on bbbp...
2026-06-15 06:22:08,306 - bbbp ROC-AUC: 0.8204
2026-06-15 06:22:08,306 - Evaluating on bace...
2026-06-15 06:22:08,634 - bace ROC-AUC: 0.7856
2026-06-15 06:22:08,634 - Evaluating on clintox...
2026-06-15 06:22:08,919 - clintox ROC-AUC: 0.6283
2026-06-15 06:22:08,919 - Evaluating on freesolv...
2026-06-15 06:22:09,064 - freesolv RMSE: 4.1557
2026-06-15 06:22:09,064 - Evaluating on esol...
2026-06-15 06:22:16,912 - esol RMSE: 2.2359
2026-06-15 06:22:16,912 - Evaluating on lipo...
2026-06-15 06:22:17,627 - lipo RMSE: 1.0912
2026-06-15 06:22:17,627 - Unified Linear Probe Score: -0.8748
2026-06-15 06:24:06,194 - Epoch 151/200 - Train Loss: 0.9889 (Recon: 0.0000, CLR: 3.2963) - Val Loss: 1.5082 (Recon: 0.0000, CLR: 5.0274)
2026-06-15 06:25:54,823 - Epoch 152/200 - Train Loss: 0.9886 (Recon: 0.0000, CLR: 3.2953) - Val Loss: 1.5145 (Recon: 0.0000, CLR: 5.0485)
2026-06-15 06:27:44,251 - Epoch 153/200 - Train Loss: 0.9870 (Recon: 0.0000, CLR: 3.2899) - Val Loss: 1.4837 (Recon: 0.0000, CLR: 4.9456)
2026-06-15 06:29:32,999 - Epoch 154/200 - Train Loss: 0.9877 (Recon: 0.0000, CLR: 3.2923) - Val Loss: 1.4816 (Recon: 0.0000, CLR: 4.9386)
2026-06-15 06:31:21,670 - Epoch 155/200 - Train Loss: 0.9873 (Recon: 0.0000, CLR: 3.2912) - Val Loss: 1.4874 (Recon: 0.0000, CLR: 4.9580)
2026-06-15 06:31:21,671 - Evaluating on bbbp...
2026-06-15 06:31:22,115 - bbbp ROC-AUC: 0.8244
2026-06-15 06:31:22,115 - Evaluating on bace...
2026-06-15 06:31:22,424 - bace ROC-AUC: 0.8060
2026-06-15 06:31:22,425 - Evaluating on clintox...
2026-06-15 06:31:22,728 - clintox ROC-AUC: 0.5752
2026-06-15 06:31:22,730 - Evaluating on freesolv...
2026-06-15 06:31:22,873 - freesolv RMSE: 3.2681
2026-06-15 06:31:22,873 - Evaluating on esol...
2026-06-15 06:31:23,065 - esol RMSE: 2.0063
2026-06-15 06:31:23,066 - Evaluating on lipo...
2026-06-15 06:31:23,749 - lipo RMSE: 1.1499
2026-06-15 06:31:23,749 - Unified Linear Probe Score: -0.7031
2026-06-15 06:33:12,766 - Epoch 156/200 - Train Loss: 0.9874 (Recon: 0.0000, CLR: 3.2912) - Val Loss: 1.4894 (Recon: 0.0000, CLR: 4.9647)
2026-06-15 06:35:02,033 - Epoch 157/200 - Train Loss: 0.9868 (Recon: 0.0000, CLR: 3.2895) - Val Loss: 1.4431 (Recon: 0.0000, CLR: 4.8105)
2026-06-15 06:36:50,893 - Epoch 158/200 - Train Loss: 0.9877 (Recon: 0.0000, CLR: 3.2924) - Val Loss: 1.4321 (Recon: 0.0000, CLR: 4.7735)
2026-06-15 06:38:40,245 - Epoch 159/200 - Train Loss: 0.9873 (Recon: 0.0000, CLR: 3.2910) - Val Loss: 1.3436 (Recon: 0.0000, CLR: 4.4785)
2026-06-15 06:40:29,074 - Epoch 160/200 - Train Loss: 0.9870 (Recon: 0.0000, CLR: 3.2900) - Val Loss: 1.4160 (Recon: 0.0000, CLR: 4.7198)
2026-06-15 06:40:29,075 - Evaluating on bbbp...
2026-06-15 06:40:29,482 - bbbp ROC-AUC: 0.8266
2026-06-15 06:40:29,482 - Evaluating on bace...
2026-06-15 06:40:29,816 - bace ROC-AUC: 0.8364
2026-06-15 06:40:29,816 - Evaluating on clintox...
2026-06-15 06:40:30,116 - clintox ROC-AUC: 0.6604
2026-06-15 06:40:30,116 - Evaluating on freesolv...
2026-06-15 06:40:30,258 - freesolv RMSE: 4.2732
2026-06-15 06:40:30,258 - Evaluating on esol...
2026-06-15 06:40:30,464 - esol RMSE: 1.9547
2026-06-15 06:40:30,465 - Evaluating on lipo...
2026-06-15 06:40:31,138 - lipo RMSE: 1.0747
2026-06-15 06:40:31,138 - Unified Linear Probe Score: -0.8299
2026-06-15 06:42:19,975 - Epoch 161/200 - Train Loss: 0.9866 (Recon: 0.0000, CLR: 3.2886) - Val Loss: 1.3769 (Recon: 0.0000, CLR: 4.5897)
2026-06-15 06:44:09,166 - Epoch 162/200 - Train Loss: 0.9864 (Recon: 0.0000, CLR: 3.2880) - Val Loss: 1.3980 (Recon: 0.0000, CLR: 4.6599)
2026-06-15 06:45:58,174 - Epoch 163/200 - Train Loss: 0.9868 (Recon: 0.0000, CLR: 3.2893) - Val Loss: 1.3774 (Recon: 0.0000, CLR: 4.5912)
2026-06-15 06:47:47,295 - Epoch 164/200 - Train Loss: 0.9869 (Recon: 0.0000, CLR: 3.2896) - Val Loss: 1.4267 (Recon: 0.0000, CLR: 4.7557)
2026-06-15 06:49:36,451 - Epoch 165/200 - Train Loss: 0.9861 (Recon: 0.0000, CLR: 3.2869) - Val Loss: 1.4154 (Recon: 0.0000, CLR: 4.7180)
2026-06-15 06:49:36,451 - Evaluating on bbbp...
2026-06-15 06:49:36,878 - bbbp ROC-AUC: 0.8044
2026-06-15 06:49:36,878 - Evaluating on bace...
2026-06-15 06:49:37,209 - bace ROC-AUC: 0.8087
2026-06-15 06:49:37,209 - Evaluating on clintox...
2026-06-15 06:49:37,492 - clintox ROC-AUC: 0.6468
2026-06-15 06:49:37,492 - Evaluating on freesolv...
2026-06-15 06:49:37,645 - freesolv RMSE: 2.7579
2026-06-15 06:49:37,645 - Evaluating on esol...
2026-06-15 06:49:37,853 - esol RMSE: 2.0167
2026-06-15 06:49:37,853 - Evaluating on lipo...
2026-06-15 06:49:38,556 - lipo RMSE: 1.1234
2026-06-15 06:49:38,556 - Unified Linear Probe Score: -0.6064
2026-06-15 06:51:27,975 - Epoch 166/200 - Train Loss: 0.9861 (Recon: 0.0000, CLR: 3.2870) - Val Loss: 1.2288 (Recon: 0.0000, CLR: 4.0961)
2026-06-15 06:53:17,680 - Epoch 167/200 - Train Loss: 0.9854 (Recon: 0.0000, CLR: 3.2847) - Val Loss: 1.2281 (Recon: 0.0000, CLR: 4.0937)
2026-06-15 06:55:07,110 - Epoch 168/200 - Train Loss: 0.9856 (Recon: 0.0000, CLR: 3.2854) - Val Loss: 1.2389 (Recon: 0.0000, CLR: 4.1297)
2026-06-15 06:56:56,080 - Epoch 169/200 - Train Loss: 0.9853 (Recon: 0.0000, CLR: 3.2845) - Val Loss: 1.2058 (Recon: 0.0000, CLR: 4.0192)
2026-06-15 06:58:45,079 - Epoch 170/200 - Train Loss: 0.9852 (Recon: 0.0000, CLR: 3.2839) - Val Loss: 1.2475 (Recon: 0.0000, CLR: 4.1584)
2026-06-15 06:58:45,080 - Evaluating on bbbp...
2026-06-15 06:58:45,513 - bbbp ROC-AUC: 0.8220
2026-06-15 06:58:45,515 - Evaluating on bace...
2026-06-15 06:58:45,832 - bace ROC-AUC: 0.8177
2026-06-15 06:58:45,833 - Evaluating on clintox...
2026-06-15 06:58:46,119 - clintox ROC-AUC: 0.6370
2026-06-15 06:58:46,119 - Evaluating on freesolv...
2026-06-15 06:58:46,265 - freesolv RMSE: 4.2985
2026-06-15 06:58:46,265 - Evaluating on esol...
2026-06-15 06:58:46,464 - esol RMSE: 2.1720
2026-06-15 06:58:46,464 - Evaluating on lipo...
2026-06-15 06:58:54,816 - lipo RMSE: 1.1492
2026-06-15 06:58:54,816 - Unified Linear Probe Score: -0.8905
2026-06-15 07:00:43,772 - Epoch 171/200 - Train Loss: 0.9848 (Recon: 0.0000, CLR: 3.2828) - Val Loss: 1.2042 (Recon: 0.0000, CLR: 4.0141)
2026-06-15 07:02:33,046 - Epoch 172/200 - Train Loss: 0.9853 (Recon: 0.0000, CLR: 3.2843) - Val Loss: 1.1888 (Recon: 0.0000, CLR: 3.9626)
2026-06-15 07:04:22,593 - Epoch 173/200 - Train Loss: 0.9847 (Recon: 0.0000, CLR: 3.2823) - Val Loss: 1.1925 (Recon: 0.0000, CLR: 3.9749)
2026-06-15 07:06:11,966 - Epoch 174/200 - Train Loss: 0.9849 (Recon: 0.0000, CLR: 3.2831) - Val Loss: 1.1967 (Recon: 0.0000, CLR: 3.9890)
2026-06-15 07:08:01,097 - Epoch 175/200 - Train Loss: 0.9839 (Recon: 0.0000, CLR: 3.2797) - Val Loss: 1.1886 (Recon: 0.0000, CLR: 3.9618)
2026-06-15 07:08:01,098 - Evaluating on bbbp...
2026-06-15 07:08:01,506 - bbbp ROC-AUC: 0.8360
2026-06-15 07:08:01,506 - Evaluating on bace...
2026-06-15 07:08:01,821 - bace ROC-AUC: 0.8250
2026-06-15 07:08:01,821 - Evaluating on clintox...
2026-06-15 07:08:02,116 - clintox ROC-AUC: 0.6015
2026-06-15 07:08:02,117 - Evaluating on freesolv...
2026-06-15 07:08:02,265 - freesolv RMSE: 4.4610
2026-06-15 07:08:02,265 - Evaluating on esol...
2026-06-15 07:08:02,457 - esol RMSE: 1.9127
2026-06-15 07:08:02,457 - Evaluating on lipo...
2026-06-15 07:08:03,152 - lipo RMSE: 1.1789
2026-06-15 07:08:03,153 - Unified Linear Probe Score: -0.8817
2026-06-15 07:09:52,214 - Epoch 176/200 - Train Loss: 0.9837 (Recon: 0.0000, CLR: 3.2788) - Val Loss: 1.1775 (Recon: 0.0000, CLR: 3.9248)
2026-06-15 07:11:41,252 - Epoch 177/200 - Train Loss: 0.9844 (Recon: 0.0000, CLR: 3.2812) - Val Loss: 1.1841 (Recon: 0.0000, CLR: 3.9469)
2026-06-15 07:13:30,245 - Epoch 178/200 - Train Loss: 0.9840 (Recon: 0.0000, CLR: 3.2800) - Val Loss: 1.1695 (Recon: 0.0000, CLR: 3.8983)
2026-06-15 07:15:19,314 - Epoch 179/200 - Train Loss: 0.9841 (Recon: 0.0000, CLR: 3.2802) - Val Loss: 1.1766 (Recon: 0.0000, CLR: 3.9221)
2026-06-15 07:17:08,781 - Epoch 180/200 - Train Loss: 0.9830 (Recon: 0.0000, CLR: 3.2765) - Val Loss: 1.1714 (Recon: 0.0000, CLR: 3.9048)
2026-06-15 07:17:08,782 - Evaluating on bbbp...
2026-06-15 07:17:09,193 - bbbp ROC-AUC: 0.8355
2026-06-15 07:17:09,193 - Evaluating on bace...
2026-06-15 07:17:09,514 - bace ROC-AUC: 0.7568
2026-06-15 07:17:09,514 - Evaluating on clintox...
2026-06-15 07:17:09,836 - clintox ROC-AUC: 0.6884
2026-06-15 07:17:09,837 - Evaluating on freesolv...
2026-06-15 07:17:09,987 - freesolv RMSE: 3.7323
2026-06-15 07:17:09,987 - Evaluating on esol...
2026-06-15 07:17:10,192 - esol RMSE: 2.3064
2026-06-15 07:17:10,193 - Evaluating on lipo...
2026-06-15 07:17:10,881 - lipo RMSE: 1.1269
2026-06-15 07:17:10,882 - Unified Linear Probe Score: -0.8141
2026-06-15 07:19:00,743 - Epoch 181/200 - Train Loss: 0.9830 (Recon: 0.0000, CLR: 3.2765) - Val Loss: 1.1556 (Recon: 0.0000, CLR: 3.8521)
2026-06-15 07:20:49,850 - Epoch 182/200 - Train Loss: 0.9831 (Recon: 0.0000, CLR: 3.2771) - Val Loss: 1.1706 (Recon: 0.0000, CLR: 3.9021)
2026-06-15 07:22:39,571 - Epoch 183/200 - Train Loss: 0.9835 (Recon: 0.0000, CLR: 3.2783) - Val Loss: 1.1592 (Recon: 0.0000, CLR: 3.8639)
2026-06-15 07:24:29,033 - Epoch 184/200 - Train Loss: 0.9833 (Recon: 0.0000, CLR: 3.2775) - Val Loss: 1.1618 (Recon: 0.0000, CLR: 3.8726)
2026-06-15 07:26:18,547 - Epoch 185/200 - Train Loss: 0.9832 (Recon: 0.0000, CLR: 3.2774) - Val Loss: 1.1594 (Recon: 0.0000, CLR: 3.8646)
2026-06-15 07:26:18,547 - Evaluating on bbbp...
2026-06-15 07:26:18,977 - bbbp ROC-AUC: 0.8344
2026-06-15 07:26:18,978 - Evaluating on bace...
2026-06-15 07:26:19,298 - bace ROC-AUC: 0.6987
2026-06-15 07:26:19,299 - Evaluating on clintox...
2026-06-15 07:26:19,600 - clintox ROC-AUC: 0.6808
2026-06-15 07:26:19,600 - Evaluating on freesolv...
2026-06-15 07:26:19,747 - freesolv RMSE: 4.0576
2026-06-15 07:26:19,747 - Evaluating on esol...
2026-06-15 07:26:19,952 - esol RMSE: 1.8566
2026-06-15 07:26:19,952 - Evaluating on lipo...
2026-06-15 07:26:20,628 - lipo RMSE: 1.1655
2026-06-15 07:26:20,628 - Unified Linear Probe Score: -0.8110
2026-06-15 07:28:10,347 - Epoch 186/200 - Train Loss: 0.9826 (Recon: 0.0000, CLR: 3.2753) - Val Loss: 1.1613 (Recon: 0.0000, CLR: 3.8711)
2026-06-15 07:30:00,015 - Epoch 187/200 - Train Loss: 0.9823 (Recon: 0.0000, CLR: 3.2745) - Val Loss: 1.1666 (Recon: 0.0000, CLR: 3.8887)
2026-06-15 07:31:49,329 - Epoch 188/200 - Train Loss: 0.9823 (Recon: 0.0000, CLR: 3.2744) - Val Loss: 1.1503 (Recon: 0.0000, CLR: 3.8343)
2026-06-15 07:33:39,387 - Epoch 189/200 - Train Loss: 0.9824 (Recon: 0.0000, CLR: 3.2748) - Val Loss: 1.1748 (Recon: 0.0000, CLR: 3.9162)
2026-06-15 07:35:28,932 - Epoch 190/200 - Train Loss: 0.9820 (Recon: 0.0000, CLR: 3.2733) - Val Loss: 1.1443 (Recon: 0.0000, CLR: 3.8143)
2026-06-15 07:35:28,933 - Evaluating on bbbp...
2026-06-15 07:35:29,368 - bbbp ROC-AUC: 0.8467
2026-06-15 07:35:29,368 - Evaluating on bace...
2026-06-15 07:35:29,686 - bace ROC-AUC: 0.8026
2026-06-15 07:35:29,686 - Evaluating on clintox...
2026-06-15 07:35:29,994 - clintox ROC-AUC: 0.7118
2026-06-15 07:35:29,994 - Evaluating on freesolv...
2026-06-15 07:35:30,154 - freesolv RMSE: 3.6633
2026-06-15 07:35:30,155 - Evaluating on esol...
2026-06-15 07:35:30,347 - esol RMSE: 1.5105
2026-06-15 07:35:30,347 - Evaluating on lipo...
2026-06-15 07:35:31,052 - lipo RMSE: 1.1744
2026-06-15 07:35:31,053 - Unified Linear Probe Score: -0.6645
2026-06-15 07:37:28,928 - Epoch 191/200 - Train Loss: 0.9821 (Recon: 0.0000, CLR: 3.2737) - Val Loss: 1.1465 (Recon: 0.0000, CLR: 3.8215)
2026-06-15 07:39:18,232 - Epoch 192/200 - Train Loss: 0.9816 (Recon: 0.0000, CLR: 3.2719) - Val Loss: 1.1284 (Recon: 0.0000, CLR: 3.7614)
2026-06-15 07:41:07,896 - Epoch 193/200 - Train Loss: 0.9816 (Recon: 0.0000, CLR: 3.2720) - Val Loss: 1.1597 (Recon: 0.0000, CLR: 3.8656)
2026-06-15 07:42:57,932 - Epoch 194/200 - Train Loss: 0.9825 (Recon: 0.0000, CLR: 3.2751) - Val Loss: 1.1559 (Recon: 0.0000, CLR: 3.8529)
2026-06-15 07:44:47,400 - Epoch 195/200 - Train Loss: 0.9821 (Recon: 0.0000, CLR: 3.2737) - Val Loss: 1.1291 (Recon: 0.0000, CLR: 3.7637)
2026-06-15 07:44:47,400 - Evaluating on bbbp...
2026-06-15 07:44:47,805 - bbbp ROC-AUC: 0.8541
2026-06-15 07:44:47,805 - Evaluating on bace...
2026-06-15 07:44:48,122 - bace ROC-AUC: 0.7996
2026-06-15 07:44:48,122 - Evaluating on clintox...
2026-06-15 07:44:48,414 - clintox ROC-AUC: 0.6738
2026-06-15 07:44:48,415 - Evaluating on freesolv...
2026-06-15 07:44:48,560 - freesolv RMSE: 2.5634
2026-06-15 07:44:48,560 - Evaluating on esol...
2026-06-15 07:44:48,761 - esol RMSE: 1.6678
2026-06-15 07:44:48,762 - Evaluating on lipo...
2026-06-15 07:44:49,453 - lipo RMSE: 1.1879
2026-06-15 07:44:49,454 - Unified Linear Probe Score: -0.5152
2026-06-15 07:46:39,011 - Epoch 196/200 - Train Loss: 0.9813 (Recon: 0.0000, CLR: 3.2709) - Val Loss: 1.1261 (Recon: 0.0000, CLR: 3.7536)
2026-06-15 07:48:28,862 - Epoch 197/200 - Train Loss: 0.9807 (Recon: 0.0000, CLR: 3.2689) - Val Loss: 1.1235 (Recon: 0.0000, CLR: 3.7449)
2026-06-15 07:50:18,606 - Epoch 198/200 - Train Loss: 0.9817 (Recon: 0.0000, CLR: 3.2724) - Val Loss: 1.1155 (Recon: 0.0000, CLR: 3.7182)
2026-06-15 07:52:09,642 - Epoch 199/200 - Train Loss: 0.9811 (Recon: 0.0000, CLR: 3.2704) - Val Loss: 1.1235 (Recon: 0.0000, CLR: 3.7449)
2026-06-15 07:54:01,280 - Epoch 200/200 - Train Loss: 0.9812 (Recon: 0.0000, CLR: 3.2706) - Val Loss: 1.1377 (Recon: 0.0000, CLR: 3.7925)
2026-06-15 07:54:01,280 - Evaluating on bbbp...
2026-06-15 07:54:01,690 - bbbp ROC-AUC: 0.8484
2026-06-15 07:54:01,690 - Evaluating on bace...
2026-06-15 07:54:02,005 - bace ROC-AUC: 0.7454
2026-06-15 07:54:02,005 - Evaluating on clintox...
2026-06-15 07:54:02,293 - clintox ROC-AUC: 0.6946
2026-06-15 07:54:02,294 - Evaluating on freesolv...
2026-06-15 07:54:02,434 - freesolv RMSE: 3.2342
2026-06-15 07:54:02,434 - Evaluating on esol...
2026-06-15 07:54:02,631 - esol RMSE: 1.5199
2026-06-15 07:54:02,632 - Evaluating on lipo...
2026-06-15 07:54:03,302 - lipo RMSE: 1.1737
2026-06-15 07:54:03,303 - Unified Linear Probe Score: -0.6066
