2026-06-14 02:25:03,266 - Epoch 1/200 - Train Loss: 0.4653 (Recon: 0.0244, CLR: 4.4097) - Val Loss: 0.6482 (Recon: 0.0105, CLR: 6.3763)
2026-06-14 02:26:50,643 - Epoch 2/200 - Train Loss: 0.3959 (Recon: 0.0001, CLR: 3.9582) - Val Loss: 0.6291 (Recon: 0.0056, CLR: 6.2349)
2026-06-14 02:28:40,024 - Epoch 3/200 - Train Loss: 0.3854 (Recon: 0.0002, CLR: 3.8517) - Val Loss: 0.6977 (Recon: 0.0455, CLR: 6.5218)
2026-06-14 02:30:28,222 - Epoch 4/200 - Train Loss: 0.3798 (Recon: 0.0000, CLR: 3.7982) - Val Loss: 0.6951 (Recon: 0.0615, CLR: 6.3365)
2026-06-14 02:32:16,545 - Epoch 5/200 - Train Loss: 0.3763 (Recon: 0.0001, CLR: 3.7627) - Val Loss: 0.6452 (Recon: 0.0002, CLR: 6.4506)
2026-06-14 02:32:16,546 - Evaluating on bbbp...
2026-06-14 02:32:16,958 - bbbp ROC-AUC: 0.8255
2026-06-14 02:32:16,958 - Evaluating on bace...
2026-06-14 02:32:17,309 - bace ROC-AUC: 0.7774
2026-06-14 02:32:17,310 - Evaluating on clintox...
2026-06-14 02:32:17,620 - clintox ROC-AUC: 0.5423
2026-06-14 02:32:17,620 - Evaluating on freesolv...
2026-06-14 02:32:17,766 - freesolv RMSE: 5.2336
2026-06-14 02:32:17,766 - Evaluating on esol...
2026-06-14 02:32:17,966 - esol RMSE: 2.0412
2026-06-14 02:32:17,966 - Evaluating on lipo...
2026-06-14 02:32:18,631 - lipo RMSE: 1.2283
2026-06-14 02:32:18,631 - Unified Linear Probe Score: -1.0597
2026-06-14 02:32:18,631 - New Best Probe Score: -1.0597
2026-06-14 02:34:07,446 - Epoch 6/200 - Train Loss: 0.3740 (Recon: 0.0000, CLR: 3.7397) - Val Loss: 0.6191 (Recon: 0.0015, CLR: 6.1760)
2026-06-14 02:36:04,557 - Epoch 7/200 - Train Loss: 0.3719 (Recon: 0.0000, CLR: 3.7183) - Val Loss: 0.6697 (Recon: 0.0290, CLR: 6.4064)
2026-06-14 02:37:52,499 - Epoch 8/200 - Train Loss: 0.3703 (Recon: 0.0000, CLR: 3.7027) - Val Loss: 0.6342 (Recon: 0.0054, CLR: 6.2875)
2026-06-14 02:39:40,936 - Epoch 9/200 - Train Loss: 0.3685 (Recon: 0.0000, CLR: 3.6851) - Val Loss: 0.5928 (Recon: 0.0166, CLR: 5.7619)
2026-06-14 02:41:29,109 - Epoch 10/200 - Train Loss: 0.3668 (Recon: 0.0000, CLR: 3.6682) - Val Loss: 0.5933 (Recon: 0.0092, CLR: 5.8408)
2026-06-14 02:41:29,109 - Evaluating on bbbp...
2026-06-14 02:41:29,510 - bbbp ROC-AUC: 0.8030
2026-06-14 02:41:29,510 - Evaluating on bace...
2026-06-14 02:41:29,830 - bace ROC-AUC: 0.7849
2026-06-14 02:41:29,830 - Evaluating on clintox...
2026-06-14 02:41:30,147 - clintox ROC-AUC: 0.4846
2026-06-14 02:41:30,147 - Evaluating on freesolv...
2026-06-14 02:41:30,290 - freesolv RMSE: 6.5245
2026-06-14 02:41:30,291 - Evaluating on esol...
2026-06-14 02:41:30,477 - esol RMSE: 1.5763
2026-06-14 02:41:30,477 - Evaluating on lipo...
2026-06-14 02:41:31,206 - lipo RMSE: 1.0563
2026-06-14 02:41:31,207 - Unified Linear Probe Score: -1.1808
2026-06-14 02:43:19,916 - Epoch 11/200 - Train Loss: 0.3667 (Recon: 0.0001, CLR: 3.6663) - Val Loss: 0.6450 (Recon: 0.0013, CLR: 6.4374)
2026-06-14 02:45:07,768 - Epoch 12/200 - Train Loss: 0.3647 (Recon: 0.0000, CLR: 3.6472) - Val Loss: 0.5834 (Recon: 0.0003, CLR: 5.8309)
2026-06-14 02:46:55,292 - Epoch 13/200 - Train Loss: 0.3636 (Recon: 0.0000, CLR: 3.6358) - Val Loss: 0.5852 (Recon: 0.0070, CLR: 5.7818)
2026-06-14 02:48:43,240 - Epoch 14/200 - Train Loss: 0.3627 (Recon: 0.0000, CLR: 3.6275) - Val Loss: 0.5313 (Recon: 0.0005, CLR: 5.3073)
2026-06-14 02:50:31,296 - Epoch 15/200 - Train Loss: 0.3612 (Recon: 0.0000, CLR: 3.6123) - Val Loss: 0.5078 (Recon: 0.0001, CLR: 5.0778)
2026-06-14 02:50:31,296 - Evaluating on bbbp...
2026-06-14 02:50:31,709 - bbbp ROC-AUC: 0.8002
2026-06-14 02:50:31,709 - Evaluating on bace...
2026-06-14 02:50:32,022 - bace ROC-AUC: 0.7995
2026-06-14 02:50:32,022 - Evaluating on clintox...
2026-06-14 02:50:32,299 - clintox ROC-AUC: 0.5555
2026-06-14 02:50:32,300 - Evaluating on freesolv...
2026-06-14 02:50:32,443 - freesolv RMSE: 5.1975
2026-06-14 02:50:32,443 - Evaluating on esol...
2026-06-14 02:50:32,637 - esol RMSE: 1.5691
2026-06-14 02:50:32,638 - Evaluating on lipo...
2026-06-14 02:50:33,348 - lipo RMSE: 1.1711
2026-06-14 02:50:33,348 - Unified Linear Probe Score: -0.9638
2026-06-14 02:50:33,348 - New Best Probe Score: -0.9638
2026-06-14 02:52:21,303 - Epoch 16/200 - Train Loss: 0.3619 (Recon: 0.0002, CLR: 3.6175) - Val Loss: 0.5898 (Recon: 0.0000, CLR: 5.8984)
2026-06-14 02:54:09,546 - Epoch 17/200 - Train Loss: 0.3602 (Recon: 0.0000, CLR: 3.6018) - Val Loss: 0.5879 (Recon: 0.0001, CLR: 5.8778)
2026-06-14 02:55:56,676 - Epoch 18/200 - Train Loss: 0.3593 (Recon: 0.0000, CLR: 3.5925) - Val Loss: 0.5390 (Recon: 0.0000, CLR: 5.3902)
2026-06-14 02:57:44,801 - Epoch 19/200 - Train Loss: 0.3586 (Recon: 0.0000, CLR: 3.5857) - Val Loss: 0.6766 (Recon: 0.0000, CLR: 6.7657)
2026-06-14 02:59:32,731 - Epoch 20/200 - Train Loss: 0.3580 (Recon: 0.0000, CLR: 3.5805) - Val Loss: 0.6674 (Recon: 0.0000, CLR: 6.6734)
2026-06-14 02:59:32,732 - Evaluating on bbbp...
2026-06-14 02:59:33,133 - bbbp ROC-AUC: 0.7848
2026-06-14 02:59:33,133 - Evaluating on bace...
2026-06-14 02:59:33,484 - bace ROC-AUC: 0.6750
2026-06-14 02:59:33,484 - Evaluating on clintox...
2026-06-14 02:59:33,765 - clintox ROC-AUC: 0.4528
2026-06-14 02:59:33,765 - Evaluating on freesolv...
2026-06-14 02:59:33,916 - freesolv RMSE: 7.6057
2026-06-14 02:59:33,916 - Evaluating on esol...
2026-06-14 02:59:34,138 - esol RMSE: 1.8155
2026-06-14 02:59:34,138 - Evaluating on lipo...
2026-06-14 02:59:34,801 - lipo RMSE: 1.1437
2026-06-14 02:59:34,802 - Unified Linear Probe Score: -1.4420
2026-06-14 03:01:22,758 - Epoch 21/200 - Train Loss: 0.3571 (Recon: 0.0000, CLR: 3.5711) - Val Loss: 0.6284 (Recon: 0.0000, CLR: 6.2839)
2026-06-14 03:03:11,209 - Epoch 22/200 - Train Loss: 0.3565 (Recon: 0.0000, CLR: 3.5647) - Val Loss: 0.5630 (Recon: 0.0003, CLR: 5.6270)
2026-06-14 03:04:59,543 - Epoch 23/200 - Train Loss: 0.3559 (Recon: 0.0000, CLR: 3.5593) - Val Loss: 0.5657 (Recon: 0.0000, CLR: 5.6570)
2026-06-14 03:06:47,586 - Epoch 24/200 - Train Loss: 0.3553 (Recon: 0.0000, CLR: 3.5529) - Val Loss: 0.6056 (Recon: 0.0000, CLR: 6.0555)
2026-06-14 03:08:35,770 - Epoch 25/200 - Train Loss: 0.3547 (Recon: 0.0000, CLR: 3.5470) - Val Loss: 0.5939 (Recon: 0.0000, CLR: 5.9391)
2026-06-14 03:08:35,770 - Evaluating on bbbp...
2026-06-14 03:08:36,182 - bbbp ROC-AUC: 0.7869
2026-06-14 03:08:36,182 - Evaluating on bace...
2026-06-14 03:08:36,533 - bace ROC-AUC: 0.7430
2026-06-14 03:08:36,533 - Evaluating on clintox...
2026-06-14 03:08:36,845 - clintox ROC-AUC: 0.5025
2026-06-14 03:08:36,846 - Evaluating on freesolv...
2026-06-14 03:08:36,998 - freesolv RMSE: 9.0699
2026-06-14 03:08:36,998 - Evaluating on esol...
2026-06-14 03:08:37,201 - esol RMSE: 2.1123
2026-06-14 03:08:37,201 - Evaluating on lipo...
2026-06-14 03:08:37,879 - lipo RMSE: 1.1094
2026-06-14 03:08:37,879 - Unified Linear Probe Score: -1.7099
2026-06-14 03:10:25,576 - Epoch 26/200 - Train Loss: 0.3540 (Recon: 0.0000, CLR: 3.5404) - Val Loss: 0.5790 (Recon: 0.0000, CLR: 5.7901)
2026-06-14 03:12:13,228 - Epoch 27/200 - Train Loss: 0.3535 (Recon: 0.0000, CLR: 3.5349) - Val Loss: 0.5360 (Recon: 0.0000, CLR: 5.3595)
2026-06-14 03:14:01,096 - Epoch 28/200 - Train Loss: 0.3531 (Recon: 0.0000, CLR: 3.5313) - Val Loss: 0.5306 (Recon: 0.0000, CLR: 5.3056)
2026-06-14 03:15:56,440 - Epoch 29/200 - Train Loss: 0.3525 (Recon: 0.0000, CLR: 3.5247) - Val Loss: 0.5033 (Recon: 0.0000, CLR: 5.0324)
2026-06-14 03:17:44,661 - Epoch 30/200 - Train Loss: 0.3544 (Recon: 0.0009, CLR: 3.5352) - Val Loss: 0.5433 (Recon: 0.0011, CLR: 5.4220)
2026-06-14 03:17:44,662 - Evaluating on bbbp...
2026-06-14 03:17:45,058 - bbbp ROC-AUC: 0.7590
2026-06-14 03:17:45,058 - Evaluating on bace...
2026-06-14 03:17:45,395 - bace ROC-AUC: 0.8066
2026-06-14 03:17:45,397 - Evaluating on clintox...
2026-06-14 03:17:45,690 - clintox ROC-AUC: 0.6691
2026-06-14 03:17:45,691 - Evaluating on freesolv...
2026-06-14 03:17:45,882 - freesolv RMSE: 7.2591
2026-06-14 03:17:45,884 - Evaluating on esol...
2026-06-14 03:17:46,085 - esol RMSE: 2.2297
2026-06-14 03:17:46,085 - Evaluating on lipo...
2026-06-14 03:17:46,950 - lipo RMSE: 1.1337
2026-06-14 03:17:46,950 - Unified Linear Probe Score: -1.3980
2026-06-14 03:19:35,006 - Epoch 31/200 - Train Loss: 0.3518 (Recon: 0.0000, CLR: 3.5184) - Val Loss: 0.5330 (Recon: 0.0007, CLR: 5.3227)
2026-06-14 03:21:23,330 - Epoch 32/200 - Train Loss: 0.3513 (Recon: 0.0000, CLR: 3.5135) - Val Loss: 0.5477 (Recon: 0.0014, CLR: 5.4634)
2026-06-14 03:23:11,880 - Epoch 33/200 - Train Loss: 0.3507 (Recon: 0.0000, CLR: 3.5066) - Val Loss: 0.5399 (Recon: 0.0004, CLR: 5.3954)
2026-06-14 03:25:00,663 - Epoch 34/200 - Train Loss: 0.3504 (Recon: 0.0000, CLR: 3.5045) - Val Loss: 0.5401 (Recon: 0.0005, CLR: 5.3963)
2026-06-14 03:26:48,945 - Epoch 35/200 - Train Loss: 0.3500 (Recon: 0.0000, CLR: 3.4995) - Val Loss: 0.5359 (Recon: 0.0004, CLR: 5.3546)
2026-06-14 03:26:48,945 - Evaluating on bbbp...
2026-06-14 03:26:49,367 - bbbp ROC-AUC: 0.8010
2026-06-14 03:26:49,367 - Evaluating on bace...
2026-06-14 03:26:49,746 - bace ROC-AUC: 0.7301
2026-06-14 03:26:49,747 - Evaluating on clintox...
2026-06-14 03:26:50,059 - clintox ROC-AUC: 0.6569
2026-06-14 03:26:50,059 - Evaluating on freesolv...
2026-06-14 03:26:50,207 - freesolv RMSE: 8.3112
2026-06-14 03:26:50,207 - Evaluating on esol...
2026-06-14 03:26:50,397 - esol RMSE: 2.1071
2026-06-14 03:26:50,397 - Evaluating on lipo...
2026-06-14 03:26:51,078 - lipo RMSE: 1.2110
2026-06-14 03:26:51,078 - Unified Linear Probe Score: -1.5736
2026-06-14 03:28:39,279 - Epoch 36/200 - Train Loss: 0.3496 (Recon: 0.0000, CLR: 3.4962) - Val Loss: 0.5361 (Recon: 0.0003, CLR: 5.3574)
2026-06-14 03:30:27,498 - Epoch 37/200 - Train Loss: 0.3493 (Recon: 0.0000, CLR: 3.4932) - Val Loss: 0.5366 (Recon: 0.0001, CLR: 5.3645)
2026-06-14 03:32:15,439 - Epoch 38/200 - Train Loss: 0.3486 (Recon: 0.0000, CLR: 3.4862) - Val Loss: 0.5452 (Recon: 0.0000, CLR: 5.4515)
2026-06-14 03:34:03,419 - Epoch 39/200 - Train Loss: 0.3486 (Recon: 0.0000, CLR: 3.4858) - Val Loss: 0.5329 (Recon: 0.0000, CLR: 5.3287)
2026-06-14 03:35:50,885 - Epoch 40/200 - Train Loss: 0.3483 (Recon: 0.0000, CLR: 3.4832) - Val Loss: 0.5268 (Recon: 0.0000, CLR: 5.2674)
2026-06-14 03:35:50,886 - Evaluating on bbbp...
2026-06-14 03:35:51,278 - bbbp ROC-AUC: 0.8255
2026-06-14 03:35:51,278 - Evaluating on bace...
2026-06-14 03:35:51,599 - bace ROC-AUC: 0.8191
2026-06-14 03:35:51,600 - Evaluating on clintox...
2026-06-14 03:35:51,925 - clintox ROC-AUC: 0.6039
2026-06-14 03:35:51,925 - Evaluating on freesolv...
2026-06-14 03:35:52,073 - freesolv RMSE: 6.3404
2026-06-14 03:35:52,074 - Evaluating on esol...
2026-06-14 03:35:52,272 - esol RMSE: 2.1642
2026-06-14 03:35:52,272 - Evaluating on lipo...
2026-06-14 03:35:52,941 - lipo RMSE: 1.1804
2026-06-14 03:35:52,941 - Unified Linear Probe Score: -1.2394
2026-06-14 03:37:41,456 - Epoch 41/200 - Train Loss: 0.3480 (Recon: 0.0000, CLR: 3.4797) - Val Loss: 0.5195 (Recon: 0.0000, CLR: 5.1950)
2026-06-14 03:39:29,253 - Epoch 42/200 - Train Loss: 0.3476 (Recon: 0.0000, CLR: 3.4760) - Val Loss: 0.5189 (Recon: 0.0000, CLR: 5.1886)
2026-06-14 03:41:19,942 - Epoch 43/200 - Train Loss: 0.3474 (Recon: 0.0000, CLR: 3.4741) - Val Loss: 0.5195 (Recon: 0.0000, CLR: 5.1945)
2026-06-14 03:43:10,490 - Epoch 44/200 - Train Loss: 0.3472 (Recon: 0.0000, CLR: 3.4718) - Val Loss: 0.5162 (Recon: 0.0000, CLR: 5.1618)
2026-06-14 03:44:58,168 - Epoch 45/200 - Train Loss: 0.3470 (Recon: 0.0000, CLR: 3.4697) - Val Loss: 0.5060 (Recon: 0.0000, CLR: 5.0603)
2026-06-14 03:44:58,168 - Evaluating on bbbp...
2026-06-14 03:44:58,651 - bbbp ROC-AUC: 0.8028
2026-06-14 03:44:58,651 - Evaluating on bace...
2026-06-14 03:44:58,975 - bace ROC-AUC: 0.7814
2026-06-14 03:44:58,975 - Evaluating on clintox...
2026-06-14 03:44:59,300 - clintox ROC-AUC: 0.6338
2026-06-14 03:44:59,300 - Evaluating on freesolv...
2026-06-14 03:44:59,445 - freesolv RMSE: 5.0318
2026-06-14 03:44:59,445 - Evaluating on esol...
2026-06-14 03:44:59,655 - esol RMSE: 2.1057
2026-06-14 03:44:59,655 - Evaluating on lipo...
2026-06-14 03:45:00,498 - lipo RMSE: 1.1106
2026-06-14 03:45:00,498 - Unified Linear Probe Score: -1.0050
2026-06-14 03:46:48,158 - Epoch 46/200 - Train Loss: 0.3464 (Recon: 0.0000, CLR: 3.4640) - Val Loss: 0.5031 (Recon: 0.0000, CLR: 5.0306)
2026-06-14 03:48:36,099 - Epoch 47/200 - Train Loss: 0.3460 (Recon: 0.0000, CLR: 3.4600) - Val Loss: 0.5047 (Recon: 0.0000, CLR: 5.0470)
2026-06-14 03:50:24,236 - Epoch 48/200 - Train Loss: 0.3459 (Recon: 0.0000, CLR: 3.4593) - Val Loss: 0.5094 (Recon: 0.0000, CLR: 5.0939)
2026-06-14 03:52:11,479 - Epoch 49/200 - Train Loss: 0.3457 (Recon: 0.0000, CLR: 3.4568) - Val Loss: 0.5026 (Recon: 0.0000, CLR: 5.0262)
2026-06-14 03:54:06,221 - Epoch 50/200 - Train Loss: 0.3455 (Recon: 0.0000, CLR: 3.4550) - Val Loss: 0.5095 (Recon: 0.0000, CLR: 5.0952)
2026-06-14 03:54:06,222 - Evaluating on bbbp...
2026-06-14 03:54:06,608 - bbbp ROC-AUC: 0.8225
2026-06-14 03:54:06,609 - Evaluating on bace...
2026-06-14 03:54:06,950 - bace ROC-AUC: 0.8260
2026-06-14 03:54:06,951 - Evaluating on clintox...
2026-06-14 03:54:07,260 - clintox ROC-AUC: 0.6391
2026-06-14 03:54:07,260 - Evaluating on freesolv...
2026-06-14 03:54:07,407 - freesolv RMSE: 4.8888
2026-06-14 03:54:07,407 - Evaluating on esol...
2026-06-14 03:54:07,608 - esol RMSE: 1.7488
2026-06-14 03:54:07,608 - Evaluating on lipo...
2026-06-14 03:54:08,279 - lipo RMSE: 1.1132
2026-06-14 03:54:08,279 - Unified Linear Probe Score: -0.9105
2026-06-14 03:54:08,279 - New Best Probe Score: -0.9105
2026-06-14 03:55:55,062 - Epoch 51/200 - Train Loss: 0.3449 (Recon: 0.0000, CLR: 3.4490) - Val Loss: 0.5095 (Recon: 0.0000, CLR: 5.0955)
2026-06-14 03:57:42,291 - Epoch 52/200 - Train Loss: 0.3445 (Recon: 0.0000, CLR: 3.4448) - Val Loss: 0.4919 (Recon: 0.0000, CLR: 4.9189)
2026-06-14 03:59:30,390 - Epoch 53/200 - Train Loss: 0.3445 (Recon: 0.0000, CLR: 3.4447) - Val Loss: 0.4955 (Recon: 0.0000, CLR: 4.9546)
2026-06-14 04:01:18,774 - Epoch 54/200 - Train Loss: 0.3438 (Recon: 0.0000, CLR: 3.4384) - Val Loss: 0.4979 (Recon: 0.0000, CLR: 4.9792)
2026-06-14 04:03:07,472 - Epoch 55/200 - Train Loss: 0.3436 (Recon: 0.0000, CLR: 3.4360) - Val Loss: 0.4994 (Recon: 0.0000, CLR: 4.9944)
2026-06-14 04:03:07,472 - Evaluating on bbbp...
2026-06-14 04:03:07,890 - bbbp ROC-AUC: 0.7951
2026-06-14 04:03:07,891 - Evaluating on bace...
2026-06-14 04:03:08,223 - bace ROC-AUC: 0.8002
2026-06-14 04:03:08,223 - Evaluating on clintox...
2026-06-14 04:03:08,529 - clintox ROC-AUC: 0.7018
2026-06-14 04:03:08,529 - Evaluating on freesolv...
2026-06-14 04:03:08,683 - freesolv RMSE: 4.8903
2026-06-14 04:03:08,683 - Evaluating on esol...
2026-06-14 04:03:08,895 - esol RMSE: 1.9389
2026-06-14 04:03:08,896 - Evaluating on lipo...
2026-06-14 04:03:09,568 - lipo RMSE: 1.1183
2026-06-14 04:03:09,568 - Unified Linear Probe Score: -0.9417
2026-06-14 04:04:57,681 - Epoch 56/200 - Train Loss: 0.3433 (Recon: 0.0000, CLR: 3.4327) - Val Loss: 0.4812 (Recon: 0.0000, CLR: 4.8120)
2026-06-14 04:06:45,860 - Epoch 57/200 - Train Loss: 0.3430 (Recon: 0.0000, CLR: 3.4302) - Val Loss: 0.4928 (Recon: 0.0000, CLR: 4.9280)
2026-06-14 04:08:34,074 - Epoch 58/200 - Train Loss: 0.3428 (Recon: 0.0000, CLR: 3.4277) - Val Loss: 0.4888 (Recon: 0.0000, CLR: 4.8877)
2026-06-14 04:10:21,421 - Epoch 59/200 - Train Loss: 0.3424 (Recon: 0.0000, CLR: 3.4236) - Val Loss: 0.4986 (Recon: 0.0000, CLR: 4.9857)
2026-06-14 04:12:08,978 - Epoch 60/200 - Train Loss: 0.3420 (Recon: 0.0000, CLR: 3.4203) - Val Loss: 0.4980 (Recon: 0.0000, CLR: 4.9796)
2026-06-14 04:12:08,978 - Evaluating on bbbp...
2026-06-14 04:12:09,383 - bbbp ROC-AUC: 0.8020
2026-06-14 04:12:09,383 - Evaluating on bace...
2026-06-14 04:12:09,714 - bace ROC-AUC: 0.8177
2026-06-14 04:12:09,715 - Evaluating on clintox...
2026-06-14 04:12:10,001 - clintox ROC-AUC: 0.6097
2026-06-14 04:12:10,001 - Evaluating on freesolv...
2026-06-14 04:12:10,147 - freesolv RMSE: 3.9111
2026-06-14 04:12:10,147 - Evaluating on esol...
2026-06-14 04:12:10,340 - esol RMSE: 2.0451
2026-06-14 04:12:10,340 - Evaluating on lipo...
2026-06-14 04:12:11,014 - lipo RMSE: 1.0605
2026-06-14 04:12:11,014 - Unified Linear Probe Score: -0.7979
2026-06-14 04:12:11,014 - New Best Probe Score: -0.7979
2026-06-14 04:13:59,171 - Epoch 61/200 - Train Loss: 0.3416 (Recon: 0.0000, CLR: 3.4161) - Val Loss: 0.4776 (Recon: 0.0000, CLR: 4.7757)
2026-06-14 04:15:46,296 - Epoch 62/200 - Train Loss: 0.3413 (Recon: 0.0000, CLR: 3.4132) - Val Loss: 0.4811 (Recon: 0.0000, CLR: 4.8106)
2026-06-14 04:17:34,835 - Epoch 63/200 - Train Loss: 0.3412 (Recon: 0.0000, CLR: 3.4116) - Val Loss: 0.4958 (Recon: 0.0000, CLR: 4.9581)
2026-06-14 04:19:23,052 - Epoch 64/200 - Train Loss: 0.3406 (Recon: 0.0000, CLR: 3.4062) - Val Loss: 0.4787 (Recon: 0.0000, CLR: 4.7873)
2026-06-14 04:21:12,054 - Epoch 65/200 - Train Loss: 0.3406 (Recon: 0.0000, CLR: 3.4056) - Val Loss: 0.4849 (Recon: 0.0000, CLR: 4.8492)
2026-06-14 04:21:12,055 - Evaluating on bbbp...
2026-06-14 04:21:12,470 - bbbp ROC-AUC: 0.8017
2026-06-14 04:21:12,470 - Evaluating on bace...
2026-06-14 04:21:12,785 - bace ROC-AUC: 0.8027
2026-06-14 04:21:12,785 - Evaluating on clintox...
2026-06-14 04:21:13,071 - clintox ROC-AUC: 0.6251
2026-06-14 04:21:13,072 - Evaluating on freesolv...
2026-06-14 04:21:13,221 - freesolv RMSE: 3.5473
2026-06-14 04:21:13,221 - Evaluating on esol...
2026-06-14 04:21:13,424 - esol RMSE: 1.5645
2026-06-14 04:21:13,424 - Evaluating on lipo...
2026-06-14 04:21:14,270 - lipo RMSE: 1.0656
2026-06-14 04:21:14,271 - Unified Linear Probe Score: -0.6580
2026-06-14 04:21:14,271 - New Best Probe Score: -0.6580
2026-06-14 04:23:02,478 - Epoch 66/200 - Train Loss: 0.3403 (Recon: 0.0000, CLR: 3.4028) - Val Loss: 0.4938 (Recon: 0.0000, CLR: 4.9380)
2026-06-14 04:24:50,031 - Epoch 67/200 - Train Loss: 0.3398 (Recon: 0.0000, CLR: 3.3979) - Val Loss: 0.4825 (Recon: 0.0000, CLR: 4.8246)
2026-06-14 04:26:37,872 - Epoch 68/200 - Train Loss: 0.3399 (Recon: 0.0000, CLR: 3.3985) - Val Loss: 0.4793 (Recon: 0.0000, CLR: 4.7928)
2026-06-14 04:28:25,722 - Epoch 69/200 - Train Loss: 0.3394 (Recon: 0.0000, CLR: 3.3942) - Val Loss: 0.4748 (Recon: 0.0000, CLR: 4.7477)
2026-06-14 04:30:14,053 - Epoch 70/200 - Train Loss: 0.3411 (Recon: 0.0003, CLR: 3.4076) - Val Loss: 0.6481 (Recon: 0.0000, CLR: 6.4805)
2026-06-14 04:30:14,053 - Evaluating on bbbp...
2026-06-14 04:30:14,485 - bbbp ROC-AUC: 0.8203
2026-06-14 04:30:14,485 - Evaluating on bace...
2026-06-14 04:30:14,851 - bace ROC-AUC: 0.7818
2026-06-14 04:30:14,851 - Evaluating on clintox...
2026-06-14 04:30:15,167 - clintox ROC-AUC: 0.6157
2026-06-14 04:30:15,167 - Evaluating on freesolv...
2026-06-14 04:30:15,326 - freesolv RMSE: 8.5551
2026-06-14 04:30:15,327 - Evaluating on esol...
2026-06-14 04:30:15,540 - esol RMSE: 1.9993
2026-06-14 04:30:15,540 - Evaluating on lipo...
2026-06-14 04:30:23,608 - lipo RMSE: 1.1686
2026-06-14 04:30:23,609 - Unified Linear Probe Score: -1.5842
2026-06-14 04:32:11,581 - Epoch 71/200 - Train Loss: 0.3392 (Recon: 0.0000, CLR: 3.3917) - Val Loss: 0.6431 (Recon: 0.0000, CLR: 6.4309)
2026-06-14 04:33:59,705 - Epoch 72/200 - Train Loss: 0.3384 (Recon: 0.0000, CLR: 3.3836) - Val Loss: 0.6415 (Recon: 0.0000, CLR: 6.4147)
2026-06-14 04:35:48,647 - Epoch 73/200 - Train Loss: 0.3383 (Recon: 0.0000, CLR: 3.3834) - Val Loss: 0.6443 (Recon: 0.0000, CLR: 6.4431)
2026-06-14 04:37:36,699 - Epoch 74/200 - Train Loss: 0.3381 (Recon: 0.0000, CLR: 3.3806) - Val Loss: 0.6426 (Recon: 0.0000, CLR: 6.4256)
2026-06-14 04:39:25,463 - Epoch 75/200 - Train Loss: 0.3379 (Recon: 0.0000, CLR: 3.3792) - Val Loss: 0.6424 (Recon: 0.0000, CLR: 6.4236)
2026-06-14 04:39:25,464 - Evaluating on bbbp...
2026-06-14 04:39:25,876 - bbbp ROC-AUC: 0.8031
2026-06-14 04:39:25,876 - Evaluating on bace...
2026-06-14 04:39:26,214 - bace ROC-AUC: 0.7270
2026-06-14 04:39:26,214 - Evaluating on clintox...
2026-06-14 04:39:26,528 - clintox ROC-AUC: 0.5838
2026-06-14 04:39:26,528 - Evaluating on freesolv...
2026-06-14 04:39:26,680 - freesolv RMSE: 5.1231
2026-06-14 04:39:26,681 - Evaluating on esol...
2026-06-14 04:39:26,866 - esol RMSE: 1.8181
2026-06-14 04:39:26,866 - Evaluating on lipo...
2026-06-14 04:39:27,534 - lipo RMSE: 1.3050
2026-06-14 04:39:27,535 - Unified Linear Probe Score: -1.0220
2026-06-14 04:41:15,793 - Epoch 76/200 - Train Loss: 0.3379 (Recon: 0.0000, CLR: 3.3790) - Val Loss: 0.6437 (Recon: 0.0000, CLR: 6.4370)
2026-06-14 04:43:03,196 - Epoch 77/200 - Train Loss: 0.3375 (Recon: 0.0000, CLR: 3.3752) - Val Loss: 0.6424 (Recon: 0.0000, CLR: 6.4241)
2026-06-14 04:44:50,719 - Epoch 78/200 - Train Loss: 0.3373 (Recon: 0.0000, CLR: 3.3729) - Val Loss: 0.6369 (Recon: 0.0000, CLR: 6.3690)
2026-06-14 04:46:37,921 - Epoch 79/200 - Train Loss: 0.3372 (Recon: 0.0000, CLR: 3.3724) - Val Loss: 0.6382 (Recon: 0.0000, CLR: 6.3822)
2026-06-14 04:48:25,599 - Epoch 80/200 - Train Loss: 0.3370 (Recon: 0.0000, CLR: 3.3701) - Val Loss: 0.6417 (Recon: 0.0000, CLR: 6.4170)
2026-06-14 04:48:25,599 - Evaluating on bbbp...
2026-06-14 04:48:26,011 - bbbp ROC-AUC: 0.8001
2026-06-14 04:48:26,012 - Evaluating on bace...
2026-06-14 04:48:26,351 - bace ROC-AUC: 0.7698
2026-06-14 04:48:26,351 - Evaluating on clintox...
2026-06-14 04:48:26,654 - clintox ROC-AUC: 0.6564
2026-06-14 04:48:26,654 - Evaluating on freesolv...
2026-06-14 04:48:26,798 - freesolv RMSE: 4.6277
2026-06-14 04:48:26,798 - Evaluating on esol...
2026-06-14 04:48:27,012 - esol RMSE: 1.9416
2026-06-14 04:48:27,012 - Evaluating on lipo...
2026-06-14 04:48:27,679 - lipo RMSE: 1.2157
2026-06-14 04:48:27,679 - Unified Linear Probe Score: -0.9264
2026-06-14 04:50:14,370 - Epoch 81/200 - Train Loss: 0.3369 (Recon: 0.0000, CLR: 3.3692) - Val Loss: 0.6287 (Recon: 0.0000, CLR: 6.2867)
2026-06-14 04:52:01,945 - Epoch 82/200 - Train Loss: 0.3368 (Recon: 0.0000, CLR: 3.3680) - Val Loss: 0.6303 (Recon: 0.0000, CLR: 6.3028)
2026-06-14 04:53:49,461 - Epoch 83/200 - Train Loss: 0.3366 (Recon: 0.0000, CLR: 3.3659) - Val Loss: 0.6252 (Recon: 0.0000, CLR: 6.2522)
2026-06-14 04:55:37,493 - Epoch 84/200 - Train Loss: 0.3363 (Recon: 0.0000, CLR: 3.3632) - Val Loss: 0.6256 (Recon: 0.0000, CLR: 6.2561)
2026-06-14 04:57:24,938 - Epoch 85/200 - Train Loss: 0.3362 (Recon: 0.0000, CLR: 3.3616) - Val Loss: 0.6270 (Recon: 0.0000, CLR: 6.2697)
2026-06-14 04:57:24,939 - Evaluating on bbbp...
2026-06-14 04:57:25,345 - bbbp ROC-AUC: 0.7878
2026-06-14 04:57:25,346 - Evaluating on bace...
2026-06-14 04:57:25,678 - bace ROC-AUC: 0.7271
2026-06-14 04:57:25,678 - Evaluating on clintox...
2026-06-14 04:57:25,962 - clintox ROC-AUC: 0.5560
2026-06-14 04:57:25,962 - Evaluating on freesolv...
2026-06-14 04:57:26,120 - freesolv RMSE: 5.1957
2026-06-14 04:57:26,121 - Evaluating on esol...
2026-06-14 04:57:26,324 - esol RMSE: 2.1548
2026-06-14 04:57:26,324 - Evaluating on lipo...
2026-06-14 04:57:26,987 - lipo RMSE: 1.1432
2026-06-14 04:57:26,988 - Unified Linear Probe Score: -1.0705
2026-06-14 04:59:14,699 - Epoch 86/200 - Train Loss: 0.3360 (Recon: 0.0000, CLR: 3.3600) - Val Loss: 0.6177 (Recon: 0.0000, CLR: 6.1765)
2026-06-14 05:01:03,378 - Epoch 87/200 - Train Loss: 0.3359 (Recon: 0.0000, CLR: 3.3589) - Val Loss: 0.6172 (Recon: 0.0000, CLR: 6.1724)
2026-06-14 05:02:51,206 - Epoch 88/200 - Train Loss: 0.3357 (Recon: 0.0000, CLR: 3.3568) - Val Loss: 0.6211 (Recon: 0.0000, CLR: 6.2112)
2026-06-14 05:04:40,217 - Epoch 89/200 - Train Loss: 0.3353 (Recon: 0.0000, CLR: 3.3534) - Val Loss: 0.6228 (Recon: 0.0000, CLR: 6.2276)
2026-06-14 05:06:27,644 - Epoch 90/200 - Train Loss: 0.3353 (Recon: 0.0000, CLR: 3.3533) - Val Loss: 0.6123 (Recon: 0.0000, CLR: 6.1235)
2026-06-14 05:06:27,645 - Evaluating on bbbp...
2026-06-14 05:06:28,052 - bbbp ROC-AUC: 0.8126
2026-06-14 05:06:28,052 - Evaluating on bace...
2026-06-14 05:06:28,379 - bace ROC-AUC: 0.7379
2026-06-14 05:06:28,379 - Evaluating on clintox...
2026-06-14 05:06:28,693 - clintox ROC-AUC: 0.6760
2026-06-14 05:06:28,693 - Evaluating on freesolv...
2026-06-14 05:06:28,854 - freesolv RMSE: 5.8523
2026-06-14 05:06:28,854 - Evaluating on esol...
2026-06-14 05:06:29,105 - esol RMSE: 1.4487
2026-06-14 05:06:29,105 - Evaluating on lipo...
2026-06-14 05:06:29,780 - lipo RMSE: 1.1172
2026-06-14 05:06:29,781 - Unified Linear Probe Score: -1.0320
2026-06-14 05:08:25,188 - Epoch 91/200 - Train Loss: 0.3350 (Recon: 0.0000, CLR: 3.3504) - Val Loss: 0.6161 (Recon: 0.0000, CLR: 6.1606)
2026-06-14 05:10:13,566 - Epoch 92/200 - Train Loss: 0.3351 (Recon: 0.0000, CLR: 3.3508) - Val Loss: 0.6157 (Recon: 0.0000, CLR: 6.1573)
2026-06-14 05:12:02,212 - Epoch 93/200 - Train Loss: 0.3350 (Recon: 0.0000, CLR: 3.3496) - Val Loss: 0.6063 (Recon: 0.0000, CLR: 6.0630)
2026-06-14 05:13:50,186 - Epoch 94/200 - Train Loss: 0.3348 (Recon: 0.0000, CLR: 3.3476) - Val Loss: 0.6039 (Recon: 0.0000, CLR: 6.0387)
2026-06-14 05:15:37,982 - Epoch 95/200 - Train Loss: 0.3346 (Recon: 0.0000, CLR: 3.3455) - Val Loss: 0.5867 (Recon: 0.0000, CLR: 5.8668)
2026-06-14 05:15:37,983 - Evaluating on bbbp...
2026-06-14 05:15:38,387 - bbbp ROC-AUC: 0.8395
2026-06-14 05:15:38,387 - Evaluating on bace...
2026-06-14 05:15:38,704 - bace ROC-AUC: 0.7075
2026-06-14 05:15:38,704 - Evaluating on clintox...
2026-06-14 05:15:39,017 - clintox ROC-AUC: 0.6999
2026-06-14 05:15:39,017 - Evaluating on freesolv...
2026-06-14 05:15:39,154 - freesolv RMSE: 7.4458
2026-06-14 05:15:39,155 - Evaluating on esol...
2026-06-14 05:15:39,347 - esol RMSE: 1.9000
2026-06-14 05:15:39,348 - Evaluating on lipo...
2026-06-14 05:15:40,011 - lipo RMSE: 1.0922
2026-06-14 05:15:40,011 - Unified Linear Probe Score: -1.3652
2026-06-14 05:17:28,373 - Epoch 96/200 - Train Loss: 0.3347 (Recon: 0.0000, CLR: 3.3471) - Val Loss: 0.5802 (Recon: 0.0000, CLR: 5.8017)
2026-06-14 05:19:16,605 - Epoch 97/200 - Train Loss: 0.3342 (Recon: 0.0000, CLR: 3.3423) - Val Loss: 0.5784 (Recon: 0.0000, CLR: 5.7836)
2026-06-14 05:21:04,447 - Epoch 98/200 - Train Loss: 0.3341 (Recon: 0.0000, CLR: 3.3414) - Val Loss: 0.5732 (Recon: 0.0000, CLR: 5.7320)
2026-06-14 05:22:52,585 - Epoch 99/200 - Train Loss: 0.3343 (Recon: 0.0000, CLR: 3.3429) - Val Loss: 0.5589 (Recon: 0.0000, CLR: 5.5893)
2026-06-14 05:24:41,145 - Epoch 100/200 - Train Loss: 0.3341 (Recon: 0.0000, CLR: 3.3408) - Val Loss: 0.5483 (Recon: 0.0000, CLR: 5.4830)
2026-06-14 05:24:41,145 - Evaluating on bbbp...
2026-06-14 05:24:41,621 - bbbp ROC-AUC: 0.8429
2026-06-14 05:24:41,623 - Evaluating on bace...
2026-06-14 05:24:41,975 - bace ROC-AUC: 0.7384
2026-06-14 05:24:41,975 - Evaluating on clintox...
2026-06-14 05:24:42,277 - clintox ROC-AUC: 0.7261
2026-06-14 05:24:42,277 - Evaluating on freesolv...
2026-06-14 05:24:42,423 - freesolv RMSE: 4.6014
2026-06-14 05:24:42,424 - Evaluating on esol...
2026-06-14 05:24:42,629 - esol RMSE: 1.5976
2026-06-14 05:24:42,629 - Evaluating on lipo...
2026-06-14 05:24:43,312 - lipo RMSE: 1.0574
2026-06-14 05:24:43,312 - Unified Linear Probe Score: -0.8248
2026-06-14 05:26:31,305 - Epoch 101/200 - Train Loss: 0.3339 (Recon: 0.0000, CLR: 3.3386) - Val Loss: 0.5576 (Recon: 0.0000, CLR: 5.5762)
2026-06-14 05:28:19,150 - Epoch 102/200 - Train Loss: 0.3339 (Recon: 0.0000, CLR: 3.3395) - Val Loss: 0.5352 (Recon: 0.0000, CLR: 5.3520)
2026-06-14 05:30:07,073 - Epoch 103/200 - Train Loss: 0.3338 (Recon: 0.0000, CLR: 3.3384) - Val Loss: 0.5530 (Recon: 0.0000, CLR: 5.5304)
2026-06-14 05:31:54,988 - Epoch 104/200 - Train Loss: 0.3337 (Recon: 0.0000, CLR: 3.3366) - Val Loss: 0.5357 (Recon: 0.0000, CLR: 5.3570)
2026-06-14 05:33:43,663 - Epoch 105/200 - Train Loss: 0.3334 (Recon: 0.0000, CLR: 3.3341) - Val Loss: 0.5274 (Recon: 0.0000, CLR: 5.2740)
2026-06-14 05:33:43,663 - Evaluating on bbbp...
2026-06-14 05:33:44,067 - bbbp ROC-AUC: 0.8260
2026-06-14 05:33:44,067 - Evaluating on bace...
2026-06-14 05:33:44,400 - bace ROC-AUC: 0.7811
2026-06-14 05:33:44,400 - Evaluating on clintox...
2026-06-14 05:33:44,695 - clintox ROC-AUC: 0.6370
2026-06-14 05:33:44,695 - Evaluating on freesolv...
2026-06-14 05:33:44,842 - freesolv RMSE: 6.1937
2026-06-14 05:33:44,842 - Evaluating on esol...
2026-06-14 05:33:45,054 - esol RMSE: 1.4034
2026-06-14 05:33:45,055 - Evaluating on lipo...
2026-06-14 05:33:45,735 - lipo RMSE: 1.0303
2026-06-14 05:33:45,736 - Unified Linear Probe Score: -1.0639
2026-06-14 05:35:33,748 - Epoch 106/200 - Train Loss: 0.3335 (Recon: 0.0000, CLR: 3.3348) - Val Loss: 0.5238 (Recon: 0.0000, CLR: 5.2381)
2026-06-14 05:37:22,126 - Epoch 107/200 - Train Loss: 0.3329 (Recon: 0.0000, CLR: 3.3289) - Val Loss: 0.5175 (Recon: 0.0000, CLR: 5.1746)
2026-06-14 05:39:09,970 - Epoch 108/200 - Train Loss: 0.3331 (Recon: 0.0000, CLR: 3.3311) - Val Loss: 0.5098 (Recon: 0.0000, CLR: 5.0980)
2026-06-14 05:40:58,841 - Epoch 109/200 - Train Loss: 0.3329 (Recon: 0.0000, CLR: 3.3288) - Val Loss: 0.5126 (Recon: 0.0000, CLR: 5.1263)
2026-06-14 05:42:47,034 - Epoch 110/200 - Train Loss: 0.3330 (Recon: 0.0000, CLR: 3.3301) - Val Loss: 0.4786 (Recon: 0.0000, CLR: 4.7857)
2026-06-14 05:42:47,034 - Evaluating on bbbp...
2026-06-14 05:42:47,460 - bbbp ROC-AUC: 0.7868
2026-06-14 05:42:47,460 - Evaluating on bace...
2026-06-14 05:42:47,774 - bace ROC-AUC: 0.7749
2026-06-14 05:42:47,774 - Evaluating on clintox...
2026-06-14 05:42:48,067 - clintox ROC-AUC: 0.7245
2026-06-14 05:42:48,067 - Evaluating on freesolv...
2026-06-14 05:42:48,212 - freesolv RMSE: 6.8187
2026-06-14 05:42:48,213 - Evaluating on esol...
2026-06-14 05:42:48,429 - esol RMSE: 1.5846
2026-06-14 05:42:48,429 - Evaluating on lipo...
2026-06-14 05:42:49,155 - lipo RMSE: 1.0654
2026-06-14 05:42:49,155 - Unified Linear Probe Score: -1.1971
2026-06-14 05:44:37,343 - Epoch 111/200 - Train Loss: 0.3329 (Recon: 0.0000, CLR: 3.3294) - Val Loss: 0.5227 (Recon: 0.0000, CLR: 5.2274)
2026-06-14 05:46:33,643 - Epoch 112/200 - Train Loss: 0.3327 (Recon: 0.0000, CLR: 3.3269) - Val Loss: 0.4878 (Recon: 0.0000, CLR: 4.8777)
2026-06-14 05:48:21,418 - Epoch 113/200 - Train Loss: 0.3324 (Recon: 0.0000, CLR: 3.3236) - Val Loss: 0.4936 (Recon: 0.0000, CLR: 4.9363)
2026-06-14 05:50:09,682 - Epoch 114/200 - Train Loss: 0.3325 (Recon: 0.0000, CLR: 3.3252) - Val Loss: 0.4954 (Recon: 0.0000, CLR: 4.9540)
2026-06-14 05:51:57,697 - Epoch 115/200 - Train Loss: 0.3326 (Recon: 0.0000, CLR: 3.3260) - Val Loss: 0.4957 (Recon: 0.0000, CLR: 4.9569)
2026-06-14 05:51:57,697 - Evaluating on bbbp...
2026-06-14 05:51:58,162 - bbbp ROC-AUC: 0.8066
2026-06-14 05:51:58,163 - Evaluating on bace...
2026-06-14 05:51:58,516 - bace ROC-AUC: 0.8182
2026-06-14 05:51:58,516 - Evaluating on clintox...
2026-06-14 05:51:58,826 - clintox ROC-AUC: 0.6041
2026-06-14 05:51:58,826 - Evaluating on freesolv...
2026-06-14 05:51:58,983 - freesolv RMSE: 4.6381
2026-06-14 05:51:58,983 - Evaluating on esol...
2026-06-14 05:51:59,167 - esol RMSE: 2.1042
2026-06-14 05:51:59,167 - Evaluating on lipo...
2026-06-14 05:51:59,824 - lipo RMSE: 1.0341
2026-06-14 05:51:59,824 - Unified Linear Probe Score: -0.9246
2026-06-14 05:53:47,855 - Epoch 116/200 - Train Loss: 0.3322 (Recon: 0.0000, CLR: 3.3221) - Val Loss: 0.5007 (Recon: 0.0000, CLR: 5.0071)
2026-06-14 05:55:35,891 - Epoch 117/200 - Train Loss: 0.3319 (Recon: 0.0000, CLR: 3.3192) - Val Loss: 0.4848 (Recon: 0.0000, CLR: 4.8476)
2026-06-14 05:57:23,450 - Epoch 118/200 - Train Loss: 0.3321 (Recon: 0.0000, CLR: 3.3208) - Val Loss: 0.4714 (Recon: 0.0000, CLR: 4.7139)
2026-06-14 05:59:11,031 - Epoch 119/200 - Train Loss: 0.3320 (Recon: 0.0000, CLR: 3.3199) - Val Loss: 0.4736 (Recon: 0.0000, CLR: 4.7363)
2026-06-14 06:00:59,102 - Epoch 120/200 - Train Loss: 0.3320 (Recon: 0.0000, CLR: 3.3200) - Val Loss: 0.4466 (Recon: 0.0000, CLR: 4.4662)
2026-06-14 06:00:59,102 - Evaluating on bbbp...
2026-06-14 06:00:59,494 - bbbp ROC-AUC: 0.7988
2026-06-14 06:00:59,495 - Evaluating on bace...
2026-06-14 06:00:59,801 - bace ROC-AUC: 0.8018
2026-06-14 06:00:59,802 - Evaluating on clintox...
2026-06-14 06:01:00,092 - clintox ROC-AUC: 0.6851
2026-06-14 06:01:00,092 - Evaluating on freesolv...
2026-06-14 06:01:00,234 - freesolv RMSE: 3.3293
2026-06-14 06:01:00,234 - Evaluating on esol...
2026-06-14 06:01:00,432 - esol RMSE: 1.7070
2026-06-14 06:01:00,432 - Evaluating on lipo...
2026-06-14 06:01:01,160 - lipo RMSE: 1.1179
2026-06-14 06:01:01,160 - Unified Linear Probe Score: -0.6448
2026-06-14 06:01:01,160 - New Best Probe Score: -0.6448
2026-06-14 06:02:49,105 - Epoch 121/200 - Train Loss: 0.3317 (Recon: 0.0000, CLR: 3.3171) - Val Loss: 0.4698 (Recon: 0.0000, CLR: 4.6981)
2026-06-14 06:04:37,451 - Epoch 122/200 - Train Loss: 0.3315 (Recon: 0.0000, CLR: 3.3149) - Val Loss: 0.4802 (Recon: 0.0000, CLR: 4.8024)
2026-06-14 06:06:25,236 - Epoch 123/200 - Train Loss: 0.3318 (Recon: 0.0000, CLR: 3.3176) - Val Loss: 0.4698 (Recon: 0.0000, CLR: 4.6981)
2026-06-14 06:08:13,783 - Epoch 124/200 - Train Loss: 0.3313 (Recon: 0.0000, CLR: 3.3133) - Val Loss: 0.4668 (Recon: 0.0000, CLR: 4.6675)
2026-06-14 06:10:01,701 - Epoch 125/200 - Train Loss: 0.3314 (Recon: 0.0000, CLR: 3.3143) - Val Loss: 0.4741 (Recon: 0.0000, CLR: 4.7415)
2026-06-14 06:10:01,701 - Evaluating on bbbp...
2026-06-14 06:10:02,110 - bbbp ROC-AUC: 0.7954
2026-06-14 06:10:02,110 - Evaluating on bace...
2026-06-14 06:10:02,448 - bace ROC-AUC: 0.7974
2026-06-14 06:10:02,448 - Evaluating on clintox...
2026-06-14 06:10:02,750 - clintox ROC-AUC: 0.6718
2026-06-14 06:10:02,750 - Evaluating on freesolv...
2026-06-14 06:10:02,892 - freesolv RMSE: 3.2773
2026-06-14 06:10:02,893 - Evaluating on esol...
2026-06-14 06:10:03,093 - esol RMSE: 2.0751
2026-06-14 06:10:03,093 - Evaluating on lipo...
2026-06-14 06:10:03,779 - lipo RMSE: 1.0941
2026-06-14 06:10:03,779 - Unified Linear Probe Score: -0.6970
2026-06-14 06:11:50,855 - Epoch 126/200 - Train Loss: 0.3311 (Recon: 0.0000, CLR: 3.3113) - Val Loss: 0.4673 (Recon: 0.0000, CLR: 4.6727)
2026-06-14 06:13:38,467 - Epoch 127/200 - Train Loss: 0.3312 (Recon: 0.0000, CLR: 3.3120) - Val Loss: 0.4396 (Recon: 0.0000, CLR: 4.3962)
2026-06-14 06:15:26,118 - Epoch 128/200 - Train Loss: 0.3310 (Recon: 0.0000, CLR: 3.3097) - Val Loss: 0.4471 (Recon: 0.0000, CLR: 4.4706)
2026-06-14 06:17:13,875 - Epoch 129/200 - Train Loss: 0.3309 (Recon: 0.0000, CLR: 3.3095) - Val Loss: 0.4496 (Recon: 0.0000, CLR: 4.4956)
2026-06-14 06:19:02,066 - Epoch 130/200 - Train Loss: 0.3311 (Recon: 0.0000, CLR: 3.3106) - Val Loss: 0.4495 (Recon: 0.0000, CLR: 4.4954)
2026-06-14 06:19:02,066 - Evaluating on bbbp...
2026-06-14 06:19:02,464 - bbbp ROC-AUC: 0.8025
2026-06-14 06:19:02,464 - Evaluating on bace...
2026-06-14 06:19:02,791 - bace ROC-AUC: 0.7936
2026-06-14 06:19:02,791 - Evaluating on clintox...
2026-06-14 06:19:03,092 - clintox ROC-AUC: 0.6329
2026-06-14 06:19:03,093 - Evaluating on freesolv...
2026-06-14 06:19:03,229 - freesolv RMSE: 4.8979
2026-06-14 06:19:03,229 - Evaluating on esol...
2026-06-14 06:19:03,440 - esol RMSE: 1.7712
2026-06-14 06:19:03,441 - Evaluating on lipo...
2026-06-14 06:19:04,111 - lipo RMSE: 1.0272
2026-06-14 06:19:04,111 - Unified Linear Probe Score: -0.9112
2026-06-14 06:20:52,416 - Epoch 131/200 - Train Loss: 0.3309 (Recon: 0.0000, CLR: 3.3091) - Val Loss: 0.4385 (Recon: 0.0000, CLR: 4.3852)
2026-06-14 06:22:48,284 - Epoch 132/200 - Train Loss: 0.3307 (Recon: 0.0000, CLR: 3.3071) - Val Loss: 0.4367 (Recon: 0.0000, CLR: 4.3674)
2026-06-14 06:24:36,450 - Epoch 133/200 - Train Loss: 0.3306 (Recon: 0.0000, CLR: 3.3062) - Val Loss: 0.4484 (Recon: 0.0000, CLR: 4.4843)
2026-06-14 06:26:24,500 - Epoch 134/200 - Train Loss: 0.3306 (Recon: 0.0000, CLR: 3.3057) - Val Loss: 0.4534 (Recon: 0.0000, CLR: 4.5344)
2026-06-14 06:28:12,130 - Epoch 135/200 - Train Loss: 0.3303 (Recon: 0.0000, CLR: 3.3026) - Val Loss: 0.4535 (Recon: 0.0000, CLR: 4.5352)
2026-06-14 06:28:12,131 - Evaluating on bbbp...
2026-06-14 06:28:12,517 - bbbp ROC-AUC: 0.7917
2026-06-14 06:28:12,518 - Evaluating on bace...
2026-06-14 06:28:12,837 - bace ROC-AUC: 0.7215
2026-06-14 06:28:12,837 - Evaluating on clintox...
2026-06-14 06:28:13,144 - clintox ROC-AUC: 0.6933
2026-06-14 06:28:13,144 - Evaluating on freesolv...
2026-06-14 06:28:13,300 - freesolv RMSE: 4.1022
2026-06-14 06:28:13,300 - Evaluating on esol...
2026-06-14 06:28:13,526 - esol RMSE: 2.2324
2026-06-14 06:28:13,526 - Evaluating on lipo...
2026-06-14 06:28:14,202 - lipo RMSE: 1.0827
2026-06-14 06:28:14,202 - Unified Linear Probe Score: -0.8685
2026-06-14 06:30:02,677 - Epoch 136/200 - Train Loss: 0.3304 (Recon: 0.0000, CLR: 3.3039) - Val Loss: 0.4581 (Recon: 0.0000, CLR: 4.5812)
2026-06-14 06:31:50,914 - Epoch 137/200 - Train Loss: 0.3303 (Recon: 0.0000, CLR: 3.3029) - Val Loss: 0.4448 (Recon: 0.0000, CLR: 4.4475)
2026-06-14 06:33:38,955 - Epoch 138/200 - Train Loss: 0.3304 (Recon: 0.0000, CLR: 3.3039) - Val Loss: 0.4580 (Recon: 0.0000, CLR: 4.5798)
2026-06-14 06:35:27,133 - Epoch 139/200 - Train Loss: 0.3301 (Recon: 0.0000, CLR: 3.3010) - Val Loss: 0.4086 (Recon: 0.0000, CLR: 4.0855)
2026-06-14 06:37:15,192 - Epoch 140/200 - Train Loss: 0.3303 (Recon: 0.0000, CLR: 3.3032) - Val Loss: 0.4640 (Recon: 0.0000, CLR: 4.6403)
2026-06-14 06:37:15,192 - Evaluating on bbbp...
2026-06-14 06:37:15,595 - bbbp ROC-AUC: 0.7859
2026-06-14 06:37:15,595 - Evaluating on bace...
2026-06-14 06:37:15,993 - bace ROC-AUC: 0.8040
2026-06-14 06:37:15,993 - Evaluating on clintox...
2026-06-14 06:37:16,386 - clintox ROC-AUC: 0.6587
2026-06-14 06:37:16,386 - Evaluating on freesolv...
2026-06-14 06:37:16,529 - freesolv RMSE: 4.1586
2026-06-14 06:37:16,530 - Evaluating on esol...
2026-06-14 06:37:16,731 - esol RMSE: 2.1865
2026-06-14 06:37:16,731 - Evaluating on lipo...
2026-06-14 06:37:17,634 - lipo RMSE: 1.1271
2026-06-14 06:37:17,634 - Unified Linear Probe Score: -0.8706
2026-06-14 06:39:05,646 - Epoch 141/200 - Train Loss: 0.3298 (Recon: 0.0000, CLR: 3.2979) - Val Loss: 0.4380 (Recon: 0.0000, CLR: 4.3804)
2026-06-14 06:40:54,195 - Epoch 142/200 - Train Loss: 0.3301 (Recon: 0.0000, CLR: 3.3009) - Val Loss: 0.4421 (Recon: 0.0000, CLR: 4.4210)
2026-06-14 06:42:42,438 - Epoch 143/200 - Train Loss: 0.3299 (Recon: 0.0000, CLR: 3.2989) - Val Loss: 0.4241 (Recon: 0.0000, CLR: 4.2409)
2026-06-14 06:44:30,750 - Epoch 144/200 - Train Loss: 0.3298 (Recon: 0.0000, CLR: 3.2981) - Val Loss: 0.4417 (Recon: 0.0000, CLR: 4.4167)
2026-06-14 06:46:19,265 - Epoch 145/200 - Train Loss: 0.3297 (Recon: 0.0000, CLR: 3.2968) - Val Loss: 0.4379 (Recon: 0.0000, CLR: 4.3787)
2026-06-14 06:46:19,266 - Evaluating on bbbp...
2026-06-14 06:46:19,694 - bbbp ROC-AUC: 0.8133
2026-06-14 06:46:19,694 - Evaluating on bace...
2026-06-14 06:46:20,010 - bace ROC-AUC: 0.8013
2026-06-14 06:46:20,010 - Evaluating on clintox...
2026-06-14 06:46:20,308 - clintox ROC-AUC: 0.6985
2026-06-14 06:46:20,308 - Evaluating on freesolv...
2026-06-14 06:46:20,441 - freesolv RMSE: 4.9331
2026-06-14 06:46:20,441 - Evaluating on esol...
2026-06-14 06:46:20,693 - esol RMSE: 2.1327
2026-06-14 06:46:20,693 - Evaluating on lipo...
2026-06-14 06:46:21,373 - lipo RMSE: 1.1068
2026-06-14 06:46:21,373 - Unified Linear Probe Score: -0.9766
2026-06-14 06:48:09,890 - Epoch 146/200 - Train Loss: 0.3297 (Recon: 0.0000, CLR: 3.2973) - Val Loss: 0.4519 (Recon: 0.0000, CLR: 4.5189)
2026-06-14 06:49:58,656 - Epoch 147/200 - Train Loss: 0.3292 (Recon: 0.0000, CLR: 3.2920) - Val Loss: 0.4444 (Recon: 0.0000, CLR: 4.4435)
2026-06-14 06:51:46,896 - Epoch 148/200 - Train Loss: 0.3299 (Recon: 0.0000, CLR: 3.2985) - Val Loss: 0.4322 (Recon: 0.0000, CLR: 4.3225)
2026-06-14 06:53:35,223 - Epoch 149/200 - Train Loss: 0.3296 (Recon: 0.0000, CLR: 3.2958) - Val Loss: 0.4441 (Recon: 0.0000, CLR: 4.4414)
2026-06-14 06:55:23,683 - Epoch 150/200 - Train Loss: 0.3294 (Recon: 0.0000, CLR: 3.2938) - Val Loss: 0.4314 (Recon: 0.0000, CLR: 4.3145)
2026-06-14 06:55:23,683 - Evaluating on bbbp...
2026-06-14 06:55:24,094 - bbbp ROC-AUC: 0.8091
2026-06-14 06:55:24,094 - Evaluating on bace...
2026-06-14 06:55:24,417 - bace ROC-AUC: 0.8098
2026-06-14 06:55:24,419 - Evaluating on clintox...
2026-06-14 06:55:24,729 - clintox ROC-AUC: 0.6582
2026-06-14 06:55:24,729 - Evaluating on freesolv...
2026-06-14 06:55:24,875 - freesolv RMSE: 3.8531
2026-06-14 06:55:24,875 - Evaluating on esol...
2026-06-14 06:55:25,075 - esol RMSE: 1.7882
2026-06-14 06:55:25,076 - Evaluating on lipo...
2026-06-14 06:55:25,782 - lipo RMSE: 1.0670
2026-06-14 06:55:25,782 - Unified Linear Probe Score: -0.7386
2026-06-14 06:57:14,143 - Epoch 151/200 - Train Loss: 0.3295 (Recon: 0.0000, CLR: 3.2948) - Val Loss: 0.4540 (Recon: 0.0000, CLR: 4.5403)
2026-06-14 06:59:02,895 - Epoch 152/200 - Train Loss: 0.3294 (Recon: 0.0000, CLR: 3.2938) - Val Loss: 0.4417 (Recon: 0.0000, CLR: 4.4165)
2026-06-14 07:01:00,164 - Epoch 153/200 - Train Loss: 0.3288 (Recon: 0.0000, CLR: 3.2880) - Val Loss: 0.4363 (Recon: 0.0000, CLR: 4.3633)
2026-06-14 07:02:49,362 - Epoch 154/200 - Train Loss: 0.3291 (Recon: 0.0000, CLR: 3.2908) - Val Loss: 0.4357 (Recon: 0.0000, CLR: 4.3569)
2026-06-14 07:04:38,729 - Epoch 155/200 - Train Loss: 0.3290 (Recon: 0.0000, CLR: 3.2896) - Val Loss: 0.4216 (Recon: 0.0000, CLR: 4.2163)
2026-06-14 07:04:38,729 - Evaluating on bbbp...
2026-06-14 07:04:39,139 - bbbp ROC-AUC: 0.8025
2026-06-14 07:04:39,139 - Evaluating on bace...
2026-06-14 07:04:39,468 - bace ROC-AUC: 0.8386
2026-06-14 07:04:39,468 - Evaluating on clintox...
2026-06-14 07:04:39,754 - clintox ROC-AUC: 0.6905
2026-06-14 07:04:39,755 - Evaluating on freesolv...
2026-06-14 07:04:39,900 - freesolv RMSE: 4.5933
2026-06-14 07:04:39,900 - Evaluating on esol...
2026-06-14 07:04:40,114 - esol RMSE: 2.1825
2026-06-14 07:04:40,114 - Evaluating on lipo...
2026-06-14 07:04:40,778 - lipo RMSE: 1.0784
2026-06-14 07:04:40,778 - Unified Linear Probe Score: -0.9204
2026-06-14 07:06:29,223 - Epoch 156/200 - Train Loss: 0.3290 (Recon: 0.0000, CLR: 3.2901) - Val Loss: 0.4378 (Recon: 0.0000, CLR: 4.3781)
2026-06-14 07:08:17,668 - Epoch 157/200 - Train Loss: 0.3288 (Recon: 0.0000, CLR: 3.2878) - Val Loss: 0.4361 (Recon: 0.0000, CLR: 4.3613)
2026-06-14 07:10:06,648 - Epoch 158/200 - Train Loss: 0.3291 (Recon: 0.0000, CLR: 3.2910) - Val Loss: 0.4735 (Recon: 0.0000, CLR: 4.7353)
2026-06-14 07:11:55,320 - Epoch 159/200 - Train Loss: 0.3289 (Recon: 0.0000, CLR: 3.2889) - Val Loss: 0.4381 (Recon: 0.0000, CLR: 4.3812)
2026-06-14 07:13:43,749 - Epoch 160/200 - Train Loss: 0.3288 (Recon: 0.0000, CLR: 3.2879) - Val Loss: 0.4625 (Recon: 0.0000, CLR: 4.6248)
2026-06-14 07:13:43,749 - Evaluating on bbbp...
2026-06-14 07:13:44,154 - bbbp ROC-AUC: 0.8026
2026-06-14 07:13:44,154 - Evaluating on bace...
2026-06-14 07:13:44,470 - bace ROC-AUC: 0.8064
2026-06-14 07:13:44,470 - Evaluating on clintox...
2026-06-14 07:13:44,778 - clintox ROC-AUC: 0.7454
2026-06-14 07:13:44,778 - Evaluating on freesolv...
2026-06-14 07:13:44,916 - freesolv RMSE: 5.3801
2026-06-14 07:13:44,916 - Evaluating on esol...
2026-06-14 07:13:45,103 - esol RMSE: 1.6196
2026-06-14 07:13:45,103 - Evaluating on lipo...
2026-06-14 07:13:45,778 - lipo RMSE: 1.1639
2026-06-14 07:13:45,778 - Unified Linear Probe Score: -0.9682
2026-06-14 07:15:33,613 - Epoch 161/200 - Train Loss: 0.3286 (Recon: 0.0000, CLR: 3.2862) - Val Loss: 0.4384 (Recon: 0.0000, CLR: 4.3841)
2026-06-14 07:17:20,922 - Epoch 162/200 - Train Loss: 0.3286 (Recon: 0.0000, CLR: 3.2862) - Val Loss: 0.4415 (Recon: 0.0000, CLR: 4.4147)
2026-06-14 07:19:07,977 - Epoch 163/200 - Train Loss: 0.3287 (Recon: 0.0000, CLR: 3.2870) - Val Loss: 0.4423 (Recon: 0.0000, CLR: 4.4234)
2026-06-14 07:20:54,861 - Epoch 164/200 - Train Loss: 0.3287 (Recon: 0.0000, CLR: 3.2875) - Val Loss: 0.4326 (Recon: 0.0000, CLR: 4.3256)
2026-06-14 07:22:42,645 - Epoch 165/200 - Train Loss: 0.3285 (Recon: 0.0000, CLR: 3.2848) - Val Loss: 0.4378 (Recon: 0.0000, CLR: 4.3778)
2026-06-14 07:22:42,646 - Evaluating on bbbp...
2026-06-14 07:22:43,038 - bbbp ROC-AUC: 0.7825
2026-06-14 07:22:43,039 - Evaluating on bace...
2026-06-14 07:22:43,388 - bace ROC-AUC: 0.7856
2026-06-14 07:22:43,388 - Evaluating on clintox...
2026-06-14 07:22:43,680 - clintox ROC-AUC: 0.6021
2026-06-14 07:22:43,680 - Evaluating on freesolv...
2026-06-14 07:22:43,822 - freesolv RMSE: 3.5223
2026-06-14 07:22:43,822 - Evaluating on esol...
2026-06-14 07:22:44,004 - esol RMSE: 1.8338
2026-06-14 07:22:44,004 - Evaluating on lipo...
2026-06-14 07:22:44,711 - lipo RMSE: 1.1005
2026-06-14 07:22:44,711 - Unified Linear Probe Score: -0.7144
2026-06-14 07:24:31,759 - Epoch 166/200 - Train Loss: 0.3284 (Recon: 0.0000, CLR: 3.2842) - Val Loss: 0.4238 (Recon: 0.0000, CLR: 4.2377)
2026-06-14 07:26:19,845 - Epoch 167/200 - Train Loss: 0.3283 (Recon: 0.0000, CLR: 3.2829) - Val Loss: 0.4354 (Recon: 0.0000, CLR: 4.3536)
2026-06-14 07:28:07,473 - Epoch 168/200 - Train Loss: 0.3282 (Recon: 0.0000, CLR: 3.2825) - Val Loss: 0.4193 (Recon: 0.0000, CLR: 4.1928)
2026-06-14 07:29:54,711 - Epoch 169/200 - Train Loss: 0.3281 (Recon: 0.0000, CLR: 3.2814) - Val Loss: 0.4448 (Recon: 0.0000, CLR: 4.4484)
2026-06-14 07:31:43,453 - Epoch 170/200 - Train Loss: 0.3281 (Recon: 0.0000, CLR: 3.2810) - Val Loss: 0.4368 (Recon: 0.0000, CLR: 4.3683)
2026-06-14 07:31:43,454 - Evaluating on bbbp...
2026-06-14 07:31:43,876 - bbbp ROC-AUC: 0.8078
2026-06-14 07:31:43,876 - Evaluating on bace...
2026-06-14 07:31:44,226 - bace ROC-AUC: 0.8137
2026-06-14 07:31:44,227 - Evaluating on clintox...
2026-06-14 07:31:44,537 - clintox ROC-AUC: 0.6489
2026-06-14 07:31:44,538 - Evaluating on freesolv...
2026-06-14 07:31:44,708 - freesolv RMSE: 4.4112
2026-06-14 07:31:44,708 - Evaluating on esol...
2026-06-14 07:31:44,921 - esol RMSE: 1.8334
2026-06-14 07:31:44,922 - Evaluating on lipo...
2026-06-14 07:31:45,580 - lipo RMSE: 1.0865
2026-06-14 07:31:45,580 - Unified Linear Probe Score: -0.8435
2026-06-14 07:33:34,149 - Epoch 171/200 - Train Loss: 0.3280 (Recon: 0.0000, CLR: 3.2801) - Val Loss: 0.4380 (Recon: 0.0000, CLR: 4.3797)
2026-06-14 07:35:22,992 - Epoch 172/200 - Train Loss: 0.3282 (Recon: 0.0000, CLR: 3.2815) - Val Loss: 0.4324 (Recon: 0.0000, CLR: 4.3241)
2026-06-14 07:37:10,871 - Epoch 173/200 - Train Loss: 0.3280 (Recon: 0.0000, CLR: 3.2803) - Val Loss: 0.4255 (Recon: 0.0000, CLR: 4.2549)
2026-06-14 07:39:05,732 - Epoch 174/200 - Train Loss: 0.3280 (Recon: 0.0000, CLR: 3.2801) - Val Loss: 0.4150 (Recon: 0.0000, CLR: 4.1499)
2026-06-14 07:40:53,032 - Epoch 175/200 - Train Loss: 0.3277 (Recon: 0.0000, CLR: 3.2770) - Val Loss: 0.4253 (Recon: 0.0000, CLR: 4.2534)
2026-06-14 07:40:53,032 - Evaluating on bbbp...
2026-06-14 07:40:53,444 - bbbp ROC-AUC: 0.7866
2026-06-14 07:40:53,445 - Evaluating on bace...
2026-06-14 07:40:53,790 - bace ROC-AUC: 0.7965
2026-06-14 07:40:53,790 - Evaluating on clintox...
2026-06-14 07:40:54,081 - clintox ROC-AUC: 0.6856
2026-06-14 07:40:54,082 - Evaluating on freesolv...
2026-06-14 07:40:54,251 - freesolv RMSE: 4.0045
2026-06-14 07:40:54,251 - Evaluating on esol...
2026-06-14 07:40:54,465 - esol RMSE: 1.4865
2026-06-14 07:40:54,466 - Evaluating on lipo...
2026-06-14 07:40:55,147 - lipo RMSE: 1.0627
2026-06-14 07:40:55,147 - Unified Linear Probe Score: -0.7142
2026-06-14 07:42:43,598 - Epoch 176/200 - Train Loss: 0.3275 (Recon: 0.0000, CLR: 3.2752) - Val Loss: 0.4221 (Recon: 0.0000, CLR: 4.2205)
2026-06-14 07:44:32,621 - Epoch 177/200 - Train Loss: 0.3279 (Recon: 0.0000, CLR: 3.2788) - Val Loss: 0.4214 (Recon: 0.0000, CLR: 4.2137)
2026-06-14 07:46:21,766 - Epoch 178/200 - Train Loss: 0.3277 (Recon: 0.0000, CLR: 3.2767) - Val Loss: 0.4178 (Recon: 0.0000, CLR: 4.1778)
2026-06-14 07:48:10,115 - Epoch 179/200 - Train Loss: 0.3277 (Recon: 0.0000, CLR: 3.2775) - Val Loss: 0.4226 (Recon: 0.0000, CLR: 4.2261)
2026-06-14 07:49:58,276 - Epoch 180/200 - Train Loss: 0.3274 (Recon: 0.0000, CLR: 3.2745) - Val Loss: 0.4323 (Recon: 0.0000, CLR: 4.3227)
2026-06-14 07:49:58,276 - Evaluating on bbbp...
2026-06-14 07:49:58,895 - bbbp ROC-AUC: 0.7847
2026-06-14 07:49:58,896 - Evaluating on bace...
2026-06-14 07:49:59,210 - bace ROC-AUC: 0.8171
2026-06-14 07:49:59,211 - Evaluating on clintox...
2026-06-14 07:49:59,507 - clintox ROC-AUC: 0.7366
2026-06-14 07:49:59,508 - Evaluating on freesolv...
2026-06-14 07:49:59,651 - freesolv RMSE: 3.3286
2026-06-14 07:49:59,651 - Evaluating on esol...
2026-06-14 07:49:59,861 - esol RMSE: 2.0994
2026-06-14 07:49:59,862 - Evaluating on lipo...
2026-06-14 07:50:00,739 - lipo RMSE: 1.0980
2026-06-14 07:50:00,740 - Unified Linear Probe Score: -0.6979
2026-06-14 07:51:49,431 - Epoch 181/200 - Train Loss: 0.3273 (Recon: 0.0000, CLR: 3.2735) - Val Loss: 0.4071 (Recon: 0.0000, CLR: 4.0713)
2026-06-14 07:53:38,272 - Epoch 182/200 - Train Loss: 0.3274 (Recon: 0.0000, CLR: 3.2745) - Val Loss: 0.4163 (Recon: 0.0000, CLR: 4.1632)
2026-06-14 07:55:26,889 - Epoch 183/200 - Train Loss: 0.3275 (Recon: 0.0000, CLR: 3.2750) - Val Loss: 0.4286 (Recon: 0.0000, CLR: 4.2859)
2026-06-14 07:57:15,745 - Epoch 184/200 - Train Loss: 0.3274 (Recon: 0.0000, CLR: 3.2737) - Val Loss: 0.4099 (Recon: 0.0000, CLR: 4.0995)
2026-06-14 07:59:04,634 - Epoch 185/200 - Train Loss: 0.3275 (Recon: 0.0000, CLR: 3.2751) - Val Loss: 0.4327 (Recon: 0.0000, CLR: 4.3267)
2026-06-14 07:59:04,635 - Evaluating on bbbp...
2026-06-14 07:59:05,060 - bbbp ROC-AUC: 0.7933
2026-06-14 07:59:05,060 - Evaluating on bace...
2026-06-14 07:59:05,393 - bace ROC-AUC: 0.8071
2026-06-14 07:59:05,393 - Evaluating on clintox...
2026-06-14 07:59:05,697 - clintox ROC-AUC: 0.7364
2026-06-14 07:59:05,698 - Evaluating on freesolv...
2026-06-14 07:59:05,841 - freesolv RMSE: 3.2530
2026-06-14 07:59:05,841 - Evaluating on esol...
2026-06-14 07:59:06,046 - esol RMSE: 1.9502
2026-06-14 07:59:06,046 - Evaluating on lipo...
2026-06-14 07:59:06,778 - lipo RMSE: 1.1094
2026-06-14 07:59:06,778 - Unified Linear Probe Score: -0.6626
2026-06-14 08:00:55,263 - Epoch 186/200 - Train Loss: 0.3273 (Recon: 0.0000, CLR: 3.2730) - Val Loss: 0.4203 (Recon: 0.0000, CLR: 4.2030)
2026-06-14 08:02:44,595 - Epoch 187/200 - Train Loss: 0.3272 (Recon: 0.0000, CLR: 3.2722) - Val Loss: 0.4498 (Recon: 0.0000, CLR: 4.4981)
2026-06-14 08:04:33,450 - Epoch 188/200 - Train Loss: 0.3272 (Recon: 0.0000, CLR: 3.2717) - Val Loss: 0.4495 (Recon: 0.0000, CLR: 4.4950)
2026-06-14 08:06:21,512 - Epoch 189/200 - Train Loss: 0.3272 (Recon: 0.0000, CLR: 3.2720) - Val Loss: 0.4476 (Recon: 0.0000, CLR: 4.4759)
2026-06-14 08:08:10,670 - Epoch 190/200 - Train Loss: 0.3270 (Recon: 0.0000, CLR: 3.2700) - Val Loss: 0.4192 (Recon: 0.0000, CLR: 4.1915)
2026-06-14 08:08:10,670 - Evaluating on bbbp...
2026-06-14 08:08:11,073 - bbbp ROC-AUC: 0.7957
2026-06-14 08:08:11,073 - Evaluating on bace...
2026-06-14 08:08:11,392 - bace ROC-AUC: 0.7940
2026-06-14 08:08:11,392 - Evaluating on clintox...
2026-06-14 08:08:11,697 - clintox ROC-AUC: 0.6788
2026-06-14 08:08:11,697 - Evaluating on freesolv...
2026-06-14 08:08:11,838 - freesolv RMSE: 2.6869
2026-06-14 08:08:11,838 - Evaluating on esol...
2026-06-14 08:08:12,030 - esol RMSE: 1.7491
2026-06-14 08:08:12,030 - Evaluating on lipo...
2026-06-14 08:08:12,702 - lipo RMSE: 1.1097
2026-06-14 08:08:12,702 - Unified Linear Probe Score: -0.5462
2026-06-14 08:08:12,703 - New Best Probe Score: -0.5462
2026-06-14 08:10:01,272 - Epoch 191/200 - Train Loss: 0.3271 (Recon: 0.0000, CLR: 3.2706) - Val Loss: 0.4336 (Recon: 0.0000, CLR: 4.3361)
2026-06-14 08:11:50,077 - Epoch 192/200 - Train Loss: 0.3269 (Recon: 0.0000, CLR: 3.2686) - Val Loss: 0.4315 (Recon: 0.0000, CLR: 4.3155)
2026-06-14 08:13:39,146 - Epoch 193/200 - Train Loss: 0.3269 (Recon: 0.0000, CLR: 3.2693) - Val Loss: 0.4331 (Recon: 0.0000, CLR: 4.3305)
2026-06-14 08:15:34,882 - Epoch 194/200 - Train Loss: 0.3272 (Recon: 0.0000, CLR: 3.2721) - Val Loss: 0.4181 (Recon: 0.0000, CLR: 4.1811)
2026-06-14 08:17:23,889 - Epoch 195/200 - Train Loss: 0.3271 (Recon: 0.0000, CLR: 3.2706) - Val Loss: 0.4050 (Recon: 0.0000, CLR: 4.0496)
2026-06-14 08:17:23,889 - Evaluating on bbbp...
2026-06-14 08:17:24,297 - bbbp ROC-AUC: 0.8007
2026-06-14 08:17:24,297 - Evaluating on bace...
2026-06-14 08:17:24,631 - bace ROC-AUC: 0.8098
2026-06-14 08:17:24,631 - Evaluating on clintox...
2026-06-14 08:17:24,924 - clintox ROC-AUC: 0.5949
2026-06-14 08:17:24,924 - Evaluating on freesolv...
2026-06-14 08:17:25,068 - freesolv RMSE: 3.3950
2026-06-14 08:17:25,068 - Evaluating on esol...
2026-06-14 08:17:25,280 - esol RMSE: 1.8202
2026-06-14 08:17:25,280 - Evaluating on lipo...
2026-06-14 08:17:25,953 - lipo RMSE: 1.1349
2026-06-14 08:17:25,953 - Unified Linear Probe Score: -0.6908
2026-06-14 08:19:14,838 - Epoch 196/200 - Train Loss: 0.3268 (Recon: 0.0000, CLR: 3.2681) - Val Loss: 0.4139 (Recon: 0.0000, CLR: 4.1390)
2026-06-14 08:21:04,057 - Epoch 197/200 - Train Loss: 0.3266 (Recon: 0.0000, CLR: 3.2664) - Val Loss: 0.4245 (Recon: 0.0000, CLR: 4.2454)
2026-06-14 08:22:52,281 - Epoch 198/200 - Train Loss: 0.3269 (Recon: 0.0000, CLR: 3.2694) - Val Loss: 0.3879 (Recon: 0.0000, CLR: 3.8793)
2026-06-14 08:24:40,782 - Epoch 199/200 - Train Loss: 0.3267 (Recon: 0.0000, CLR: 3.2674) - Val Loss: 0.3954 (Recon: 0.0000, CLR: 3.9543)
2026-06-14 08:26:29,452 - Epoch 200/200 - Train Loss: 0.3267 (Recon: 0.0000, CLR: 3.2673) - Val Loss: 0.4171 (Recon: 0.0000, CLR: 4.1715)
2026-06-14 08:26:29,452 - Evaluating on bbbp...
2026-06-14 08:26:29,862 - bbbp ROC-AUC: 0.7878
2026-06-14 08:26:29,862 - Evaluating on bace...
2026-06-14 08:26:30,207 - bace ROC-AUC: 0.7683
2026-06-14 08:26:30,208 - Evaluating on clintox...
2026-06-14 08:26:30,520 - clintox ROC-AUC: 0.6827
2026-06-14 08:26:30,520 - Evaluating on freesolv...
2026-06-14 08:26:30,686 - freesolv RMSE: 3.3821
2026-06-14 08:26:30,686 - Evaluating on esol...
2026-06-14 08:26:30,884 - esol RMSE: 1.9132
2026-06-14 08:26:30,884 - Evaluating on lipo...
2026-06-14 08:26:31,562 - lipo RMSE: 1.1202
2026-06-14 08:26:31,562 - Unified Linear Probe Score: -0.6961
