2026-06-12 03:00:18,212 - Epoch 1/200 - Train Loss: 1.9203 (Recon: 0.0576, CLR: 4.6566) - Val Loss: 4.1503 (Recon: 1.5160, CLR: 6.5857)
2026-06-12 03:02:06,980 - Epoch 2/200 - Train Loss: 1.6831 (Recon: 0.0064, CLR: 4.1917) - Val Loss: 3.8074 (Recon: 1.0749, CLR: 6.8312)
2026-06-12 03:03:56,581 - Epoch 3/200 - Train Loss: 1.6206 (Recon: 0.0027, CLR: 4.0447) - Val Loss: 3.5017 (Recon: 0.8838, CLR: 6.5449)
2026-06-12 03:05:44,583 - Epoch 4/200 - Train Loss: 1.5926 (Recon: 0.0043, CLR: 3.9706) - Val Loss: 4.0914 (Recon: 1.4078, CLR: 6.7088)
2026-06-12 03:07:33,134 - Epoch 5/200 - Train Loss: 1.5752 (Recon: 0.0041, CLR: 3.9276) - Val Loss: 2.8117 (Recon: 0.0581, CLR: 6.8840)
2026-06-12 03:07:33,135 - Evaluating on bbbp...
2026-06-12 03:07:33,560 - bbbp ROC-AUC: 0.7997
2026-06-12 03:07:33,561 - Evaluating on bace...
2026-06-12 03:07:33,893 - bace ROC-AUC: 0.7209
2026-06-12 03:07:33,893 - Evaluating on clintox...
2026-06-12 03:07:34,215 - clintox ROC-AUC: 0.4934
2026-06-12 03:07:34,215 - Evaluating on freesolv...
2026-06-12 03:07:34,401 - freesolv RMSE: 3.9986
2026-06-12 03:07:34,401 - Evaluating on esol...
2026-06-12 03:07:34,608 - esol RMSE: 1.7933
2026-06-12 03:07:34,608 - Evaluating on lipo...
2026-06-12 03:07:35,296 - lipo RMSE: 1.1382
2026-06-12 03:07:35,296 - Unified Linear Probe Score: -0.8193
2026-06-12 03:07:35,296 - New Best Probe Score: -0.8193
2026-06-12 03:09:24,274 - Epoch 6/200 - Train Loss: 1.5558 (Recon: 0.0014, CLR: 3.8862) - Val Loss: 2.8915 (Recon: 0.1611, CLR: 6.8259)
2026-06-12 03:11:22,061 - Epoch 7/200 - Train Loss: 1.5432 (Recon: 0.0007, CLR: 3.8561) - Val Loss: 2.8105 (Recon: 0.0678, CLR: 6.8567)
2026-06-12 03:13:10,762 - Epoch 8/200 - Train Loss: 1.5339 (Recon: 0.0003, CLR: 3.8341) - Val Loss: 3.0806 (Recon: 0.3573, CLR: 6.8083)
2026-06-12 03:14:58,830 - Epoch 9/200 - Train Loss: 1.5273 (Recon: 0.0009, CLR: 3.8160) - Val Loss: 2.7524 (Recon: 0.0282, CLR: 6.8104)
2026-06-12 03:16:46,681 - Epoch 10/200 - Train Loss: 1.5188 (Recon: 0.0002, CLR: 3.7965) - Val Loss: 2.7965 (Recon: 0.0875, CLR: 6.7727)
2026-06-12 03:16:46,681 - Evaluating on bbbp...
2026-06-12 03:16:47,098 - bbbp ROC-AUC: 0.8226
2026-06-12 03:16:47,098 - Evaluating on bace...
2026-06-12 03:16:47,450 - bace ROC-AUC: 0.7288
2026-06-12 03:16:47,450 - Evaluating on clintox...
2026-06-12 03:16:47,773 - clintox ROC-AUC: 0.5463
2026-06-12 03:16:47,773 - Evaluating on freesolv...
2026-06-12 03:16:47,909 - freesolv RMSE: 3.8180
2026-06-12 03:16:47,909 - Evaluating on esol...
2026-06-12 03:16:48,108 - esol RMSE: 1.3359
2026-06-12 03:16:48,108 - Evaluating on lipo...
2026-06-12 03:16:48,822 - lipo RMSE: 1.1049
2026-06-12 03:16:48,822 - Unified Linear Probe Score: -0.6935
2026-06-12 03:16:48,822 - New Best Probe Score: -0.6935
2026-06-12 03:18:36,290 - Epoch 11/200 - Train Loss: 1.5151 (Recon: 0.0001, CLR: 3.7875) - Val Loss: 2.8619 (Recon: 0.1724, CLR: 6.7236)
2026-06-12 03:20:24,135 - Epoch 12/200 - Train Loss: 1.5075 (Recon: 0.0001, CLR: 3.7685) - Val Loss: 2.9379 (Recon: 0.2445, CLR: 6.7336)
2026-06-12 03:22:11,271 - Epoch 13/200 - Train Loss: 1.5031 (Recon: 0.0001, CLR: 3.7577) - Val Loss: 3.3727 (Recon: 0.6862, CLR: 6.7160)
2026-06-12 03:23:58,724 - Epoch 14/200 - Train Loss: 1.4992 (Recon: 0.0000, CLR: 3.7478) - Val Loss: 3.4133 (Recon: 0.7413, CLR: 6.6800)
2026-06-12 03:25:46,086 - Epoch 15/200 - Train Loss: 1.4928 (Recon: 0.0001, CLR: 3.7320) - Val Loss: 2.9044 (Recon: 0.2246, CLR: 6.6996)
2026-06-12 03:25:46,087 - Evaluating on bbbp...
2026-06-12 03:25:46,501 - bbbp ROC-AUC: 0.8111
2026-06-12 03:25:46,501 - Evaluating on bace...
2026-06-12 03:25:46,843 - bace ROC-AUC: 0.6776
2026-06-12 03:25:46,843 - Evaluating on clintox...
2026-06-12 03:25:47,166 - clintox ROC-AUC: 0.5378
2026-06-12 03:25:47,166 - Evaluating on freesolv...
2026-06-12 03:25:47,329 - freesolv RMSE: 3.6143
2026-06-12 03:25:47,330 - Evaluating on esol...
2026-06-12 03:25:47,538 - esol RMSE: 1.8763
2026-06-12 03:25:47,538 - Evaluating on lipo...
2026-06-12 03:25:48,240 - lipo RMSE: 1.2328
2026-06-12 03:25:48,240 - Unified Linear Probe Score: -0.7828
2026-06-12 03:27:35,598 - Epoch 16/200 - Train Loss: 1.4916 (Recon: 0.0000, CLR: 3.7289) - Val Loss: 3.0659 (Recon: 0.4718, CLR: 6.4853)
2026-06-12 03:29:23,498 - Epoch 17/200 - Train Loss: 1.4876 (Recon: 0.0000, CLR: 3.7188) - Val Loss: 3.2533 (Recon: 0.6035, CLR: 6.6244)
2026-06-12 03:31:11,698 - Epoch 18/200 - Train Loss: 1.4841 (Recon: 0.0000, CLR: 3.7101) - Val Loss: 2.8695 (Recon: 0.2409, CLR: 6.5713)
2026-06-12 03:32:59,323 - Epoch 19/200 - Train Loss: 1.4807 (Recon: 0.0000, CLR: 3.7018) - Val Loss: 2.7673 (Recon: 0.1465, CLR: 6.5519)
2026-06-12 03:34:47,062 - Epoch 20/200 - Train Loss: 1.4791 (Recon: 0.0000, CLR: 3.6977) - Val Loss: 2.6033 (Recon: 0.0940, CLR: 6.2734)
2026-06-12 03:34:47,062 - Evaluating on bbbp...
2026-06-12 03:34:47,459 - bbbp ROC-AUC: 0.8059
2026-06-12 03:34:47,459 - Evaluating on bace...
2026-06-12 03:34:47,786 - bace ROC-AUC: 0.7982
2026-06-12 03:34:47,786 - Evaluating on clintox...
2026-06-12 03:34:48,109 - clintox ROC-AUC: 0.4794
2026-06-12 03:34:48,109 - Evaluating on freesolv...
2026-06-12 03:34:48,266 - freesolv RMSE: 4.6627
2026-06-12 03:34:48,266 - Evaluating on esol...
2026-06-12 03:34:48,480 - esol RMSE: 1.5025
2026-06-12 03:34:48,480 - Evaluating on lipo...
2026-06-12 03:34:49,191 - lipo RMSE: 1.3267
2026-06-12 03:34:49,191 - Unified Linear Probe Score: -0.9014
2026-06-12 03:36:36,874 - Epoch 21/200 - Train Loss: 1.4755 (Recon: 0.0000, CLR: 3.6888) - Val Loss: 2.7212 (Recon: 0.0371, CLR: 6.7101)
2026-06-12 03:38:24,635 - Epoch 22/200 - Train Loss: 1.4726 (Recon: 0.0000, CLR: 3.6815) - Val Loss: 2.6854 (Recon: 0.0236, CLR: 6.6545)
2026-06-12 03:40:12,558 - Epoch 23/200 - Train Loss: 1.4711 (Recon: 0.0000, CLR: 3.6777) - Val Loss: 2.6372 (Recon: 0.0030, CLR: 6.5856)
2026-06-12 03:42:00,254 - Epoch 24/200 - Train Loss: 1.4674 (Recon: 0.0000, CLR: 3.6685) - Val Loss: 2.5206 (Recon: 0.0012, CLR: 6.2986)
2026-06-12 03:43:47,850 - Epoch 25/200 - Train Loss: 1.4659 (Recon: 0.0000, CLR: 3.6647) - Val Loss: 2.4067 (Recon: 0.0016, CLR: 6.0128)
2026-06-12 03:43:47,851 - Evaluating on bbbp...
2026-06-12 03:43:48,266 - bbbp ROC-AUC: 0.7979
2026-06-12 03:43:48,267 - Evaluating on bace...
2026-06-12 03:43:48,602 - bace ROC-AUC: 0.7816
2026-06-12 03:43:48,602 - Evaluating on clintox...
2026-06-12 03:43:48,923 - clintox ROC-AUC: 0.5803
2026-06-12 03:43:48,924 - Evaluating on freesolv...
2026-06-12 03:43:49,098 - freesolv RMSE: 6.3772
2026-06-12 03:43:49,098 - Evaluating on esol...
2026-06-12 03:43:49,336 - esol RMSE: 2.2778
2026-06-12 03:43:49,337 - Evaluating on lipo...
2026-06-12 03:43:50,051 - lipo RMSE: 1.2863
2026-06-12 03:43:50,051 - Unified Linear Probe Score: -1.2969
2026-06-12 03:45:37,863 - Epoch 26/200 - Train Loss: 1.4634 (Recon: 0.0000, CLR: 3.6585) - Val Loss: 2.3872 (Recon: 0.0001, CLR: 5.9677)
2026-06-12 03:47:32,824 - Epoch 27/200 - Train Loss: 1.4613 (Recon: 0.0000, CLR: 3.6532) - Val Loss: 2.3101 (Recon: 0.0000, CLR: 5.7751)
2026-06-12 03:49:20,027 - Epoch 28/200 - Train Loss: 1.4608 (Recon: 0.0000, CLR: 3.6520) - Val Loss: 2.3152 (Recon: 0.0000, CLR: 5.7879)
2026-06-12 03:51:07,910 - Epoch 29/200 - Train Loss: 1.4577 (Recon: 0.0000, CLR: 3.6441) - Val Loss: 2.3539 (Recon: 0.0000, CLR: 5.8846)
2026-06-12 03:52:55,222 - Epoch 30/200 - Train Loss: 1.4554 (Recon: 0.0000, CLR: 3.6383) - Val Loss: 2.2288 (Recon: 0.0000, CLR: 5.5720)
2026-06-12 03:52:55,222 - Evaluating on bbbp...
2026-06-12 03:52:55,626 - bbbp ROC-AUC: 0.7652
2026-06-12 03:52:55,626 - Evaluating on bace...
2026-06-12 03:52:55,961 - bace ROC-AUC: 0.8137
2026-06-12 03:52:55,961 - Evaluating on clintox...
2026-06-12 03:52:56,259 - clintox ROC-AUC: 0.5789
2026-06-12 03:52:56,259 - Evaluating on freesolv...
2026-06-12 03:52:56,398 - freesolv RMSE: 5.5942
2026-06-12 03:52:56,398 - Evaluating on esol...
2026-06-12 03:52:56,616 - esol RMSE: 1.5498
2026-06-12 03:52:56,616 - Evaluating on lipo...
2026-06-12 03:52:57,407 - lipo RMSE: 1.0001
2026-06-12 03:52:57,407 - Unified Linear Probe Score: -0.9977
2026-06-12 03:54:44,522 - Epoch 31/200 - Train Loss: 1.4529 (Recon: 0.0000, CLR: 3.6321) - Val Loss: 2.2001 (Recon: 0.0000, CLR: 5.5001)
2026-06-12 03:56:31,900 - Epoch 32/200 - Train Loss: 1.4535 (Recon: 0.0000, CLR: 3.6336) - Val Loss: 2.1670 (Recon: 0.0000, CLR: 5.4175)
2026-06-12 03:58:19,102 - Epoch 33/200 - Train Loss: 1.4509 (Recon: 0.0000, CLR: 3.6271) - Val Loss: 2.1743 (Recon: 0.0000, CLR: 5.4358)
2026-06-12 04:00:06,566 - Epoch 34/200 - Train Loss: 1.4501 (Recon: 0.0000, CLR: 3.6252) - Val Loss: 2.0726 (Recon: 0.0000, CLR: 5.1815)
2026-06-12 04:01:53,544 - Epoch 35/200 - Train Loss: 1.4482 (Recon: 0.0000, CLR: 3.6205) - Val Loss: 2.0896 (Recon: 0.0000, CLR: 5.2240)
2026-06-12 04:01:53,545 - Evaluating on bbbp...
2026-06-12 04:01:53,975 - bbbp ROC-AUC: 0.7887
2026-06-12 04:01:53,975 - Evaluating on bace...
2026-06-12 04:01:54,298 - bace ROC-AUC: 0.8233
2026-06-12 04:01:54,298 - Evaluating on clintox...
2026-06-12 04:01:54,596 - clintox ROC-AUC: 0.5806
2026-06-12 04:01:54,596 - Evaluating on freesolv...
2026-06-12 04:01:54,736 - freesolv RMSE: 4.9614
2026-06-12 04:01:54,736 - Evaluating on esol...
2026-06-12 04:01:54,952 - esol RMSE: 2.3560
2026-06-12 04:01:54,952 - Evaluating on lipo...
2026-06-12 04:01:55,673 - lipo RMSE: 1.1405
2026-06-12 04:01:55,673 - Unified Linear Probe Score: -1.0442
2026-06-12 04:03:42,995 - Epoch 36/200 - Train Loss: 1.4466 (Recon: 0.0000, CLR: 3.6164) - Val Loss: 2.0479 (Recon: 0.0000, CLR: 5.1197)
2026-06-12 04:05:30,383 - Epoch 37/200 - Train Loss: 1.4450 (Recon: 0.0000, CLR: 3.6125) - Val Loss: 1.9766 (Recon: 0.0000, CLR: 4.9415)
2026-06-12 04:07:17,858 - Epoch 38/200 - Train Loss: 1.4422 (Recon: 0.0000, CLR: 3.6056) - Val Loss: 1.9363 (Recon: 0.0000, CLR: 4.8408)
2026-06-12 04:09:05,134 - Epoch 39/200 - Train Loss: 1.4420 (Recon: 0.0000, CLR: 3.6049) - Val Loss: 1.8215 (Recon: 0.0000, CLR: 4.5537)
2026-06-12 04:10:52,561 - Epoch 40/200 - Train Loss: 1.4410 (Recon: 0.0000, CLR: 3.6024) - Val Loss: 1.9074 (Recon: 0.0000, CLR: 4.7684)
2026-06-12 04:10:52,562 - Evaluating on bbbp...
2026-06-12 04:10:52,990 - bbbp ROC-AUC: 0.7989
2026-06-12 04:10:52,990 - Evaluating on bace...
2026-06-12 04:10:53,314 - bace ROC-AUC: 0.7769
2026-06-12 04:10:53,314 - Evaluating on clintox...
2026-06-12 04:10:53,625 - clintox ROC-AUC: 0.5700
2026-06-12 04:10:53,625 - Evaluating on freesolv...
2026-06-12 04:10:53,804 - freesolv RMSE: 5.8399
2026-06-12 04:10:53,805 - Evaluating on esol...
2026-06-12 04:10:53,998 - esol RMSE: 1.6237
2026-06-12 04:10:53,998 - Evaluating on lipo...
2026-06-12 04:10:54,709 - lipo RMSE: 1.1790
2026-06-12 04:10:54,709 - Unified Linear Probe Score: -1.0828
2026-06-12 04:12:41,861 - Epoch 41/200 - Train Loss: 1.4389 (Recon: 0.0000, CLR: 3.5973) - Val Loss: 1.8699 (Recon: 0.0000, CLR: 4.6748)
2026-06-12 04:14:29,224 - Epoch 42/200 - Train Loss: 1.4377 (Recon: 0.0000, CLR: 3.5942) - Val Loss: 1.7850 (Recon: 0.0000, CLR: 4.4624)
2026-06-12 04:16:16,621 - Epoch 43/200 - Train Loss: 1.4371 (Recon: 0.0000, CLR: 3.5927) - Val Loss: 1.7625 (Recon: 0.0000, CLR: 4.4062)
2026-06-12 04:18:03,749 - Epoch 44/200 - Train Loss: 1.4360 (Recon: 0.0000, CLR: 3.5899) - Val Loss: 1.7230 (Recon: 0.0000, CLR: 4.3075)
2026-06-12 04:19:50,840 - Epoch 45/200 - Train Loss: 1.4355 (Recon: 0.0000, CLR: 3.5887) - Val Loss: 1.7160 (Recon: 0.0000, CLR: 4.2901)
2026-06-12 04:19:50,840 - Evaluating on bbbp...
2026-06-12 04:19:51,233 - bbbp ROC-AUC: 0.7803
2026-06-12 04:19:51,233 - Evaluating on bace...
2026-06-12 04:19:51,576 - bace ROC-AUC: 0.7392
2026-06-12 04:19:51,576 - Evaluating on clintox...
2026-06-12 04:19:51,874 - clintox ROC-AUC: 0.6049
2026-06-12 04:19:51,874 - Evaluating on freesolv...
2026-06-12 04:19:52,023 - freesolv RMSE: 3.5413
2026-06-12 04:19:52,024 - Evaluating on esol...
2026-06-12 04:19:52,210 - esol RMSE: 1.7173
2026-06-12 04:19:52,211 - Evaluating on lipo...
2026-06-12 04:19:52,879 - lipo RMSE: 1.2682
2026-06-12 04:19:52,879 - Unified Linear Probe Score: -0.7337
2026-06-12 04:21:40,106 - Epoch 46/200 - Train Loss: 1.4332 (Recon: 0.0000, CLR: 3.5830) - Val Loss: 1.6502 (Recon: 0.0000, CLR: 4.1256)
2026-06-12 04:23:27,544 - Epoch 47/200 - Train Loss: 1.4312 (Recon: 0.0000, CLR: 3.5781) - Val Loss: 1.6458 (Recon: 0.0000, CLR: 4.1144)
2026-06-12 04:25:22,020 - Epoch 48/200 - Train Loss: 1.4311 (Recon: 0.0000, CLR: 3.5777) - Val Loss: 1.6276 (Recon: 0.0000, CLR: 4.0689)
2026-06-12 04:27:09,335 - Epoch 49/200 - Train Loss: 1.4306 (Recon: 0.0000, CLR: 3.5765) - Val Loss: 1.6201 (Recon: 0.0000, CLR: 4.0501)
2026-06-12 04:28:56,641 - Epoch 50/200 - Train Loss: 1.4296 (Recon: 0.0000, CLR: 3.5741) - Val Loss: 1.6001 (Recon: 0.0000, CLR: 4.0002)
2026-06-12 04:28:56,641 - Evaluating on bbbp...
2026-06-12 04:28:57,047 - bbbp ROC-AUC: 0.7719
2026-06-12 04:28:57,047 - Evaluating on bace...
2026-06-12 04:28:57,455 - bace ROC-AUC: 0.7993
2026-06-12 04:28:57,455 - Evaluating on clintox...
2026-06-12 04:28:57,780 - clintox ROC-AUC: 0.5269
2026-06-12 04:28:57,780 - Evaluating on freesolv...
2026-06-12 04:28:57,945 - freesolv RMSE: 2.9972
2026-06-12 04:28:57,945 - Evaluating on esol...
2026-06-12 04:28:58,153 - esol RMSE: 1.5492
2026-06-12 04:28:58,153 - Evaluating on lipo...
2026-06-12 04:28:58,899 - lipo RMSE: 1.0896
2026-06-12 04:28:58,899 - Unified Linear Probe Score: -0.5897
2026-06-12 04:28:58,900 - New Best Probe Score: -0.5897
2026-06-12 04:30:45,962 - Epoch 51/200 - Train Loss: 1.4279 (Recon: 0.0000, CLR: 3.5696) - Val Loss: 1.6061 (Recon: 0.0000, CLR: 4.0152)
2026-06-12 04:32:33,392 - Epoch 52/200 - Train Loss: 1.4256 (Recon: 0.0000, CLR: 3.5640) - Val Loss: 1.5839 (Recon: 0.0000, CLR: 3.9598)
2026-06-12 04:34:20,891 - Epoch 53/200 - Train Loss: 1.4262 (Recon: 0.0000, CLR: 3.5655) - Val Loss: 1.5880 (Recon: 0.0000, CLR: 3.9699)
2026-06-12 04:36:08,521 - Epoch 54/200 - Train Loss: 1.4237 (Recon: 0.0000, CLR: 3.5592) - Val Loss: 1.5617 (Recon: 0.0000, CLR: 3.9041)
2026-06-12 04:37:55,616 - Epoch 55/200 - Train Loss: 1.4230 (Recon: 0.0000, CLR: 3.5576) - Val Loss: 1.5923 (Recon: 0.0000, CLR: 3.9807)
2026-06-12 04:37:55,616 - Evaluating on bbbp...
2026-06-12 04:37:56,016 - bbbp ROC-AUC: 0.7644
2026-06-12 04:37:56,017 - Evaluating on bace...
2026-06-12 04:37:56,346 - bace ROC-AUC: 0.7878
2026-06-12 04:37:56,346 - Evaluating on clintox...
2026-06-12 04:37:56,706 - clintox ROC-AUC: 0.6000
2026-06-12 04:37:56,707 - Evaluating on freesolv...
2026-06-12 04:37:56,886 - freesolv RMSE: 3.5466
2026-06-12 04:37:56,887 - Evaluating on esol...
2026-06-12 04:37:57,138 - esol RMSE: 1.9509
2026-06-12 04:37:57,139 - Evaluating on lipo...
2026-06-12 04:37:57,862 - lipo RMSE: 1.1813
2026-06-12 04:37:57,862 - Unified Linear Probe Score: -0.7544
2026-06-12 04:39:45,013 - Epoch 56/200 - Train Loss: 1.4222 (Recon: 0.0000, CLR: 3.5555) - Val Loss: 1.5790 (Recon: 0.0000, CLR: 3.9474)
2026-06-12 04:41:32,417 - Epoch 57/200 - Train Loss: 1.4218 (Recon: 0.0000, CLR: 3.5545) - Val Loss: 1.5713 (Recon: 0.0000, CLR: 3.9282)
2026-06-12 04:43:20,032 - Epoch 58/200 - Train Loss: 1.4208 (Recon: 0.0000, CLR: 3.5520) - Val Loss: 1.5681 (Recon: 0.0000, CLR: 3.9203)
2026-06-12 04:45:07,656 - Epoch 59/200 - Train Loss: 1.4201 (Recon: 0.0000, CLR: 3.5502) - Val Loss: 1.5851 (Recon: 0.0000, CLR: 3.9627)
2026-06-12 04:46:54,894 - Epoch 60/200 - Train Loss: 1.4187 (Recon: 0.0000, CLR: 3.5467) - Val Loss: 1.5674 (Recon: 0.0000, CLR: 3.9185)
2026-06-12 04:46:54,895 - Evaluating on bbbp...
2026-06-12 04:46:55,305 - bbbp ROC-AUC: 0.7675
2026-06-12 04:46:55,305 - Evaluating on bace...
2026-06-12 04:46:55,635 - bace ROC-AUC: 0.8053
2026-06-12 04:46:55,636 - Evaluating on clintox...
2026-06-12 04:46:55,930 - clintox ROC-AUC: 0.5799
2026-06-12 04:46:55,930 - Evaluating on freesolv...
2026-06-12 04:46:56,068 - freesolv RMSE: 3.5404
2026-06-12 04:46:56,068 - Evaluating on esol...
2026-06-12 04:46:56,305 - esol RMSE: 1.6203
2026-06-12 04:46:56,305 - Evaluating on lipo...
2026-06-12 04:46:56,975 - lipo RMSE: 1.1094
2026-06-12 04:46:56,975 - Unified Linear Probe Score: -0.6862
2026-06-12 04:48:44,658 - Epoch 61/200 - Train Loss: 1.4180 (Recon: 0.0000, CLR: 3.5450) - Val Loss: 1.6460 (Recon: 0.0000, CLR: 4.1151)
2026-06-12 04:50:32,255 - Epoch 62/200 - Train Loss: 1.4167 (Recon: 0.0000, CLR: 3.5418) - Val Loss: 1.6040 (Recon: 0.0000, CLR: 4.0100)
2026-06-12 04:52:19,713 - Epoch 63/200 - Train Loss: 1.4167 (Recon: 0.0000, CLR: 3.5416) - Val Loss: 1.5746 (Recon: 0.0000, CLR: 3.9366)
2026-06-12 04:54:07,347 - Epoch 64/200 - Train Loss: 1.4152 (Recon: 0.0000, CLR: 3.5380) - Val Loss: 1.5767 (Recon: 0.0000, CLR: 3.9418)
2026-06-12 04:55:54,876 - Epoch 65/200 - Train Loss: 1.4148 (Recon: 0.0000, CLR: 3.5371) - Val Loss: 1.5718 (Recon: 0.0000, CLR: 3.9295)
2026-06-12 04:55:54,877 - Evaluating on bbbp...
2026-06-12 04:55:55,286 - bbbp ROC-AUC: 0.8006
2026-06-12 04:55:55,287 - Evaluating on bace...
2026-06-12 04:55:55,621 - bace ROC-AUC: 0.8022
2026-06-12 04:55:55,622 - Evaluating on clintox...
2026-06-12 04:55:55,928 - clintox ROC-AUC: 0.5853
2026-06-12 04:55:55,928 - Evaluating on freesolv...
2026-06-12 04:55:56,107 - freesolv RMSE: 4.6648
2026-06-12 04:55:56,108 - Evaluating on esol...
2026-06-12 04:55:56,315 - esol RMSE: 1.7861
2026-06-12 04:55:56,315 - Evaluating on lipo...
2026-06-12 04:55:57,115 - lipo RMSE: 1.0926
2026-06-12 04:55:57,116 - Unified Linear Probe Score: -0.8926
2026-06-12 04:57:44,331 - Epoch 66/200 - Train Loss: 1.4145 (Recon: 0.0000, CLR: 3.5362) - Val Loss: 1.5789 (Recon: 0.0000, CLR: 3.9472)
2026-06-12 04:59:31,568 - Epoch 67/200 - Train Loss: 1.4133 (Recon: 0.0000, CLR: 3.5333) - Val Loss: 1.5642 (Recon: 0.0000, CLR: 3.9104)
2026-06-12 05:01:19,186 - Epoch 68/200 - Train Loss: 1.4131 (Recon: 0.0000, CLR: 3.5326) - Val Loss: 1.5617 (Recon: 0.0000, CLR: 3.9041)
2026-06-12 05:03:13,540 - Epoch 69/200 - Train Loss: 1.4123 (Recon: 0.0000, CLR: 3.5308) - Val Loss: 1.5729 (Recon: 0.0000, CLR: 3.9323)
2026-06-12 05:05:00,947 - Epoch 70/200 - Train Loss: 1.4109 (Recon: 0.0000, CLR: 3.5273) - Val Loss: 1.5677 (Recon: 0.0000, CLR: 3.9192)
2026-06-12 05:05:00,948 - Evaluating on bbbp...
2026-06-12 05:05:01,350 - bbbp ROC-AUC: 0.8055
2026-06-12 05:05:01,350 - Evaluating on bace...
2026-06-12 05:05:01,676 - bace ROC-AUC: 0.7827
2026-06-12 05:05:01,676 - Evaluating on clintox...
2026-06-12 05:05:01,997 - clintox ROC-AUC: 0.5640
2026-06-12 05:05:01,998 - Evaluating on freesolv...
2026-06-12 05:05:02,148 - freesolv RMSE: 4.7338
2026-06-12 05:05:02,148 - Evaluating on esol...
2026-06-12 05:05:02,366 - esol RMSE: 1.9245
2026-06-12 05:05:02,366 - Evaluating on lipo...
2026-06-12 05:05:03,066 - lipo RMSE: 1.2274
2026-06-12 05:05:03,066 - Unified Linear Probe Score: -0.9556
2026-06-12 05:06:49,983 - Epoch 71/200 - Train Loss: 1.4102 (Recon: 0.0000, CLR: 3.5254) - Val Loss: 1.5563 (Recon: 0.0000, CLR: 3.8907)
2026-06-12 05:08:37,256 - Epoch 72/200 - Train Loss: 1.4090 (Recon: 0.0000, CLR: 3.5224) - Val Loss: 1.5738 (Recon: 0.0000, CLR: 3.9346)
2026-06-12 05:10:24,855 - Epoch 73/200 - Train Loss: 1.4093 (Recon: 0.0000, CLR: 3.5232) - Val Loss: 1.5508 (Recon: 0.0000, CLR: 3.8771)
2026-06-12 05:12:12,324 - Epoch 74/200 - Train Loss: 1.4078 (Recon: 0.0000, CLR: 3.5196) - Val Loss: 1.5570 (Recon: 0.0000, CLR: 3.8924)
2026-06-12 05:13:59,487 - Epoch 75/200 - Train Loss: 1.4077 (Recon: 0.0000, CLR: 3.5193) - Val Loss: 1.5523 (Recon: 0.0000, CLR: 3.8806)
2026-06-12 05:13:59,488 - Evaluating on bbbp...
2026-06-12 05:13:59,909 - bbbp ROC-AUC: 0.8146
2026-06-12 05:13:59,909 - Evaluating on bace...
2026-06-12 05:14:00,262 - bace ROC-AUC: 0.8104
2026-06-12 05:14:00,262 - Evaluating on clintox...
2026-06-12 05:14:00,572 - clintox ROC-AUC: 0.5768
2026-06-12 05:14:00,572 - Evaluating on freesolv...
2026-06-12 05:14:00,719 - freesolv RMSE: 3.0521
2026-06-12 05:14:00,719 - Evaluating on esol...
2026-06-12 05:14:00,906 - esol RMSE: 2.0302
2026-06-12 05:14:00,906 - Evaluating on lipo...
2026-06-12 05:14:01,585 - lipo RMSE: 1.1687
2026-06-12 05:14:01,585 - Unified Linear Probe Score: -0.6749
2026-06-12 05:15:48,416 - Epoch 76/200 - Train Loss: 1.4075 (Recon: 0.0000, CLR: 3.5188) - Val Loss: 1.5462 (Recon: 0.0000, CLR: 3.8655)
2026-06-12 05:17:35,724 - Epoch 77/200 - Train Loss: 1.4066 (Recon: 0.0000, CLR: 3.5165) - Val Loss: 1.5555 (Recon: 0.0000, CLR: 3.8888)
2026-06-12 05:19:23,524 - Epoch 78/200 - Train Loss: 1.4055 (Recon: 0.0000, CLR: 3.5137) - Val Loss: 1.5534 (Recon: 0.0000, CLR: 3.8834)
2026-06-12 05:21:11,133 - Epoch 79/200 - Train Loss: 1.4049 (Recon: 0.0000, CLR: 3.5123) - Val Loss: 1.6298 (Recon: 0.0000, CLR: 4.0744)
2026-06-12 05:22:58,679 - Epoch 80/200 - Train Loss: 1.4048 (Recon: 0.0000, CLR: 3.5121) - Val Loss: 1.5690 (Recon: 0.0000, CLR: 3.9225)
2026-06-12 05:22:58,679 - Evaluating on bbbp...
2026-06-12 05:22:59,135 - bbbp ROC-AUC: 0.8100
2026-06-12 05:22:59,135 - Evaluating on bace...
2026-06-12 05:22:59,441 - bace ROC-AUC: 0.7792
2026-06-12 05:22:59,441 - Evaluating on clintox...
2026-06-12 05:22:59,773 - clintox ROC-AUC: 0.6202
2026-06-12 05:22:59,774 - Evaluating on freesolv...
2026-06-12 05:22:59,918 - freesolv RMSE: 3.6117
2026-06-12 05:22:59,918 - Evaluating on esol...
2026-06-12 05:23:00,119 - esol RMSE: 2.2815
2026-06-12 05:23:00,119 - Evaluating on lipo...
2026-06-12 05:23:00,809 - lipo RMSE: 1.0673
2026-06-12 05:23:00,810 - Unified Linear Probe Score: -0.7918
2026-06-12 05:24:47,793 - Epoch 81/200 - Train Loss: 1.4044 (Recon: 0.0000, CLR: 3.5110) - Val Loss: 1.5720 (Recon: 0.0000, CLR: 3.9301)
2026-06-12 05:26:35,144 - Epoch 82/200 - Train Loss: 1.4041 (Recon: 0.0000, CLR: 3.5103) - Val Loss: 1.5578 (Recon: 0.0000, CLR: 3.8945)
2026-06-12 05:28:23,031 - Epoch 83/200 - Train Loss: 1.4031 (Recon: 0.0000, CLR: 3.5078) - Val Loss: 1.5537 (Recon: 0.0000, CLR: 3.8842)
2026-06-12 05:30:10,946 - Epoch 84/200 - Train Loss: 1.4022 (Recon: 0.0000, CLR: 3.5056) - Val Loss: 1.5484 (Recon: 0.0000, CLR: 3.8711)
2026-06-12 05:31:58,410 - Epoch 85/200 - Train Loss: 1.4020 (Recon: 0.0000, CLR: 3.5049) - Val Loss: 1.5465 (Recon: 0.0000, CLR: 3.8662)
2026-06-12 05:31:58,410 - Evaluating on bbbp...
2026-06-12 05:31:58,868 - bbbp ROC-AUC: 0.8244
2026-06-12 05:31:58,868 - Evaluating on bace...
2026-06-12 05:31:59,193 - bace ROC-AUC: 0.8199
2026-06-12 05:31:59,193 - Evaluating on clintox...
2026-06-12 05:31:59,522 - clintox ROC-AUC: 0.5766
2026-06-12 05:31:59,523 - Evaluating on freesolv...
2026-06-12 05:31:59,671 - freesolv RMSE: 3.3996
2026-06-12 05:31:59,671 - Evaluating on esol...
2026-06-12 05:31:59,862 - esol RMSE: 1.9696
2026-06-12 05:31:59,862 - Evaluating on lipo...
2026-06-12 05:32:00,590 - lipo RMSE: 1.1474
2026-06-12 05:32:00,590 - Unified Linear Probe Score: -0.7160
2026-06-12 05:33:47,378 - Epoch 86/200 - Train Loss: 1.4010 (Recon: 0.0000, CLR: 3.5025) - Val Loss: 1.5495 (Recon: 0.0000, CLR: 3.8738)
2026-06-12 05:35:34,805 - Epoch 87/200 - Train Loss: 1.4009 (Recon: 0.0000, CLR: 3.5022) - Val Loss: 1.5436 (Recon: 0.0000, CLR: 3.8590)
2026-06-12 05:37:22,465 - Epoch 88/200 - Train Loss: 1.4003 (Recon: 0.0000, CLR: 3.5008) - Val Loss: 1.5537 (Recon: 0.0000, CLR: 3.8843)
2026-06-12 05:39:10,035 - Epoch 89/200 - Train Loss: 1.3991 (Recon: 0.0000, CLR: 3.4976) - Val Loss: 1.5589 (Recon: 0.0000, CLR: 3.8971)
2026-06-12 05:41:05,095 - Epoch 90/200 - Train Loss: 1.3989 (Recon: 0.0000, CLR: 3.4973) - Val Loss: 1.5623 (Recon: 0.0000, CLR: 3.9057)
2026-06-12 05:41:05,095 - Evaluating on bbbp...
2026-06-12 05:41:05,493 - bbbp ROC-AUC: 0.8128
2026-06-12 05:41:05,494 - Evaluating on bace...
2026-06-12 05:41:05,803 - bace ROC-AUC: 0.8171
2026-06-12 05:41:05,803 - Evaluating on clintox...
2026-06-12 05:41:06,118 - clintox ROC-AUC: 0.5737
2026-06-12 05:41:06,118 - Evaluating on freesolv...
2026-06-12 05:41:06,263 - freesolv RMSE: 4.1903
2026-06-12 05:41:06,263 - Evaluating on esol...
2026-06-12 05:41:06,476 - esol RMSE: 2.3779
2026-06-12 05:41:06,476 - Evaluating on lipo...
2026-06-12 05:41:07,181 - lipo RMSE: 1.1369
2026-06-12 05:41:07,181 - Unified Linear Probe Score: -0.9169
2026-06-12 05:42:55,448 - Epoch 91/200 - Train Loss: 1.3980 (Recon: 0.0000, CLR: 3.4949) - Val Loss: 1.5633 (Recon: 0.0000, CLR: 3.9083)
2026-06-12 05:44:42,724 - Epoch 92/200 - Train Loss: 1.3980 (Recon: 0.0000, CLR: 3.4951) - Val Loss: 1.5643 (Recon: 0.0000, CLR: 3.9107)
2026-06-12 05:46:29,668 - Epoch 93/200 - Train Loss: 1.3976 (Recon: 0.0000, CLR: 3.4939) - Val Loss: 1.5621 (Recon: 0.0000, CLR: 3.9052)
2026-06-12 05:48:16,939 - Epoch 94/200 - Train Loss: 1.3970 (Recon: 0.0000, CLR: 3.4924) - Val Loss: 1.5672 (Recon: 0.0000, CLR: 3.9179)
2026-06-12 05:50:04,607 - Epoch 95/200 - Train Loss: 1.3959 (Recon: 0.0000, CLR: 3.4898) - Val Loss: 1.5594 (Recon: 0.0000, CLR: 3.8985)
2026-06-12 05:50:04,608 - Evaluating on bbbp...
2026-06-12 05:50:05,003 - bbbp ROC-AUC: 0.8221
2026-06-12 05:50:05,003 - Evaluating on bace...
2026-06-12 05:50:05,322 - bace ROC-AUC: 0.8093
2026-06-12 05:50:05,322 - Evaluating on clintox...
2026-06-12 05:50:05,647 - clintox ROC-AUC: 0.5775
2026-06-12 05:50:05,647 - Evaluating on freesolv...
2026-06-12 05:50:05,800 - freesolv RMSE: 3.3612
2026-06-12 05:50:05,800 - Evaluating on esol...
2026-06-12 05:50:06,001 - esol RMSE: 2.0993
2026-06-12 05:50:06,001 - Evaluating on lipo...
2026-06-12 05:50:06,693 - lipo RMSE: 1.1509
2026-06-12 05:50:06,693 - Unified Linear Probe Score: -0.7337
2026-06-12 05:51:53,506 - Epoch 96/200 - Train Loss: 1.3966 (Recon: 0.0000, CLR: 3.4915) - Val Loss: 1.5471 (Recon: 0.0000, CLR: 3.8677)
2026-06-12 05:53:40,565 - Epoch 97/200 - Train Loss: 1.3952 (Recon: 0.0000, CLR: 3.4879) - Val Loss: 1.5412 (Recon: 0.0000, CLR: 3.8531)
2026-06-12 05:55:27,569 - Epoch 98/200 - Train Loss: 1.3948 (Recon: 0.0000, CLR: 3.4869) - Val Loss: 1.6546 (Recon: 0.0000, CLR: 4.1364)
2026-06-12 05:57:14,767 - Epoch 99/200 - Train Loss: 1.3953 (Recon: 0.0000, CLR: 3.4881) - Val Loss: 1.5432 (Recon: 0.0000, CLR: 3.8580)
2026-06-12 05:59:02,140 - Epoch 100/200 - Train Loss: 1.3941 (Recon: 0.0000, CLR: 3.4853) - Val Loss: 1.5519 (Recon: 0.0000, CLR: 3.8798)
2026-06-12 05:59:02,140 - Evaluating on bbbp...
2026-06-12 05:59:02,525 - bbbp ROC-AUC: 0.8359
2026-06-12 05:59:02,525 - Evaluating on bace...
2026-06-12 05:59:02,843 - bace ROC-AUC: 0.8071
2026-06-12 05:59:02,843 - Evaluating on clintox...
2026-06-12 05:59:03,134 - clintox ROC-AUC: 0.6331
2026-06-12 05:59:03,134 - Evaluating on freesolv...
2026-06-12 05:59:03,314 - freesolv RMSE: 3.4402
2026-06-12 05:59:03,314 - Evaluating on esol...
2026-06-12 05:59:03,532 - esol RMSE: 1.7314
2026-06-12 05:59:03,532 - Evaluating on lipo...
2026-06-12 05:59:04,224 - lipo RMSE: 1.1569
2026-06-12 05:59:04,224 - Unified Linear Probe Score: -0.6754
2026-06-12 06:00:51,625 - Epoch 101/200 - Train Loss: 1.3938 (Recon: 0.0000, CLR: 3.4846) - Val Loss: 1.5436 (Recon: 0.0000, CLR: 3.8590)
2026-06-12 06:02:38,835 - Epoch 102/200 - Train Loss: 1.3939 (Recon: 0.0000, CLR: 3.4848) - Val Loss: 1.5452 (Recon: 0.0000, CLR: 3.8630)
2026-06-12 06:04:26,109 - Epoch 103/200 - Train Loss: 1.3934 (Recon: 0.0000, CLR: 3.4835) - Val Loss: 1.5342 (Recon: 0.0000, CLR: 3.8354)
2026-06-12 06:06:13,128 - Epoch 104/200 - Train Loss: 1.3925 (Recon: 0.0000, CLR: 3.4813) - Val Loss: 1.5577 (Recon: 0.0000, CLR: 3.8942)
2026-06-12 06:08:00,145 - Epoch 105/200 - Train Loss: 1.3916 (Recon: 0.0000, CLR: 3.4790) - Val Loss: 1.5481 (Recon: 0.0000, CLR: 3.8703)
2026-06-12 06:08:00,145 - Evaluating on bbbp...
2026-06-12 06:08:00,579 - bbbp ROC-AUC: 0.8269
2026-06-12 06:08:00,579 - Evaluating on bace...
2026-06-12 06:08:00,892 - bace ROC-AUC: 0.8319
2026-06-12 06:08:00,893 - Evaluating on clintox...
2026-06-12 06:08:01,216 - clintox ROC-AUC: 0.5960
2026-06-12 06:08:01,216 - Evaluating on freesolv...
2026-06-12 06:08:01,361 - freesolv RMSE: 3.0602
2026-06-12 06:08:01,363 - Evaluating on esol...
2026-06-12 06:08:01,574 - esol RMSE: 2.1594
2026-06-12 06:08:01,574 - Evaluating on lipo...
2026-06-12 06:08:02,258 - lipo RMSE: 1.2044
2026-06-12 06:08:02,258 - Unified Linear Probe Score: -0.6949
2026-06-12 06:09:49,956 - Epoch 106/200 - Train Loss: 1.3921 (Recon: 0.0000, CLR: 3.4801) - Val Loss: 1.5478 (Recon: 0.0000, CLR: 3.8696)
2026-06-12 06:11:38,983 - Epoch 107/200 - Train Loss: 1.3896 (Recon: 0.0000, CLR: 3.4740) - Val Loss: 1.5467 (Recon: 0.0000, CLR: 3.8667)
2026-06-12 06:13:26,884 - Epoch 108/200 - Train Loss: 1.3903 (Recon: 0.0000, CLR: 3.4757) - Val Loss: 1.5426 (Recon: 0.0000, CLR: 3.8565)
2026-06-12 06:15:14,483 - Epoch 109/200 - Train Loss: 1.3900 (Recon: 0.0000, CLR: 3.4750) - Val Loss: 1.5497 (Recon: 0.0000, CLR: 3.8742)
2026-06-12 06:17:09,051 - Epoch 110/200 - Train Loss: 1.3902 (Recon: 0.0000, CLR: 3.4755) - Val Loss: 1.5369 (Recon: 0.0000, CLR: 3.8422)
2026-06-12 06:17:09,052 - Evaluating on bbbp...
2026-06-12 06:17:09,441 - bbbp ROC-AUC: 0.8382
2026-06-12 06:17:09,442 - Evaluating on bace...
2026-06-12 06:17:09,769 - bace ROC-AUC: 0.7882
2026-06-12 06:17:09,769 - Evaluating on clintox...
2026-06-12 06:17:10,094 - clintox ROC-AUC: 0.6228
2026-06-12 06:17:10,095 - Evaluating on freesolv...
2026-06-12 06:17:10,233 - freesolv RMSE: 2.8769
2026-06-12 06:17:10,233 - Evaluating on esol...
2026-06-12 06:17:10,461 - esol RMSE: 1.7969
2026-06-12 06:17:10,461 - Evaluating on lipo...
2026-06-12 06:17:11,160 - lipo RMSE: 1.1281
2026-06-12 06:17:11,160 - Unified Linear Probe Score: -0.5921
2026-06-12 06:18:58,376 - Epoch 111/200 - Train Loss: 1.3897 (Recon: 0.0000, CLR: 3.4743) - Val Loss: 1.5546 (Recon: 0.0000, CLR: 3.8864)
2026-06-12 06:20:45,857 - Epoch 112/200 - Train Loss: 1.3897 (Recon: 0.0000, CLR: 3.4743) - Val Loss: 1.5883 (Recon: 0.0000, CLR: 3.9706)
2026-06-12 06:22:33,642 - Epoch 113/200 - Train Loss: 1.3883 (Recon: 0.0000, CLR: 3.4706) - Val Loss: 1.5523 (Recon: 0.0000, CLR: 3.8806)
2026-06-12 06:24:21,042 - Epoch 114/200 - Train Loss: 1.3883 (Recon: 0.0000, CLR: 3.4709) - Val Loss: 1.6076 (Recon: 0.0000, CLR: 4.0191)
2026-06-12 06:26:08,049 - Epoch 115/200 - Train Loss: 1.3888 (Recon: 0.0000, CLR: 3.4721) - Val Loss: 1.5342 (Recon: 0.0000, CLR: 3.8354)
2026-06-12 06:26:08,049 - Evaluating on bbbp...
2026-06-12 06:26:08,451 - bbbp ROC-AUC: 0.8531
2026-06-12 06:26:08,451 - Evaluating on bace...
2026-06-12 06:26:08,772 - bace ROC-AUC: 0.8144
2026-06-12 06:26:08,772 - Evaluating on clintox...
2026-06-12 06:26:09,071 - clintox ROC-AUC: 0.6197
2026-06-12 06:26:09,071 - Evaluating on freesolv...
2026-06-12 06:26:09,219 - freesolv RMSE: 3.2852
2026-06-12 06:26:09,219 - Evaluating on esol...
2026-06-12 06:26:09,414 - esol RMSE: 2.4563
2026-06-12 06:26:09,414 - Evaluating on lipo...
2026-06-12 06:26:10,083 - lipo RMSE: 1.1008
2026-06-12 06:26:10,083 - Unified Linear Probe Score: -0.7592
2026-06-12 06:27:56,734 - Epoch 116/200 - Train Loss: 1.3872 (Recon: 0.0000, CLR: 3.4679) - Val Loss: 1.5415 (Recon: 0.0000, CLR: 3.8536)
2026-06-12 06:29:43,658 - Epoch 117/200 - Train Loss: 1.3853 (Recon: 0.0000, CLR: 3.4631) - Val Loss: 1.5739 (Recon: 0.0000, CLR: 3.9348)
2026-06-12 06:31:31,100 - Epoch 118/200 - Train Loss: 1.3866 (Recon: 0.0000, CLR: 3.4665) - Val Loss: 1.5461 (Recon: 0.0000, CLR: 3.8653)
2026-06-12 06:33:18,314 - Epoch 119/200 - Train Loss: 1.3861 (Recon: 0.0000, CLR: 3.4653) - Val Loss: 1.5685 (Recon: 0.0000, CLR: 3.9211)
2026-06-12 06:35:05,727 - Epoch 120/200 - Train Loss: 1.3862 (Recon: 0.0000, CLR: 3.4655) - Val Loss: 1.5395 (Recon: 0.0000, CLR: 3.8487)
2026-06-12 06:35:05,727 - Evaluating on bbbp...
2026-06-12 06:35:06,126 - bbbp ROC-AUC: 0.8474
2026-06-12 06:35:06,126 - Evaluating on bace...
2026-06-12 06:35:06,432 - bace ROC-AUC: 0.7927
2026-06-12 06:35:06,432 - Evaluating on clintox...
2026-06-12 06:35:06,742 - clintox ROC-AUC: 0.6374
2026-06-12 06:35:06,743 - Evaluating on freesolv...
2026-06-12 06:35:06,904 - freesolv RMSE: 3.4042
2026-06-12 06:35:06,904 - Evaluating on esol...
2026-06-12 06:35:07,114 - esol RMSE: 2.7580
2026-06-12 06:35:07,114 - Evaluating on lipo...
2026-06-12 06:35:07,821 - lipo RMSE: 1.1593
2026-06-12 06:35:07,821 - Unified Linear Probe Score: -0.8407
2026-06-12 06:36:54,963 - Epoch 121/200 - Train Loss: 1.3853 (Recon: 0.0000, CLR: 3.4632) - Val Loss: 1.5479 (Recon: 0.0000, CLR: 3.8698)
2026-06-12 06:38:42,112 - Epoch 122/200 - Train Loss: 1.3847 (Recon: 0.0000, CLR: 3.4616) - Val Loss: 1.5342 (Recon: 0.0000, CLR: 3.8354)
2026-06-12 06:40:29,761 - Epoch 123/200 - Train Loss: 1.3851 (Recon: 0.0000, CLR: 3.4627) - Val Loss: 1.5416 (Recon: 0.0000, CLR: 3.8539)
2026-06-12 06:42:16,853 - Epoch 124/200 - Train Loss: 1.3837 (Recon: 0.0000, CLR: 3.4593) - Val Loss: 1.5490 (Recon: 0.0000, CLR: 3.8725)
2026-06-12 06:44:04,108 - Epoch 125/200 - Train Loss: 1.3838 (Recon: 0.0000, CLR: 3.4596) - Val Loss: 1.5661 (Recon: 0.0000, CLR: 3.9152)
2026-06-12 06:44:04,109 - Evaluating on bbbp...
2026-06-12 06:44:04,516 - bbbp ROC-AUC: 0.8541
2026-06-12 06:44:04,516 - Evaluating on bace...
2026-06-12 06:44:04,831 - bace ROC-AUC: 0.7949
2026-06-12 06:44:04,831 - Evaluating on clintox...
2026-06-12 06:44:05,123 - clintox ROC-AUC: 0.6809
2026-06-12 06:44:05,123 - Evaluating on freesolv...
2026-06-12 06:44:05,269 - freesolv RMSE: 3.6402
2026-06-12 06:44:05,269 - Evaluating on esol...
2026-06-12 06:44:05,469 - esol RMSE: 2.0678
2026-06-12 06:44:05,469 - Evaluating on lipo...
2026-06-12 06:44:06,134 - lipo RMSE: 1.0863
2026-06-12 06:44:06,135 - Unified Linear Probe Score: -0.7441
2026-06-12 06:45:53,070 - Epoch 126/200 - Train Loss: 1.3827 (Recon: 0.0000, CLR: 3.4567) - Val Loss: 1.5648 (Recon: 0.0000, CLR: 3.9120)
2026-06-12 06:47:40,034 - Epoch 127/200 - Train Loss: 1.3826 (Recon: 0.0000, CLR: 3.4564) - Val Loss: 1.5585 (Recon: 0.0000, CLR: 3.8963)
2026-06-12 06:49:27,319 - Epoch 128/200 - Train Loss: 1.3819 (Recon: 0.0000, CLR: 3.4546) - Val Loss: 1.6038 (Recon: 0.0000, CLR: 4.0095)
2026-06-12 06:51:14,637 - Epoch 129/200 - Train Loss: 1.3817 (Recon: 0.0000, CLR: 3.4542) - Val Loss: 1.5827 (Recon: 0.0000, CLR: 3.9567)
2026-06-12 06:53:01,901 - Epoch 130/200 - Train Loss: 1.3814 (Recon: 0.0000, CLR: 3.4534) - Val Loss: 1.5732 (Recon: 0.0000, CLR: 3.9328)
2026-06-12 06:53:01,903 - Evaluating on bbbp...
2026-06-12 06:53:02,297 - bbbp ROC-AUC: 0.8457
2026-06-12 06:53:02,297 - Evaluating on bace...
2026-06-12 06:53:09,869 - bace ROC-AUC: 0.8158
2026-06-12 06:53:09,869 - Evaluating on clintox...
2026-06-12 06:53:10,165 - clintox ROC-AUC: 0.6231
2026-06-12 06:53:10,165 - Evaluating on freesolv...
2026-06-12 06:53:10,314 - freesolv RMSE: 3.7432
2026-06-12 06:53:10,314 - Evaluating on esol...
2026-06-12 06:53:10,505 - esol RMSE: 2.0776
2026-06-12 06:53:10,506 - Evaluating on lipo...
2026-06-12 06:53:11,204 - lipo RMSE: 1.1172
2026-06-12 06:53:11,205 - Unified Linear Probe Score: -0.7756
2026-06-12 06:54:58,410 - Epoch 131/200 - Train Loss: 1.3817 (Recon: 0.0000, CLR: 3.4543) - Val Loss: 1.5734 (Recon: 0.0000, CLR: 3.9334)
2026-06-12 06:56:45,512 - Epoch 132/200 - Train Loss: 1.3798 (Recon: 0.0000, CLR: 3.4495) - Val Loss: 1.5734 (Recon: 0.0000, CLR: 3.9335)
2026-06-12 06:58:32,450 - Epoch 133/200 - Train Loss: 1.3802 (Recon: 0.0000, CLR: 3.4505) - Val Loss: 1.5691 (Recon: 0.0000, CLR: 3.9227)
2026-06-12 07:00:19,591 - Epoch 134/200 - Train Loss: 1.3799 (Recon: 0.0000, CLR: 3.4497) - Val Loss: 1.5674 (Recon: 0.0000, CLR: 3.9184)
2026-06-12 07:02:06,646 - Epoch 135/200 - Train Loss: 1.3787 (Recon: 0.0000, CLR: 3.4468) - Val Loss: 1.6069 (Recon: 0.0000, CLR: 4.0172)
2026-06-12 07:02:06,647 - Evaluating on bbbp...
2026-06-12 07:02:07,021 - bbbp ROC-AUC: 0.8306
2026-06-12 07:02:07,021 - Evaluating on bace...
2026-06-12 07:02:07,349 - bace ROC-AUC: 0.7982
2026-06-12 07:02:07,349 - Evaluating on clintox...
2026-06-12 07:02:07,647 - clintox ROC-AUC: 0.6347
2026-06-12 07:02:07,647 - Evaluating on freesolv...
2026-06-12 07:02:07,791 - freesolv RMSE: 3.6440
2026-06-12 07:02:07,791 - Evaluating on esol...
2026-06-12 07:02:08,032 - esol RMSE: 1.6818
2026-06-12 07:02:08,034 - Evaluating on lipo...
2026-06-12 07:02:08,698 - lipo RMSE: 1.0458
2026-06-12 07:02:08,698 - Unified Linear Probe Score: -0.6847
2026-06-12 07:03:55,394 - Epoch 136/200 - Train Loss: 1.3787 (Recon: 0.0000, CLR: 3.4466) - Val Loss: 1.6288 (Recon: 0.0000, CLR: 4.0720)
2026-06-12 07:05:42,819 - Epoch 137/200 - Train Loss: 1.3780 (Recon: 0.0000, CLR: 3.4449) - Val Loss: 1.6041 (Recon: 0.0000, CLR: 4.0102)
2026-06-12 07:07:30,395 - Epoch 138/200 - Train Loss: 1.3789 (Recon: 0.0000, CLR: 3.4473) - Val Loss: 1.5957 (Recon: 0.0000, CLR: 3.9892)
2026-06-12 07:09:17,930 - Epoch 139/200 - Train Loss: 1.3777 (Recon: 0.0000, CLR: 3.4444) - Val Loss: 1.5393 (Recon: 0.0000, CLR: 3.8481)
2026-06-12 07:11:05,943 - Epoch 140/200 - Train Loss: 1.3786 (Recon: 0.0000, CLR: 3.4464) - Val Loss: 1.5889 (Recon: 0.0000, CLR: 3.9723)
2026-06-12 07:11:05,944 - Evaluating on bbbp...
2026-06-12 07:11:06,329 - bbbp ROC-AUC: 0.8384
2026-06-12 07:11:06,329 - Evaluating on bace...
2026-06-12 07:11:06,644 - bace ROC-AUC: 0.8027
2026-06-12 07:11:06,644 - Evaluating on clintox...
2026-06-12 07:11:06,954 - clintox ROC-AUC: 0.6748
2026-06-12 07:11:06,954 - Evaluating on freesolv...
2026-06-12 07:11:07,101 - freesolv RMSE: 3.5069
2026-06-12 07:11:07,102 - Evaluating on esol...
2026-06-12 07:11:07,330 - esol RMSE: 1.9606
2026-06-12 07:11:07,330 - Evaluating on lipo...
2026-06-12 07:11:08,004 - lipo RMSE: 1.1208
2026-06-12 07:11:08,004 - Unified Linear Probe Score: -0.7121
2026-06-12 07:12:55,312 - Epoch 141/200 - Train Loss: 1.3763 (Recon: 0.0000, CLR: 3.4407) - Val Loss: 1.5398 (Recon: 0.0000, CLR: 3.8495)
2026-06-12 07:14:42,914 - Epoch 142/200 - Train Loss: 1.3770 (Recon: 0.0000, CLR: 3.4426) - Val Loss: 1.5905 (Recon: 0.0000, CLR: 3.9762)
2026-06-12 07:16:30,386 - Epoch 143/200 - Train Loss: 1.3768 (Recon: 0.0000, CLR: 3.4419) - Val Loss: 1.5640 (Recon: 0.0000, CLR: 3.9100)
2026-06-12 07:18:17,501 - Epoch 144/200 - Train Loss: 1.3760 (Recon: 0.0000, CLR: 3.4401) - Val Loss: 1.6603 (Recon: 0.0000, CLR: 4.1507)
2026-06-12 07:20:04,649 - Epoch 145/200 - Train Loss: 1.3752 (Recon: 0.0000, CLR: 3.4381) - Val Loss: 1.5996 (Recon: 0.0000, CLR: 3.9989)
2026-06-12 07:20:04,649 - Evaluating on bbbp...
2026-06-12 07:20:05,064 - bbbp ROC-AUC: 0.8335
2026-06-12 07:20:05,065 - Evaluating on bace...
2026-06-12 07:20:05,377 - bace ROC-AUC: 0.8131
2026-06-12 07:20:05,377 - Evaluating on clintox...
2026-06-12 07:20:05,672 - clintox ROC-AUC: 0.6549
2026-06-12 07:20:05,672 - Evaluating on freesolv...
2026-06-12 07:20:05,817 - freesolv RMSE: 4.0620
2026-06-12 07:20:05,818 - Evaluating on esol...
2026-06-12 07:20:06,040 - esol RMSE: 2.0585
2026-06-12 07:20:06,040 - Evaluating on lipo...
2026-06-12 07:20:06,728 - lipo RMSE: 1.0746
2026-06-12 07:20:06,728 - Unified Linear Probe Score: -0.8156
2026-06-12 07:21:53,729 - Epoch 146/200 - Train Loss: 1.3754 (Recon: 0.0000, CLR: 3.4384) - Val Loss: 1.6437 (Recon: 0.0000, CLR: 4.1093)
2026-06-12 07:23:40,884 - Epoch 147/200 - Train Loss: 1.3730 (Recon: 0.0000, CLR: 3.4326) - Val Loss: 1.5726 (Recon: 0.0000, CLR: 3.9314)
2026-06-12 07:25:28,473 - Epoch 148/200 - Train Loss: 1.3755 (Recon: 0.0000, CLR: 3.4388) - Val Loss: 1.6319 (Recon: 0.0000, CLR: 4.0798)
2026-06-12 07:27:15,878 - Epoch 149/200 - Train Loss: 1.3742 (Recon: 0.0000, CLR: 3.4354) - Val Loss: 1.6610 (Recon: 0.0000, CLR: 4.1524)
2026-06-12 07:29:03,121 - Epoch 150/200 - Train Loss: 1.3740 (Recon: 0.0000, CLR: 3.4349) - Val Loss: 1.6606 (Recon: 0.0000, CLR: 4.1515)
2026-06-12 07:29:03,122 - Evaluating on bbbp...
2026-06-12 07:29:03,537 - bbbp ROC-AUC: 0.8447
2026-06-12 07:29:03,537 - Evaluating on bace...
2026-06-12 07:29:03,877 - bace ROC-AUC: 0.7914
2026-06-12 07:29:03,878 - Evaluating on clintox...
2026-06-12 07:29:04,172 - clintox ROC-AUC: 0.6557
2026-06-12 07:29:04,173 - Evaluating on freesolv...
2026-06-12 07:29:04,321 - freesolv RMSE: 3.9978
2026-06-12 07:29:04,321 - Evaluating on esol...
2026-06-12 07:29:04,525 - esol RMSE: 1.9508
2026-06-12 07:29:04,525 - Evaluating on lipo...
2026-06-12 07:29:12,492 - lipo RMSE: 1.1036
2026-06-12 07:29:12,492 - Unified Linear Probe Score: -0.7934
2026-06-12 07:30:59,826 - Epoch 151/200 - Train Loss: 1.3740 (Recon: 0.0000, CLR: 3.4350) - Val Loss: 1.5963 (Recon: 0.0000, CLR: 3.9908)
2026-06-12 07:32:46,824 - Epoch 152/200 - Train Loss: 1.3726 (Recon: 0.0000, CLR: 3.4315) - Val Loss: 1.5686 (Recon: 0.0000, CLR: 3.9216)
2026-06-12 07:34:34,117 - Epoch 153/200 - Train Loss: 1.3710 (Recon: 0.0000, CLR: 3.4275) - Val Loss: 1.6520 (Recon: 0.0000, CLR: 4.1299)
2026-06-12 07:36:21,300 - Epoch 154/200 - Train Loss: 1.3722 (Recon: 0.0000, CLR: 3.4304) - Val Loss: 1.6716 (Recon: 0.0000, CLR: 4.1790)
2026-06-12 07:38:08,538 - Epoch 155/200 - Train Loss: 1.3714 (Recon: 0.0000, CLR: 3.4286) - Val Loss: 1.6158 (Recon: 0.0000, CLR: 4.0396)
2026-06-12 07:38:08,538 - Evaluating on bbbp...
2026-06-12 07:38:08,948 - bbbp ROC-AUC: 0.8288
2026-06-12 07:38:08,948 - Evaluating on bace...
2026-06-12 07:38:09,255 - bace ROC-AUC: 0.8038
2026-06-12 07:38:09,256 - Evaluating on clintox...
2026-06-12 07:38:09,549 - clintox ROC-AUC: 0.6760
2026-06-12 07:38:09,549 - Evaluating on freesolv...
2026-06-12 07:38:09,697 - freesolv RMSE: 3.6562
2026-06-12 07:38:09,697 - Evaluating on esol...
2026-06-12 07:38:09,901 - esol RMSE: 1.7130
2026-06-12 07:38:09,902 - Evaluating on lipo...
2026-06-12 07:38:10,590 - lipo RMSE: 1.1537
2026-06-12 07:38:10,590 - Unified Linear Probe Score: -0.7024
2026-06-12 07:39:57,797 - Epoch 156/200 - Train Loss: 1.3710 (Recon: 0.0000, CLR: 3.4275) - Val Loss: 1.6473 (Recon: 0.0000, CLR: 4.1182)
2026-06-12 07:41:45,632 - Epoch 157/200 - Train Loss: 1.3703 (Recon: 0.0000, CLR: 3.4258) - Val Loss: 1.6268 (Recon: 0.0000, CLR: 4.0669)
2026-06-12 07:43:33,233 - Epoch 158/200 - Train Loss: 1.3717 (Recon: 0.0000, CLR: 3.4293) - Val Loss: 1.5353 (Recon: 0.0000, CLR: 3.8382)
2026-06-12 07:45:20,624 - Epoch 159/200 - Train Loss: 1.3708 (Recon: 0.0000, CLR: 3.4270) - Val Loss: 1.5452 (Recon: 0.0000, CLR: 3.8629)
2026-06-12 07:47:08,018 - Epoch 160/200 - Train Loss: 1.3702 (Recon: 0.0000, CLR: 3.4254) - Val Loss: 1.6421 (Recon: 0.0000, CLR: 4.1053)
2026-06-12 07:47:08,019 - Evaluating on bbbp...
2026-06-12 07:47:08,419 - bbbp ROC-AUC: 0.8292
2026-06-12 07:47:08,420 - Evaluating on bace...
2026-06-12 07:47:08,756 - bace ROC-AUC: 0.8091
2026-06-12 07:47:08,757 - Evaluating on clintox...
2026-06-12 07:47:09,048 - clintox ROC-AUC: 0.6735
2026-06-12 07:47:09,048 - Evaluating on freesolv...
2026-06-12 07:47:09,210 - freesolv RMSE: 3.9799
2026-06-12 07:47:09,211 - Evaluating on esol...
2026-06-12 07:47:09,418 - esol RMSE: 1.5918
2026-06-12 07:47:09,419 - Evaluating on lipo...
2026-06-12 07:47:10,128 - lipo RMSE: 1.1575
2026-06-12 07:47:10,128 - Unified Linear Probe Score: -0.7362
2026-06-12 07:48:57,046 - Epoch 161/200 - Train Loss: 1.3699 (Recon: 0.0000, CLR: 3.4247) - Val Loss: 1.5968 (Recon: 0.0000, CLR: 3.9919)
2026-06-12 07:50:44,351 - Epoch 162/200 - Train Loss: 1.3692 (Recon: 0.0000, CLR: 3.4229) - Val Loss: 1.5981 (Recon: 0.0000, CLR: 3.9952)
2026-06-12 07:52:31,772 - Epoch 163/200 - Train Loss: 1.3698 (Recon: 0.0000, CLR: 3.4244) - Val Loss: 1.6771 (Recon: 0.0000, CLR: 4.1927)
2026-06-12 07:54:18,674 - Epoch 164/200 - Train Loss: 1.3696 (Recon: 0.0000, CLR: 3.4240) - Val Loss: 1.6415 (Recon: 0.0000, CLR: 4.1038)
2026-06-12 07:56:05,757 - Epoch 165/200 - Train Loss: 1.3689 (Recon: 0.0000, CLR: 3.4221) - Val Loss: 1.5783 (Recon: 0.0000, CLR: 3.9457)
2026-06-12 07:56:05,757 - Evaluating on bbbp...
2026-06-12 07:56:06,168 - bbbp ROC-AUC: 0.8279
2026-06-12 07:56:06,168 - Evaluating on bace...
2026-06-12 07:56:06,481 - bace ROC-AUC: 0.7807
2026-06-12 07:56:06,481 - Evaluating on clintox...
2026-06-12 07:56:06,769 - clintox ROC-AUC: 0.6260
2026-06-12 07:56:06,769 - Evaluating on freesolv...
2026-06-12 07:56:06,912 - freesolv RMSE: 3.5863
2026-06-12 07:56:06,913 - Evaluating on esol...
2026-06-12 07:56:07,118 - esol RMSE: 1.5608
2026-06-12 07:56:07,118 - Evaluating on lipo...
2026-06-12 07:56:07,797 - lipo RMSE: 1.1234
2026-06-12 07:56:07,797 - Unified Linear Probe Score: -0.6726
2026-06-12 07:57:54,534 - Epoch 166/200 - Train Loss: 1.3685 (Recon: 0.0000, CLR: 3.4212) - Val Loss: 1.6268 (Recon: 0.0000, CLR: 4.0671)
2026-06-12 07:59:41,596 - Epoch 167/200 - Train Loss: 1.3677 (Recon: 0.0000, CLR: 3.4193) - Val Loss: 1.6344 (Recon: 0.0000, CLR: 4.0859)
2026-06-12 08:01:28,521 - Epoch 168/200 - Train Loss: 1.3676 (Recon: 0.0000, CLR: 3.4191) - Val Loss: 1.6392 (Recon: 0.0000, CLR: 4.0979)
2026-06-12 08:03:15,341 - Epoch 169/200 - Train Loss: 1.3670 (Recon: 0.0000, CLR: 3.4175) - Val Loss: 1.6910 (Recon: 0.0000, CLR: 4.2275)
2026-06-12 08:05:02,040 - Epoch 170/200 - Train Loss: 1.3667 (Recon: 0.0000, CLR: 3.4167) - Val Loss: 1.5674 (Recon: 0.0000, CLR: 3.9185)
2026-06-12 08:05:02,041 - Evaluating on bbbp...
2026-06-12 08:05:02,453 - bbbp ROC-AUC: 0.8360
2026-06-12 08:05:02,453 - Evaluating on bace...
2026-06-12 08:05:02,769 - bace ROC-AUC: 0.8058
2026-06-12 08:05:02,769 - Evaluating on clintox...
2026-06-12 08:05:03,089 - clintox ROC-AUC: 0.6387
2026-06-12 08:05:03,090 - Evaluating on freesolv...
2026-06-12 08:05:03,221 - freesolv RMSE: 3.8197
2026-06-12 08:05:03,222 - Evaluating on esol...
2026-06-12 08:05:03,408 - esol RMSE: 1.6882
2026-06-12 08:05:03,408 - Evaluating on lipo...
2026-06-12 08:05:04,153 - lipo RMSE: 1.0974
2026-06-12 08:05:04,153 - Unified Linear Probe Score: -0.7208
2026-06-12 08:06:54,413 - Epoch 171/200 - Train Loss: 1.3661 (Recon: 0.0000, CLR: 3.4153) - Val Loss: 1.6541 (Recon: 0.0000, CLR: 4.1351)
2026-06-12 08:08:39,767 - Epoch 172/200 - Train Loss: 1.3669 (Recon: 0.0000, CLR: 3.4172) - Val Loss: 1.5555 (Recon: 0.0000, CLR: 3.8887)
2026-06-12 08:10:25,562 - Epoch 173/200 - Train Loss: 1.3663 (Recon: 0.0000, CLR: 3.4156) - Val Loss: 1.5717 (Recon: 0.0000, CLR: 3.9292)
2026-06-12 08:12:09,233 - Epoch 174/200 - Train Loss: 1.3659 (Recon: 0.0000, CLR: 3.4147) - Val Loss: 1.6496 (Recon: 0.0000, CLR: 4.1239)
2026-06-12 08:13:52,162 - Epoch 175/200 - Train Loss: 1.3649 (Recon: 0.0000, CLR: 3.4122) - Val Loss: 1.7128 (Recon: 0.0000, CLR: 4.2819)
2026-06-12 08:13:52,162 - Evaluating on bbbp...
2026-06-12 08:13:52,536 - bbbp ROC-AUC: 0.8313
2026-06-12 08:13:52,536 - Evaluating on bace...
2026-06-12 08:13:52,827 - bace ROC-AUC: 0.8129
2026-06-12 08:13:52,827 - Evaluating on clintox...
2026-06-12 08:13:53,095 - clintox ROC-AUC: 0.6425
2026-06-12 08:13:53,095 - Evaluating on freesolv...
2026-06-12 08:13:53,224 - freesolv RMSE: 3.6657
2026-06-12 08:13:53,224 - Evaluating on esol...
2026-06-12 08:13:53,406 - esol RMSE: 2.1259
2026-06-12 08:13:53,406 - Evaluating on lipo...
2026-06-12 08:13:54,058 - lipo RMSE: 1.0888
2026-06-12 08:13:54,058 - Unified Linear Probe Score: -0.7656
2026-06-12 08:15:36,402 - Epoch 176/200 - Train Loss: 1.3640 (Recon: 0.0000, CLR: 3.4100) - Val Loss: 1.7421 (Recon: 0.0000, CLR: 4.3553)
2026-06-12 08:17:19,288 - Epoch 177/200 - Train Loss: 1.3649 (Recon: 0.0000, CLR: 3.4121) - Val Loss: 1.6169 (Recon: 0.0000, CLR: 4.0423)
2026-06-12 08:19:01,550 - Epoch 178/200 - Train Loss: 1.3639 (Recon: 0.0000, CLR: 3.4097) - Val Loss: 1.5837 (Recon: 0.0000, CLR: 3.9593)
2026-06-12 08:20:43,869 - Epoch 179/200 - Train Loss: 1.3643 (Recon: 0.0000, CLR: 3.4107) - Val Loss: 1.5976 (Recon: 0.0000, CLR: 3.9939)
2026-06-12 08:22:27,055 - Epoch 180/200 - Train Loss: 1.3631 (Recon: 0.0000, CLR: 3.4077) - Val Loss: 1.7456 (Recon: 0.0000, CLR: 4.3639)
2026-06-12 08:22:27,055 - Evaluating on bbbp...
2026-06-12 08:22:27,482 - bbbp ROC-AUC: 0.8407
2026-06-12 08:22:27,482 - Evaluating on bace...
2026-06-12 08:22:27,812 - bace ROC-AUC: 0.8228
2026-06-12 08:22:27,812 - Evaluating on clintox...
2026-06-12 08:22:28,118 - clintox ROC-AUC: 0.6890
2026-06-12 08:22:28,118 - Evaluating on freesolv...
2026-06-12 08:22:28,275 - freesolv RMSE: 3.2014
2026-06-12 08:22:28,275 - Evaluating on esol...
2026-06-12 08:22:28,477 - esol RMSE: 1.7532
2026-06-12 08:22:28,477 - Evaluating on lipo...
2026-06-12 08:22:29,154 - lipo RMSE: 1.1442
2026-06-12 08:22:29,154 - Unified Linear Probe Score: -0.6244
2026-06-12 08:24:11,127 - Epoch 181/200 - Train Loss: 1.3626 (Recon: 0.0000, CLR: 3.4064) - Val Loss: 1.6756 (Recon: 0.0000, CLR: 4.1889)
2026-06-12 08:25:59,060 - Epoch 182/200 - Train Loss: 1.3629 (Recon: 0.0000, CLR: 3.4073) - Val Loss: 1.5664 (Recon: 0.0000, CLR: 3.9161)
2026-06-12 08:27:41,647 - Epoch 183/200 - Train Loss: 1.3631 (Recon: 0.0000, CLR: 3.4078) - Val Loss: 1.7718 (Recon: 0.0000, CLR: 4.4295)
2026-06-12 08:29:27,124 - Epoch 184/200 - Train Loss: 1.3621 (Recon: 0.0000, CLR: 3.4051) - Val Loss: 1.6285 (Recon: 0.0000, CLR: 4.0713)
2026-06-12 08:31:14,919 - Epoch 185/200 - Train Loss: 1.3628 (Recon: 0.0000, CLR: 3.4070) - Val Loss: 1.7161 (Recon: 0.0000, CLR: 4.2903)
2026-06-12 08:31:14,919 - Evaluating on bbbp...
2026-06-12 08:31:15,301 - bbbp ROC-AUC: 0.8126
2026-06-12 08:31:15,302 - Evaluating on bace...
2026-06-12 08:31:15,620 - bace ROC-AUC: 0.7838
2026-06-12 08:31:15,620 - Evaluating on clintox...
2026-06-12 08:31:15,956 - clintox ROC-AUC: 0.6935
2026-06-12 08:31:15,956 - Evaluating on freesolv...
2026-06-12 08:31:16,100 - freesolv RMSE: 4.1727
2026-06-12 08:31:16,100 - Evaluating on esol...
2026-06-12 08:31:16,325 - esol RMSE: 1.6885
2026-06-12 08:31:16,325 - Evaluating on lipo...
2026-06-12 08:31:16,991 - lipo RMSE: 1.0748
2026-06-12 08:31:16,991 - Unified Linear Probe Score: -0.7744
2026-06-12 08:33:04,546 - Epoch 186/200 - Train Loss: 1.3620 (Recon: 0.0000, CLR: 3.4050) - Val Loss: 1.6442 (Recon: 0.0000, CLR: 4.1105)
